[0.010s] Invoking command in '/home/minh/gim60108_ws/build/gim_arm_description': CMAKE_PREFIX_PATH=${CMAKE_PREFIX_PATH}:/home/minh/gim60108_ws/install/gim_control:/home/minh/rehab_robot_ver2_modified/install/rehab_gui:/home/minh/rehab_robot_ver2_modified/install/my_rqt_plugin:/opt/ros/humble /home/minh/.local/bin/cmake /home/minh/gim60108_ws/src/gim_arm_description -DCMAKE_INSTALL_PREFIX=/home/minh/gim60108_ws/install/gim_arm_description
[0.065s] [0mCMake Deprecation Warning at CMakeLists.txt:1 (cmake_minimum_required):
[0.065s]   Compatibility with CMake < 3.10 will be removed from a future version of
[0.065s]   CMake.
[0.065s] 
[0.065s]   Update the VERSION argument <min> value.  Or, use the <min>...<max> syntax
[0.065s]   to tell CMake that the project requires at least <min> but has been updated
[0.065s]   to work with policies introduced by <max> or earlier.
[0.065s] 
[0.065s] [0m
[0.167s] -- The C compiler identification is GNU 11.4.0
[0.265s] -- The CXX compiler identification is GNU 11.4.0
[0.274s] -- Detecting C compiler ABI info
[0.337s] -- Detecting C compiler ABI info - done
[0.348s] -- Check for working C compiler: /usr/bin/cc - skipped
[0.348s] -- Detecting C compile features
[0.349s] -- Detecting C compile features - done
[0.362s] -- Detecting CXX compiler ABI info
[0.421s] -- Detecting CXX compiler ABI info - done
[0.432s] -- Check for working CXX compiler: /usr/bin/c++ - skipped
[0.432s] -- Detecting CXX compile features
[0.432s] -- Detecting CXX compile features - done
[0.446s] -- Found ament_cmake: 1.3.14 (/opt/ros/humble/share/ament_cmake/cmake)
[0.554s] -- Found Python3: /usr/bin/python3 (found version "3.10.12") found components: Interpreter
[0.663s] -- Found ament_lint_auto: 0.12.15 (/opt/ros/humble/share/ament_lint_auto/cmake)
[0.752s] -- Added test 'lint_cmake' to check CMake code style
[0.754s] -- Added test 'xmllint' to check XML markup files
[0.756s] -- Configuring done (0.7s)
[0.759s] -- Generating done (0.0s)
[0.759s] -- Build files have been written to: /home/minh/gim60108_ws/build/gim_arm_description
[0.763s] Invoked command in '/home/minh/gim60108_ws/build/gim_arm_description' returned '0': CMAKE_PREFIX_PATH=${CMAKE_PREFIX_PATH}:/home/minh/gim60108_ws/install/gim_control:/home/minh/rehab_robot_ver2_modified/install/rehab_gui:/home/minh/rehab_robot_ver2_modified/install/my_rqt_plugin:/opt/ros/humble /home/minh/.local/bin/cmake /home/minh/gim60108_ws/src/gim_arm_description -DCMAKE_INSTALL_PREFIX=/home/minh/gim60108_ws/install/gim_arm_description
[0.765s] Invoking command in '/home/minh/gim60108_ws/build/gim_arm_description': CMAKE_PREFIX_PATH=${CMAKE_PREFIX_PATH}:/home/minh/gim60108_ws/install/gim_control:/home/minh/rehab_robot_ver2_modified/install/rehab_gui:/home/minh/rehab_robot_ver2_modified/install/my_rqt_plugin:/opt/ros/humble /home/minh/.local/bin/cmake --build /home/minh/gim60108_ws/build/gim_arm_description -- -j16 -l16
[0.835s] Invoked command in '/home/minh/gim60108_ws/build/gim_arm_description' returned '0': CMAKE_PREFIX_PATH=${CMAKE_PREFIX_PATH}:/home/minh/gim60108_ws/install/gim_control:/home/minh/rehab_robot_ver2_modified/install/rehab_gui:/home/minh/rehab_robot_ver2_modified/install/my_rqt_plugin:/opt/ros/humble /home/minh/.local/bin/cmake --build /home/minh/gim60108_ws/build/gim_arm_description -- -j16 -l16
[0.886s] Invoking command in '/home/minh/gim60108_ws/build/gim_arm_description': CMAKE_PREFIX_PATH=${CMAKE_PREFIX_PATH}:/home/minh/gim60108_ws/install/gim_control:/home/minh/rehab_robot_ver2_modified/install/rehab_gui:/home/minh/rehab_robot_ver2_modified/install/my_rqt_plugin:/opt/ros/humble /home/minh/.local/bin/cmake --install /home/minh/gim60108_ws/build/gim_arm_description
[0.942s] -- Install configuration: ""
[0.942s] -- Installing: /home/minh/gim60108_ws/install/gim_arm_description/share/gim_arm_description/urdf
[0.942s] -- Installing: /home/minh/gim60108_ws/install/gim_arm_description/share/gim_arm_description/urdf/gim_arm.urdf
[0.942s] -- Installing: /home/minh/gim60108_ws/install/gim_arm_description/share/gim_arm_description/meshes
[0.942s] -- Installing: /home/minh/gim60108_ws/install/gim_arm_description/share/gim_arm_description/meshes/lower_arm_link.STL
[0.943s] -- Installing: /home/minh/gim60108_ws/install/gim_arm_description/share/gim_arm_description/meshes/base_link.STL
[0.946s] -- Installing: /home/minh/gim60108_ws/install/gim_arm_description/share/gim_arm_description/meshes/upper_arm_link.STL
[0.946s] -- Installing: /home/minh/gim60108_ws/install/gim_arm_description/share/gim_arm_description/meshes/shoulder_link.STL
[0.946s] -- Installing: /home/minh/gim60108_ws/install/gim_arm_description/share/gim_arm_description/launch
[0.946s] -- Installing: /home/minh/gim60108_ws/install/gim_arm_description/share/gim_arm_description/rviz
[0.947s] -- Installing: /home/minh/gim60108_ws/install/gim_arm_description/share/ament_index/resource_index/package_run_dependencies/gim_arm_description
[0.947s] -- Installing: /home/minh/gim60108_ws/install/gim_arm_description/share/ament_index/resource_index/parent_prefix_path/gim_arm_description
[0.947s] -- Installing: /home/minh/gim60108_ws/install/gim_arm_description/share/gim_arm_description/environment/ament_prefix_path.sh
[0.947s] -- Installing: /home/minh/gim60108_ws/install/gim_arm_description/share/gim_arm_description/environment/ament_prefix_path.dsv
[0.947s] -- Installing: /home/minh/gim60108_ws/install/gim_arm_description/share/gim_arm_description/environment/path.sh
[0.947s] -- Installing: /home/minh/gim60108_ws/install/gim_arm_description/share/gim_arm_description/environment/path.dsv
[0.947s] -- Installing: /home/minh/gim60108_ws/install/gim_arm_description/share/gim_arm_description/local_setup.bash
[0.947s] -- Installing: /home/minh/gim60108_ws/install/gim_arm_description/share/gim_arm_description/local_setup.sh
[0.947s] -- Installing: /home/minh/gim60108_ws/install/gim_arm_description/share/gim_arm_description/local_setup.zsh
[0.947s] -- Installing: /home/minh/gim60108_ws/install/gim_arm_description/share/gim_arm_description/local_setup.dsv
[0.947s] -- Installing: /home/minh/gim60108_ws/install/gim_arm_description/share/gim_arm_description/package.dsv
[0.948s] -- Installing: /home/minh/gim60108_ws/install/gim_arm_description/share/ament_index/resource_index/packages/gim_arm_description
[0.948s] -- Installing: /home/minh/gim60108_ws/install/gim_arm_description/share/gim_arm_description/cmake/gim_arm_descriptionConfig.cmake
[0.948s] -- Installing: /home/minh/gim60108_ws/install/gim_arm_description/share/gim_arm_description/cmake/gim_arm_descriptionConfig-version.cmake
[0.948s] -- Installing: /home/minh/gim60108_ws/install/gim_arm_description/share/gim_arm_description/package.xml
[0.949s] Invoked command in '/home/minh/gim60108_ws/build/gim_arm_description' returned '0': CMAKE_PREFIX_PATH=${CMAKE_PREFIX_PATH}:/home/minh/gim60108_ws/install/gim_control:/home/minh/rehab_robot_ver2_modified/install/rehab_gui:/home/minh/rehab_robot_ver2_modified/install/my_rqt_plugin:/opt/ros/humble /home/minh/.local/bin/cmake --install /home/minh/gim60108_ws/build/gim_arm_description
