[0.009s] Invoking command in '/home/minh/gim60108_ws/build/gim_arm_hardware': CMAKE_PREFIX_PATH=${CMAKE_PREFIX_PATH}:/home/minh/gim60108_ws/install/gim_control:/home/minh/rehab_robot_ver2_modified/install/rehab_gui:/home/minh/rehab_robot_ver2_modified/install/my_rqt_plugin:/opt/ros/humble /home/minh/.local/bin/cmake --build /home/minh/gim60108_ws/build/gim_arm_hardware -- -j16 -l16
[0.090s] [ 50%] [32mBuilding CXX object CMakeFiles/gim_arm_system_hardware.dir/src/gim_arm_system.cpp.o[0m
[2.422s] [100%] [1m[32mLinking CXX shared library libgim_arm_system_hardware.so[0m
[2.550s] [100%] Built target gim_arm_system_hardware
[2.555s] Invoked command in '/home/minh/gim60108_ws/build/gim_arm_hardware' returned '0': CMAKE_PREFIX_PATH=${CMAKE_PREFIX_PATH}:/home/minh/gim60108_ws/install/gim_control:/home/minh/rehab_robot_ver2_modified/install/rehab_gui:/home/minh/rehab_robot_ver2_modified/install/my_rqt_plugin:/opt/ros/humble /home/minh/.local/bin/cmake --build /home/minh/gim60108_ws/build/gim_arm_hardware -- -j16 -l16
[2.608s] Invoking command in '/home/minh/gim60108_ws/build/gim_arm_hardware': CMAKE_PREFIX_PATH=${CMAKE_PREFIX_PATH}:/home/minh/gim60108_ws/install/gim_control:/home/minh/rehab_robot_ver2_modified/install/rehab_gui:/home/minh/rehab_robot_ver2_modified/install/my_rqt_plugin:/opt/ros/humble /home/minh/.local/bin/cmake --install /home/minh/gim60108_ws/build/gim_arm_hardware
[2.661s] -- Install configuration: ""
[2.661s] -- Up-to-date: /home/minh/gim60108_ws/install/gim_arm_hardware/share/gim_arm_hardware/gim_arm_hardware.xml
[2.661s] -- Installing: /home/minh/gim60108_ws/install/gim_arm_hardware/lib/libgim_arm_system_hardware.so
[2.666s] -- Set non-toolchain portion of runtime path of "/home/minh/gim60108_ws/install/gim_arm_hardware/lib/libgim_arm_system_hardware.so" to ""
[2.666s] -- Up-to-date: /home/minh/gim60108_ws/install/gim_arm_hardware/include
[2.666s] -- Up-to-date: /home/minh/gim60108_ws/install/gim_arm_hardware/include/gim_arm_hardware
[2.666s] -- Up-to-date: /home/minh/gim60108_ws/install/gim_arm_hardware/include/gim_arm_hardware/socketcan_bus.hpp
[2.666s] -- Up-to-date: /home/minh/gim60108_ws/install/gim_arm_hardware/include/gim_arm_hardware/gim6010_can_protocol.hpp
[2.666s] -- Installing: /home/minh/gim60108_ws/install/gim_arm_hardware/include/gim_arm_hardware/gim_arm_system.hpp
[2.667s] -- Up-to-date: /home/minh/gim60108_ws/install/gim_arm_hardware/share/gim_arm_hardware/gim_arm_hardware.xml
[2.667s] -- Up-to-date: /home/minh/gim60108_ws/install/gim_arm_hardware/share/gim_arm_hardware/environment/library_path.sh
[2.667s] -- Up-to-date: /home/minh/gim60108_ws/install/gim_arm_hardware/share/gim_arm_hardware/environment/library_path.dsv
[2.667s] -- Up-to-date: /home/minh/gim60108_ws/install/gim_arm_hardware/share/ament_index/resource_index/package_run_dependencies/gim_arm_hardware
[2.667s] -- Up-to-date: /home/minh/gim60108_ws/install/gim_arm_hardware/share/ament_index/resource_index/parent_prefix_path/gim_arm_hardware
[2.667s] -- Up-to-date: /home/minh/gim60108_ws/install/gim_arm_hardware/share/gim_arm_hardware/environment/ament_prefix_path.sh
[2.667s] -- Up-to-date: /home/minh/gim60108_ws/install/gim_arm_hardware/share/gim_arm_hardware/environment/ament_prefix_path.dsv
[2.667s] -- Up-to-date: /home/minh/gim60108_ws/install/gim_arm_hardware/share/gim_arm_hardware/environment/path.sh
[2.667s] -- Up-to-date: /home/minh/gim60108_ws/install/gim_arm_hardware/share/gim_arm_hardware/environment/path.dsv
[2.667s] -- Up-to-date: /home/minh/gim60108_ws/install/gim_arm_hardware/share/gim_arm_hardware/local_setup.bash
[2.667s] -- Up-to-date: /home/minh/gim60108_ws/install/gim_arm_hardware/share/gim_arm_hardware/local_setup.sh
[2.667s] -- Up-to-date: /home/minh/gim60108_ws/install/gim_arm_hardware/share/gim_arm_hardware/local_setup.zsh
[2.667s] -- Up-to-date: /home/minh/gim60108_ws/install/gim_arm_hardware/share/gim_arm_hardware/local_setup.dsv
[2.667s] -- Installing: /home/minh/gim60108_ws/install/gim_arm_hardware/share/gim_arm_hardware/package.dsv
[2.667s] -- Up-to-date: /home/minh/gim60108_ws/install/gim_arm_hardware/share/ament_index/resource_index/packages/gim_arm_hardware
[2.667s] -- Up-to-date: /home/minh/gim60108_ws/install/gim_arm_hardware/share/ament_index/resource_index/hardware_interface__pluginlib__plugin/gim_arm_hardware
[2.667s] -- Up-to-date: /home/minh/gim60108_ws/install/gim_arm_hardware/share/gim_arm_hardware/cmake/ament_cmake_export_include_directories-extras.cmake
[2.667s] -- Up-to-date: /home/minh/gim60108_ws/install/gim_arm_hardware/share/gim_arm_hardware/cmake/ament_cmake_export_libraries-extras.cmake
[2.667s] -- Up-to-date: /home/minh/gim60108_ws/install/gim_arm_hardware/share/gim_arm_hardware/cmake/ament_cmake_export_dependencies-extras.cmake
[2.667s] -- Up-to-date: /home/minh/gim60108_ws/install/gim_arm_hardware/share/gim_arm_hardware/cmake/gim_arm_hardwareConfig.cmake
[2.667s] -- Up-to-date: /home/minh/gim60108_ws/install/gim_arm_hardware/share/gim_arm_hardware/cmake/gim_arm_hardwareConfig-version.cmake
[2.667s] -- Up-to-date: /home/minh/gim60108_ws/install/gim_arm_hardware/share/gim_arm_hardware/package.xml
[2.668s] Invoked command in '/home/minh/gim60108_ws/build/gim_arm_hardware' returned '0': CMAKE_PREFIX_PATH=${CMAKE_PREFIX_PATH}:/home/minh/gim60108_ws/install/gim_control:/home/minh/rehab_robot_ver2_modified/install/rehab_gui:/home/minh/rehab_robot_ver2_modified/install/my_rqt_plugin:/opt/ros/humble /home/minh/.local/bin/cmake --install /home/minh/gim60108_ws/build/gim_arm_hardware
