/home/minh/git_gim_ws/GIM_Arm_3_DOF/install/gim_control/lib/python3.10/site-packages/gim_control/__init__.py
/home/minh/git_gim_ws/GIM_Arm_3_DOF/install/gim_control/lib/python3.10/site-packages/gim_control/origin_draw_trajectory.py
/home/minh/git_gim_ws/GIM_Arm_3_DOF/install/gim_control/lib/python3.10/site-packages/gim_control/shapes.py
/home/minh/git_gim_ws/GIM_Arm_3_DOF/install/gim_control/lib/python3.10/site-packages/gim_control/lqi_node.py
/home/minh/git_gim_ws/GIM_Arm_3_DOF/install/gim_control/lib/python3.10/site-packages/gim_control/check_gravity_model.py
/home/minh/git_gim_ws/GIM_Arm_3_DOF/install/gim_control/lib/python3.10/site-packages/gim_control/arm_dynamics.py
/home/minh/git_gim_ws/GIM_Arm_3_DOF/install/gim_control/lib/python3.10/site-packages/gim_control/lqi_controller.py
/home/minh/git_gim_ws/GIM_Arm_3_DOF/install/gim_control/lib/python3.10/site-packages/gim_control/gim_arm_kinematics.py
/home/minh/git_gim_ws/GIM_Arm_3_DOF/install/gim_control/lib/python3.10/site-packages/gim_control/sweep_trajectory.py
/home/minh/git_gim_ws/GIM_Arm_3_DOF/install/gim_control/lib/python3.10/site-packages/gim_control/sniff_can_ff.py
/home/minh/git_gim_ws/GIM_Arm_3_DOF/install/gim_control/lib/python3.10/site-packages/gim_control/motor_test_all_modes.py
/home/minh/git_gim_ws/GIM_Arm_3_DOF/install/gim_control/lib/python3.10/site-packages/gim_control/gim6010_mujoco_sim.py
/home/minh/git_gim_ws/GIM_Arm_3_DOF/install/gim_control/lib/python3.10/site-packages/gim_control/__pycache__/__init__.cpython-310.pyc
/home/minh/git_gim_ws/GIM_Arm_3_DOF/install/gim_control/lib/python3.10/site-packages/gim_control/__pycache__/origin_draw_trajectory.cpython-310.pyc
/home/minh/git_gim_ws/GIM_Arm_3_DOF/install/gim_control/lib/python3.10/site-packages/gim_control/__pycache__/shapes.cpython-310.pyc
/home/minh/git_gim_ws/GIM_Arm_3_DOF/install/gim_control/lib/python3.10/site-packages/gim_control/__pycache__/lqi_node.cpython-310.pyc
/home/minh/git_gim_ws/GIM_Arm_3_DOF/install/gim_control/lib/python3.10/site-packages/gim_control/__pycache__/check_gravity_model.cpython-310.pyc
/home/minh/git_gim_ws/GIM_Arm_3_DOF/install/gim_control/lib/python3.10/site-packages/gim_control/__pycache__/arm_dynamics.cpython-310.pyc
/home/minh/git_gim_ws/GIM_Arm_3_DOF/install/gim_control/lib/python3.10/site-packages/gim_control/__pycache__/lqi_controller.cpython-310.pyc
/home/minh/git_gim_ws/GIM_Arm_3_DOF/install/gim_control/lib/python3.10/site-packages/gim_control/__pycache__/gim_arm_kinematics.cpython-310.pyc
/home/minh/git_gim_ws/GIM_Arm_3_DOF/install/gim_control/lib/python3.10/site-packages/gim_control/__pycache__/sweep_trajectory.cpython-310.pyc
/home/minh/git_gim_ws/GIM_Arm_3_DOF/install/gim_control/lib/python3.10/site-packages/gim_control/__pycache__/sniff_can_ff.cpython-310.pyc
/home/minh/git_gim_ws/GIM_Arm_3_DOF/install/gim_control/lib/python3.10/site-packages/gim_control/__pycache__/motor_test_all_modes.cpython-310.pyc
/home/minh/git_gim_ws/GIM_Arm_3_DOF/install/gim_control/lib/python3.10/site-packages/gim_control/__pycache__/gim6010_mujoco_sim.cpython-310.pyc
/home/minh/git_gim_ws/GIM_Arm_3_DOF/install/gim_control/share/ament_index/resource_index/packages/gim_control
/home/minh/git_gim_ws/GIM_Arm_3_DOF/install/gim_control/share/gim_control/package.xml
/home/minh/git_gim_ws/GIM_Arm_3_DOF/install/gim_control/share/gim_control/launch/origin_gim_arm_control.launch.py
/home/minh/git_gim_ws/GIM_Arm_3_DOF/install/gim_control/share/gim_control/config/controllers.yaml
/home/minh/git_gim_ws/GIM_Arm_3_DOF/install/gim_control/lib/python3.10/site-packages/gim_control-0.0.0-py3.10.egg-info/PKG-INFO
/home/minh/git_gim_ws/GIM_Arm_3_DOF/install/gim_control/lib/python3.10/site-packages/gim_control-0.0.0-py3.10.egg-info/requires.txt
/home/minh/git_gim_ws/GIM_Arm_3_DOF/install/gim_control/lib/python3.10/site-packages/gim_control-0.0.0-py3.10.egg-info/entry_points.txt
/home/minh/git_gim_ws/GIM_Arm_3_DOF/install/gim_control/lib/python3.10/site-packages/gim_control-0.0.0-py3.10.egg-info/zip-safe
/home/minh/git_gim_ws/GIM_Arm_3_DOF/install/gim_control/lib/python3.10/site-packages/gim_control-0.0.0-py3.10.egg-info/SOURCES.txt
/home/minh/git_gim_ws/GIM_Arm_3_DOF/install/gim_control/lib/python3.10/site-packages/gim_control-0.0.0-py3.10.egg-info/dependency_links.txt
/home/minh/git_gim_ws/GIM_Arm_3_DOF/install/gim_control/lib/python3.10/site-packages/gim_control-0.0.0-py3.10.egg-info/top_level.txt
/home/minh/git_gim_ws/GIM_Arm_3_DOF/install/gim_control/lib/gim_control/check_gravity_model
/home/minh/git_gim_ws/GIM_Arm_3_DOF/install/gim_control/lib/gim_control/lqi_node
/home/minh/git_gim_ws/GIM_Arm_3_DOF/install/gim_control/lib/gim_control/motor_test_all_modes
/home/minh/git_gim_ws/GIM_Arm_3_DOF/install/gim_control/lib/gim_control/origin_draw_trajectory
/home/minh/git_gim_ws/GIM_Arm_3_DOF/install/gim_control/lib/gim_control/sniff_can_ff
