[0.459s] Invoking command in '/home/minh/gim60108_ws/src/gim_arm_control': CMAKE_PREFIX_PATH=/home/minh/gim60108_ws/install/gim_arm_description:/home/minh/gim60108_ws/install/gim_arm_moveit_config:/home/minh/gim60108_ws/install/gim_arm_hardware:/home/minh/rehab_robot_ver2_modified/install/rehab_robot_ver2_control:/home/minh/rehab_robot_ver2_modified/install/rviz_custom_plugins:/home/minh/rehab_robot_ver2_modified/install/rehab_robot_ver2:/home/minh/rehab_robot_ver2_modified/install/gravity_compensation:/home/minh/rehab_robot_ver2_modified/install/can_odrive_interface:/home/minh/moveit_ws/install/my_robot_bringup:/home/minh/moveit_ws/install/my_robot_moveit_config:/home/minh/moveit_ws/install/my_robot_description:/home/minh/apriltag_ws/install/apriltag_ros PYTHONPATH=/home/minh/gim60108_ws/build/gim_control/prefix_override:/usr/lib/python3/dist-packages/colcon_core/task/python/colcon_distutils_commands:/home/minh/gim60108_ws/install/gim_control/lib/python3.10/site-packages:${PYTHONPATH} /usr/bin/python3 -W ignore:setup.py install is deprecated -W ignore:easy_install command is deprecated setup.py egg_info --egg-base ../../build/gim_control build --build-base /home/minh/gim60108_ws/build/gim_control/build install --record /home/minh/gim60108_ws/build/gim_control/install.log --install-scripts $base/lib/gim_control --single-version-externally-managed install_data
[0.625s] running egg_info
[0.635s] writing ../../build/gim_control/gim_control.egg-info/PKG-INFO
[0.635s] writing dependency_links to ../../build/gim_control/gim_control.egg-info/dependency_links.txt
[0.636s] writing entry points to ../../build/gim_control/gim_control.egg-info/entry_points.txt
[0.636s] writing requirements to ../../build/gim_control/gim_control.egg-info/requires.txt
[0.636s] writing top-level names to ../../build/gim_control/gim_control.egg-info/top_level.txt
[0.656s] reading manifest file '../../build/gim_control/gim_control.egg-info/SOURCES.txt'
[0.657s] writing manifest file '../../build/gim_control/gim_control.egg-info/SOURCES.txt'
[0.657s] running build
[0.657s] running build_py
[0.658s] copying gim_control/__init__.py -> /home/minh/gim60108_ws/build/gim_control/build/lib/gim_control
[0.658s] copying gim_control/shapes.py -> /home/minh/gim60108_ws/build/gim_control/build/lib/gim_control
[0.658s] copying gim_control/draw_trajectory.py -> /home/minh/gim60108_ws/build/gim_control/build/lib/gim_control
[0.658s] copying gim_control/gim_arm_kinematics.py -> /home/minh/gim60108_ws/build/gim_control/build/lib/gim_control
[0.658s] copying gim_control/motor_test_all_modes.py -> /home/minh/gim60108_ws/build/gim_control/build/lib/gim_control
[0.658s] running install
[0.661s] running install_lib
[0.671s] running install_data
[0.671s] copying resource/gim_control -> /home/minh/gim60108_ws/install/gim_control/share/ament_index/resource_index/packages
[0.671s] copying package.xml -> /home/minh/gim60108_ws/install/gim_control/share/gim_control
[0.671s] copying launch/gim_arm_control.launch.py -> /home/minh/gim60108_ws/install/gim_control/share/gim_control/launch
[0.671s] copying config/controllers.yaml -> /home/minh/gim60108_ws/install/gim_control/share/gim_control/config
[0.672s] running install_egg_info
[0.682s] removing '/home/minh/gim60108_ws/install/gim_control/lib/python3.10/site-packages/gim_control-0.0.0-py3.10.egg-info' (and everything under it)
[0.682s] Copying ../../build/gim_control/gim_control.egg-info to /home/minh/gim60108_ws/install/gim_control/lib/python3.10/site-packages/gim_control-0.0.0-py3.10.egg-info
[0.683s] running install_scripts
[0.702s] Installing draw_trajectory script to /home/minh/gim60108_ws/install/gim_control/lib/gim_control
[0.702s] Installing motor_test_all_modes script to /home/minh/gim60108_ws/install/gim_control/lib/gim_control
[0.703s] writing list of installed files to '/home/minh/gim60108_ws/build/gim_control/install.log'
[0.720s] Invoked command in '/home/minh/gim60108_ws/src/gim_arm_control' returned '0': CMAKE_PREFIX_PATH=/home/minh/gim60108_ws/install/gim_arm_description:/home/minh/gim60108_ws/install/gim_arm_moveit_config:/home/minh/gim60108_ws/install/gim_arm_hardware:/home/minh/rehab_robot_ver2_modified/install/rehab_robot_ver2_control:/home/minh/rehab_robot_ver2_modified/install/rviz_custom_plugins:/home/minh/rehab_robot_ver2_modified/install/rehab_robot_ver2:/home/minh/rehab_robot_ver2_modified/install/gravity_compensation:/home/minh/rehab_robot_ver2_modified/install/can_odrive_interface:/home/minh/moveit_ws/install/my_robot_bringup:/home/minh/moveit_ws/install/my_robot_moveit_config:/home/minh/moveit_ws/install/my_robot_description:/home/minh/apriltag_ws/install/apriltag_ros PYTHONPATH=/home/minh/gim60108_ws/build/gim_control/prefix_override:/usr/lib/python3/dist-packages/colcon_core/task/python/colcon_distutils_commands:/home/minh/gim60108_ws/install/gim_control/lib/python3.10/site-packages:${PYTHONPATH} /usr/bin/python3 -W ignore:setup.py install is deprecated -W ignore:easy_install command is deprecated setup.py egg_info --egg-base ../../build/gim_control build --build-base /home/minh/gim60108_ws/build/gim_control/build install --record /home/minh/gim60108_ws/build/gim_control/install.log --install-scripts $base/lib/gim_control --single-version-externally-managed install_data
