[0.010s] Invoking command in '/home/minh/gim60108_ws/build/gim_arm_hardware': CMAKE_PREFIX_PATH=${CMAKE_PREFIX_PATH}:/home/minh/gim60108_ws/install/gim_control:/home/minh/rehab_robot_ver2_modified/install/rehab_gui:/home/minh/rehab_robot_ver2_modified/install/my_rqt_plugin:/opt/ros/humble /home/minh/.local/bin/cmake /home/minh/gim60108_ws/src/gim_arm_hardware -DCMAKE_EXPORT_COMPILE_COMMANDS=ON -DCMAKE_INSTALL_PREFIX=/home/minh/gim60108_ws/install/gim_arm_hardware
[0.064s] [0mCMake Deprecation Warning at CMakeLists.txt:1 (cmake_minimum_required):
[0.064s]   Compatibility with CMake < 3.10 will be removed from a future version of
[0.064s]   CMake.
[0.064s] 
[0.064s]   Update the VERSION argument <min> value.  Or, use the <min>...<max> syntax
[0.064s]   to tell CMake that the project requires at least <min> but has been updated
[0.064s]   to work with policies introduced by <max> or earlier.
[0.064s] 
[0.064s] [0m
[0.168s] -- The C compiler identification is GNU 11.4.0
[0.266s] -- The CXX compiler identification is GNU 11.4.0
[0.273s] -- Detecting C compiler ABI info
[0.331s] -- Detecting C compiler ABI info - done
[0.342s] -- Check for working C compiler: /usr/bin/cc - skipped
[0.342s] -- Detecting C compile features
[0.343s] -- Detecting C compile features - done
[0.355s] -- Detecting CXX compiler ABI info
[0.419s] -- Detecting CXX compiler ABI info - done
[0.429s] -- Check for working CXX compiler: /usr/bin/c++ - skipped
[0.429s] -- Detecting CXX compile features
[0.430s] -- Detecting CXX compile features - done
[0.440s] -- Found ament_cmake: 1.3.14 (/opt/ros/humble/share/ament_cmake/cmake)
[0.553s] -- Found Python3: /usr/bin/python3 (found version "3.10.12") found components: Interpreter
[0.643s] -- Found rclcpp: 16.0.19 (/opt/ros/humble/share/rclcpp/cmake)
[0.695s] -- Found rosidl_generator_c: 3.1.9 (/opt/ros/humble/share/rosidl_generator_c/cmake)
[0.702s] -- Found rosidl_adapter: 3.1.9 (/opt/ros/humble/share/rosidl_adapter/cmake)
[0.712s] -- Found rosidl_generator_cpp: 3.1.9 (/opt/ros/humble/share/rosidl_generator_cpp/cmake)
[0.725s] -- Using all available rosidl_typesupport_c: rosidl_typesupport_fastrtps_c;rosidl_typesupport_introspection_c
[0.745s] -- Using all available rosidl_typesupport_cpp: rosidl_typesupport_fastrtps_cpp;rosidl_typesupport_introspection_cpp
[0.797s] -- Found rmw_implementation_cmake: 6.1.2 (/opt/ros/humble/share/rmw_implementation_cmake/cmake)
[0.801s] -- Found rmw_cyclonedds_cpp: 1.3.4 (/opt/ros/humble/share/rmw_cyclonedds_cpp/cmake)
[0.830s] -- Using RMW implementation 'rmw_cyclonedds_cpp' as default
[0.842s] -- Performing Test CMAKE_HAVE_LIBC_PTHREAD
[0.900s] -- Performing Test CMAKE_HAVE_LIBC_PTHREAD - Success
[0.901s] -- Found Threads: TRUE
[0.962s] -- Found hardware_interface: 2.54.0 (/opt/ros/humble/share/hardware_interface/cmake)
[1.192s] -- Configuring done (1.1s)
[1.202s] -- Generating done (0.0s)
[1.203s] -- Build files have been written to: /home/minh/gim60108_ws/build/gim_arm_hardware
[1.212s] Invoked command in '/home/minh/gim60108_ws/build/gim_arm_hardware' returned '0': CMAKE_PREFIX_PATH=${CMAKE_PREFIX_PATH}:/home/minh/gim60108_ws/install/gim_control:/home/minh/rehab_robot_ver2_modified/install/rehab_gui:/home/minh/rehab_robot_ver2_modified/install/my_rqt_plugin:/opt/ros/humble /home/minh/.local/bin/cmake /home/minh/gim60108_ws/src/gim_arm_hardware -DCMAKE_EXPORT_COMPILE_COMMANDS=ON -DCMAKE_INSTALL_PREFIX=/home/minh/gim60108_ws/install/gim_arm_hardware
[1.212s] Invoking command in '/home/minh/gim60108_ws/build/gim_arm_hardware': CMAKE_PREFIX_PATH=${CMAKE_PREFIX_PATH}:/home/minh/gim60108_ws/install/gim_control:/home/minh/rehab_robot_ver2_modified/install/rehab_gui:/home/minh/rehab_robot_ver2_modified/install/my_rqt_plugin:/opt/ros/humble /home/minh/.local/bin/cmake --build /home/minh/gim60108_ws/build/gim_arm_hardware -- -j16 -l16
[1.291s] [ 50%] [32mBuilding CXX object CMakeFiles/gim_arm_system_hardware.dir/src/gim_arm_system.cpp.o[0m
[3.505s] [100%] [1m[32mLinking CXX shared library libgim_arm_system_hardware.so[0m
[3.662s] [100%] Built target gim_arm_system_hardware
[3.668s] Invoked command in '/home/minh/gim60108_ws/build/gim_arm_hardware' returned '0': CMAKE_PREFIX_PATH=${CMAKE_PREFIX_PATH}:/home/minh/gim60108_ws/install/gim_control:/home/minh/rehab_robot_ver2_modified/install/rehab_gui:/home/minh/rehab_robot_ver2_modified/install/my_rqt_plugin:/opt/ros/humble /home/minh/.local/bin/cmake --build /home/minh/gim60108_ws/build/gim_arm_hardware -- -j16 -l16
[3.721s] Invoking command in '/home/minh/gim60108_ws/build/gim_arm_hardware': CMAKE_PREFIX_PATH=${CMAKE_PREFIX_PATH}:/home/minh/gim60108_ws/install/gim_control:/home/minh/rehab_robot_ver2_modified/install/rehab_gui:/home/minh/rehab_robot_ver2_modified/install/my_rqt_plugin:/opt/ros/humble /home/minh/.local/bin/cmake --install /home/minh/gim60108_ws/build/gim_arm_hardware
[3.775s] -- Install configuration: ""
[3.775s] -- Installing: /home/minh/gim60108_ws/install/gim_arm_hardware/share/gim_arm_hardware/gim_arm_hardware.xml
[3.775s] -- Installing: /home/minh/gim60108_ws/install/gim_arm_hardware/lib/libgim_arm_system_hardware.so
[3.776s] -- Set non-toolchain portion of runtime path of "/home/minh/gim60108_ws/install/gim_arm_hardware/lib/libgim_arm_system_hardware.so" to ""
[3.776s] -- Installing: /home/minh/gim60108_ws/install/gim_arm_hardware/include
[3.776s] -- Installing: /home/minh/gim60108_ws/install/gim_arm_hardware/include/gim_arm_hardware
[3.776s] -- Installing: /home/minh/gim60108_ws/install/gim_arm_hardware/include/gim_arm_hardware/gim_arm_system.hpp
[3.776s] -- Up-to-date: /home/minh/gim60108_ws/install/gim_arm_hardware/share/gim_arm_hardware/gim_arm_hardware.xml
[3.776s] -- Installing: /home/minh/gim60108_ws/install/gim_arm_hardware/share/gim_arm_hardware/environment/library_path.sh
[3.776s] -- Installing: /home/minh/gim60108_ws/install/gim_arm_hardware/share/gim_arm_hardware/environment/library_path.dsv
[3.776s] -- Installing: /home/minh/gim60108_ws/install/gim_arm_hardware/share/ament_index/resource_index/package_run_dependencies/gim_arm_hardware
[3.776s] -- Installing: /home/minh/gim60108_ws/install/gim_arm_hardware/share/ament_index/resource_index/parent_prefix_path/gim_arm_hardware
[3.776s] -- Installing: /home/minh/gim60108_ws/install/gim_arm_hardware/share/gim_arm_hardware/environment/ament_prefix_path.sh
[3.776s] -- Installing: /home/minh/gim60108_ws/install/gim_arm_hardware/share/gim_arm_hardware/environment/ament_prefix_path.dsv
[3.776s] -- Installing: /home/minh/gim60108_ws/install/gim_arm_hardware/share/gim_arm_hardware/environment/path.sh
[3.776s] -- Installing: /home/minh/gim60108_ws/install/gim_arm_hardware/share/gim_arm_hardware/environment/path.dsv
[3.776s] -- Installing: /home/minh/gim60108_ws/install/gim_arm_hardware/share/gim_arm_hardware/local_setup.bash
[3.777s] -- Installing: /home/minh/gim60108_ws/install/gim_arm_hardware/share/gim_arm_hardware/local_setup.sh
[3.777s] -- Installing: /home/minh/gim60108_ws/install/gim_arm_hardware/share/gim_arm_hardware/local_setup.zsh
[3.777s] -- Installing: /home/minh/gim60108_ws/install/gim_arm_hardware/share/gim_arm_hardware/local_setup.dsv
[3.777s] -- Installing: /home/minh/gim60108_ws/install/gim_arm_hardware/share/gim_arm_hardware/package.dsv
[3.777s] -- Installing: /home/minh/gim60108_ws/install/gim_arm_hardware/share/ament_index/resource_index/packages/gim_arm_hardware
[3.777s] -- Installing: /home/minh/gim60108_ws/install/gim_arm_hardware/share/ament_index/resource_index/hardware_interface__pluginlib__plugin/gim_arm_hardware
[3.777s] -- Installing: /home/minh/gim60108_ws/install/gim_arm_hardware/share/gim_arm_hardware/cmake/ament_cmake_export_include_directories-extras.cmake
[3.777s] -- Installing: /home/minh/gim60108_ws/install/gim_arm_hardware/share/gim_arm_hardware/cmake/ament_cmake_export_libraries-extras.cmake
[3.777s] -- Installing: /home/minh/gim60108_ws/install/gim_arm_hardware/share/gim_arm_hardware/cmake/ament_cmake_export_dependencies-extras.cmake
[3.777s] -- Installing: /home/minh/gim60108_ws/install/gim_arm_hardware/share/gim_arm_hardware/cmake/gim_arm_hardwareConfig.cmake
[3.777s] -- Installing: /home/minh/gim60108_ws/install/gim_arm_hardware/share/gim_arm_hardware/cmake/gim_arm_hardwareConfig-version.cmake
[3.778s] -- Installing: /home/minh/gim60108_ws/install/gim_arm_hardware/share/gim_arm_hardware/package.xml
[3.779s] Invoked command in '/home/minh/gim60108_ws/build/gim_arm_hardware' returned '0': CMAKE_PREFIX_PATH=${CMAKE_PREFIX_PATH}:/home/minh/gim60108_ws/install/gim_control:/home/minh/rehab_robot_ver2_modified/install/rehab_gui:/home/minh/rehab_robot_ver2_modified/install/my_rqt_plugin:/opt/ros/humble /home/minh/.local/bin/cmake --install /home/minh/gim60108_ws/build/gim_arm_hardware
