[INFO] [1791303313.652969339] [gazebo_ros2_control]: Loading gazebo_ros2_control plugin
[INFO] [1791303313.661008576] [gazebo_ros2_control]: Starting gazebo_ros2_control plugin in namespace: /
[INFO] [1791303313.661248060] [gazebo_ros2_control]: Starting gazebo_ros2_control plugin in ros 2 node: gazebo_ros2_control
[INFO] [1791303313.664622688] [gazebo_ros2_control]: connected to service!! robot_state_publisher
[INFO] [1791303313.666032020] [gazebo_ros2_control]: Received urdf from param server, parsing...
[INFO] [1791303313.666191716] [gazebo_ros2_control]: Loading parameter files /home/mirabo/GIM_Arm_3_DOF/install/gim_control/share/gim_control/config/controllers_gazebo.yaml
[INFO] [1791303313.683540216] [gazebo_ros2_control]: Loading joint: base_joint
[INFO] [1791303313.683610921] [gazebo_ros2_control]: 	State:
[INFO] [1791303313.683624010] [gazebo_ros2_control]: 		 position
[INFO] [1791303313.683636306] [gazebo_ros2_control]: 			 found initial value: 0.000000
[INFO] [1791303313.683649006] [gazebo_ros2_control]: 		 velocity
[INFO] [1791303313.683655119] [gazebo_ros2_control]: 		 effort
[INFO] [1791303313.683659457] [gazebo_ros2_control]: 	Command:
[INFO] [1791303313.683663477] [gazebo_ros2_control]: 		 position
[INFO] [1791303313.683893051] [gazebo_ros2_control]: 		 velocity
[INFO] [1791303313.683941059] [gazebo_ros2_control]: 		 effort
[INFO] [1791303313.683948420] [gazebo_ros2_control]: Loading joint: shoulder_joint
[INFO] [1791303313.683953366] [gazebo_ros2_control]: 	State:
[INFO] [1791303313.683958549] [gazebo_ros2_control]: 		 position
[INFO] [1791303313.683962889] [gazebo_ros2_control]: 			 found initial value: 0.000000
[INFO] [1791303313.683968327] [gazebo_ros2_control]: 		 velocity
[INFO] [1791303313.683972859] [gazebo_ros2_control]: 		 effort
[INFO] [1791303313.683976824] [gazebo_ros2_control]: 	Command:
[INFO] [1791303313.683980670] [gazebo_ros2_control]: 		 position
[INFO] [1791303313.684019326] [gazebo_ros2_control]: 		 velocity
[INFO] [1791303313.684053688] [gazebo_ros2_control]: 		 effort
[INFO] [1791303313.684059637] [gazebo_ros2_control]: Loading joint: elbow_joint
[INFO] [1791303313.684063823] [gazebo_ros2_control]: 	State:
[INFO] [1791303313.684068077] [gazebo_ros2_control]: 		 position
[INFO] [1791303313.684074646] [gazebo_ros2_control]: 			 found initial value: 0.000000
[INFO] [1791303313.684081019] [gazebo_ros2_control]: 		 velocity
[INFO] [1791303313.684087221] [gazebo_ros2_control]: 		 effort
[INFO] [1791303313.684094983] [gazebo_ros2_control]: 	Command:
[INFO] [1791303313.684101682] [gazebo_ros2_control]: 		 position
[INFO] [1791303313.684343449] [gazebo_ros2_control]: 		 velocity
[INFO] [1791303313.684398310] [gazebo_ros2_control]: 		 effort
[INFO] [1791303313.684586235] [resource_manager]: Initialize hardware 'GazeboSystem' 
[INFO] [1791303313.685076447] [resource_manager]: Successful initialization of hardware 'GazeboSystem'
[INFO] [1791303313.685186026] [resource_manager]: 'configure' hardware 'GazeboSystem' 
[INFO] [1791303313.685196028] [resource_manager]: Successful 'configure' of hardware 'GazeboSystem'
[INFO] [1791303313.685203186] [resource_manager]: 'activate' hardware 'GazeboSystem' 
[INFO] [1791303313.685208637] [resource_manager]: Successful 'activate' of hardware 'GazeboSystem'
[INFO] [1791303313.685427131] [gazebo_ros2_control]: Loading controller_manager
[INFO] [1791303313.712160221] [gazebo_ros2_control]: Loaded gazebo_ros2_control.
[INFO] [1791303314.842911168] [controller_manager]: Loading controller 'joint_state_broadcaster'
[INFO] [1791303314.948584201] [controller_manager]: Configuring controller 'joint_state_broadcaster'
[INFO] [1791303314.948945669] [joint_state_broadcaster]: 'joints' or 'interfaces' parameter is empty. All available state interfaces will be published
[INFO] [1791303315.380329582] [controller_manager]: Loading controller 'forward_position_controller'
[INFO] [1791303315.406278027] [controller_manager]: Configuring controller 'forward_position_controller'
[INFO] [1791303315.407861059] [forward_position_controller]: configure successful
[INFO] [1791303315.410541258] [forward_position_controller]: activate successful
[INFO] [1791303315.830290846] [controller_manager]: Loading controller 'gim_arm_effort_controller'
[INFO] [1791303315.846019876] [controller_manager]: Configuring controller 'gim_arm_effort_controller'
[INFO] [1791303315.846439989] [gim_arm_effort_controller]: configure successful
[INFO] [1791303316.280679149] [controller_manager]: Loading controller 'gim_arm_group_controller'
[WARN] [1791303316.296373537] [gim_arm_group_controller]: [Deprecated]: "allow_nonzero_velocity_at_trajectory_end" is set to true. The default behavior will change to false.
[INFO] [1791303316.314695441] [controller_manager]: Configuring controller 'gim_arm_group_controller'
[INFO] [1791303316.314921678] [gim_arm_group_controller]: No specific joint names are used for command interfaces. Using 'joints' parameter.
[INFO] [1791303316.314974735] [gim_arm_group_controller]: Command interfaces are [position velocity] and state interfaces are [position velocity].
[INFO] [1791303316.315030422] [gim_arm_group_controller]: Using 'splines' interpolation method.
[INFO] [1791303316.316054366] [gim_arm_group_controller]: Controller state will be published at 50.00 Hz.
[INFO] [1791303316.318684984] [gim_arm_group_controller]: Action status changes will be monitored at 20.00 Hz.
[INFO] [1791303319.110445792] [gim_arm_effort_controller]: activate successful
[INFO] [1791303382.186445227] [forward_position_controller]: activate successful
