[INFO] [1791303318.376881059] [lqr_controller]: Quán tính rotor cộng vào mô hình M(q): [0.00016832 0.01077248 0.00016832] kg·m² (use_armature=True)
[INFO] [1791303318.448338600] [lqr_controller]: Thuật toán: lqr
Bộ điều khiển: LQR/LQI gain-scheduling (9 trạng thái), CARE liên tục theo setup_lqr.m
  trọng số Bryson: max_int_e=[10. 20. 10.] rad·s  max_e=[0.05 0.02 0.01] rad
  mục tiêu vận tốc: Q_vel=[0, 0, 0] (chỉ tối ưu bám vị trí; không dùng max_de)
  max_tau=[ 5. 40.  5.] Nm  x tau_penalty_scale=16
  feedforward: inverse_dynamics(q_ref) (G lấy ở q_ref, đúng kiểu matlab)
  K precompute dọc quỹ đạo @ 20 Hz; nội suy tuyến tính theo thời gian quỹ đạo ROS
  trần mô-men: [ 2.5 20.   2.5] Nm   |∫e| <= 0.5 rad·s
  slew-rate mô-men: không giới hạn

  KIỂM TRA ZOH (2000 Hz): |z|max = 0.999999500  -> ỔN ĐỊNH
  cực liên tục: nhanh nhất 298.8 rad/s (Nyquist vòng 6283 rad/s), chậm nhất 0.001 rad/s -> t_xác_lập ≈ 4001.61 s
  mô-men riêng khâu tích phân khi ∫e chạm kẹp: [0.066 0.568 0.071] Nm
  K tại q = [0.155 0.553 0.771] (Nm trên mỗi đơn vị trạng thái):
    base_joint      ∫e:[ 1.249e-01  2.928e-03 -1.822e-05]  e:[25.56  3.15  0.06]  ė:[1.93 0.81 0.14]
    shoulder_joint  ∫e:[-0.026  0.278 -0.831]  e:[  -5.01  274.83 -831.67]  ė:[ 0.73  6.83 -2.92]
    elbow_joint     ∫e:[-0.005  0.052  0.069]  e:[-0.89 51.64 69.2 ]  ė:[0.17 2.41 1.75]
    (K đổi theo tư thế -- đây chỉ là một điểm làm việc)
[INFO] [1791303318.448753034] [lqr_controller]: Trần controller: [ 2.5 20.   2.5] Nm (effort URDF [ 5. 40.  5.] × 0.5)
[INFO] [1791303318.449016709] [lqr_controller]: HAND_GUIDING dùng gravity + damping: Kd_drag=[0.3 1.  0.3] Nm/(rad/s)
[INFO] [1791303318.449436266] [lqr_controller]: HOLD_HOME dùng gravity-hold PID: Kp=[ 5. 12.  4.] Nm/rad, Kd=[1.  3.  0.8] Nm/(rad/s), Ki=[0.8 2.  0.8] Nm/(rad*s), |tau_i|<=[0.5 1.  0.5] Nm
[INFO] [1791303318.453438377] [lqr_controller]: Dùng waypoint đã cache: /tmp/gim_effort_way.npz
[INFO] [1791303318.454483962] [lqr_controller]: Kịch bản: HOME -> APPROACH 5s -> TRACK 1 vòng (27s/vòng) -> RETURN 5s -> HOLD_HOME
[INFO] [1791303318.460425402] [lqr_controller]: Sẵn sàng ở GRAVITY_HOLD. Service /gim_arm/set_hand_guiding: true=kéo tay, false=chốt và giữ vị trí hiện tại. Chỉ bật autostart sau khi effort controller đã được activate.
[INFO] [1791303318.491573019] [lqr_controller]: Bắt đầu precompute 741 gain LQR @ 20 Hz. Giữ position controller active...
[INFO] [1791303319.107220895] [lqr_controller]: Precompute xong 741 gain trong 0.62s; runtime sẽ chỉ tra bảng, không giải Riccati. Đang chờ mẫu /joint_states mới...
[INFO] [1791303319.109148072] [lqr_controller]: WAIT -> GRAVITY, đã chụp HOME=[-0. -0. -0.]
[WARN] [1791303319.110508669] [lqr_controller]: Bỏ qua control tick vì chưa có /joint_states mới; giữ torque trước (1 lần, timer_dt=1.90 ms)
[WARN] [1791303319.136781596] [lqr_controller]: Bỏ qua control tick vì chưa có /joint_states mới; giữ torque trước (10 lần, timer_dt=0.43 ms)
[WARN] [1791303319.381861060] [lqr_controller]: Bỏ qua control tick vì chưa có /joint_states mới; giữ torque trước (100 lần, timer_dt=0.51 ms)
[INFO] [1791303324.112746736] [lqr_controller]: GRAVITY -> APPROACH (5s), START=[ 0.0004 -0.0213 -0.0002], HOME=[-0. -0. -0.]
[WARN] [1791303324.357653803] [lqr_controller]: Bỏ qua control tick vì chưa có /joint_states mới; giữ torque trước (1000 lần, timer_dt=0.37 ms)
[WARN] [1791303327.542358173] [lqr_controller]: lqr: compute 0.45 ms > ngân sách cảnh báo 0.40 ms (1 lần)
[WARN] [1791303329.891561627] [lqr_controller]: lqr: compute 0.55 ms > ngân sách cảnh báo 0.40 ms (10 lần)
[INFO] [1791303331.259188886] [lqr_controller]: APPROACH -> TRACK
[WARN] [1791303373.774440555] [lqr_controller]: lqr: compute 0.59 ms > ngân sách cảnh báo 0.40 ms (100 lần)
[INFO] [1791303375.113821422] [lqr_controller]: TRACK -> RETURN (5s)
[INFO] [1791303382.185567503] [lqr_controller]: RETURN -> HOLD_HOME gravity-hold PID (Ctrl-C để ghi file log)
[INFO] [1791303382.498497639] [lqr_controller]: Ghi 11289 mẫu /joint_states -> /home/mirabo/GIM_Arm_3_DOF/results/lqr_matlab_gazebo/noload_states.csv
[INFO] [1791303382.498924443] [lqr_controller]: Ghi 10936 dòng -> /home/mirabo/GIM_Arm_3_DOF/results/lqr_matlab_gazebo/noload.csv
