[INFO] [1791301410.141437282] [lqr_controller]: Quán tính rotor cộng vào mô hình M(q): [0.00016832 0.01077248 0.00016832] kg·m² (use_armature=True)
[INFO] [1791301410.227891741] [lqr_controller]: Thuật toán: lqr
Bộ điều khiển: TVLQR (LQR biến thiên 9 trạng thái + tích phân), CARE liên tục theo setup_lqr.m
  trọng số Bryson: max_int_e=[10. 20. 10.] rad·s  max_e=[0.05 0.02 0.01] rad  max_de=[10. 10. 10.] rad/s
  max_tau=[ 5. 40.  5.] Nm  x tau_penalty_scale=1
  feedforward: inverse_dynamics(q_ref) (G lấy ở q_ref, đúng kiểu matlab)
  K precompute dọc quỹ đạo @ 20 Hz; nội suy tuyến tính theo thời gian quỹ đạo ROS
  trần mô-men: [ 3.75 30.    3.75] Nm   |∫e| <= 0.5 rad·s
  slew-rate mô-men: không giới hạn

  KIỂM TRA ZOH (2000 Hz): |z|max = 1.0000  -> ỔN ĐỊNH
  cực liên tục: nhanh nhất 597.6 rad/s (Nyquist vòng 6283 rad/s), chậm nhất 0.001 rad/s -> t_xác_lập ≈ 4000.10 s
  mô-men riêng khâu tích phân khi ∫e chạm kẹp: [0.263 2.272 0.285] Nm
  K tại q = [0.155 0.553 0.771] (Nm trên mỗi đơn vị trạng thái):
    base_joint      ∫e:[ 0.499  0.012 -0.001]  e:[100.48  12.17  -0.48]  ė:[3.87 1.61 0.27]
    shoulder_joint  ∫e:[-0.11   1.116 -3.318]  e:[  -21.87  1112.82 -3318.44]  ė:[ 1.4  13.98 -6.36]
    elbow_joint     ∫e:[-0.02   0.207  0.279]  e:[ -3.82 206.9  278.96]  ė:[0.32 4.85 3.55]
    (K đổi theo tư thế -- đây chỉ là một điểm làm việc)
[INFO] [1791301410.229417609] [lqr_controller]: Trần controller: [ 3.75 30.    3.75] Nm (effort URDF [ 5. 40.  5.] × 0.75)
[INFO] [1791301410.230651816] [lqr_controller]: HAND_GUIDING dùng gravity + damping: Kd_drag=[0.3 1.  0.3] Nm/(rad/s)
[INFO] [1791301410.232088532] [lqr_controller]: HOLD_HOME dùng gravity-hold PID: Kp=[ 5. 12.  4.] Nm/rad, Kd=[1.  3.  0.8] Nm/(rad/s), Ki=[0.8 2.  0.8] Nm/(rad*s), |tau_i|<=[0.5 1.  0.5] Nm
[INFO] [1791301410.234338459] [lqr_controller]: Dùng waypoint đã cache: /tmp/gim_effort_way.npz
[INFO] [1791301410.237849844] [lqr_controller]: Kịch bản: HOME -> APPROACH 5s -> TRACK 1 vòng (27s/vòng) -> RETURN 5s -> HOLD_HOME
[INFO] [1791301410.244563864] [lqr_controller]: Sẵn sàng ở GRAVITY_HOLD. Service /gim_arm/set_hand_guiding: true=kéo tay, false=chốt và giữ vị trí hiện tại. Chỉ bật autostart sau khi effort controller đã được activate.
[INFO] [1791301410.296194363] [lqr_controller]: Bắt đầu precompute 741 gain LQR @ 20 Hz. Giữ position controller active...
[INFO] [1791301410.974124935] [lqr_controller]: Precompute xong 741 gain trong 0.68s; runtime sẽ chỉ tra bảng, không giải Riccati. Đang chờ mẫu /joint_states mới...
[INFO] [1791301410.975488489] [lqr_controller]: WAIT -> GRAVITY, đã chụp HOME=[-0. -0. -0.]
[WARN] [1791301410.976527685] [lqr_controller]: Bỏ qua control tick vì chưa có /joint_states mới; giữ torque trước (1 lần, timer_dt=1.18 ms)
[WARN] [1791301411.073271433] [lqr_controller]: Bỏ qua control tick vì chưa có /joint_states mới; giữ torque trước (10 lần, timer_dt=0.49 ms)
[WARN] [1791301411.867729388] [lqr_controller]: Bỏ qua control tick vì chưa có /joint_states mới; giữ torque trước (100 lần, timer_dt=0.41 ms)
[INFO] [1791301415.981183258] [lqr_controller]: GRAVITY -> APPROACH (5s), START=[-0.0116 -0.0171  0.0003], HOME=[-0. -0. -0.]
[ERROR] [1791301417.961533498] [lqr_controller]: ABORT: sai số bám pha APPROACH 0.214 rad > 0.100 rad. Chuyển về gravity compensation; deactivate gim_arm_effort_controller trước khi kiểm tra.
[INFO] [1791301418.068163166] [lqr_controller]: Ghi 3775 mẫu /joint_states -> /home/mirabo/GIM_Arm_3_DOF/results/lqr_matlab_gazebo/payload_0p5_states.csv
[INFO] [1791301418.068401375] [lqr_controller]: Ghi 3567 dòng -> /home/mirabo/GIM_Arm_3_DOF/results/lqr_matlab_gazebo/payload_0p5.csv
