[0.498s] Invoking command in '/home/minh/gim60108_ws/src/gim_arm_control': PYTHONPATH=/home/minh/gim60108_ws/build/gim_control/prefix_override:/usr/lib/python3/dist-packages/colcon_core/task/python/colcon_distutils_commands:/home/minh/gim60108_ws/install/gim_control/lib/python3.10/site-packages:${PYTHONPATH} /usr/bin/python3 -W ignore:setup.py install is deprecated -W ignore:easy_install command is deprecated setup.py egg_info --egg-base ../../build/gim_control build --build-base /home/minh/gim60108_ws/build/gim_control/build install --record /home/minh/gim60108_ws/build/gim_control/install.log --install-scripts $base/lib/gim_control --single-version-externally-managed install_data
[0.654s] running egg_info
[0.663s] writing ../../build/gim_control/gim_control.egg-info/PKG-INFO
[0.666s] writing dependency_links to ../../build/gim_control/gim_control.egg-info/dependency_links.txt
[0.666s] writing entry points to ../../build/gim_control/gim_control.egg-info/entry_points.txt
[0.666s] writing requirements to ../../build/gim_control/gim_control.egg-info/requires.txt
[0.666s] writing top-level names to ../../build/gim_control/gim_control.egg-info/top_level.txt
[0.685s] reading manifest file '../../build/gim_control/gim_control.egg-info/SOURCES.txt'
[0.686s] writing manifest file '../../build/gim_control/gim_control.egg-info/SOURCES.txt'
[0.686s] running build
[0.686s] running build_py
[0.686s] copying gim_control/__init__.py -> /home/minh/gim60108_ws/build/gim_control/build/lib/gim_control
[0.687s] copying gim_control/moveit_bridge.py -> /home/minh/gim60108_ws/build/gim_control/build/lib/gim_control
[0.687s] copying gim_control/motor_test_all_modes.py -> /home/minh/gim60108_ws/build/gim_control/build/lib/gim_control
[0.687s] running install
[0.689s] running install_lib
[0.699s] running install_data
[0.699s] copying resource/gim_control -> /home/minh/gim60108_ws/install/gim_control/share/ament_index/resource_index/packages
[0.699s] copying package.xml -> /home/minh/gim60108_ws/install/gim_control/share/gim_control
[0.699s] running install_egg_info
[0.708s] removing '/home/minh/gim60108_ws/install/gim_control/lib/python3.10/site-packages/gim_control-0.0.0-py3.10.egg-info' (and everything under it)
[0.709s] Copying ../../build/gim_control/gim_control.egg-info to /home/minh/gim60108_ws/install/gim_control/lib/python3.10/site-packages/gim_control-0.0.0-py3.10.egg-info
[0.709s] running install_scripts
[0.730s] Installing motor_test_all_modes script to /home/minh/gim60108_ws/install/gim_control/lib/gim_control
[0.730s] Installing moveit_bridge script to /home/minh/gim60108_ws/install/gim_control/lib/gim_control
[0.730s] writing list of installed files to '/home/minh/gim60108_ws/build/gim_control/install.log'
[0.746s] Invoked command in '/home/minh/gim60108_ws/src/gim_arm_control' returned '0': PYTHONPATH=/home/minh/gim60108_ws/build/gim_control/prefix_override:/usr/lib/python3/dist-packages/colcon_core/task/python/colcon_distutils_commands:/home/minh/gim60108_ws/install/gim_control/lib/python3.10/site-packages:${PYTHONPATH} /usr/bin/python3 -W ignore:setup.py install is deprecated -W ignore:easy_install command is deprecated setup.py egg_info --egg-base ../../build/gim_control build --build-base /home/minh/gim60108_ws/build/gim_control/build install --record /home/minh/gim60108_ws/build/gim_control/install.log --install-scripts $base/lib/gim_control --single-version-externally-managed install_data
