[0.013s] Invoking command in '/home/minh/git_gim_ws/GIM_Arm_3_DOF/build/gim_arm_hardware': CMAKE_PREFIX_PATH=${CMAKE_PREFIX_PATH}:/home/minh/git_gim_ws/GIM_Arm_3_DOF/install/gim_control:/home/minh/rehab_robot_ver2_modified/install/rehab_gui:/home/minh/rehab_robot_ver2_modified/install/my_rqt_plugin:/opt/ros/humble /home/minh/.local/bin/cmake /home/minh/git_gim_ws/GIM_Arm_3_DOF/src/gim_arm_hardware -DAMENT_CMAKE_SYMLINK_INSTALL=1 -DCMAKE_INSTALL_PREFIX=/home/minh/git_gim_ws/GIM_Arm_3_DOF/install/gim_arm_hardware
[0.088s] [0mCMake Deprecation Warning at CMakeLists.txt:1 (cmake_minimum_required):
[0.088s]   Compatibility with CMake < 3.10 will be removed from a future version of
[0.088s]   CMake.
[0.088s] 
[0.088s]   Update the VERSION argument <min> value.  Or, use the <min>...<max> syntax
[0.088s]   to tell CMake that the project requires at least <min> but has been updated
[0.088s]   to work with policies introduced by <max> or earlier.
[0.088s] 
[0.088s] [0m
[0.102s] -- Found ament_cmake: 1.3.14 (/opt/ros/humble/share/ament_cmake/cmake)
[0.135s] -- Found Python3: /usr/bin/python3 (found version "3.10.12") found components: Interpreter
[0.188s] -- Override CMake install command with custom implementation using symlinks instead of copying resources
[0.205s] -- Found rclcpp: 16.0.19 (/opt/ros/humble/share/rclcpp/cmake)
[0.250s] -- Found rosidl_generator_c: 3.1.9 (/opt/ros/humble/share/rosidl_generator_c/cmake)
[0.253s] -- Found rosidl_adapter: 3.1.9 (/opt/ros/humble/share/rosidl_adapter/cmake)
[0.261s] -- Found rosidl_generator_cpp: 3.1.9 (/opt/ros/humble/share/rosidl_generator_cpp/cmake)
[0.272s] -- Using all available rosidl_typesupport_c: rosidl_typesupport_fastrtps_c;rosidl_typesupport_introspection_c
[0.285s] -- Using all available rosidl_typesupport_cpp: rosidl_typesupport_fastrtps_cpp;rosidl_typesupport_introspection_cpp
[0.325s] -- Found rmw_implementation_cmake: 6.1.2 (/opt/ros/humble/share/rmw_implementation_cmake/cmake)
[0.328s] -- Found rmw_cyclonedds_cpp: 1.3.4 (/opt/ros/humble/share/rmw_cyclonedds_cpp/cmake)
[0.354s] -- Using RMW implementation 'rmw_cyclonedds_cpp' as default
[0.428s] -- Found hardware_interface: 2.54.0 (/opt/ros/humble/share/hardware_interface/cmake)
[0.605s] [33mCMake Warning (dev) at /home/minh/.local/lib/python3.10/site-packages/cmake/data/share/cmake-4.1/Modules/CMakeFindDependencyMacro.cmake:78 (find_package):
[0.605s]   Policy CMP0167 is not set: The FindBoost module is removed.  Run "cmake
[0.605s]   --help-policy CMP0167" for policy details.  Use the cmake_policy command to
[0.605s]   set the policy and suppress this warning.
[0.605s] 
[0.605s] Call Stack (most recent call first):
[0.605s]   /opt/ros/humble/lib/x86_64-linux-gnu/cmake/pinocchio/pinocchioConfig.cmake:183 (find_dependency)
[0.605s]   CMakeLists.txt:17 (find_package)
[0.605s] This warning is for project developers.  Use -Wno-dev to suppress it.
[0.605s] [0m
[0.609s] -- Found Boost: /usr/include (found version "1.74.0") found components: filesystem serialization
[0.611s] -- eigenpy FOUND. eigenpy at /opt/ros/humble/lib/x86_64-linux-gnu/libeigenpy.so
[0.639s] -- Checking for NumPy
[0.896s] --   NUMPY_INCLUDE_DIRS=/home/minh/.local/lib/python3.10/site-packages/numpy/core/include
[0.987s] --   NUMPY_VERSION=1.26.4
[1.203s] -- Found Python3: /usr/bin/python3 (found version "3.10.12") found components: Interpreter Development.Module NumPy
[1.203s] -- PythonLibraryDirs: 
[1.204s] -- PythonLibVersionString: 3.10.12
[1.224s] -- Python site lib: lib/python3.10/site-packages
[1.224s] -- Python include dirs: /usr/include/python3.10
[1.267s] -- Checking for NumPy
[1.358s] --   NUMPY_INCLUDE_DIRS=/home/minh/.local/lib/python3.10/site-packages/numpy/core/include
[1.453s] --   NUMPY_VERSION=1.26.4
[1.453s] -- NumPy include dir: /home/minh/.local/lib/python3.10/site-packages/numpy/core/include
[1.453s] [33mCMake Warning (dev) at /opt/ros/humble/lib/x86_64-linux-gnu/cmake/eigenpy/boost.cmake:146 (find_package):
[1.453s]   Policy CMP0167 is not set: The FindBoost module is removed.  Run "cmake
[1.453s]   --help-policy CMP0167" for policy details.  Use the cmake_policy command to
[1.453s]   set the policy and suppress this warning.
[1.453s] 
[1.453s] Call Stack (most recent call first):
[1.453s]   /opt/ros/humble/lib/x86_64-linux-gnu/cmake/eigenpy/eigenpyConfig.cmake:172 (SEARCH_FOR_BOOST_PYTHON)
[1.453s]   /home/minh/.local/lib/python3.10/site-packages/cmake/data/share/cmake-4.1/Modules/CMakeFindDependencyMacro.cmake:78 (find_package)
[1.453s]   /opt/ros/humble/lib/x86_64-linux-gnu/cmake/pinocchio/pinocchioConfig.cmake:184 (find_dependency)
[1.453s]   CMakeLists.txt:17 (find_package)
[1.453s] This warning is for project developers.  Use -Wno-dev to suppress it.
[1.453s] [0m
[1.458s] -- Found Boost: /usr/include (found version "1.74.0") found components: python310
[1.812s] -- Default C++ standard: 201703
[1.812s] -- C++ standard sufficient: Minimal required 17, currently defined: 17
[1.812s] -- CMAKE_CXX_STANDARD was not set: automatically set to currently defined standard 17
[1.814s] -- coal FOUND. coal at /opt/ros/humble/lib/x86_64-linux-gnu/libcoal.so
[1.814s] [33mCMake Warning (dev) at /home/minh/.local/lib/python3.10/site-packages/cmake/data/share/cmake-4.1/Modules/CMakeFindDependencyMacro.cmake:78 (find_package):
[1.814s]   Policy CMP0167 is not set: The FindBoost module is removed.  Run "cmake
[1.814s]   --help-policy CMP0167" for policy details.  Use the cmake_policy command to
[1.815s]   set the policy and suppress this warning.
[1.815s] 
[1.815s] Call Stack (most recent call first):
[1.815s]   /opt/ros/humble/lib/x86_64-linux-gnu/cmake/coal/coalConfig.cmake:154 (find_dependency)
[1.815s]   /home/minh/.local/lib/python3.10/site-packages/cmake/data/share/cmake-4.1/Modules/CMakeFindDependencyMacro.cmake:78 (find_package)
[1.815s]   /opt/ros/humble/lib/x86_64-linux-gnu/cmake/pinocchio/pinocchioConfig.cmake:186 (find_dependency)
[1.815s]   CMakeLists.txt:17 (find_package)
[1.815s] This warning is for project developers.  Use -Wno-dev to suppress it.
[1.815s] [0m
[1.818s] -- Found Boost: /usr/include (found version "1.74.0") found components: serialization filesystem
[1.820s] -- C++ standard sufficient: Minimal required 17, currently defined: 17
[1.821s] -- C++ standard sufficient: Minimal required 17, currently defined: 17
[1.895s] -- Configuring done (1.8s)
[1.915s] -- Generating done (0.0s)
[1.917s] -- Build files have been written to: /home/minh/git_gim_ws/GIM_Arm_3_DOF/build/gim_arm_hardware
[1.925s] Invoked command in '/home/minh/git_gim_ws/GIM_Arm_3_DOF/build/gim_arm_hardware' returned '0': CMAKE_PREFIX_PATH=${CMAKE_PREFIX_PATH}:/home/minh/git_gim_ws/GIM_Arm_3_DOF/install/gim_control:/home/minh/rehab_robot_ver2_modified/install/rehab_gui:/home/minh/rehab_robot_ver2_modified/install/my_rqt_plugin:/opt/ros/humble /home/minh/.local/bin/cmake /home/minh/git_gim_ws/GIM_Arm_3_DOF/src/gim_arm_hardware -DAMENT_CMAKE_SYMLINK_INSTALL=1 -DCMAKE_INSTALL_PREFIX=/home/minh/git_gim_ws/GIM_Arm_3_DOF/install/gim_arm_hardware
[1.926s] Invoking command in '/home/minh/git_gim_ws/GIM_Arm_3_DOF/build/gim_arm_hardware': CMAKE_PREFIX_PATH=${CMAKE_PREFIX_PATH}:/home/minh/git_gim_ws/GIM_Arm_3_DOF/install/gim_control:/home/minh/rehab_robot_ver2_modified/install/rehab_gui:/home/minh/rehab_robot_ver2_modified/install/my_rqt_plugin:/opt/ros/humble /home/minh/.local/bin/cmake --build /home/minh/git_gim_ws/GIM_Arm_3_DOF/build/gim_arm_hardware -- -j16 -l16
[2.025s] [100%] Built target gim_arm_system_hardware
[2.030s] Invoked command in '/home/minh/git_gim_ws/GIM_Arm_3_DOF/build/gim_arm_hardware' returned '0': CMAKE_PREFIX_PATH=${CMAKE_PREFIX_PATH}:/home/minh/git_gim_ws/GIM_Arm_3_DOF/install/gim_control:/home/minh/rehab_robot_ver2_modified/install/rehab_gui:/home/minh/rehab_robot_ver2_modified/install/my_rqt_plugin:/opt/ros/humble /home/minh/.local/bin/cmake --build /home/minh/git_gim_ws/GIM_Arm_3_DOF/build/gim_arm_hardware -- -j16 -l16
[2.085s] Invoking command in '/home/minh/git_gim_ws/GIM_Arm_3_DOF/build/gim_arm_hardware': CMAKE_PREFIX_PATH=${CMAKE_PREFIX_PATH}:/home/minh/git_gim_ws/GIM_Arm_3_DOF/install/gim_control:/home/minh/rehab_robot_ver2_modified/install/rehab_gui:/home/minh/rehab_robot_ver2_modified/install/my_rqt_plugin:/opt/ros/humble /home/minh/.local/bin/cmake --install /home/minh/git_gim_ws/GIM_Arm_3_DOF/build/gim_arm_hardware
[2.138s] -- Install configuration: ""
[2.141s] -- Execute custom install script
[2.142s] -- Up-to-date symlink: /home/minh/git_gim_ws/GIM_Arm_3_DOF/install/gim_arm_hardware/share/gim_arm_hardware//gim_arm_hardware.xml
[2.142s] -- Up-to-date symlink: /home/minh/git_gim_ws/GIM_Arm_3_DOF/install/gim_arm_hardware/lib/libgim_arm_system_hardware.so
[2.142s] -- Up-to-date symlink: /home/minh/git_gim_ws/GIM_Arm_3_DOF/install/gim_arm_hardware/include/gim_arm_hardware/gim6010_can_protocol.hpp
[2.142s] -- Up-to-date symlink: /home/minh/git_gim_ws/GIM_Arm_3_DOF/install/gim_arm_hardware/include/gim_arm_hardware/gim_arm_system.hpp
[2.142s] -- Up-to-date symlink: /home/minh/git_gim_ws/GIM_Arm_3_DOF/install/gim_arm_hardware/include/gim_arm_hardware/socketcan_bus.hpp
[2.142s] -- Up-to-date symlink: /home/minh/git_gim_ws/GIM_Arm_3_DOF/install/gim_arm_hardware/share/gim_arm_hardware/gim_arm_hardware.xml
[2.142s] -- Up-to-date symlink: /home/minh/git_gim_ws/GIM_Arm_3_DOF/install/gim_arm_hardware/share/gim_arm_hardware/environment/library_path.sh
[2.143s] -- Up-to-date symlink: /home/minh/git_gim_ws/GIM_Arm_3_DOF/install/gim_arm_hardware/share/gim_arm_hardware/environment/library_path.dsv
[2.143s] -- Up-to-date symlink: /home/minh/git_gim_ws/GIM_Arm_3_DOF/install/gim_arm_hardware/share/ament_index/resource_index/package_run_dependencies/gim_arm_hardware
[2.143s] -- Up-to-date symlink: /home/minh/git_gim_ws/GIM_Arm_3_DOF/install/gim_arm_hardware/share/ament_index/resource_index/parent_prefix_path/gim_arm_hardware
[2.143s] -- Up-to-date symlink: /home/minh/git_gim_ws/GIM_Arm_3_DOF/install/gim_arm_hardware/share/gim_arm_hardware/environment/ament_prefix_path.sh
[2.143s] -- Up-to-date symlink: /home/minh/git_gim_ws/GIM_Arm_3_DOF/install/gim_arm_hardware/share/gim_arm_hardware/environment/ament_prefix_path.dsv
[2.143s] -- Up-to-date symlink: /home/minh/git_gim_ws/GIM_Arm_3_DOF/install/gim_arm_hardware/share/gim_arm_hardware/environment/path.sh
[2.143s] -- Up-to-date symlink: /home/minh/git_gim_ws/GIM_Arm_3_DOF/install/gim_arm_hardware/share/gim_arm_hardware/environment/path.dsv
[2.143s] -- Up-to-date symlink: /home/minh/git_gim_ws/GIM_Arm_3_DOF/install/gim_arm_hardware/share/gim_arm_hardware/local_setup.bash
[2.143s] -- Up-to-date symlink: /home/minh/git_gim_ws/GIM_Arm_3_DOF/install/gim_arm_hardware/share/gim_arm_hardware/local_setup.sh
[2.143s] -- Up-to-date symlink: /home/minh/git_gim_ws/GIM_Arm_3_DOF/install/gim_arm_hardware/share/gim_arm_hardware/local_setup.zsh
[2.143s] -- Up-to-date symlink: /home/minh/git_gim_ws/GIM_Arm_3_DOF/install/gim_arm_hardware/share/gim_arm_hardware/local_setup.dsv
[2.143s] -- Symlinking: /home/minh/git_gim_ws/GIM_Arm_3_DOF/install/gim_arm_hardware/share/gim_arm_hardware/package.dsv
[2.147s] -- Up-to-date symlink: /home/minh/git_gim_ws/GIM_Arm_3_DOF/install/gim_arm_hardware/share/ament_index/resource_index/packages/gim_arm_hardware
[2.147s] -- Up-to-date symlink: /home/minh/git_gim_ws/GIM_Arm_3_DOF/install/gim_arm_hardware/share/ament_index/resource_index/hardware_interface__pluginlib__plugin/gim_arm_hardware
[2.147s] -- Up-to-date symlink: /home/minh/git_gim_ws/GIM_Arm_3_DOF/install/gim_arm_hardware/share/gim_arm_hardware/cmake/ament_cmake_export_include_directories-extras.cmake
[2.147s] -- Up-to-date symlink: /home/minh/git_gim_ws/GIM_Arm_3_DOF/install/gim_arm_hardware/share/gim_arm_hardware/cmake/ament_cmake_export_libraries-extras.cmake
[2.147s] -- Up-to-date symlink: /home/minh/git_gim_ws/GIM_Arm_3_DOF/install/gim_arm_hardware/share/gim_arm_hardware/cmake/ament_cmake_export_dependencies-extras.cmake
[2.147s] -- Up-to-date symlink: /home/minh/git_gim_ws/GIM_Arm_3_DOF/install/gim_arm_hardware/share/gim_arm_hardware/cmake/gim_arm_hardwareConfig.cmake
[2.147s] -- Up-to-date symlink: /home/minh/git_gim_ws/GIM_Arm_3_DOF/install/gim_arm_hardware/share/gim_arm_hardware/cmake/gim_arm_hardwareConfig-version.cmake
[2.148s] -- Up-to-date symlink: /home/minh/git_gim_ws/GIM_Arm_3_DOF/install/gim_arm_hardware/share/gim_arm_hardware/package.xml
[2.149s] Invoked command in '/home/minh/git_gim_ws/GIM_Arm_3_DOF/build/gim_arm_hardware' returned '0': CMAKE_PREFIX_PATH=${CMAKE_PREFIX_PATH}:/home/minh/git_gim_ws/GIM_Arm_3_DOF/install/gim_control:/home/minh/rehab_robot_ver2_modified/install/rehab_gui:/home/minh/rehab_robot_ver2_modified/install/my_rqt_plugin:/opt/ros/humble /home/minh/.local/bin/cmake --install /home/minh/git_gim_ws/GIM_Arm_3_DOF/build/gim_arm_hardware
