[0.018s] Invoking command in '/home/minh/gim60108_ws/build/gim_arm_description': CMAKE_PREFIX_PATH=${CMAKE_PREFIX_PATH}:/home/minh/gim60108_ws/install/gim_control:/home/minh/rehab_robot_ver2_modified/install/rehab_gui:/home/minh/rehab_robot_ver2_modified/install/my_rqt_plugin:/opt/ros/humble /home/minh/.local/bin/cmake --build /home/minh/gim60108_ws/build/gim_arm_description -- -j16 -l16
[0.081s] [0mCMake Deprecation Warning at CMakeLists.txt:1 (cmake_minimum_required):
[0.081s]   Compatibility with CMake < 3.10 will be removed from a future version of
[0.081s]   CMake.
[0.081s] 
[0.082s]   Update the VERSION argument <min> value.  Or, use the <min>...<max> syntax
[0.082s]   to tell CMake that the project requires at least <min> but has been updated
[0.082s]   to work with policies introduced by <max> or earlier.
[0.082s] 
[0.082s] [0m
[0.086s] -- Found ament_cmake: 1.3.14 (/opt/ros/humble/share/ament_cmake/cmake)
[0.319s] -- Configuring done (0.2s)
[0.322s] -- Generating done (0.0s)
[0.323s] -- Build files have been written to: /home/minh/gim60108_ws/build/gim_arm_description
[0.333s] Invoked command in '/home/minh/gim60108_ws/build/gim_arm_description' returned '0': CMAKE_PREFIX_PATH=${CMAKE_PREFIX_PATH}:/home/minh/gim60108_ws/install/gim_control:/home/minh/rehab_robot_ver2_modified/install/rehab_gui:/home/minh/rehab_robot_ver2_modified/install/my_rqt_plugin:/opt/ros/humble /home/minh/.local/bin/cmake --build /home/minh/gim60108_ws/build/gim_arm_description -- -j16 -l16
[0.335s] Invoking command in '/home/minh/gim60108_ws/build/gim_arm_description': CMAKE_PREFIX_PATH=${CMAKE_PREFIX_PATH}:/home/minh/gim60108_ws/install/gim_control:/home/minh/rehab_robot_ver2_modified/install/rehab_gui:/home/minh/rehab_robot_ver2_modified/install/my_rqt_plugin:/opt/ros/humble /home/minh/.local/bin/cmake --install /home/minh/gim60108_ws/build/gim_arm_description
[0.389s] -- Install configuration: ""
[0.389s] -- Up-to-date: /home/minh/gim60108_ws/install/gim_arm_description/share/gim_arm_description/meshes
[0.389s] -- Installing: /home/minh/gim60108_ws/install/gim_arm_description/share/gim_arm_description/meshes/lower_arm_link.STL
[0.391s] -- Installing: /home/minh/gim60108_ws/install/gim_arm_description/share/gim_arm_description/meshes/base_link.STL
[0.393s] -- Installing: /home/minh/gim60108_ws/install/gim_arm_description/share/gim_arm_description/meshes/upper_arm_link.STL
[0.395s] -- Installing: /home/minh/gim60108_ws/install/gim_arm_description/share/gim_arm_description/meshes/shoulder_link.STL
[0.396s] -- Up-to-date: /home/minh/gim60108_ws/install/gim_arm_description/share/gim_arm_description/urdf
[0.396s] -- Installing: /home/minh/gim60108_ws/install/gim_arm_description/share/gim_arm_description/urdf/gim_arm.urdf
[0.396s] -- Up-to-date: /home/minh/gim60108_ws/install/gim_arm_description/share/gim_arm_description/launch
[0.396s] -- Installing: /home/minh/gim60108_ws/install/gim_arm_description/share/gim_arm_description/launch/display.launch.py
[0.397s] -- Installing: /home/minh/gim60108_ws/install/gim_arm_description/share/ament_index/resource_index/package_run_dependencies/gim_arm_description
[0.397s] -- Installing: /home/minh/gim60108_ws/install/gim_arm_description/share/ament_index/resource_index/parent_prefix_path/gim_arm_description
[0.397s] -- Up-to-date: /home/minh/gim60108_ws/install/gim_arm_description/share/gim_arm_description/environment/ament_prefix_path.sh
[0.397s] -- Installing: /home/minh/gim60108_ws/install/gim_arm_description/share/gim_arm_description/environment/ament_prefix_path.dsv
[0.397s] -- Up-to-date: /home/minh/gim60108_ws/install/gim_arm_description/share/gim_arm_description/environment/path.sh
[0.397s] -- Installing: /home/minh/gim60108_ws/install/gim_arm_description/share/gim_arm_description/environment/path.dsv
[0.397s] -- Up-to-date: /home/minh/gim60108_ws/install/gim_arm_description/share/gim_arm_description/local_setup.bash
[0.397s] -- Up-to-date: /home/minh/gim60108_ws/install/gim_arm_description/share/gim_arm_description/local_setup.sh
[0.397s] -- Up-to-date: /home/minh/gim60108_ws/install/gim_arm_description/share/gim_arm_description/local_setup.zsh
[0.397s] -- Installing: /home/minh/gim60108_ws/install/gim_arm_description/share/gim_arm_description/local_setup.dsv
[0.397s] -- Installing: /home/minh/gim60108_ws/install/gim_arm_description/share/gim_arm_description/package.dsv
[0.397s] -- Up-to-date: /home/minh/gim60108_ws/install/gim_arm_description/share/ament_index/resource_index/packages/gim_arm_description
[0.397s] -- Installing: /home/minh/gim60108_ws/install/gim_arm_description/share/gim_arm_description/cmake/gim_arm_descriptionConfig.cmake
[0.397s] -- Installing: /home/minh/gim60108_ws/install/gim_arm_description/share/gim_arm_description/cmake/gim_arm_descriptionConfig-version.cmake
[0.398s] -- Installing: /home/minh/gim60108_ws/install/gim_arm_description/share/gim_arm_description/package.xml
[0.399s] Invoked command in '/home/minh/gim60108_ws/build/gim_arm_description' returned '0': CMAKE_PREFIX_PATH=${CMAKE_PREFIX_PATH}:/home/minh/gim60108_ws/install/gim_control:/home/minh/rehab_robot_ver2_modified/install/rehab_gui:/home/minh/rehab_robot_ver2_modified/install/my_rqt_plugin:/opt/ros/humble /home/minh/.local/bin/cmake --install /home/minh/gim60108_ws/build/gim_arm_description
