[0.016s] Invoking command in '/home/minh/git_gim_ws/GIM_Arm_3_DOF/build/gim_arm_hardware': CMAKE_PREFIX_PATH=${CMAKE_PREFIX_PATH}:/home/minh/git_gim_ws/GIM_Arm_3_DOF/install/gim_control:/home/minh/rehab_robot_ver2_modified/install/rehab_gui:/home/minh/rehab_robot_ver2_modified/install/my_rqt_plugin:/opt/ros/humble /home/minh/.local/bin/cmake --build /home/minh/git_gim_ws/GIM_Arm_3_DOF/build/gim_arm_hardware -- -j16 -l16
[0.153s] [ 50%] [32mBuilding CXX object CMakeFiles/gim_arm_system_hardware.dir/src/gim_arm_system.cpp.o[0m
[11.497s] [100%] [1m[32mLinking CXX shared library libgim_arm_system_hardware.so[0m
[11.727s] [100%] Built target gim_arm_system_hardware
[11.733s] Invoked command in '/home/minh/git_gim_ws/GIM_Arm_3_DOF/build/gim_arm_hardware' returned '0': CMAKE_PREFIX_PATH=${CMAKE_PREFIX_PATH}:/home/minh/git_gim_ws/GIM_Arm_3_DOF/install/gim_control:/home/minh/rehab_robot_ver2_modified/install/rehab_gui:/home/minh/rehab_robot_ver2_modified/install/my_rqt_plugin:/opt/ros/humble /home/minh/.local/bin/cmake --build /home/minh/git_gim_ws/GIM_Arm_3_DOF/build/gim_arm_hardware -- -j16 -l16
[11.735s] Invoking command in '/home/minh/git_gim_ws/GIM_Arm_3_DOF/build/gim_arm_hardware': CMAKE_PREFIX_PATH=${CMAKE_PREFIX_PATH}:/home/minh/git_gim_ws/GIM_Arm_3_DOF/install/gim_control:/home/minh/rehab_robot_ver2_modified/install/rehab_gui:/home/minh/rehab_robot_ver2_modified/install/my_rqt_plugin:/opt/ros/humble /home/minh/.local/bin/cmake --install /home/minh/git_gim_ws/GIM_Arm_3_DOF/build/gim_arm_hardware
[11.790s] -- Install configuration: ""
[11.790s] -- Execute custom install script
[11.790s] -- Up-to-date symlink: /home/minh/git_gim_ws/GIM_Arm_3_DOF/install/gim_arm_hardware/share/gim_arm_hardware//gim_arm_hardware.xml
[11.790s] -- Up-to-date symlink: /home/minh/git_gim_ws/GIM_Arm_3_DOF/install/gim_arm_hardware/lib/libgim_arm_system_hardware.so
[11.791s] -- Up-to-date symlink: /home/minh/git_gim_ws/GIM_Arm_3_DOF/install/gim_arm_hardware/include/gim_arm_hardware/gim6010_can_protocol.hpp
[11.791s] -- Up-to-date symlink: /home/minh/git_gim_ws/GIM_Arm_3_DOF/install/gim_arm_hardware/include/gim_arm_hardware/gim_arm_system.hpp
[11.791s] -- Up-to-date symlink: /home/minh/git_gim_ws/GIM_Arm_3_DOF/install/gim_arm_hardware/include/gim_arm_hardware/socketcan_bus.hpp
[11.791s] -- Up-to-date symlink: /home/minh/git_gim_ws/GIM_Arm_3_DOF/install/gim_arm_hardware/share/gim_arm_hardware/gim_arm_hardware.xml
[11.791s] -- Up-to-date symlink: /home/minh/git_gim_ws/GIM_Arm_3_DOF/install/gim_arm_hardware/share/gim_arm_hardware/environment/library_path.sh
[11.791s] -- Up-to-date symlink: /home/minh/git_gim_ws/GIM_Arm_3_DOF/install/gim_arm_hardware/share/gim_arm_hardware/environment/library_path.dsv
[11.791s] -- Up-to-date symlink: /home/minh/git_gim_ws/GIM_Arm_3_DOF/install/gim_arm_hardware/share/ament_index/resource_index/package_run_dependencies/gim_arm_hardware
[11.791s] -- Up-to-date symlink: /home/minh/git_gim_ws/GIM_Arm_3_DOF/install/gim_arm_hardware/share/ament_index/resource_index/parent_prefix_path/gim_arm_hardware
[11.791s] -- Up-to-date symlink: /home/minh/git_gim_ws/GIM_Arm_3_DOF/install/gim_arm_hardware/share/gim_arm_hardware/environment/ament_prefix_path.sh
[11.791s] -- Up-to-date symlink: /home/minh/git_gim_ws/GIM_Arm_3_DOF/install/gim_arm_hardware/share/gim_arm_hardware/environment/ament_prefix_path.dsv
[11.791s] -- Up-to-date symlink: /home/minh/git_gim_ws/GIM_Arm_3_DOF/install/gim_arm_hardware/share/gim_arm_hardware/environment/path.sh
[11.791s] -- Up-to-date symlink: /home/minh/git_gim_ws/GIM_Arm_3_DOF/install/gim_arm_hardware/share/gim_arm_hardware/environment/path.dsv
[11.792s] -- Up-to-date symlink: /home/minh/git_gim_ws/GIM_Arm_3_DOF/install/gim_arm_hardware/share/gim_arm_hardware/local_setup.bash
[11.792s] -- Up-to-date symlink: /home/minh/git_gim_ws/GIM_Arm_3_DOF/install/gim_arm_hardware/share/gim_arm_hardware/local_setup.sh
[11.792s] -- Up-to-date symlink: /home/minh/git_gim_ws/GIM_Arm_3_DOF/install/gim_arm_hardware/share/gim_arm_hardware/local_setup.zsh
[11.792s] -- Up-to-date symlink: /home/minh/git_gim_ws/GIM_Arm_3_DOF/install/gim_arm_hardware/share/gim_arm_hardware/local_setup.dsv
[11.792s] -- Symlinking: /home/minh/git_gim_ws/GIM_Arm_3_DOF/install/gim_arm_hardware/share/gim_arm_hardware/package.dsv
[11.795s] -- Up-to-date symlink: /home/minh/git_gim_ws/GIM_Arm_3_DOF/install/gim_arm_hardware/share/ament_index/resource_index/packages/gim_arm_hardware
[11.795s] -- Up-to-date symlink: /home/minh/git_gim_ws/GIM_Arm_3_DOF/install/gim_arm_hardware/share/ament_index/resource_index/hardware_interface__pluginlib__plugin/gim_arm_hardware
[11.796s] -- Up-to-date symlink: /home/minh/git_gim_ws/GIM_Arm_3_DOF/install/gim_arm_hardware/share/gim_arm_hardware/cmake/ament_cmake_export_include_directories-extras.cmake
[11.796s] -- Up-to-date symlink: /home/minh/git_gim_ws/GIM_Arm_3_DOF/install/gim_arm_hardware/share/gim_arm_hardware/cmake/ament_cmake_export_libraries-extras.cmake
[11.796s] -- Up-to-date symlink: /home/minh/git_gim_ws/GIM_Arm_3_DOF/install/gim_arm_hardware/share/gim_arm_hardware/cmake/ament_cmake_export_dependencies-extras.cmake
[11.796s] -- Up-to-date symlink: /home/minh/git_gim_ws/GIM_Arm_3_DOF/install/gim_arm_hardware/share/gim_arm_hardware/cmake/gim_arm_hardwareConfig.cmake
[11.796s] -- Up-to-date symlink: /home/minh/git_gim_ws/GIM_Arm_3_DOF/install/gim_arm_hardware/share/gim_arm_hardware/cmake/gim_arm_hardwareConfig-version.cmake
[11.796s] -- Up-to-date symlink: /home/minh/git_gim_ws/GIM_Arm_3_DOF/install/gim_arm_hardware/share/gim_arm_hardware/package.xml
[11.799s] Invoked command in '/home/minh/git_gim_ws/GIM_Arm_3_DOF/build/gim_arm_hardware' returned '0': CMAKE_PREFIX_PATH=${CMAKE_PREFIX_PATH}:/home/minh/git_gim_ws/GIM_Arm_3_DOF/install/gim_control:/home/minh/rehab_robot_ver2_modified/install/rehab_gui:/home/minh/rehab_robot_ver2_modified/install/my_rqt_plugin:/opt/ros/humble /home/minh/.local/bin/cmake --install /home/minh/git_gim_ws/GIM_Arm_3_DOF/build/gim_arm_hardware
