[0.068s] DEBUG:colcon:Command line arguments: ['/usr/bin/colcon', 'build', '--packages-select', 'gim_arm_hardware']
[0.068s] DEBUG:colcon:Parsed command line arguments: Namespace(log_base=None, log_level=None, verb_name='build', build_base='build', install_base='install', merge_install=False, symlink_install=False, test_result_base=None, continue_on_error=False, executor='parallel', parallel_workers=16, event_handlers=None, ignore_user_meta=False, metas=['./colcon.meta'], base_paths=['.'], packages_ignore=None, packages_ignore_regex=None, paths=None, packages_up_to=None, packages_up_to_regex=None, packages_above=None, packages_above_and_dependencies=None, packages_above_depth=None, packages_select_by_dep=None, packages_skip_by_dep=None, packages_skip_up_to=None, packages_select_build_failed=False, packages_skip_build_finished=False, packages_select_test_failures=False, packages_skip_test_passed=False, packages_select=['gim_arm_hardware'], packages_skip=None, packages_select_regex=None, packages_skip_regex=None, packages_start=None, packages_end=None, allow_overriding=[], cmake_args=None, cmake_target=None, cmake_target_skip_unavailable=False, cmake_clean_cache=False, cmake_clean_first=False, cmake_force_configure=False, ament_cmake_args=None, catkin_cmake_args=None, catkin_skip_building_tests=False, mixin_files=None, mixin=None, verb_parser=<colcon_mixin.mixin.mixin_argument.MixinArgumentDecorator object at 0x7463dc0b5930>, verb_extension=<colcon_core.verb.build.BuildVerb object at 0x7463dc0b5480>, main=<bound method BuildVerb.main of <colcon_core.verb.build.BuildVerb object at 0x7463dc0b5480>>, mixin_verb=('build',))
[0.093s] Level 1:colcon.colcon_core.package_discovery:discover_packages(colcon_meta) check parameters
[0.093s] Level 1:colcon.colcon_core.package_discovery:discover_packages(recursive) check parameters
[0.093s] Level 1:colcon.colcon_core.package_discovery:discover_packages(ignore) check parameters
[0.093s] Level 1:colcon.colcon_core.package_discovery:discover_packages(path) check parameters
[0.093s] Level 1:colcon.colcon_core.package_discovery:discover_packages(colcon_meta) discover
[0.093s] Level 1:colcon.colcon_core.package_discovery:discover_packages(recursive) discover
[0.093s] INFO:colcon.colcon_core.package_discovery:Crawling recursively for packages in '/home/minh/gim60108_ws'
[0.093s] Level 1:colcon.colcon_core.package_identification:_identify(.) by extensions ['ignore', 'ignore_ament_install']
[0.093s] Level 1:colcon.colcon_core.package_identification:_identify(.) by extension 'ignore'
[0.093s] Level 1:colcon.colcon_core.package_identification:_identify(.) by extension 'ignore_ament_install'
[0.093s] Level 1:colcon.colcon_core.package_identification:_identify(.) by extensions ['colcon_pkg']
[0.093s] Level 1:colcon.colcon_core.package_identification:_identify(.) by extension 'colcon_pkg'
[0.093s] Level 1:colcon.colcon_core.package_identification:_identify(.) by extensions ['colcon_meta']
[0.093s] Level 1:colcon.colcon_core.package_identification:_identify(.) by extension 'colcon_meta'
[0.093s] Level 1:colcon.colcon_core.package_identification:_identify(.) by extensions ['ros']
[0.093s] Level 1:colcon.colcon_core.package_identification:_identify(.) by extension 'ros'
[0.112s] Level 1:colcon.colcon_core.package_identification:_identify(.) by extensions ['cmake', 'python']
[0.112s] Level 1:colcon.colcon_core.package_identification:_identify(.) by extension 'cmake'
[0.112s] Level 1:colcon.colcon_core.package_identification:_identify(.) by extension 'python'
[0.112s] Level 1:colcon.colcon_core.package_identification:_identify(.) by extensions ['python_setup_py']
[0.112s] Level 1:colcon.colcon_core.package_identification:_identify(.) by extension 'python_setup_py'
[0.112s] Level 1:colcon.colcon_core.package_identification:_identify(build) by extensions ['ignore', 'ignore_ament_install']
[0.112s] Level 1:colcon.colcon_core.package_identification:_identify(build) by extension 'ignore'
[0.112s] Level 1:colcon.colcon_core.package_identification:_identify(build) ignored
[0.112s] Level 1:colcon.colcon_core.package_identification:_identify(install) by extensions ['ignore', 'ignore_ament_install']
[0.112s] Level 1:colcon.colcon_core.package_identification:_identify(install) by extension 'ignore'
[0.112s] Level 1:colcon.colcon_core.package_identification:_identify(install) ignored
[0.112s] Level 1:colcon.colcon_core.package_identification:_identify(log) by extensions ['ignore', 'ignore_ament_install']
[0.112s] Level 1:colcon.colcon_core.package_identification:_identify(log) by extension 'ignore'
[0.112s] Level 1:colcon.colcon_core.package_identification:_identify(log) ignored
[0.112s] Level 1:colcon.colcon_core.package_identification:_identify(src) by extensions ['ignore', 'ignore_ament_install']
[0.112s] Level 1:colcon.colcon_core.package_identification:_identify(src) by extension 'ignore'
[0.112s] Level 1:colcon.colcon_core.package_identification:_identify(src) by extension 'ignore_ament_install'
[0.112s] Level 1:colcon.colcon_core.package_identification:_identify(src) by extensions ['colcon_pkg']
[0.112s] Level 1:colcon.colcon_core.package_identification:_identify(src) by extension 'colcon_pkg'
[0.112s] Level 1:colcon.colcon_core.package_identification:_identify(src) by extensions ['colcon_meta']
[0.112s] Level 1:colcon.colcon_core.package_identification:_identify(src) by extension 'colcon_meta'
[0.112s] Level 1:colcon.colcon_core.package_identification:_identify(src) by extensions ['ros']
[0.112s] Level 1:colcon.colcon_core.package_identification:_identify(src) by extension 'ros'
[0.112s] Level 1:colcon.colcon_core.package_identification:_identify(src) by extensions ['cmake', 'python']
[0.112s] Level 1:colcon.colcon_core.package_identification:_identify(src) by extension 'cmake'
[0.112s] Level 1:colcon.colcon_core.package_identification:_identify(src) by extension 'python'
[0.112s] Level 1:colcon.colcon_core.package_identification:_identify(src) by extensions ['python_setup_py']
[0.112s] Level 1:colcon.colcon_core.package_identification:_identify(src) by extension 'python_setup_py'
[0.113s] Level 1:colcon.colcon_core.package_identification:_identify(src/build) by extensions ['ignore', 'ignore_ament_install']
[0.113s] Level 1:colcon.colcon_core.package_identification:_identify(src/build) by extension 'ignore'
[0.113s] Level 1:colcon.colcon_core.package_identification:_identify(src/build) ignored
[0.113s] Level 1:colcon.colcon_core.package_identification:_identify(src/gim_arm_control) by extensions ['ignore', 'ignore_ament_install']
[0.113s] Level 1:colcon.colcon_core.package_identification:_identify(src/gim_arm_control) by extension 'ignore'
[0.113s] Level 1:colcon.colcon_core.package_identification:_identify(src/gim_arm_control) by extension 'ignore_ament_install'
[0.113s] Level 1:colcon.colcon_core.package_identification:_identify(src/gim_arm_control) by extensions ['colcon_pkg']
[0.113s] Level 1:colcon.colcon_core.package_identification:_identify(src/gim_arm_control) by extension 'colcon_pkg'
[0.113s] Level 1:colcon.colcon_core.package_identification:_identify(src/gim_arm_control) by extensions ['colcon_meta']
[0.113s] Level 1:colcon.colcon_core.package_identification:_identify(src/gim_arm_control) by extension 'colcon_meta'
[0.113s] Level 1:colcon.colcon_core.package_identification:_identify(src/gim_arm_control) by extensions ['ros']
[0.113s] Level 1:colcon.colcon_core.package_identification:_identify(src/gim_arm_control) by extension 'ros'
[0.114s] DEBUG:colcon.colcon_core.package_identification:Package 'src/gim_arm_control' with type 'ros.ament_python' and name 'gim_control'
[0.114s] Level 1:colcon.colcon_core.package_identification:_identify(src/gim_arm_description) by extensions ['ignore', 'ignore_ament_install']
[0.114s] Level 1:colcon.colcon_core.package_identification:_identify(src/gim_arm_description) by extension 'ignore'
[0.114s] Level 1:colcon.colcon_core.package_identification:_identify(src/gim_arm_description) by extension 'ignore_ament_install'
[0.114s] Level 1:colcon.colcon_core.package_identification:_identify(src/gim_arm_description) by extensions ['colcon_pkg']
[0.114s] Level 1:colcon.colcon_core.package_identification:_identify(src/gim_arm_description) by extension 'colcon_pkg'
[0.114s] Level 1:colcon.colcon_core.package_identification:_identify(src/gim_arm_description) by extensions ['colcon_meta']
[0.114s] Level 1:colcon.colcon_core.package_identification:_identify(src/gim_arm_description) by extension 'colcon_meta'
[0.115s] Level 1:colcon.colcon_core.package_identification:_identify(src/gim_arm_description) by extensions ['ros']
[0.115s] Level 1:colcon.colcon_core.package_identification:_identify(src/gim_arm_description) by extension 'ros'
[0.115s] DEBUG:colcon.colcon_core.package_identification:Package 'src/gim_arm_description' with type 'ros.ament_cmake' and name 'gim_arm_description'
[0.115s] Level 1:colcon.colcon_core.package_identification:_identify(src/gim_arm_hardware) by extensions ['ignore', 'ignore_ament_install']
[0.115s] Level 1:colcon.colcon_core.package_identification:_identify(src/gim_arm_hardware) by extension 'ignore'
[0.115s] Level 1:colcon.colcon_core.package_identification:_identify(src/gim_arm_hardware) by extension 'ignore_ament_install'
[0.115s] Level 1:colcon.colcon_core.package_identification:_identify(src/gim_arm_hardware) by extensions ['colcon_pkg']
[0.115s] Level 1:colcon.colcon_core.package_identification:_identify(src/gim_arm_hardware) by extension 'colcon_pkg'
[0.115s] Level 1:colcon.colcon_core.package_identification:_identify(src/gim_arm_hardware) by extensions ['colcon_meta']
[0.115s] Level 1:colcon.colcon_core.package_identification:_identify(src/gim_arm_hardware) by extension 'colcon_meta'
[0.115s] Level 1:colcon.colcon_core.package_identification:_identify(src/gim_arm_hardware) by extensions ['ros']
[0.115s] Level 1:colcon.colcon_core.package_identification:_identify(src/gim_arm_hardware) by extension 'ros'
[0.115s] DEBUG:colcon.colcon_core.package_identification:Package 'src/gim_arm_hardware' with type 'ros.ament_cmake' and name 'gim_arm_hardware'
[0.115s] Level 1:colcon.colcon_core.package_identification:_identify(src/gim_arm_moveit_config) by extensions ['ignore', 'ignore_ament_install']
[0.115s] Level 1:colcon.colcon_core.package_identification:_identify(src/gim_arm_moveit_config) by extension 'ignore'
[0.115s] Level 1:colcon.colcon_core.package_identification:_identify(src/gim_arm_moveit_config) by extension 'ignore_ament_install'
[0.116s] Level 1:colcon.colcon_core.package_identification:_identify(src/gim_arm_moveit_config) by extensions ['colcon_pkg']
[0.116s] Level 1:colcon.colcon_core.package_identification:_identify(src/gim_arm_moveit_config) by extension 'colcon_pkg'
[0.116s] Level 1:colcon.colcon_core.package_identification:_identify(src/gim_arm_moveit_config) by extensions ['colcon_meta']
[0.116s] Level 1:colcon.colcon_core.package_identification:_identify(src/gim_arm_moveit_config) by extension 'colcon_meta'
[0.116s] Level 1:colcon.colcon_core.package_identification:_identify(src/gim_arm_moveit_config) by extensions ['ros']
[0.116s] Level 1:colcon.colcon_core.package_identification:_identify(src/gim_arm_moveit_config) by extension 'ros'
[0.116s] DEBUG:colcon.colcon_core.package_identification:Package 'src/gim_arm_moveit_config' with type 'ros.ament_cmake' and name 'gim_arm_moveit_config'
[0.116s] Level 1:colcon.colcon_core.package_identification:_identify(src/gim_arm_mujoco) by extensions ['ignore', 'ignore_ament_install']
[0.116s] Level 1:colcon.colcon_core.package_identification:_identify(src/gim_arm_mujoco) by extension 'ignore'
[0.116s] Level 1:colcon.colcon_core.package_identification:_identify(src/gim_arm_mujoco) by extension 'ignore_ament_install'
[0.116s] Level 1:colcon.colcon_core.package_identification:_identify(src/gim_arm_mujoco) by extensions ['colcon_pkg']
[0.116s] Level 1:colcon.colcon_core.package_identification:_identify(src/gim_arm_mujoco) by extension 'colcon_pkg'
[0.116s] Level 1:colcon.colcon_core.package_identification:_identify(src/gim_arm_mujoco) by extensions ['colcon_meta']
[0.116s] Level 1:colcon.colcon_core.package_identification:_identify(src/gim_arm_mujoco) by extension 'colcon_meta'
[0.116s] Level 1:colcon.colcon_core.package_identification:_identify(src/gim_arm_mujoco) by extensions ['ros']
[0.116s] Level 1:colcon.colcon_core.package_identification:_identify(src/gim_arm_mujoco) by extension 'ros'
[0.116s] Level 1:colcon.colcon_core.package_identification:_identify(src/gim_arm_mujoco) by extensions ['cmake', 'python']
[0.116s] Level 1:colcon.colcon_core.package_identification:_identify(src/gim_arm_mujoco) by extension 'cmake'
[0.116s] Level 1:colcon.colcon_core.package_identification:_identify(src/gim_arm_mujoco) by extension 'python'
[0.116s] Level 1:colcon.colcon_core.package_identification:_identify(src/gim_arm_mujoco) by extensions ['python_setup_py']
[0.116s] Level 1:colcon.colcon_core.package_identification:_identify(src/gim_arm_mujoco) by extension 'python_setup_py'
[0.116s] Level 1:colcon.colcon_core.package_identification:_identify(src/gim_arm_mujoco/meshes) by extensions ['ignore', 'ignore_ament_install']
[0.116s] Level 1:colcon.colcon_core.package_identification:_identify(src/gim_arm_mujoco/meshes) by extension 'ignore'
[0.116s] Level 1:colcon.colcon_core.package_identification:_identify(src/gim_arm_mujoco/meshes) by extension 'ignore_ament_install'
[0.116s] Level 1:colcon.colcon_core.package_identification:_identify(src/gim_arm_mujoco/meshes) by extensions ['colcon_pkg']
[0.116s] Level 1:colcon.colcon_core.package_identification:_identify(src/gim_arm_mujoco/meshes) by extension 'colcon_pkg'
[0.117s] Level 1:colcon.colcon_core.package_identification:_identify(src/gim_arm_mujoco/meshes) by extensions ['colcon_meta']
[0.117s] Level 1:colcon.colcon_core.package_identification:_identify(src/gim_arm_mujoco/meshes) by extension 'colcon_meta'
[0.117s] Level 1:colcon.colcon_core.package_identification:_identify(src/gim_arm_mujoco/meshes) by extensions ['ros']
[0.117s] Level 1:colcon.colcon_core.package_identification:_identify(src/gim_arm_mujoco/meshes) by extension 'ros'
[0.117s] Level 1:colcon.colcon_core.package_identification:_identify(src/gim_arm_mujoco/meshes) by extensions ['cmake', 'python']
[0.117s] Level 1:colcon.colcon_core.package_identification:_identify(src/gim_arm_mujoco/meshes) by extension 'cmake'
[0.117s] Level 1:colcon.colcon_core.package_identification:_identify(src/gim_arm_mujoco/meshes) by extension 'python'
[0.117s] Level 1:colcon.colcon_core.package_identification:_identify(src/gim_arm_mujoco/meshes) by extensions ['python_setup_py']
[0.117s] Level 1:colcon.colcon_core.package_identification:_identify(src/gim_arm_mujoco/meshes) by extension 'python_setup_py'
[0.117s] Level 1:colcon.colcon_core.package_identification:_identify(src/install) by extensions ['ignore', 'ignore_ament_install']
[0.117s] Level 1:colcon.colcon_core.package_identification:_identify(src/install) by extension 'ignore'
[0.117s] Level 1:colcon.colcon_core.package_identification:_identify(src/install) ignored
[0.117s] Level 1:colcon.colcon_core.package_identification:_identify(src/log) by extensions ['ignore', 'ignore_ament_install']
[0.117s] Level 1:colcon.colcon_core.package_identification:_identify(src/log) by extension 'ignore'
[0.117s] Level 1:colcon.colcon_core.package_identification:_identify(src/log) ignored
[0.117s] Level 1:colcon.colcon_core.package_discovery:discover_packages(recursive) using defaults
[0.117s] Level 1:colcon.colcon_core.package_discovery:discover_packages(ignore) discover
[0.117s] Level 1:colcon.colcon_core.package_discovery:discover_packages(ignore) using defaults
[0.117s] Level 1:colcon.colcon_core.package_discovery:discover_packages(path) discover
[0.117s] Level 1:colcon.colcon_core.package_discovery:discover_packages(path) using defaults
[0.129s] INFO:colcon.colcon_core.package_selection:Skipping not selected package 'gim_arm_description' in 'src/gim_arm_description'
[0.129s] INFO:colcon.colcon_core.package_selection:Skipping not selected package 'gim_arm_moveit_config' in 'src/gim_arm_moveit_config'
[0.129s] INFO:colcon.colcon_core.package_selection:Skipping not selected package 'gim_control' in 'src/gim_arm_control'
[0.129s] Level 1:colcon.colcon_core.package_discovery:discover_packages(prefix_path) check parameters
[0.129s] Level 1:colcon.colcon_core.package_discovery:discover_packages(prefix_path) discover
[0.130s] DEBUG:colcon.colcon_installed_package_information.package_discovery:Found 4 installed packages in /home/minh/gim60108_ws/install
[0.131s] DEBUG:colcon.colcon_installed_package_information.package_discovery:Found 1 installed packages in /home/minh/gim60108_ws/src/install
[0.131s] DEBUG:colcon.colcon_installed_package_information.package_discovery:Found 7 installed packages in /home/minh/rehab_robot_ver2_modified/install
[0.131s] DEBUG:colcon.colcon_installed_package_information.package_discovery:Found 1 installed packages in /home/minh/apriltag_ws/install
[0.131s] DEBUG:colcon.colcon_installed_package_information.package_discovery:Found 3 installed packages in /home/minh/moveit_ws/install
[0.133s] DEBUG:colcon.colcon_installed_package_information.package_discovery:Found 414 installed packages in /opt/ros/humble
[0.134s] Level 1:colcon.colcon_core.package_discovery:discover_packages(prefix_path) using defaults
[0.179s] Level 5:colcon.colcon_core.verb:set package 'gim_arm_hardware' build argument 'cmake_args' from command line to 'None'
[0.179s] Level 5:colcon.colcon_core.verb:set package 'gim_arm_hardware' build argument 'cmake_target' from command line to 'None'
[0.179s] Level 5:colcon.colcon_core.verb:set package 'gim_arm_hardware' build argument 'cmake_target_skip_unavailable' from command line to 'False'
[0.179s] Level 5:colcon.colcon_core.verb:set package 'gim_arm_hardware' build argument 'cmake_clean_cache' from command line to 'False'
[0.179s] Level 5:colcon.colcon_core.verb:set package 'gim_arm_hardware' build argument 'cmake_clean_first' from command line to 'False'
[0.179s] Level 5:colcon.colcon_core.verb:set package 'gim_arm_hardware' build argument 'cmake_force_configure' from command line to 'False'
[0.179s] Level 5:colcon.colcon_core.verb:set package 'gim_arm_hardware' build argument 'ament_cmake_args' from command line to 'None'
[0.179s] Level 5:colcon.colcon_core.verb:set package 'gim_arm_hardware' build argument 'catkin_cmake_args' from command line to 'None'
[0.179s] Level 5:colcon.colcon_core.verb:set package 'gim_arm_hardware' build argument 'catkin_skip_building_tests' from command line to 'False'
[0.179s] DEBUG:colcon.colcon_core.verb:Building package 'gim_arm_hardware' with the following arguments: {'ament_cmake_args': None, 'build_base': '/home/minh/gim60108_ws/build/gim_arm_hardware', 'catkin_cmake_args': None, 'catkin_skip_building_tests': False, 'cmake_args': None, 'cmake_clean_cache': False, 'cmake_clean_first': False, 'cmake_force_configure': False, 'cmake_target': None, 'cmake_target_skip_unavailable': False, 'install_base': '/home/minh/gim60108_ws/install/gim_arm_hardware', 'merge_install': False, 'path': '/home/minh/gim60108_ws/src/gim_arm_hardware', 'symlink_install': False, 'test_result_base': None}
[0.179s] INFO:colcon.colcon_core.executor:Executing jobs using 'parallel' executor
[0.180s] DEBUG:colcon.colcon_parallel_executor.executor.parallel:run_until_complete
[0.180s] INFO:colcon.colcon_ros.task.ament_cmake.build:Building ROS package in '/home/minh/gim60108_ws/src/gim_arm_hardware' with build type 'ament_cmake'
[0.180s] INFO:colcon.colcon_cmake.task.cmake.build:Building CMake package in '/home/minh/gim60108_ws/src/gim_arm_hardware'
[0.182s] INFO:colcon.colcon_core.plugin_system:Skipping extension 'colcon_core.shell.bat': Not used on non-Windows systems
[0.182s] INFO:colcon.colcon_core.shell:Skip shell extension 'powershell' for command environment: Not usable outside of PowerShell
[0.182s] DEBUG:colcon.colcon_core.shell:Skip shell extension 'dsv' for command environment
[0.192s] DEBUG:colcon.colcon_core.event_handler.log_command:Invoking command in '/home/minh/gim60108_ws/build/gim_arm_hardware': CMAKE_PREFIX_PATH=${CMAKE_PREFIX_PATH}:/home/minh/gim60108_ws/install/gim_control:/home/minh/rehab_robot_ver2_modified/install/rehab_gui:/home/minh/rehab_robot_ver2_modified/install/my_rqt_plugin:/opt/ros/humble /home/minh/.local/bin/cmake --build /home/minh/gim60108_ws/build/gim_arm_hardware -- -j16 -l16
[2.968s] DEBUG:colcon.colcon_core.event_handler.log_command:Invoked command in '/home/minh/gim60108_ws/build/gim_arm_hardware' returned '0': CMAKE_PREFIX_PATH=${CMAKE_PREFIX_PATH}:/home/minh/gim60108_ws/install/gim_control:/home/minh/rehab_robot_ver2_modified/install/rehab_gui:/home/minh/rehab_robot_ver2_modified/install/my_rqt_plugin:/opt/ros/humble /home/minh/.local/bin/cmake --build /home/minh/gim60108_ws/build/gim_arm_hardware -- -j16 -l16
[3.026s] DEBUG:colcon.colcon_core.event_handler.log_command:Invoking command in '/home/minh/gim60108_ws/build/gim_arm_hardware': CMAKE_PREFIX_PATH=${CMAKE_PREFIX_PATH}:/home/minh/gim60108_ws/install/gim_control:/home/minh/rehab_robot_ver2_modified/install/rehab_gui:/home/minh/rehab_robot_ver2_modified/install/my_rqt_plugin:/opt/ros/humble /home/minh/.local/bin/cmake --install /home/minh/gim60108_ws/build/gim_arm_hardware
[3.084s] Level 1:colcon.colcon_core.environment:create_environment_scripts_only(gim_arm_hardware)
[3.084s] DEBUG:colcon.colcon_core.event_handler.log_command:Invoked command in '/home/minh/gim60108_ws/build/gim_arm_hardware' returned '0': CMAKE_PREFIX_PATH=${CMAKE_PREFIX_PATH}:/home/minh/gim60108_ws/install/gim_control:/home/minh/rehab_robot_ver2_modified/install/rehab_gui:/home/minh/rehab_robot_ver2_modified/install/my_rqt_plugin:/opt/ros/humble /home/minh/.local/bin/cmake --install /home/minh/gim60108_ws/build/gim_arm_hardware
[3.086s] Level 1:colcon.colcon_core.environment:checking '/home/minh/gim60108_ws/install/gim_arm_hardware' for CMake module files
[3.086s] Level 1:colcon.colcon_core.environment:checking '/home/minh/gim60108_ws/install/gim_arm_hardware' for CMake config files
[3.086s] Level 1:colcon.colcon_core.shell:create_environment_hook('gim_arm_hardware', 'cmake_prefix_path')
[3.086s] INFO:colcon.colcon_core.shell:Creating environment hook '/home/minh/gim60108_ws/install/gim_arm_hardware/share/gim_arm_hardware/hook/cmake_prefix_path.ps1'
[3.087s] INFO:colcon.colcon_core.shell:Creating environment descriptor '/home/minh/gim60108_ws/install/gim_arm_hardware/share/gim_arm_hardware/hook/cmake_prefix_path.dsv'
[3.087s] INFO:colcon.colcon_core.shell:Creating environment hook '/home/minh/gim60108_ws/install/gim_arm_hardware/share/gim_arm_hardware/hook/cmake_prefix_path.sh'
[3.088s] Level 1:colcon.colcon_core.environment:checking '/home/minh/gim60108_ws/install/gim_arm_hardware/lib'
[3.088s] Level 1:colcon.colcon_core.shell:create_environment_hook('gim_arm_hardware', 'ld_library_path_lib')
[3.088s] INFO:colcon.colcon_core.shell:Creating environment hook '/home/minh/gim60108_ws/install/gim_arm_hardware/share/gim_arm_hardware/hook/ld_library_path_lib.ps1'
[3.088s] INFO:colcon.colcon_core.shell:Creating environment descriptor '/home/minh/gim60108_ws/install/gim_arm_hardware/share/gim_arm_hardware/hook/ld_library_path_lib.dsv'
[3.088s] INFO:colcon.colcon_core.shell:Creating environment hook '/home/minh/gim60108_ws/install/gim_arm_hardware/share/gim_arm_hardware/hook/ld_library_path_lib.sh'
[3.089s] Level 1:colcon.colcon_core.environment:checking '/home/minh/gim60108_ws/install/gim_arm_hardware/bin'
[3.089s] Level 1:colcon.colcon_core.environment:checking '/home/minh/gim60108_ws/install/gim_arm_hardware/lib/pkgconfig/gim_arm_hardware.pc'
[3.089s] Level 1:colcon.colcon_core.environment:checking '/home/minh/gim60108_ws/install/gim_arm_hardware/lib/python3.10/site-packages'
[3.089s] Level 1:colcon.colcon_core.environment:checking '/home/minh/gim60108_ws/install/gim_arm_hardware/bin'
[3.089s] INFO:colcon.colcon_core.shell:Creating package script '/home/minh/gim60108_ws/install/gim_arm_hardware/share/gim_arm_hardware/package.ps1'
[3.090s] INFO:colcon.colcon_core.shell:Creating package descriptor '/home/minh/gim60108_ws/install/gim_arm_hardware/share/gim_arm_hardware/package.dsv'
[3.090s] INFO:colcon.colcon_core.shell:Creating package script '/home/minh/gim60108_ws/install/gim_arm_hardware/share/gim_arm_hardware/package.sh'
[3.091s] INFO:colcon.colcon_core.shell:Creating package script '/home/minh/gim60108_ws/install/gim_arm_hardware/share/gim_arm_hardware/package.bash'
[3.091s] INFO:colcon.colcon_core.shell:Creating package script '/home/minh/gim60108_ws/install/gim_arm_hardware/share/gim_arm_hardware/package.zsh'
[3.091s] Level 1:colcon.colcon_core.environment:create_file_with_runtime_dependencies(/home/minh/gim60108_ws/install/gim_arm_hardware/share/colcon-core/packages/gim_arm_hardware)
[3.092s] Level 1:colcon.colcon_core.environment:create_environment_scripts_only(gim_arm_hardware)
[3.092s] Level 1:colcon.colcon_core.environment:checking '/home/minh/gim60108_ws/install/gim_arm_hardware' for CMake module files
[3.092s] Level 1:colcon.colcon_core.environment:checking '/home/minh/gim60108_ws/install/gim_arm_hardware' for CMake config files
[3.092s] Level 1:colcon.colcon_core.shell:create_environment_hook('gim_arm_hardware', 'cmake_prefix_path')
[3.092s] INFO:colcon.colcon_core.shell:Creating environment hook '/home/minh/gim60108_ws/install/gim_arm_hardware/share/gim_arm_hardware/hook/cmake_prefix_path.ps1'
[3.093s] INFO:colcon.colcon_core.shell:Creating environment descriptor '/home/minh/gim60108_ws/install/gim_arm_hardware/share/gim_arm_hardware/hook/cmake_prefix_path.dsv'
[3.093s] INFO:colcon.colcon_core.shell:Creating environment hook '/home/minh/gim60108_ws/install/gim_arm_hardware/share/gim_arm_hardware/hook/cmake_prefix_path.sh'
[3.093s] Level 1:colcon.colcon_core.environment:checking '/home/minh/gim60108_ws/install/gim_arm_hardware/lib'
[3.093s] Level 1:colcon.colcon_core.shell:create_environment_hook('gim_arm_hardware', 'ld_library_path_lib')
[3.093s] INFO:colcon.colcon_core.shell:Creating environment hook '/home/minh/gim60108_ws/install/gim_arm_hardware/share/gim_arm_hardware/hook/ld_library_path_lib.ps1'
[3.093s] INFO:colcon.colcon_core.shell:Creating environment descriptor '/home/minh/gim60108_ws/install/gim_arm_hardware/share/gim_arm_hardware/hook/ld_library_path_lib.dsv'
[3.094s] INFO:colcon.colcon_core.shell:Creating environment hook '/home/minh/gim60108_ws/install/gim_arm_hardware/share/gim_arm_hardware/hook/ld_library_path_lib.sh'
[3.094s] Level 1:colcon.colcon_core.environment:checking '/home/minh/gim60108_ws/install/gim_arm_hardware/bin'
[3.094s] Level 1:colcon.colcon_core.environment:checking '/home/minh/gim60108_ws/install/gim_arm_hardware/lib/pkgconfig/gim_arm_hardware.pc'
[3.094s] Level 1:colcon.colcon_core.environment:checking '/home/minh/gim60108_ws/install/gim_arm_hardware/lib/python3.10/site-packages'
[3.094s] Level 1:colcon.colcon_core.environment:checking '/home/minh/gim60108_ws/install/gim_arm_hardware/bin'
[3.094s] INFO:colcon.colcon_core.shell:Creating package script '/home/minh/gim60108_ws/install/gim_arm_hardware/share/gim_arm_hardware/package.ps1'
[3.095s] INFO:colcon.colcon_core.shell:Creating package descriptor '/home/minh/gim60108_ws/install/gim_arm_hardware/share/gim_arm_hardware/package.dsv'
[3.095s] INFO:colcon.colcon_core.shell:Creating package script '/home/minh/gim60108_ws/install/gim_arm_hardware/share/gim_arm_hardware/package.sh'
[3.095s] INFO:colcon.colcon_core.shell:Creating package script '/home/minh/gim60108_ws/install/gim_arm_hardware/share/gim_arm_hardware/package.bash'
[3.095s] INFO:colcon.colcon_core.shell:Creating package script '/home/minh/gim60108_ws/install/gim_arm_hardware/share/gim_arm_hardware/package.zsh'
[3.096s] Level 1:colcon.colcon_core.environment:create_file_with_runtime_dependencies(/home/minh/gim60108_ws/install/gim_arm_hardware/share/colcon-core/packages/gim_arm_hardware)
[3.096s] DEBUG:colcon.colcon_parallel_executor.executor.parallel:closing loop
[3.096s] DEBUG:colcon.colcon_parallel_executor.executor.parallel:loop closed
[3.096s] DEBUG:colcon.colcon_parallel_executor.executor.parallel:run_until_complete finished with '0'
[3.096s] DEBUG:colcon.colcon_core.event_reactor:joining thread
[3.100s] INFO:colcon.colcon_core.plugin_system:Skipping extension 'colcon_notification.desktop_notification.terminal_notifier': Not used on non-Darwin systems
[3.101s] INFO:colcon.colcon_core.plugin_system:Skipping extension 'colcon_notification.desktop_notification.win32': Not used on non-Windows systems
[3.101s] INFO:colcon.colcon_notification.desktop_notification:Sending desktop notification using 'notify2'
[3.110s] DEBUG:colcon.colcon_core.event_reactor:joined thread
[3.111s] INFO:colcon.colcon_core.shell:Creating prefix script '/home/minh/gim60108_ws/install/local_setup.ps1'
[3.112s] INFO:colcon.colcon_core.shell:Creating prefix util module '/home/minh/gim60108_ws/install/_local_setup_util_ps1.py'
[3.112s] INFO:colcon.colcon_core.shell:Creating prefix chain script '/home/minh/gim60108_ws/install/setup.ps1'
[3.113s] INFO:colcon.colcon_core.shell:Creating prefix script '/home/minh/gim60108_ws/install/local_setup.sh'
[3.114s] INFO:colcon.colcon_core.shell:Creating prefix util module '/home/minh/gim60108_ws/install/_local_setup_util_sh.py'
[3.114s] INFO:colcon.colcon_core.shell:Creating prefix chain script '/home/minh/gim60108_ws/install/setup.sh'
[3.115s] INFO:colcon.colcon_core.shell:Creating prefix script '/home/minh/gim60108_ws/install/local_setup.bash'
[3.115s] INFO:colcon.colcon_core.shell:Creating prefix chain script '/home/minh/gim60108_ws/install/setup.bash'
[3.116s] INFO:colcon.colcon_core.shell:Creating prefix script '/home/minh/gim60108_ws/install/local_setup.zsh'
[3.116s] INFO:colcon.colcon_core.shell:Creating prefix chain script '/home/minh/gim60108_ws/install/setup.zsh'
