[0.010s] Invoking command in '/home/minh/gim60108_ws/build/gim_arm_hardware': CMAKE_PREFIX_PATH=${CMAKE_PREFIX_PATH}:/home/minh/gim60108_ws/install/gim_control:/home/minh/rehab_robot_ver2_modified/install/rehab_gui:/home/minh/rehab_robot_ver2_modified/install/my_rqt_plugin:/opt/ros/humble /home/minh/.local/bin/cmake /home/minh/gim60108_ws/src/gim_arm_hardware -DCMAKE_INSTALL_PREFIX=/home/minh/gim60108_ws/install/gim_arm_hardware
[0.065s] [0mCMake Deprecation Warning at CMakeLists.txt:1 (cmake_minimum_required):
[0.065s]   Compatibility with CMake < 3.10 will be removed from a future version of
[0.065s]   CMake.
[0.065s] 
[0.065s]   Update the VERSION argument <min> value.  Or, use the <min>...<max> syntax
[0.065s]   to tell CMake that the project requires at least <min> but has been updated
[0.066s]   to work with policies introduced by <max> or earlier.
[0.066s] 
[0.066s] [0m
[0.162s] -- The C compiler identification is GNU 11.4.0
[0.258s] -- The CXX compiler identification is GNU 11.4.0
[0.268s] -- Detecting C compiler ABI info
[0.322s] -- Detecting C compiler ABI info - done
[0.335s] -- Check for working C compiler: /usr/bin/cc - skipped
[0.336s] -- Detecting C compile features
[0.336s] -- Detecting C compile features - done
[0.349s] -- Detecting CXX compiler ABI info
[0.409s] -- Detecting CXX compiler ABI info - done
[0.420s] -- Check for working CXX compiler: /usr/bin/c++ - skipped
[0.420s] -- Detecting CXX compile features
[0.421s] -- Detecting CXX compile features - done
[0.436s] -- Found ament_cmake: 1.3.14 (/opt/ros/humble/share/ament_cmake/cmake)
[0.572s] -- Found Python3: /usr/bin/python3 (found version "3.10.12") found components: Interpreter
[0.672s] -- Found rclcpp: 16.0.19 (/opt/ros/humble/share/rclcpp/cmake)
[0.739s] -- Found rosidl_generator_c: 3.1.9 (/opt/ros/humble/share/rosidl_generator_c/cmake)
[0.747s] -- Found rosidl_adapter: 3.1.9 (/opt/ros/humble/share/rosidl_adapter/cmake)
[0.763s] -- Found rosidl_generator_cpp: 3.1.9 (/opt/ros/humble/share/rosidl_generator_cpp/cmake)
[0.781s] -- Using all available rosidl_typesupport_c: rosidl_typesupport_fastrtps_c;rosidl_typesupport_introspection_c
[0.805s] -- Using all available rosidl_typesupport_cpp: rosidl_typesupport_fastrtps_cpp;rosidl_typesupport_introspection_cpp
[0.875s] -- Found rmw_implementation_cmake: 6.1.2 (/opt/ros/humble/share/rmw_implementation_cmake/cmake)
[0.880s] -- Found rmw_cyclonedds_cpp: 1.3.4 (/opt/ros/humble/share/rmw_cyclonedds_cpp/cmake)
[0.924s] -- Using RMW implementation 'rmw_cyclonedds_cpp' as default
[0.940s] -- Performing Test CMAKE_HAVE_LIBC_PTHREAD
[0.992s] -- Performing Test CMAKE_HAVE_LIBC_PTHREAD - Success
[0.993s] -- Found Threads: TRUE
[1.073s] -- Found hardware_interface: 2.54.0 (/opt/ros/humble/share/hardware_interface/cmake)
[1.297s] [33mCMake Warning (dev) at /home/minh/.local/lib/python3.10/site-packages/cmake/data/share/cmake-4.1/Modules/CMakeFindDependencyMacro.cmake:78 (find_package):
[1.297s]   Policy CMP0167 is not set: The FindBoost module is removed.  Run "cmake
[1.297s]   --help-policy CMP0167" for policy details.  Use the cmake_policy command to
[1.297s]   set the policy and suppress this warning.
[1.297s] 
[1.297s] Call Stack (most recent call first):
[1.297s]   /opt/ros/humble/lib/x86_64-linux-gnu/cmake/pinocchio/pinocchioConfig.cmake:183 (find_dependency)
[1.297s]   CMakeLists.txt:21 (find_package)
[1.298s] This warning is for project developers.  Use -Wno-dev to suppress it.
[1.298s] [0m
[1.489s] -- Found Boost: /usr/include (found version "1.74.0") found components: filesystem serialization
[1.493s] -- eigenpy FOUND. eigenpy at /opt/ros/humble/lib/x86_64-linux-gnu/libeigenpy.so
[1.519s] -- Checking for NumPy
[1.708s] --   NUMPY_INCLUDE_DIRS=/home/minh/.local/lib/python3.10/site-packages/numpy/core/include
[1.799s] --   NUMPY_VERSION=1.26.4
[2.126s] -- Found Python3: /usr/bin/python3 (found version "3.10.12") found components: Interpreter Development.Module NumPy
[2.127s] -- PythonLibraryDirs: 
[2.127s] -- PythonLibVersionString: 3.10.12
[2.151s] -- Python site lib: lib/python3.10/site-packages
[2.151s] -- Python include dirs: /usr/include/python3.10
[2.195s] -- Checking for NumPy
[2.283s] --   NUMPY_INCLUDE_DIRS=/home/minh/.local/lib/python3.10/site-packages/numpy/core/include
[2.375s] --   NUMPY_VERSION=1.26.4
[2.375s] -- NumPy include dir: /home/minh/.local/lib/python3.10/site-packages/numpy/core/include
[2.375s] [33mCMake Warning (dev) at /opt/ros/humble/lib/x86_64-linux-gnu/cmake/eigenpy/boost.cmake:146 (find_package):
[2.375s]   Policy CMP0167 is not set: The FindBoost module is removed.  Run "cmake
[2.375s]   --help-policy CMP0167" for policy details.  Use the cmake_policy command to
[2.375s]   set the policy and suppress this warning.
[2.375s] 
[2.375s] Call Stack (most recent call first):
[2.375s]   /opt/ros/humble/lib/x86_64-linux-gnu/cmake/eigenpy/eigenpyConfig.cmake:172 (SEARCH_FOR_BOOST_PYTHON)
[2.375s]   /home/minh/.local/lib/python3.10/site-packages/cmake/data/share/cmake-4.1/Modules/CMakeFindDependencyMacro.cmake:78 (find_package)
[2.376s]   /opt/ros/humble/lib/x86_64-linux-gnu/cmake/pinocchio/pinocchioConfig.cmake:184 (find_dependency)
[2.376s]   CMakeLists.txt:21 (find_package)
[2.376s] This warning is for project developers.  Use -Wno-dev to suppress it.
[2.376s] [0m
[2.384s] -- Found Boost: /usr/include (found version "1.74.0") found components: python310
[2.603s] -- Default C++ standard: 201703
[2.604s] -- Minimal C++ standard upgraded to 11
[2.604s] -- C++ standard sufficient: Minimal required 11, currently defined: 17
[2.604s] -- CMAKE_CXX_STANDARD was not set: automatically set to currently defined standard 17
[2.608s] -- coal FOUND. coal at /opt/ros/humble/lib/x86_64-linux-gnu/libcoal.so
[2.608s] [33mCMake Warning (dev) at /home/minh/.local/lib/python3.10/site-packages/cmake/data/share/cmake-4.1/Modules/CMakeFindDependencyMacro.cmake:78 (find_package):
[2.608s]   Policy CMP0167 is not set: The FindBoost module is removed.  Run "cmake
[2.608s]   --help-policy CMP0167" for policy details.  Use the cmake_policy command to
[2.608s]   set the policy and suppress this warning.
[2.608s] 
[2.609s] Call Stack (most recent call first):
[2.609s]   /opt/ros/humble/lib/x86_64-linux-gnu/cmake/coal/coalConfig.cmake:154 (find_dependency)
[2.609s]   /home/minh/.local/lib/python3.10/site-packages/cmake/data/share/cmake-4.1/Modules/CMakeFindDependencyMacro.cmake:78 (find_package)
[2.609s]   /opt/ros/humble/lib/x86_64-linux-gnu/cmake/pinocchio/pinocchioConfig.cmake:186 (find_dependency)
[2.609s]   CMakeLists.txt:21 (find_package)
[2.609s] This warning is for project developers.  Use -Wno-dev to suppress it.
[2.609s] [0m
[2.612s] -- Found Boost: /usr/include (found version "1.74.0") found components: serialization filesystem
[2.616s] -- C++ standard sufficient: Minimal required 11, currently defined: 17
[2.618s] -- Minimal C++ standard upgraded to 17
[2.618s] -- C++ standard sufficient: Minimal required 17, currently defined: 17
[2.691s] -- Configuring done (2.6s)
[2.703s] -- Generating done (0.0s)
[2.705s] -- Build files have been written to: /home/minh/gim60108_ws/build/gim_arm_hardware
[2.716s] Invoked command in '/home/minh/gim60108_ws/build/gim_arm_hardware' returned '0': CMAKE_PREFIX_PATH=${CMAKE_PREFIX_PATH}:/home/minh/gim60108_ws/install/gim_control:/home/minh/rehab_robot_ver2_modified/install/rehab_gui:/home/minh/rehab_robot_ver2_modified/install/my_rqt_plugin:/opt/ros/humble /home/minh/.local/bin/cmake /home/minh/gim60108_ws/src/gim_arm_hardware -DCMAKE_INSTALL_PREFIX=/home/minh/gim60108_ws/install/gim_arm_hardware
[2.718s] Invoking command in '/home/minh/gim60108_ws/build/gim_arm_hardware': CMAKE_PREFIX_PATH=${CMAKE_PREFIX_PATH}:/home/minh/gim60108_ws/install/gim_control:/home/minh/rehab_robot_ver2_modified/install/rehab_gui:/home/minh/rehab_robot_ver2_modified/install/my_rqt_plugin:/opt/ros/humble /home/minh/.local/bin/cmake --build /home/minh/gim60108_ws/build/gim_arm_hardware -- -j16 -l16
[2.799s] [ 50%] [32mBuilding CXX object CMakeFiles/gim_arm_system_hardware.dir/src/gim_arm_system.cpp.o[0m
[2.921s] In file included from [01m[K/home/minh/gim60108_ws/src/gim_arm_hardware/src/gim_arm_system.cpp:1[m[K:
[2.921s] [01m[K/home/minh/gim60108_ws/src/gim_arm_hardware/include/gim_arm_hardware/gim_arm_system.hpp:17:10:[m[K [01;31m[Kfatal error: [m[Kpinocchio/multibody/model.hpp: No such file or directory
[2.921s]    17 | #include [01;31m[K"pinocchio/multibody/model.hpp"[m[K
[2.921s]       |          [01;31m[K^~~~~~~~~~~~~~~~~~~~~~~~~~~~~~~[m[K
[2.921s] compilation terminated.
[2.922s] gmake[2]: *** [CMakeFiles/gim_arm_system_hardware.dir/build.make:79: CMakeFiles/gim_arm_system_hardware.dir/src/gim_arm_system.cpp.o] Error 1
[2.923s] gmake[1]: *** [CMakeFiles/Makefile2:153: CMakeFiles/gim_arm_system_hardware.dir/all] Error 2
[2.923s] gmake: *** [Makefile:146: all] Error 2
[2.925s] Invoked command in '/home/minh/gim60108_ws/build/gim_arm_hardware' returned '2': CMAKE_PREFIX_PATH=${CMAKE_PREFIX_PATH}:/home/minh/gim60108_ws/install/gim_control:/home/minh/rehab_robot_ver2_modified/install/rehab_gui:/home/minh/rehab_robot_ver2_modified/install/my_rqt_plugin:/opt/ros/humble /home/minh/.local/bin/cmake --build /home/minh/gim60108_ws/build/gim_arm_hardware -- -j16 -l16
