[0.018s] Invoking command in '/home/minh/gim60108_ws/build/gim_arm_description': CMAKE_PREFIX_PATH=${CMAKE_PREFIX_PATH}:/home/minh/gim60108_ws/install/gim_control:/home/minh/rehab_robot_ver2_modified/install/rehab_gui:/home/minh/rehab_robot_ver2_modified/install/my_rqt_plugin:/opt/ros/humble /home/minh/.local/bin/cmake /home/minh/gim60108_ws/src/gim_arm_description -DCMAKE_EXPORT_COMPILE_COMMANDS=ON -DCMAKE_INSTALL_PREFIX=/home/minh/gim60108_ws/install/gim_arm_description
[0.076s] [0mCMake Deprecation Warning at CMakeLists.txt:1 (cmake_minimum_required):
[0.076s]   Compatibility with CMake < 3.10 will be removed from a future version of
[0.076s]   CMake.
[0.076s] 
[0.076s]   Update the VERSION argument <min> value.  Or, use the <min>...<max> syntax
[0.076s]   to tell CMake that the project requires at least <min> but has been updated
[0.077s]   to work with policies introduced by <max> or earlier.
[0.077s] 
[0.077s] [0m
[0.086s] -- Found ament_cmake: 1.3.14 (/opt/ros/humble/share/ament_cmake/cmake)
[0.257s] -- Found ament_lint_auto: 0.12.15 (/opt/ros/humble/share/ament_lint_auto/cmake)
[0.339s] -- Added test 'flake8' to check Python code syntax and style conventions
[0.340s] -- Added test 'lint_cmake' to check CMake code style
[0.340s] -- Added test 'pep257' to check Python code against some of the docstring style conventions in PEP 257
[0.343s] -- Added test 'xmllint' to check XML markup files
[0.344s] -- Configuring done (0.3s)
[0.351s] [33mCMake Warning:
[0.351s]   Manually-specified variables were not used by the project:
[0.351s] 
[0.351s]     CMAKE_EXPORT_COMPILE_COMMANDS
[0.351s] 
[0.351s] [0m
[0.351s] -- Generating done (0.0s)
[0.352s] -- Build files have been written to: /home/minh/gim60108_ws/build/gim_arm_description
[0.357s] Invoked command in '/home/minh/gim60108_ws/build/gim_arm_description' returned '0': CMAKE_PREFIX_PATH=${CMAKE_PREFIX_PATH}:/home/minh/gim60108_ws/install/gim_control:/home/minh/rehab_robot_ver2_modified/install/rehab_gui:/home/minh/rehab_robot_ver2_modified/install/my_rqt_plugin:/opt/ros/humble /home/minh/.local/bin/cmake /home/minh/gim60108_ws/src/gim_arm_description -DCMAKE_EXPORT_COMPILE_COMMANDS=ON -DCMAKE_INSTALL_PREFIX=/home/minh/gim60108_ws/install/gim_arm_description
[0.358s] Invoking command in '/home/minh/gim60108_ws/build/gim_arm_description': CMAKE_PREFIX_PATH=${CMAKE_PREFIX_PATH}:/home/minh/gim60108_ws/install/gim_control:/home/minh/rehab_robot_ver2_modified/install/rehab_gui:/home/minh/rehab_robot_ver2_modified/install/my_rqt_plugin:/opt/ros/humble /home/minh/.local/bin/cmake --build /home/minh/gim60108_ws/build/gim_arm_description -- -j16 -l16
[0.427s] Invoked command in '/home/minh/gim60108_ws/build/gim_arm_description' returned '0': CMAKE_PREFIX_PATH=${CMAKE_PREFIX_PATH}:/home/minh/gim60108_ws/install/gim_control:/home/minh/rehab_robot_ver2_modified/install/rehab_gui:/home/minh/rehab_robot_ver2_modified/install/my_rqt_plugin:/opt/ros/humble /home/minh/.local/bin/cmake --build /home/minh/gim60108_ws/build/gim_arm_description -- -j16 -l16
[0.484s] Invoking command in '/home/minh/gim60108_ws/build/gim_arm_description': CMAKE_PREFIX_PATH=${CMAKE_PREFIX_PATH}:/home/minh/gim60108_ws/install/gim_control:/home/minh/rehab_robot_ver2_modified/install/rehab_gui:/home/minh/rehab_robot_ver2_modified/install/my_rqt_plugin:/opt/ros/humble /home/minh/.local/bin/cmake --install /home/minh/gim60108_ws/build/gim_arm_description
[0.539s] -- Install configuration: ""
[0.539s] -- Up-to-date: /home/minh/gim60108_ws/install/gim_arm_description/share/gim_arm_description/urdf
[0.539s] -- Up-to-date: /home/minh/gim60108_ws/install/gim_arm_description/share/gim_arm_description/urdf/gim_arm.urdf
[0.539s] -- Up-to-date: /home/minh/gim60108_ws/install/gim_arm_description/share/gim_arm_description/meshes
[0.539s] -- Up-to-date: /home/minh/gim60108_ws/install/gim_arm_description/share/gim_arm_description/meshes/lower_arm_link.STL
[0.539s] -- Up-to-date: /home/minh/gim60108_ws/install/gim_arm_description/share/gim_arm_description/meshes/base_link.STL
[0.539s] -- Up-to-date: /home/minh/gim60108_ws/install/gim_arm_description/share/gim_arm_description/meshes/upper_arm_link.STL
[0.539s] -- Up-to-date: /home/minh/gim60108_ws/install/gim_arm_description/share/gim_arm_description/meshes/shoulder_link.STL
[0.539s] -- Up-to-date: /home/minh/gim60108_ws/install/gim_arm_description/share/gim_arm_description/launch
[0.540s] -- Up-to-date: /home/minh/gim60108_ws/install/gim_arm_description/share/gim_arm_description/launch/display.launch.py
[0.540s] -- Up-to-date: /home/minh/gim60108_ws/install/gim_arm_description/share/gim_arm_description/rviz
[0.540s] -- Up-to-date: /home/minh/gim60108_ws/install/gim_arm_description/share/ament_index/resource_index/package_run_dependencies/gim_arm_description
[0.540s] -- Installing: /home/minh/gim60108_ws/install/gim_arm_description/share/ament_index/resource_index/parent_prefix_path/gim_arm_description
[0.540s] -- Up-to-date: /home/minh/gim60108_ws/install/gim_arm_description/share/gim_arm_description/environment/ament_prefix_path.sh
[0.540s] -- Installing: /home/minh/gim60108_ws/install/gim_arm_description/share/gim_arm_description/environment/ament_prefix_path.dsv
[0.540s] -- Up-to-date: /home/minh/gim60108_ws/install/gim_arm_description/share/gim_arm_description/environment/path.sh
[0.540s] -- Installing: /home/minh/gim60108_ws/install/gim_arm_description/share/gim_arm_description/environment/path.dsv
[0.540s] -- Up-to-date: /home/minh/gim60108_ws/install/gim_arm_description/share/gim_arm_description/local_setup.bash
[0.540s] -- Up-to-date: /home/minh/gim60108_ws/install/gim_arm_description/share/gim_arm_description/local_setup.sh
[0.540s] -- Up-to-date: /home/minh/gim60108_ws/install/gim_arm_description/share/gim_arm_description/local_setup.zsh
[0.540s] -- Installing: /home/minh/gim60108_ws/install/gim_arm_description/share/gim_arm_description/local_setup.dsv
[0.540s] -- Installing: /home/minh/gim60108_ws/install/gim_arm_description/share/gim_arm_description/package.dsv
[0.541s] -- Up-to-date: /home/minh/gim60108_ws/install/gim_arm_description/share/ament_index/resource_index/packages/gim_arm_description
[0.541s] -- Up-to-date: /home/minh/gim60108_ws/install/gim_arm_description/share/gim_arm_description/cmake/gim_arm_descriptionConfig.cmake
[0.541s] -- Up-to-date: /home/minh/gim60108_ws/install/gim_arm_description/share/gim_arm_description/cmake/gim_arm_descriptionConfig-version.cmake
[0.541s] -- Up-to-date: /home/minh/gim60108_ws/install/gim_arm_description/share/gim_arm_description/package.xml
[0.542s] Invoked command in '/home/minh/gim60108_ws/build/gim_arm_description' returned '0': CMAKE_PREFIX_PATH=${CMAKE_PREFIX_PATH}:/home/minh/gim60108_ws/install/gim_control:/home/minh/rehab_robot_ver2_modified/install/rehab_gui:/home/minh/rehab_robot_ver2_modified/install/my_rqt_plugin:/opt/ros/humble /home/minh/.local/bin/cmake --install /home/minh/gim60108_ws/build/gim_arm_description
