[0.016s] Invoking command in '/home/minh/gim60108_ws/build/gim_arm_description': CMAKE_PREFIX_PATH=${CMAKE_PREFIX_PATH}:/home/minh/gim60108_ws/install/gim_control:/home/minh/rehab_robot_ver2_modified/install/rehab_gui:/home/minh/rehab_robot_ver2_modified/install/my_rqt_plugin:/opt/ros/humble /home/minh/.local/bin/cmake --build /home/minh/gim60108_ws/build/gim_arm_description -- -j16 -l16
[0.157s] Invoked command in '/home/minh/gim60108_ws/build/gim_arm_description' returned '0': CMAKE_PREFIX_PATH=${CMAKE_PREFIX_PATH}:/home/minh/gim60108_ws/install/gim_control:/home/minh/rehab_robot_ver2_modified/install/rehab_gui:/home/minh/rehab_robot_ver2_modified/install/my_rqt_plugin:/opt/ros/humble /home/minh/.local/bin/cmake --build /home/minh/gim60108_ws/build/gim_arm_description -- -j16 -l16
[0.211s] Invoking command in '/home/minh/gim60108_ws/build/gim_arm_description': CMAKE_PREFIX_PATH=${CMAKE_PREFIX_PATH}:/home/minh/gim60108_ws/install/gim_control:/home/minh/rehab_robot_ver2_modified/install/rehab_gui:/home/minh/rehab_robot_ver2_modified/install/my_rqt_plugin:/opt/ros/humble /home/minh/.local/bin/cmake --install /home/minh/gim60108_ws/build/gim_arm_description
[0.269s] -- Install configuration: ""
[0.269s] -- Up-to-date: /home/minh/gim60108_ws/install/gim_arm_description/share/gim_arm_description/urdf
[0.270s] -- Installing: /home/minh/gim60108_ws/install/gim_arm_description/share/gim_arm_description/urdf/gim_arm.urdf
[0.270s] -- Up-to-date: /home/minh/gim60108_ws/install/gim_arm_description/share/gim_arm_description/meshes
[0.270s] -- Up-to-date: /home/minh/gim60108_ws/install/gim_arm_description/share/gim_arm_description/meshes/lower_arm_link.STL
[0.270s] -- Up-to-date: /home/minh/gim60108_ws/install/gim_arm_description/share/gim_arm_description/meshes/base_link.STL
[0.270s] -- Up-to-date: /home/minh/gim60108_ws/install/gim_arm_description/share/gim_arm_description/meshes/upper_arm_link.STL
[0.270s] -- Up-to-date: /home/minh/gim60108_ws/install/gim_arm_description/share/gim_arm_description/meshes/shoulder_link.STL
[0.270s] -- Up-to-date: /home/minh/gim60108_ws/install/gim_arm_description/share/gim_arm_description/launch
[0.270s] -- Up-to-date: /home/minh/gim60108_ws/install/gim_arm_description/share/gim_arm_description/launch/display.launch.py
[0.270s] -- Up-to-date: /home/minh/gim60108_ws/install/gim_arm_description/share/gim_arm_description/rviz
[0.270s] -- Up-to-date: /home/minh/gim60108_ws/install/gim_arm_description/share/ament_index/resource_index/package_run_dependencies/gim_arm_description
[0.271s] -- Up-to-date: /home/minh/gim60108_ws/install/gim_arm_description/share/ament_index/resource_index/parent_prefix_path/gim_arm_description
[0.271s] -- Up-to-date: /home/minh/gim60108_ws/install/gim_arm_description/share/gim_arm_description/environment/ament_prefix_path.sh
[0.271s] -- Up-to-date: /home/minh/gim60108_ws/install/gim_arm_description/share/gim_arm_description/environment/ament_prefix_path.dsv
[0.271s] -- Up-to-date: /home/minh/gim60108_ws/install/gim_arm_description/share/gim_arm_description/environment/path.sh
[0.271s] -- Up-to-date: /home/minh/gim60108_ws/install/gim_arm_description/share/gim_arm_description/environment/path.dsv
[0.271s] -- Up-to-date: /home/minh/gim60108_ws/install/gim_arm_description/share/gim_arm_description/local_setup.bash
[0.271s] -- Up-to-date: /home/minh/gim60108_ws/install/gim_arm_description/share/gim_arm_description/local_setup.sh
[0.271s] -- Up-to-date: /home/minh/gim60108_ws/install/gim_arm_description/share/gim_arm_description/local_setup.zsh
[0.271s] -- Up-to-date: /home/minh/gim60108_ws/install/gim_arm_description/share/gim_arm_description/local_setup.dsv
[0.271s] -- Installing: /home/minh/gim60108_ws/install/gim_arm_description/share/gim_arm_description/package.dsv
[0.271s] -- Up-to-date: /home/minh/gim60108_ws/install/gim_arm_description/share/ament_index/resource_index/packages/gim_arm_description
[0.271s] -- Up-to-date: /home/minh/gim60108_ws/install/gim_arm_description/share/gim_arm_description/cmake/gim_arm_descriptionConfig.cmake
[0.271s] -- Up-to-date: /home/minh/gim60108_ws/install/gim_arm_description/share/gim_arm_description/cmake/gim_arm_descriptionConfig-version.cmake
[0.271s] -- Up-to-date: /home/minh/gim60108_ws/install/gim_arm_description/share/gim_arm_description/package.xml
[0.274s] Invoked command in '/home/minh/gim60108_ws/build/gim_arm_description' returned '0': CMAKE_PREFIX_PATH=${CMAKE_PREFIX_PATH}:/home/minh/gim60108_ws/install/gim_control:/home/minh/rehab_robot_ver2_modified/install/rehab_gui:/home/minh/rehab_robot_ver2_modified/install/my_rqt_plugin:/opt/ros/humble /home/minh/.local/bin/cmake --install /home/minh/gim60108_ws/build/gim_arm_description
