running egg_info
writing ../../build/gim_control/gim_control.egg-info/PKG-INFO
writing dependency_links to ../../build/gim_control/gim_control.egg-info/dependency_links.txt
writing entry points to ../../build/gim_control/gim_control.egg-info/entry_points.txt
writing requirements to ../../build/gim_control/gim_control.egg-info/requires.txt
writing top-level names to ../../build/gim_control/gim_control.egg-info/top_level.txt
reading manifest file '../../build/gim_control/gim_control.egg-info/SOURCES.txt'
writing manifest file '../../build/gim_control/gim_control.egg-info/SOURCES.txt'
running build
running build_py
copying gim_control/__init__.py -> /home/minh/gim60108_ws/build/gim_control/build/lib/gim_control
copying gim_control/motor_test_all_modes.py -> /home/minh/gim60108_ws/build/gim_control/build/lib/gim_control
running install
running install_lib
running install_data
copying resource/gim_control -> /home/minh/gim60108_ws/install/gim_control/share/ament_index/resource_index/packages
copying package.xml -> /home/minh/gim60108_ws/install/gim_control/share/gim_control
running install_egg_info
removing '/home/minh/gim60108_ws/install/gim_control/lib/python3.10/site-packages/gim_control-0.0.0-py3.10.egg-info' (and everything under it)
Copying ../../build/gim_control/gim_control.egg-info to /home/minh/gim60108_ws/install/gim_control/lib/python3.10/site-packages/gim_control-0.0.0-py3.10.egg-info
running install_scripts
Installing motor_test_all_modes script to /home/minh/gim60108_ws/install/gim_control/lib/gim_control
writing list of installed files to '/home/minh/gim60108_ws/build/gim_control/install.log'
