[0.063s] DEBUG:colcon:Command line arguments: ['/usr/bin/colcon', 'build']
[0.063s] DEBUG:colcon:Parsed command line arguments: Namespace(log_base=None, log_level=None, verb_name='build', build_base='build', install_base='install', merge_install=False, symlink_install=False, test_result_base=None, continue_on_error=False, executor='parallel', parallel_workers=16, event_handlers=None, ignore_user_meta=False, metas=['./colcon.meta'], base_paths=['.'], packages_ignore=None, packages_ignore_regex=None, paths=None, packages_up_to=None, packages_up_to_regex=None, packages_above=None, packages_above_and_dependencies=None, packages_above_depth=None, packages_select_by_dep=None, packages_skip_by_dep=None, packages_skip_up_to=None, packages_select_build_failed=False, packages_skip_build_finished=False, packages_select_test_failures=False, packages_skip_test_passed=False, packages_select=None, packages_skip=None, packages_select_regex=None, packages_skip_regex=None, packages_start=None, packages_end=None, allow_overriding=[], cmake_args=None, cmake_target=None, cmake_target_skip_unavailable=False, cmake_clean_cache=False, cmake_clean_first=False, cmake_force_configure=False, ament_cmake_args=None, catkin_cmake_args=None, catkin_skip_building_tests=False, mixin_files=None, mixin=None, verb_parser=<colcon_mixin.mixin.mixin_argument.MixinArgumentDecorator object at 0x72b6c4ab9900>, verb_extension=<colcon_core.verb.build.BuildVerb object at 0x72b6c4ab9450>, main=<bound method BuildVerb.main of <colcon_core.verb.build.BuildVerb object at 0x72b6c4ab9450>>, mixin_verb=('build',))
[0.085s] Level 1:colcon.colcon_core.package_discovery:discover_packages(colcon_meta) check parameters
[0.085s] Level 1:colcon.colcon_core.package_discovery:discover_packages(recursive) check parameters
[0.085s] Level 1:colcon.colcon_core.package_discovery:discover_packages(ignore) check parameters
[0.085s] Level 1:colcon.colcon_core.package_discovery:discover_packages(path) check parameters
[0.085s] Level 1:colcon.colcon_core.package_discovery:discover_packages(colcon_meta) discover
[0.085s] Level 1:colcon.colcon_core.package_discovery:discover_packages(recursive) discover
[0.085s] INFO:colcon.colcon_core.package_discovery:Crawling recursively for packages in '/home/minh/gim60108_ws'
[0.085s] Level 1:colcon.colcon_core.package_identification:_identify(.) by extensions ['ignore', 'ignore_ament_install']
[0.085s] Level 1:colcon.colcon_core.package_identification:_identify(.) by extension 'ignore'
[0.085s] Level 1:colcon.colcon_core.package_identification:_identify(.) by extension 'ignore_ament_install'
[0.085s] Level 1:colcon.colcon_core.package_identification:_identify(.) by extensions ['colcon_pkg']
[0.085s] Level 1:colcon.colcon_core.package_identification:_identify(.) by extension 'colcon_pkg'
[0.085s] Level 1:colcon.colcon_core.package_identification:_identify(.) by extensions ['colcon_meta']
[0.085s] Level 1:colcon.colcon_core.package_identification:_identify(.) by extension 'colcon_meta'
[0.085s] Level 1:colcon.colcon_core.package_identification:_identify(.) by extensions ['ros']
[0.085s] Level 1:colcon.colcon_core.package_identification:_identify(.) by extension 'ros'
[0.101s] Level 1:colcon.colcon_core.package_identification:_identify(.) by extensions ['cmake', 'python']
[0.101s] Level 1:colcon.colcon_core.package_identification:_identify(.) by extension 'cmake'
[0.101s] Level 1:colcon.colcon_core.package_identification:_identify(.) by extension 'python'
[0.101s] Level 1:colcon.colcon_core.package_identification:_identify(.) by extensions ['python_setup_py']
[0.101s] Level 1:colcon.colcon_core.package_identification:_identify(.) by extension 'python_setup_py'
[0.101s] Level 1:colcon.colcon_core.package_identification:_identify(build) by extensions ['ignore', 'ignore_ament_install']
[0.101s] Level 1:colcon.colcon_core.package_identification:_identify(build) by extension 'ignore'
[0.101s] Level 1:colcon.colcon_core.package_identification:_identify(build) ignored
[0.101s] Level 1:colcon.colcon_core.package_identification:_identify(install) by extensions ['ignore', 'ignore_ament_install']
[0.101s] Level 1:colcon.colcon_core.package_identification:_identify(install) by extension 'ignore'
[0.101s] Level 1:colcon.colcon_core.package_identification:_identify(install) ignored
[0.101s] Level 1:colcon.colcon_core.package_identification:_identify(log) by extensions ['ignore', 'ignore_ament_install']
[0.101s] Level 1:colcon.colcon_core.package_identification:_identify(log) by extension 'ignore'
[0.101s] Level 1:colcon.colcon_core.package_identification:_identify(log) ignored
[0.101s] Level 1:colcon.colcon_core.package_identification:_identify(src) by extensions ['ignore', 'ignore_ament_install']
[0.102s] Level 1:colcon.colcon_core.package_identification:_identify(src) by extension 'ignore'
[0.102s] Level 1:colcon.colcon_core.package_identification:_identify(src) by extension 'ignore_ament_install'
[0.102s] Level 1:colcon.colcon_core.package_identification:_identify(src) by extensions ['colcon_pkg']
[0.102s] Level 1:colcon.colcon_core.package_identification:_identify(src) by extension 'colcon_pkg'
[0.102s] Level 1:colcon.colcon_core.package_identification:_identify(src) by extensions ['colcon_meta']
[0.102s] Level 1:colcon.colcon_core.package_identification:_identify(src) by extension 'colcon_meta'
[0.102s] Level 1:colcon.colcon_core.package_identification:_identify(src) by extensions ['ros']
[0.102s] Level 1:colcon.colcon_core.package_identification:_identify(src) by extension 'ros'
[0.102s] Level 1:colcon.colcon_core.package_identification:_identify(src) by extensions ['cmake', 'python']
[0.102s] Level 1:colcon.colcon_core.package_identification:_identify(src) by extension 'cmake'
[0.102s] Level 1:colcon.colcon_core.package_identification:_identify(src) by extension 'python'
[0.102s] Level 1:colcon.colcon_core.package_identification:_identify(src) by extensions ['python_setup_py']
[0.102s] Level 1:colcon.colcon_core.package_identification:_identify(src) by extension 'python_setup_py'
[0.102s] Level 1:colcon.colcon_core.package_identification:_identify(src/gim_arm_control) by extensions ['ignore', 'ignore_ament_install']
[0.102s] Level 1:colcon.colcon_core.package_identification:_identify(src/gim_arm_control) by extension 'ignore'
[0.102s] Level 1:colcon.colcon_core.package_identification:_identify(src/gim_arm_control) by extension 'ignore_ament_install'
[0.102s] Level 1:colcon.colcon_core.package_identification:_identify(src/gim_arm_control) by extensions ['colcon_pkg']
[0.102s] Level 1:colcon.colcon_core.package_identification:_identify(src/gim_arm_control) by extension 'colcon_pkg'
[0.102s] Level 1:colcon.colcon_core.package_identification:_identify(src/gim_arm_control) by extensions ['colcon_meta']
[0.102s] Level 1:colcon.colcon_core.package_identification:_identify(src/gim_arm_control) by extension 'colcon_meta'
[0.102s] Level 1:colcon.colcon_core.package_identification:_identify(src/gim_arm_control) by extensions ['ros']
[0.102s] Level 1:colcon.colcon_core.package_identification:_identify(src/gim_arm_control) by extension 'ros'
[0.103s] DEBUG:colcon.colcon_core.package_identification:Package 'src/gim_arm_control' with type 'ros.ament_python' and name 'gim_control'
[0.103s] Level 1:colcon.colcon_core.package_identification:_identify(src/gim_arm_description) by extensions ['ignore', 'ignore_ament_install']
[0.103s] Level 1:colcon.colcon_core.package_identification:_identify(src/gim_arm_description) by extension 'ignore'
[0.103s] Level 1:colcon.colcon_core.package_identification:_identify(src/gim_arm_description) by extension 'ignore_ament_install'
[0.103s] Level 1:colcon.colcon_core.package_identification:_identify(src/gim_arm_description) by extensions ['colcon_pkg']
[0.103s] Level 1:colcon.colcon_core.package_identification:_identify(src/gim_arm_description) by extension 'colcon_pkg'
[0.103s] Level 1:colcon.colcon_core.package_identification:_identify(src/gim_arm_description) by extensions ['colcon_meta']
[0.103s] Level 1:colcon.colcon_core.package_identification:_identify(src/gim_arm_description) by extension 'colcon_meta'
[0.103s] Level 1:colcon.colcon_core.package_identification:_identify(src/gim_arm_description) by extensions ['ros']
[0.103s] Level 1:colcon.colcon_core.package_identification:_identify(src/gim_arm_description) by extension 'ros'
[0.104s] DEBUG:colcon.colcon_core.package_identification:Package 'src/gim_arm_description' with type 'ros.ament_cmake' and name 'gim_arm_description'
[0.104s] Level 1:colcon.colcon_core.package_identification:_identify(src/gim_arm_hardware) by extensions ['ignore', 'ignore_ament_install']
[0.104s] Level 1:colcon.colcon_core.package_identification:_identify(src/gim_arm_hardware) by extension 'ignore'
[0.104s] Level 1:colcon.colcon_core.package_identification:_identify(src/gim_arm_hardware) by extension 'ignore_ament_install'
[0.104s] Level 1:colcon.colcon_core.package_identification:_identify(src/gim_arm_hardware) by extensions ['colcon_pkg']
[0.104s] Level 1:colcon.colcon_core.package_identification:_identify(src/gim_arm_hardware) by extension 'colcon_pkg'
[0.104s] Level 1:colcon.colcon_core.package_identification:_identify(src/gim_arm_hardware) by extensions ['colcon_meta']
[0.104s] Level 1:colcon.colcon_core.package_identification:_identify(src/gim_arm_hardware) by extension 'colcon_meta'
[0.104s] Level 1:colcon.colcon_core.package_identification:_identify(src/gim_arm_hardware) by extensions ['ros']
[0.104s] Level 1:colcon.colcon_core.package_identification:_identify(src/gim_arm_hardware) by extension 'ros'
[0.104s] DEBUG:colcon.colcon_core.package_identification:Package 'src/gim_arm_hardware' with type 'ros.ament_cmake' and name 'gim_arm_hardware'
[0.104s] Level 1:colcon.colcon_core.package_identification:_identify(src/gim_arm_moveit_config) by extensions ['ignore', 'ignore_ament_install']
[0.104s] Level 1:colcon.colcon_core.package_identification:_identify(src/gim_arm_moveit_config) by extension 'ignore'
[0.104s] Level 1:colcon.colcon_core.package_identification:_identify(src/gim_arm_moveit_config) by extension 'ignore_ament_install'
[0.104s] Level 1:colcon.colcon_core.package_identification:_identify(src/gim_arm_moveit_config) by extensions ['colcon_pkg']
[0.104s] Level 1:colcon.colcon_core.package_identification:_identify(src/gim_arm_moveit_config) by extension 'colcon_pkg'
[0.104s] Level 1:colcon.colcon_core.package_identification:_identify(src/gim_arm_moveit_config) by extensions ['colcon_meta']
[0.104s] Level 1:colcon.colcon_core.package_identification:_identify(src/gim_arm_moveit_config) by extension 'colcon_meta'
[0.104s] Level 1:colcon.colcon_core.package_identification:_identify(src/gim_arm_moveit_config) by extensions ['ros']
[0.104s] Level 1:colcon.colcon_core.package_identification:_identify(src/gim_arm_moveit_config) by extension 'ros'
[0.105s] DEBUG:colcon.colcon_core.package_identification:Package 'src/gim_arm_moveit_config' with type 'ros.ament_cmake' and name 'gim_arm_moveit_config'
[0.105s] Level 1:colcon.colcon_core.package_identification:_identify(src/gim_arm_mujoco) by extensions ['ignore', 'ignore_ament_install']
[0.105s] Level 1:colcon.colcon_core.package_identification:_identify(src/gim_arm_mujoco) by extension 'ignore'
[0.105s] Level 1:colcon.colcon_core.package_identification:_identify(src/gim_arm_mujoco) by extension 'ignore_ament_install'
[0.105s] Level 1:colcon.colcon_core.package_identification:_identify(src/gim_arm_mujoco) by extensions ['colcon_pkg']
[0.105s] Level 1:colcon.colcon_core.package_identification:_identify(src/gim_arm_mujoco) by extension 'colcon_pkg'
[0.105s] Level 1:colcon.colcon_core.package_identification:_identify(src/gim_arm_mujoco) by extensions ['colcon_meta']
[0.105s] Level 1:colcon.colcon_core.package_identification:_identify(src/gim_arm_mujoco) by extension 'colcon_meta'
[0.105s] Level 1:colcon.colcon_core.package_identification:_identify(src/gim_arm_mujoco) by extensions ['ros']
[0.105s] Level 1:colcon.colcon_core.package_identification:_identify(src/gim_arm_mujoco) by extension 'ros'
[0.105s] Level 1:colcon.colcon_core.package_identification:_identify(src/gim_arm_mujoco) by extensions ['cmake', 'python']
[0.105s] Level 1:colcon.colcon_core.package_identification:_identify(src/gim_arm_mujoco) by extension 'cmake'
[0.105s] Level 1:colcon.colcon_core.package_identification:_identify(src/gim_arm_mujoco) by extension 'python'
[0.105s] Level 1:colcon.colcon_core.package_identification:_identify(src/gim_arm_mujoco) by extensions ['python_setup_py']
[0.105s] Level 1:colcon.colcon_core.package_identification:_identify(src/gim_arm_mujoco) by extension 'python_setup_py'
[0.105s] Level 1:colcon.colcon_core.package_identification:_identify(src/gim_arm_mujoco/meshes) by extensions ['ignore', 'ignore_ament_install']
[0.105s] Level 1:colcon.colcon_core.package_identification:_identify(src/gim_arm_mujoco/meshes) by extension 'ignore'
[0.105s] Level 1:colcon.colcon_core.package_identification:_identify(src/gim_arm_mujoco/meshes) by extension 'ignore_ament_install'
[0.105s] Level 1:colcon.colcon_core.package_identification:_identify(src/gim_arm_mujoco/meshes) by extensions ['colcon_pkg']
[0.105s] Level 1:colcon.colcon_core.package_identification:_identify(src/gim_arm_mujoco/meshes) by extension 'colcon_pkg'
[0.105s] Level 1:colcon.colcon_core.package_identification:_identify(src/gim_arm_mujoco/meshes) by extensions ['colcon_meta']
[0.105s] Level 1:colcon.colcon_core.package_identification:_identify(src/gim_arm_mujoco/meshes) by extension 'colcon_meta'
[0.105s] Level 1:colcon.colcon_core.package_identification:_identify(src/gim_arm_mujoco/meshes) by extensions ['ros']
[0.105s] Level 1:colcon.colcon_core.package_identification:_identify(src/gim_arm_mujoco/meshes) by extension 'ros'
[0.105s] Level 1:colcon.colcon_core.package_identification:_identify(src/gim_arm_mujoco/meshes) by extensions ['cmake', 'python']
[0.105s] Level 1:colcon.colcon_core.package_identification:_identify(src/gim_arm_mujoco/meshes) by extension 'cmake'
[0.106s] Level 1:colcon.colcon_core.package_identification:_identify(src/gim_arm_mujoco/meshes) by extension 'python'
[0.106s] Level 1:colcon.colcon_core.package_identification:_identify(src/gim_arm_mujoco/meshes) by extensions ['python_setup_py']
[0.106s] Level 1:colcon.colcon_core.package_identification:_identify(src/gim_arm_mujoco/meshes) by extension 'python_setup_py'
[0.106s] Level 1:colcon.colcon_core.package_discovery:discover_packages(recursive) using defaults
[0.106s] Level 1:colcon.colcon_core.package_discovery:discover_packages(ignore) discover
[0.106s] Level 1:colcon.colcon_core.package_discovery:discover_packages(ignore) using defaults
[0.106s] Level 1:colcon.colcon_core.package_discovery:discover_packages(path) discover
[0.106s] Level 1:colcon.colcon_core.package_discovery:discover_packages(path) using defaults
[0.117s] Level 1:colcon.colcon_core.package_discovery:discover_packages(prefix_path) check parameters
[0.117s] Level 1:colcon.colcon_core.package_discovery:discover_packages(prefix_path) discover
[0.118s] DEBUG:colcon.colcon_installed_package_information.package_discovery:Found 4 installed packages in /home/minh/gim60108_ws/install
[0.118s] DEBUG:colcon.colcon_installed_package_information.package_discovery:Found 7 installed packages in /home/minh/rehab_robot_ver2_modified/install
[0.119s] DEBUG:colcon.colcon_installed_package_information.package_discovery:Found 1 installed packages in /home/minh/apriltag_ws/install
[0.119s] DEBUG:colcon.colcon_installed_package_information.package_discovery:Found 3 installed packages in /home/minh/moveit_ws/install
[0.120s] DEBUG:colcon.colcon_installed_package_information.package_discovery:Found 414 installed packages in /opt/ros/humble
[0.121s] Level 1:colcon.colcon_core.package_discovery:discover_packages(prefix_path) using defaults
[0.155s] Level 5:colcon.colcon_core.verb:set package 'gim_arm_description' build argument 'cmake_args' from command line to 'None'
[0.155s] Level 5:colcon.colcon_core.verb:set package 'gim_arm_description' build argument 'cmake_target' from command line to 'None'
[0.155s] Level 5:colcon.colcon_core.verb:set package 'gim_arm_description' build argument 'cmake_target_skip_unavailable' from command line to 'False'
[0.155s] Level 5:colcon.colcon_core.verb:set package 'gim_arm_description' build argument 'cmake_clean_cache' from command line to 'False'
[0.155s] Level 5:colcon.colcon_core.verb:set package 'gim_arm_description' build argument 'cmake_clean_first' from command line to 'False'
[0.155s] Level 5:colcon.colcon_core.verb:set package 'gim_arm_description' build argument 'cmake_force_configure' from command line to 'False'
[0.155s] Level 5:colcon.colcon_core.verb:set package 'gim_arm_description' build argument 'ament_cmake_args' from command line to 'None'
[0.155s] Level 5:colcon.colcon_core.verb:set package 'gim_arm_description' build argument 'catkin_cmake_args' from command line to 'None'
[0.155s] Level 5:colcon.colcon_core.verb:set package 'gim_arm_description' build argument 'catkin_skip_building_tests' from command line to 'False'
[0.155s] DEBUG:colcon.colcon_core.verb:Building package 'gim_arm_description' with the following arguments: {'ament_cmake_args': None, 'build_base': '/home/minh/gim60108_ws/build/gim_arm_description', 'catkin_cmake_args': None, 'catkin_skip_building_tests': False, 'cmake_args': None, 'cmake_clean_cache': False, 'cmake_clean_first': False, 'cmake_force_configure': False, 'cmake_target': None, 'cmake_target_skip_unavailable': False, 'install_base': '/home/minh/gim60108_ws/install/gim_arm_description', 'merge_install': False, 'path': '/home/minh/gim60108_ws/src/gim_arm_description', 'symlink_install': False, 'test_result_base': None}
[0.155s] Level 5:colcon.colcon_core.verb:set package 'gim_arm_hardware' build argument 'cmake_args' from command line to 'None'
[0.155s] Level 5:colcon.colcon_core.verb:set package 'gim_arm_hardware' build argument 'cmake_target' from command line to 'None'
[0.155s] Level 5:colcon.colcon_core.verb:set package 'gim_arm_hardware' build argument 'cmake_target_skip_unavailable' from command line to 'False'
[0.155s] Level 5:colcon.colcon_core.verb:set package 'gim_arm_hardware' build argument 'cmake_clean_cache' from command line to 'False'
[0.155s] Level 5:colcon.colcon_core.verb:set package 'gim_arm_hardware' build argument 'cmake_clean_first' from command line to 'False'
[0.155s] Level 5:colcon.colcon_core.verb:set package 'gim_arm_hardware' build argument 'cmake_force_configure' from command line to 'False'
[0.155s] Level 5:colcon.colcon_core.verb:set package 'gim_arm_hardware' build argument 'ament_cmake_args' from command line to 'None'
[0.155s] Level 5:colcon.colcon_core.verb:set package 'gim_arm_hardware' build argument 'catkin_cmake_args' from command line to 'None'
[0.155s] Level 5:colcon.colcon_core.verb:set package 'gim_arm_hardware' build argument 'catkin_skip_building_tests' from command line to 'False'
[0.155s] DEBUG:colcon.colcon_core.verb:Building package 'gim_arm_hardware' with the following arguments: {'ament_cmake_args': None, 'build_base': '/home/minh/gim60108_ws/build/gim_arm_hardware', 'catkin_cmake_args': None, 'catkin_skip_building_tests': False, 'cmake_args': None, 'cmake_clean_cache': False, 'cmake_clean_first': False, 'cmake_force_configure': False, 'cmake_target': None, 'cmake_target_skip_unavailable': False, 'install_base': '/home/minh/gim60108_ws/install/gim_arm_hardware', 'merge_install': False, 'path': '/home/minh/gim60108_ws/src/gim_arm_hardware', 'symlink_install': False, 'test_result_base': None}
[0.155s] Level 5:colcon.colcon_core.verb:set package 'gim_arm_moveit_config' build argument 'cmake_args' from command line to 'None'
[0.155s] Level 5:colcon.colcon_core.verb:set package 'gim_arm_moveit_config' build argument 'cmake_target' from command line to 'None'
[0.155s] Level 5:colcon.colcon_core.verb:set package 'gim_arm_moveit_config' build argument 'cmake_target_skip_unavailable' from command line to 'False'
[0.155s] Level 5:colcon.colcon_core.verb:set package 'gim_arm_moveit_config' build argument 'cmake_clean_cache' from command line to 'False'
[0.155s] Level 5:colcon.colcon_core.verb:set package 'gim_arm_moveit_config' build argument 'cmake_clean_first' from command line to 'False'
[0.155s] Level 5:colcon.colcon_core.verb:set package 'gim_arm_moveit_config' build argument 'cmake_force_configure' from command line to 'False'
[0.155s] Level 5:colcon.colcon_core.verb:set package 'gim_arm_moveit_config' build argument 'ament_cmake_args' from command line to 'None'
[0.155s] Level 5:colcon.colcon_core.verb:set package 'gim_arm_moveit_config' build argument 'catkin_cmake_args' from command line to 'None'
[0.155s] Level 5:colcon.colcon_core.verb:set package 'gim_arm_moveit_config' build argument 'catkin_skip_building_tests' from command line to 'False'
[0.155s] DEBUG:colcon.colcon_core.verb:Building package 'gim_arm_moveit_config' with the following arguments: {'ament_cmake_args': None, 'build_base': '/home/minh/gim60108_ws/build/gim_arm_moveit_config', 'catkin_cmake_args': None, 'catkin_skip_building_tests': False, 'cmake_args': None, 'cmake_clean_cache': False, 'cmake_clean_first': False, 'cmake_force_configure': False, 'cmake_target': None, 'cmake_target_skip_unavailable': False, 'install_base': '/home/minh/gim60108_ws/install/gim_arm_moveit_config', 'merge_install': False, 'path': '/home/minh/gim60108_ws/src/gim_arm_moveit_config', 'symlink_install': False, 'test_result_base': None}
[0.155s] Level 5:colcon.colcon_core.verb:set package 'gim_control' build argument 'cmake_args' from command line to 'None'
[0.155s] Level 5:colcon.colcon_core.verb:set package 'gim_control' build argument 'cmake_target' from command line to 'None'
[0.155s] Level 5:colcon.colcon_core.verb:set package 'gim_control' build argument 'cmake_target_skip_unavailable' from command line to 'False'
[0.155s] Level 5:colcon.colcon_core.verb:set package 'gim_control' build argument 'cmake_clean_cache' from command line to 'False'
[0.155s] Level 5:colcon.colcon_core.verb:set package 'gim_control' build argument 'cmake_clean_first' from command line to 'False'
[0.155s] Level 5:colcon.colcon_core.verb:set package 'gim_control' build argument 'cmake_force_configure' from command line to 'False'
[0.155s] Level 5:colcon.colcon_core.verb:set package 'gim_control' build argument 'ament_cmake_args' from command line to 'None'
[0.155s] Level 5:colcon.colcon_core.verb:set package 'gim_control' build argument 'catkin_cmake_args' from command line to 'None'
[0.155s] Level 5:colcon.colcon_core.verb:set package 'gim_control' build argument 'catkin_skip_building_tests' from command line to 'False'
[0.156s] DEBUG:colcon.colcon_core.verb:Building package 'gim_control' with the following arguments: {'ament_cmake_args': None, 'build_base': '/home/minh/gim60108_ws/build/gim_control', 'catkin_cmake_args': None, 'catkin_skip_building_tests': False, 'cmake_args': None, 'cmake_clean_cache': False, 'cmake_clean_first': False, 'cmake_force_configure': False, 'cmake_target': None, 'cmake_target_skip_unavailable': False, 'install_base': '/home/minh/gim60108_ws/install/gim_control', 'merge_install': False, 'path': '/home/minh/gim60108_ws/src/gim_arm_control', 'symlink_install': False, 'test_result_base': None}
[0.156s] INFO:colcon.colcon_core.executor:Executing jobs using 'parallel' executor
[0.156s] DEBUG:colcon.colcon_parallel_executor.executor.parallel:run_until_complete
[0.156s] INFO:colcon.colcon_ros.task.ament_cmake.build:Building ROS package in '/home/minh/gim60108_ws/src/gim_arm_description' with build type 'ament_cmake'
[0.156s] INFO:colcon.colcon_cmake.task.cmake.build:Building CMake package in '/home/minh/gim60108_ws/src/gim_arm_description'
[0.158s] INFO:colcon.colcon_core.plugin_system:Skipping extension 'colcon_core.shell.bat': Not used on non-Windows systems
[0.158s] INFO:colcon.colcon_core.shell:Skip shell extension 'powershell' for command environment: Not usable outside of PowerShell
[0.158s] DEBUG:colcon.colcon_core.shell:Skip shell extension 'dsv' for command environment
[0.161s] INFO:colcon.colcon_ros.task.ament_cmake.build:Building ROS package in '/home/minh/gim60108_ws/src/gim_arm_hardware' with build type 'ament_cmake'
[0.161s] INFO:colcon.colcon_cmake.task.cmake.build:Building CMake package in '/home/minh/gim60108_ws/src/gim_arm_hardware'
[0.161s] INFO:colcon.colcon_core.shell:Skip shell extension 'powershell' for command environment: Not usable outside of PowerShell
[0.161s] DEBUG:colcon.colcon_core.shell:Skip shell extension 'dsv' for command environment
[0.168s] DEBUG:colcon.colcon_core.event_handler.log_command:Invoking command in '/home/minh/gim60108_ws/build/gim_arm_description': CMAKE_PREFIX_PATH=${CMAKE_PREFIX_PATH}:/home/minh/gim60108_ws/install/gim_control:/home/minh/rehab_robot_ver2_modified/install/rehab_gui:/home/minh/rehab_robot_ver2_modified/install/my_rqt_plugin:/opt/ros/humble /home/minh/.local/bin/cmake --build /home/minh/gim60108_ws/build/gim_arm_description -- -j16 -l16
[0.173s] DEBUG:colcon.colcon_core.event_handler.log_command:Invoking command in '/home/minh/gim60108_ws/build/gim_arm_hardware': CMAKE_PREFIX_PATH=${CMAKE_PREFIX_PATH}:/home/minh/gim60108_ws/install/gim_control:/home/minh/rehab_robot_ver2_modified/install/rehab_gui:/home/minh/rehab_robot_ver2_modified/install/my_rqt_plugin:/opt/ros/humble /home/minh/.local/bin/cmake --build /home/minh/gim60108_ws/build/gim_arm_hardware -- -j16 -l16
[0.238s] DEBUG:colcon.colcon_core.event_handler.log_command:Invoked command in '/home/minh/gim60108_ws/build/gim_arm_description' returned '0': CMAKE_PREFIX_PATH=${CMAKE_PREFIX_PATH}:/home/minh/gim60108_ws/install/gim_control:/home/minh/rehab_robot_ver2_modified/install/rehab_gui:/home/minh/rehab_robot_ver2_modified/install/my_rqt_plugin:/opt/ros/humble /home/minh/.local/bin/cmake --build /home/minh/gim60108_ws/build/gim_arm_description -- -j16 -l16
[0.296s] DEBUG:colcon.colcon_core.event_handler.log_command:Invoking command in '/home/minh/gim60108_ws/build/gim_arm_description': CMAKE_PREFIX_PATH=${CMAKE_PREFIX_PATH}:/home/minh/gim60108_ws/install/gim_control:/home/minh/rehab_robot_ver2_modified/install/rehab_gui:/home/minh/rehab_robot_ver2_modified/install/my_rqt_plugin:/opt/ros/humble /home/minh/.local/bin/cmake --install /home/minh/gim60108_ws/build/gim_arm_description
[0.297s] DEBUG:colcon.colcon_core.event_handler.log_command:Invoked command in '/home/minh/gim60108_ws/build/gim_arm_hardware' returned '0': CMAKE_PREFIX_PATH=${CMAKE_PREFIX_PATH}:/home/minh/gim60108_ws/install/gim_control:/home/minh/rehab_robot_ver2_modified/install/rehab_gui:/home/minh/rehab_robot_ver2_modified/install/my_rqt_plugin:/opt/ros/humble /home/minh/.local/bin/cmake --build /home/minh/gim60108_ws/build/gim_arm_hardware -- -j16 -l16
[0.298s] DEBUG:colcon.colcon_core.event_handler.log_command:Invoking command in '/home/minh/gim60108_ws/build/gim_arm_hardware': CMAKE_PREFIX_PATH=${CMAKE_PREFIX_PATH}:/home/minh/gim60108_ws/install/gim_control:/home/minh/rehab_robot_ver2_modified/install/rehab_gui:/home/minh/rehab_robot_ver2_modified/install/my_rqt_plugin:/opt/ros/humble /home/minh/.local/bin/cmake --install /home/minh/gim60108_ws/build/gim_arm_hardware
[0.347s] Level 1:colcon.colcon_core.environment:create_environment_scripts_only(gim_arm_description)
[0.348s] DEBUG:colcon.colcon_core.event_handler.log_command:Invoked command in '/home/minh/gim60108_ws/build/gim_arm_description' returned '0': CMAKE_PREFIX_PATH=${CMAKE_PREFIX_PATH}:/home/minh/gim60108_ws/install/gim_control:/home/minh/rehab_robot_ver2_modified/install/rehab_gui:/home/minh/rehab_robot_ver2_modified/install/my_rqt_plugin:/opt/ros/humble /home/minh/.local/bin/cmake --install /home/minh/gim60108_ws/build/gim_arm_description
[0.350s] Level 1:colcon.colcon_core.environment:checking '/home/minh/gim60108_ws/install/gim_arm_description' for CMake module files
[0.351s] Level 1:colcon.colcon_core.environment:checking '/home/minh/gim60108_ws/install/gim_arm_description' for CMake config files
[0.351s] Level 1:colcon.colcon_core.shell:create_environment_hook('gim_arm_description', 'cmake_prefix_path')
[0.351s] INFO:colcon.colcon_core.shell:Creating environment hook '/home/minh/gim60108_ws/install/gim_arm_description/share/gim_arm_description/hook/cmake_prefix_path.ps1'
[0.352s] INFO:colcon.colcon_core.shell:Creating environment descriptor '/home/minh/gim60108_ws/install/gim_arm_description/share/gim_arm_description/hook/cmake_prefix_path.dsv'
[0.352s] INFO:colcon.colcon_core.shell:Creating environment hook '/home/minh/gim60108_ws/install/gim_arm_description/share/gim_arm_description/hook/cmake_prefix_path.sh'
[0.352s] Level 1:colcon.colcon_core.environment:checking '/home/minh/gim60108_ws/install/gim_arm_description/bin'
[0.352s] Level 1:colcon.colcon_core.environment:checking '/home/minh/gim60108_ws/install/gim_arm_description/lib/pkgconfig/gim_arm_description.pc'
[0.353s] Level 1:colcon.colcon_core.environment:checking '/home/minh/gim60108_ws/install/gim_arm_description/lib/python3.10/site-packages'
[0.353s] Level 1:colcon.colcon_core.environment:checking '/home/minh/gim60108_ws/install/gim_arm_description/bin'
[0.353s] INFO:colcon.colcon_core.shell:Creating package script '/home/minh/gim60108_ws/install/gim_arm_description/share/gim_arm_description/package.ps1'
[0.354s] INFO:colcon.colcon_core.shell:Creating package descriptor '/home/minh/gim60108_ws/install/gim_arm_description/share/gim_arm_description/package.dsv'
[0.354s] INFO:colcon.colcon_core.shell:Creating package script '/home/minh/gim60108_ws/install/gim_arm_description/share/gim_arm_description/package.sh'
[0.354s] INFO:colcon.colcon_core.shell:Creating package script '/home/minh/gim60108_ws/install/gim_arm_description/share/gim_arm_description/package.bash'
[0.355s] INFO:colcon.colcon_core.shell:Creating package script '/home/minh/gim60108_ws/install/gim_arm_description/share/gim_arm_description/package.zsh'
[0.355s] Level 1:colcon.colcon_core.environment:create_file_with_runtime_dependencies(/home/minh/gim60108_ws/install/gim_arm_description/share/colcon-core/packages/gim_arm_description)
[0.355s] Level 1:colcon.colcon_core.environment:create_environment_scripts_only(gim_arm_description)
[0.355s] Level 1:colcon.colcon_core.environment:checking '/home/minh/gim60108_ws/install/gim_arm_description' for CMake module files
[0.356s] Level 1:colcon.colcon_core.environment:checking '/home/minh/gim60108_ws/install/gim_arm_description' for CMake config files
[0.356s] Level 1:colcon.colcon_core.shell:create_environment_hook('gim_arm_description', 'cmake_prefix_path')
[0.356s] INFO:colcon.colcon_core.shell:Creating environment hook '/home/minh/gim60108_ws/install/gim_arm_description/share/gim_arm_description/hook/cmake_prefix_path.ps1'
[0.356s] INFO:colcon.colcon_core.shell:Creating environment descriptor '/home/minh/gim60108_ws/install/gim_arm_description/share/gim_arm_description/hook/cmake_prefix_path.dsv'
[0.356s] INFO:colcon.colcon_core.shell:Creating environment hook '/home/minh/gim60108_ws/install/gim_arm_description/share/gim_arm_description/hook/cmake_prefix_path.sh'
[0.357s] Level 1:colcon.colcon_core.environment:checking '/home/minh/gim60108_ws/install/gim_arm_description/bin'
[0.357s] Level 1:colcon.colcon_core.environment:checking '/home/minh/gim60108_ws/install/gim_arm_description/lib/pkgconfig/gim_arm_description.pc'
[0.357s] Level 1:colcon.colcon_core.environment:checking '/home/minh/gim60108_ws/install/gim_arm_description/lib/python3.10/site-packages'
[0.357s] Level 1:colcon.colcon_core.environment:checking '/home/minh/gim60108_ws/install/gim_arm_description/bin'
[0.357s] INFO:colcon.colcon_core.shell:Creating package script '/home/minh/gim60108_ws/install/gim_arm_description/share/gim_arm_description/package.ps1'
[0.358s] INFO:colcon.colcon_core.shell:Creating package descriptor '/home/minh/gim60108_ws/install/gim_arm_description/share/gim_arm_description/package.dsv'
[0.358s] INFO:colcon.colcon_core.shell:Creating package script '/home/minh/gim60108_ws/install/gim_arm_description/share/gim_arm_description/package.sh'
[0.358s] INFO:colcon.colcon_core.shell:Creating package script '/home/minh/gim60108_ws/install/gim_arm_description/share/gim_arm_description/package.bash'
[0.358s] INFO:colcon.colcon_core.shell:Creating package script '/home/minh/gim60108_ws/install/gim_arm_description/share/gim_arm_description/package.zsh'
[0.358s] Level 1:colcon.colcon_core.environment:create_file_with_runtime_dependencies(/home/minh/gim60108_ws/install/gim_arm_description/share/colcon-core/packages/gim_arm_description)
[0.359s] INFO:colcon.colcon_ros.task.ament_cmake.build:Building ROS package in '/home/minh/gim60108_ws/src/gim_arm_moveit_config' with build type 'ament_cmake'
[0.359s] INFO:colcon.colcon_cmake.task.cmake.build:Building CMake package in '/home/minh/gim60108_ws/src/gim_arm_moveit_config'
[0.359s] INFO:colcon.colcon_core.shell:Skip shell extension 'powershell' for command environment: Not usable outside of PowerShell
[0.359s] DEBUG:colcon.colcon_core.shell:Skip shell extension 'dsv' for command environment
[0.363s] INFO:colcon.colcon_ros.task.ament_python.build:Building ROS package in '/home/minh/gim60108_ws/src/gim_arm_control' with build type 'ament_python'
[0.363s] Level 1:colcon.colcon_core.shell:create_environment_hook('gim_control', 'ament_prefix_path')
[0.363s] INFO:colcon.colcon_core.shell:Creating environment hook '/home/minh/gim60108_ws/install/gim_control/share/gim_control/hook/ament_prefix_path.ps1'
[0.363s] INFO:colcon.colcon_core.shell:Creating environment descriptor '/home/minh/gim60108_ws/install/gim_control/share/gim_control/hook/ament_prefix_path.dsv'
[0.363s] INFO:colcon.colcon_core.shell:Creating environment hook '/home/minh/gim60108_ws/install/gim_control/share/gim_control/hook/ament_prefix_path.sh'
[0.364s] INFO:colcon.colcon_core.shell:Skip shell extension 'powershell' for command environment: Not usable outside of PowerShell
[0.364s] DEBUG:colcon.colcon_core.shell:Skip shell extension 'dsv' for command environment
[0.367s] Level 1:colcon.colcon_core.environment:create_environment_scripts_only(gim_arm_hardware)
[0.368s] Level 1:colcon.colcon_core.environment:checking '/home/minh/gim60108_ws/install/gim_arm_hardware' for CMake module files
[0.368s] DEBUG:colcon.colcon_core.event_handler.log_command:Invoked command in '/home/minh/gim60108_ws/build/gim_arm_hardware' returned '0': CMAKE_PREFIX_PATH=${CMAKE_PREFIX_PATH}:/home/minh/gim60108_ws/install/gim_control:/home/minh/rehab_robot_ver2_modified/install/rehab_gui:/home/minh/rehab_robot_ver2_modified/install/my_rqt_plugin:/opt/ros/humble /home/minh/.local/bin/cmake --install /home/minh/gim60108_ws/build/gim_arm_hardware
[0.368s] Level 1:colcon.colcon_core.environment:checking '/home/minh/gim60108_ws/install/gim_arm_hardware' for CMake config files
[0.368s] Level 1:colcon.colcon_core.shell:create_environment_hook('gim_arm_hardware', 'cmake_prefix_path')
[0.368s] INFO:colcon.colcon_core.shell:Creating environment hook '/home/minh/gim60108_ws/install/gim_arm_hardware/share/gim_arm_hardware/hook/cmake_prefix_path.ps1'
[0.368s] INFO:colcon.colcon_core.shell:Creating environment descriptor '/home/minh/gim60108_ws/install/gim_arm_hardware/share/gim_arm_hardware/hook/cmake_prefix_path.dsv'
[0.369s] INFO:colcon.colcon_core.shell:Creating environment hook '/home/minh/gim60108_ws/install/gim_arm_hardware/share/gim_arm_hardware/hook/cmake_prefix_path.sh'
[0.369s] Level 1:colcon.colcon_core.environment:checking '/home/minh/gim60108_ws/install/gim_arm_hardware/lib'
[0.369s] Level 1:colcon.colcon_core.shell:create_environment_hook('gim_arm_hardware', 'ld_library_path_lib')
[0.370s] INFO:colcon.colcon_core.shell:Creating environment hook '/home/minh/gim60108_ws/install/gim_arm_hardware/share/gim_arm_hardware/hook/ld_library_path_lib.ps1'
[0.371s] INFO:colcon.colcon_core.shell:Creating environment descriptor '/home/minh/gim60108_ws/install/gim_arm_hardware/share/gim_arm_hardware/hook/ld_library_path_lib.dsv'
[0.371s] INFO:colcon.colcon_core.shell:Creating environment hook '/home/minh/gim60108_ws/install/gim_arm_hardware/share/gim_arm_hardware/hook/ld_library_path_lib.sh'
[0.371s] Level 1:colcon.colcon_core.environment:checking '/home/minh/gim60108_ws/install/gim_arm_hardware/bin'
[0.372s] Level 1:colcon.colcon_core.environment:checking '/home/minh/gim60108_ws/install/gim_arm_hardware/lib/pkgconfig/gim_arm_hardware.pc'
[0.372s] Level 1:colcon.colcon_core.environment:checking '/home/minh/gim60108_ws/install/gim_arm_hardware/lib/python3.10/site-packages'
[0.372s] Level 1:colcon.colcon_core.environment:checking '/home/minh/gim60108_ws/install/gim_arm_hardware/bin'
[0.372s] INFO:colcon.colcon_core.shell:Creating package script '/home/minh/gim60108_ws/install/gim_arm_hardware/share/gim_arm_hardware/package.ps1'
[0.372s] INFO:colcon.colcon_core.shell:Creating package descriptor '/home/minh/gim60108_ws/install/gim_arm_hardware/share/gim_arm_hardware/package.dsv'
[0.373s] INFO:colcon.colcon_core.shell:Creating package script '/home/minh/gim60108_ws/install/gim_arm_hardware/share/gim_arm_hardware/package.sh'
[0.373s] INFO:colcon.colcon_core.shell:Creating package script '/home/minh/gim60108_ws/install/gim_arm_hardware/share/gim_arm_hardware/package.bash'
[0.373s] INFO:colcon.colcon_core.shell:Creating package script '/home/minh/gim60108_ws/install/gim_arm_hardware/share/gim_arm_hardware/package.zsh'
[0.373s] Level 1:colcon.colcon_core.environment:create_file_with_runtime_dependencies(/home/minh/gim60108_ws/install/gim_arm_hardware/share/colcon-core/packages/gim_arm_hardware)
[0.374s] Level 1:colcon.colcon_core.environment:create_environment_scripts_only(gim_arm_hardware)
[0.374s] Level 1:colcon.colcon_core.environment:checking '/home/minh/gim60108_ws/install/gim_arm_hardware' for CMake module files
[0.374s] Level 1:colcon.colcon_core.environment:checking '/home/minh/gim60108_ws/install/gim_arm_hardware' for CMake config files
[0.374s] Level 1:colcon.colcon_core.shell:create_environment_hook('gim_arm_hardware', 'cmake_prefix_path')
[0.374s] INFO:colcon.colcon_core.shell:Creating environment hook '/home/minh/gim60108_ws/install/gim_arm_hardware/share/gim_arm_hardware/hook/cmake_prefix_path.ps1'
[0.374s] INFO:colcon.colcon_core.shell:Creating environment descriptor '/home/minh/gim60108_ws/install/gim_arm_hardware/share/gim_arm_hardware/hook/cmake_prefix_path.dsv'
[0.374s] INFO:colcon.colcon_core.shell:Creating environment hook '/home/minh/gim60108_ws/install/gim_arm_hardware/share/gim_arm_hardware/hook/cmake_prefix_path.sh'
[0.375s] Level 1:colcon.colcon_core.environment:checking '/home/minh/gim60108_ws/install/gim_arm_hardware/lib'
[0.375s] Level 1:colcon.colcon_core.shell:create_environment_hook('gim_arm_hardware', 'ld_library_path_lib')
[0.375s] INFO:colcon.colcon_core.shell:Creating environment hook '/home/minh/gim60108_ws/install/gim_arm_hardware/share/gim_arm_hardware/hook/ld_library_path_lib.ps1'
[0.375s] INFO:colcon.colcon_core.shell:Creating environment descriptor '/home/minh/gim60108_ws/install/gim_arm_hardware/share/gim_arm_hardware/hook/ld_library_path_lib.dsv'
[0.375s] INFO:colcon.colcon_core.shell:Creating environment hook '/home/minh/gim60108_ws/install/gim_arm_hardware/share/gim_arm_hardware/hook/ld_library_path_lib.sh'
[0.376s] Level 1:colcon.colcon_core.environment:checking '/home/minh/gim60108_ws/install/gim_arm_hardware/bin'
[0.376s] Level 1:colcon.colcon_core.environment:checking '/home/minh/gim60108_ws/install/gim_arm_hardware/lib/pkgconfig/gim_arm_hardware.pc'
[0.376s] Level 1:colcon.colcon_core.environment:checking '/home/minh/gim60108_ws/install/gim_arm_hardware/lib/python3.10/site-packages'
[0.376s] Level 1:colcon.colcon_core.environment:checking '/home/minh/gim60108_ws/install/gim_arm_hardware/bin'
[0.376s] INFO:colcon.colcon_core.shell:Creating package script '/home/minh/gim60108_ws/install/gim_arm_hardware/share/gim_arm_hardware/package.ps1'
[0.376s] INFO:colcon.colcon_core.shell:Creating package descriptor '/home/minh/gim60108_ws/install/gim_arm_hardware/share/gim_arm_hardware/package.dsv'
[0.377s] INFO:colcon.colcon_core.shell:Creating package script '/home/minh/gim60108_ws/install/gim_arm_hardware/share/gim_arm_hardware/package.sh'
[0.377s] INFO:colcon.colcon_core.shell:Creating package script '/home/minh/gim60108_ws/install/gim_arm_hardware/share/gim_arm_hardware/package.bash'
[0.377s] INFO:colcon.colcon_core.shell:Creating package script '/home/minh/gim60108_ws/install/gim_arm_hardware/share/gim_arm_hardware/package.zsh'
[0.377s] Level 1:colcon.colcon_core.environment:create_file_with_runtime_dependencies(/home/minh/gim60108_ws/install/gim_arm_hardware/share/colcon-core/packages/gim_arm_hardware)
[0.380s] DEBUG:colcon.colcon_core.event_handler.log_command:Invoking command in '/home/minh/gim60108_ws/build/gim_arm_moveit_config': CMAKE_PREFIX_PATH=/home/minh/gim60108_ws/install/gim_arm_description:/home/minh/gim60108_ws/install/gim_arm_moveit_config:/home/minh/gim60108_ws/install/gim_arm_hardware:/home/minh/rehab_robot_ver2_modified/install/rehab_robot_ver2_control:/home/minh/rehab_robot_ver2_modified/install/rviz_custom_plugins:/home/minh/rehab_robot_ver2_modified/install/rehab_robot_ver2:/home/minh/rehab_robot_ver2_modified/install/gravity_compensation:/home/minh/rehab_robot_ver2_modified/install/can_odrive_interface:/home/minh/moveit_ws/install/my_robot_bringup:/home/minh/moveit_ws/install/my_robot_moveit_config:/home/minh/moveit_ws/install/my_robot_description:/home/minh/apriltag_ws/install/apriltag_ros:/home/minh/gim60108_ws/install/gim_control:/home/minh/rehab_robot_ver2_modified/install/rehab_gui:/home/minh/rehab_robot_ver2_modified/install/my_rqt_plugin:/opt/ros/humble /home/minh/.local/bin/cmake --build /home/minh/gim60108_ws/build/gim_arm_moveit_config -- -j16 -l16
[0.514s] INFO:colcon.colcon_core.task.python.build:Building Python package in '/home/minh/gim60108_ws/src/gim_arm_control'
[0.515s] INFO:colcon.colcon_core.shell:Skip shell extension 'powershell' for command environment: Not usable outside of PowerShell
[0.515s] DEBUG:colcon.colcon_core.shell:Skip shell extension 'dsv' for command environment
[0.520s] DEBUG:colcon.colcon_core.event_handler.log_command:Invoked command in '/home/minh/gim60108_ws/build/gim_arm_moveit_config' returned '0': CMAKE_PREFIX_PATH=/home/minh/gim60108_ws/install/gim_arm_description:/home/minh/gim60108_ws/install/gim_arm_moveit_config:/home/minh/gim60108_ws/install/gim_arm_hardware:/home/minh/rehab_robot_ver2_modified/install/rehab_robot_ver2_control:/home/minh/rehab_robot_ver2_modified/install/rviz_custom_plugins:/home/minh/rehab_robot_ver2_modified/install/rehab_robot_ver2:/home/minh/rehab_robot_ver2_modified/install/gravity_compensation:/home/minh/rehab_robot_ver2_modified/install/can_odrive_interface:/home/minh/moveit_ws/install/my_robot_bringup:/home/minh/moveit_ws/install/my_robot_moveit_config:/home/minh/moveit_ws/install/my_robot_description:/home/minh/apriltag_ws/install/apriltag_ros:/home/minh/gim60108_ws/install/gim_control:/home/minh/rehab_robot_ver2_modified/install/rehab_gui:/home/minh/rehab_robot_ver2_modified/install/my_rqt_plugin:/opt/ros/humble /home/minh/.local/bin/cmake --build /home/minh/gim60108_ws/build/gim_arm_moveit_config -- -j16 -l16
[0.521s] DEBUG:colcon.colcon_core.event_handler.log_command:Invoking command in '/home/minh/gim60108_ws/build/gim_arm_moveit_config': CMAKE_PREFIX_PATH=/home/minh/gim60108_ws/install/gim_arm_description:/home/minh/gim60108_ws/install/gim_arm_moveit_config:/home/minh/gim60108_ws/install/gim_arm_hardware:/home/minh/rehab_robot_ver2_modified/install/rehab_robot_ver2_control:/home/minh/rehab_robot_ver2_modified/install/rviz_custom_plugins:/home/minh/rehab_robot_ver2_modified/install/rehab_robot_ver2:/home/minh/rehab_robot_ver2_modified/install/gravity_compensation:/home/minh/rehab_robot_ver2_modified/install/can_odrive_interface:/home/minh/moveit_ws/install/my_robot_bringup:/home/minh/moveit_ws/install/my_robot_moveit_config:/home/minh/moveit_ws/install/my_robot_description:/home/minh/apriltag_ws/install/apriltag_ros:/home/minh/gim60108_ws/install/gim_control:/home/minh/rehab_robot_ver2_modified/install/rehab_gui:/home/minh/rehab_robot_ver2_modified/install/my_rqt_plugin:/opt/ros/humble /home/minh/.local/bin/cmake --install /home/minh/gim60108_ws/build/gim_arm_moveit_config
[0.579s] Level 1:colcon.colcon_core.environment:create_environment_scripts_only(gim_arm_moveit_config)
[0.580s] Level 1:colcon.colcon_core.environment:checking '/home/minh/gim60108_ws/install/gim_arm_moveit_config' for CMake module files
[0.580s] DEBUG:colcon.colcon_core.event_handler.log_command:Invoked command in '/home/minh/gim60108_ws/build/gim_arm_moveit_config' returned '0': CMAKE_PREFIX_PATH=/home/minh/gim60108_ws/install/gim_arm_description:/home/minh/gim60108_ws/install/gim_arm_moveit_config:/home/minh/gim60108_ws/install/gim_arm_hardware:/home/minh/rehab_robot_ver2_modified/install/rehab_robot_ver2_control:/home/minh/rehab_robot_ver2_modified/install/rviz_custom_plugins:/home/minh/rehab_robot_ver2_modified/install/rehab_robot_ver2:/home/minh/rehab_robot_ver2_modified/install/gravity_compensation:/home/minh/rehab_robot_ver2_modified/install/can_odrive_interface:/home/minh/moveit_ws/install/my_robot_bringup:/home/minh/moveit_ws/install/my_robot_moveit_config:/home/minh/moveit_ws/install/my_robot_description:/home/minh/apriltag_ws/install/apriltag_ros:/home/minh/gim60108_ws/install/gim_control:/home/minh/rehab_robot_ver2_modified/install/rehab_gui:/home/minh/rehab_robot_ver2_modified/install/my_rqt_plugin:/opt/ros/humble /home/minh/.local/bin/cmake --install /home/minh/gim60108_ws/build/gim_arm_moveit_config
[0.580s] Level 1:colcon.colcon_core.environment:checking '/home/minh/gim60108_ws/install/gim_arm_moveit_config' for CMake config files
[0.581s] Level 1:colcon.colcon_core.shell:create_environment_hook('gim_arm_moveit_config', 'cmake_prefix_path')
[0.581s] INFO:colcon.colcon_core.shell:Creating environment hook '/home/minh/gim60108_ws/install/gim_arm_moveit_config/share/gim_arm_moveit_config/hook/cmake_prefix_path.ps1'
[0.581s] INFO:colcon.colcon_core.shell:Creating environment descriptor '/home/minh/gim60108_ws/install/gim_arm_moveit_config/share/gim_arm_moveit_config/hook/cmake_prefix_path.dsv'
[0.581s] INFO:colcon.colcon_core.shell:Creating environment hook '/home/minh/gim60108_ws/install/gim_arm_moveit_config/share/gim_arm_moveit_config/hook/cmake_prefix_path.sh'
[0.582s] Level 1:colcon.colcon_core.environment:checking '/home/minh/gim60108_ws/install/gim_arm_moveit_config/bin'
[0.582s] Level 1:colcon.colcon_core.environment:checking '/home/minh/gim60108_ws/install/gim_arm_moveit_config/lib/pkgconfig/gim_arm_moveit_config.pc'
[0.582s] Level 1:colcon.colcon_core.environment:checking '/home/minh/gim60108_ws/install/gim_arm_moveit_config/lib/python3.10/site-packages'
[0.582s] Level 1:colcon.colcon_core.environment:checking '/home/minh/gim60108_ws/install/gim_arm_moveit_config/bin'
[0.583s] INFO:colcon.colcon_core.shell:Creating package script '/home/minh/gim60108_ws/install/gim_arm_moveit_config/share/gim_arm_moveit_config/package.ps1'
[0.583s] INFO:colcon.colcon_core.shell:Creating package descriptor '/home/minh/gim60108_ws/install/gim_arm_moveit_config/share/gim_arm_moveit_config/package.dsv'
[0.583s] INFO:colcon.colcon_core.shell:Creating package script '/home/minh/gim60108_ws/install/gim_arm_moveit_config/share/gim_arm_moveit_config/package.sh'
[0.583s] INFO:colcon.colcon_core.shell:Creating package script '/home/minh/gim60108_ws/install/gim_arm_moveit_config/share/gim_arm_moveit_config/package.bash'
[0.583s] INFO:colcon.colcon_core.shell:Creating package script '/home/minh/gim60108_ws/install/gim_arm_moveit_config/share/gim_arm_moveit_config/package.zsh'
[0.584s] Level 1:colcon.colcon_core.environment:create_file_with_runtime_dependencies(/home/minh/gim60108_ws/install/gim_arm_moveit_config/share/colcon-core/packages/gim_arm_moveit_config)
[0.584s] Level 1:colcon.colcon_core.environment:create_environment_scripts_only(gim_arm_moveit_config)
[0.584s] Level 1:colcon.colcon_core.environment:checking '/home/minh/gim60108_ws/install/gim_arm_moveit_config' for CMake module files
[0.584s] Level 1:colcon.colcon_core.environment:checking '/home/minh/gim60108_ws/install/gim_arm_moveit_config' for CMake config files
[0.585s] Level 1:colcon.colcon_core.shell:create_environment_hook('gim_arm_moveit_config', 'cmake_prefix_path')
[0.585s] INFO:colcon.colcon_core.shell:Creating environment hook '/home/minh/gim60108_ws/install/gim_arm_moveit_config/share/gim_arm_moveit_config/hook/cmake_prefix_path.ps1'
[0.585s] INFO:colcon.colcon_core.shell:Creating environment descriptor '/home/minh/gim60108_ws/install/gim_arm_moveit_config/share/gim_arm_moveit_config/hook/cmake_prefix_path.dsv'
[0.585s] INFO:colcon.colcon_core.shell:Creating environment hook '/home/minh/gim60108_ws/install/gim_arm_moveit_config/share/gim_arm_moveit_config/hook/cmake_prefix_path.sh'
[0.585s] Level 1:colcon.colcon_core.environment:checking '/home/minh/gim60108_ws/install/gim_arm_moveit_config/bin'
[0.585s] Level 1:colcon.colcon_core.environment:checking '/home/minh/gim60108_ws/install/gim_arm_moveit_config/lib/pkgconfig/gim_arm_moveit_config.pc'
[0.586s] Level 1:colcon.colcon_core.environment:checking '/home/minh/gim60108_ws/install/gim_arm_moveit_config/lib/python3.10/site-packages'
[0.586s] Level 1:colcon.colcon_core.environment:checking '/home/minh/gim60108_ws/install/gim_arm_moveit_config/bin'
[0.586s] INFO:colcon.colcon_core.shell:Creating package script '/home/minh/gim60108_ws/install/gim_arm_moveit_config/share/gim_arm_moveit_config/package.ps1'
[0.586s] INFO:colcon.colcon_core.shell:Creating package descriptor '/home/minh/gim60108_ws/install/gim_arm_moveit_config/share/gim_arm_moveit_config/package.dsv'
[0.586s] INFO:colcon.colcon_core.shell:Creating package script '/home/minh/gim60108_ws/install/gim_arm_moveit_config/share/gim_arm_moveit_config/package.sh'
[0.587s] INFO:colcon.colcon_core.shell:Creating package script '/home/minh/gim60108_ws/install/gim_arm_moveit_config/share/gim_arm_moveit_config/package.bash'
[0.587s] INFO:colcon.colcon_core.shell:Creating package script '/home/minh/gim60108_ws/install/gim_arm_moveit_config/share/gim_arm_moveit_config/package.zsh'
[0.587s] Level 1:colcon.colcon_core.environment:create_file_with_runtime_dependencies(/home/minh/gim60108_ws/install/gim_arm_moveit_config/share/colcon-core/packages/gim_arm_moveit_config)
[0.770s] DEBUG:colcon.colcon_core.task.python.build:Available setuptools commands: clean, bdist_rpm, build_py, bdist_wheel, editable_wheel, sdist, build_ext, bdist_egg, saveopts, develop, rotate, install_scripts, symlink_data, setopt, install, alias, compile_catalog, build_scripts, check, install_egg_info, extract_messages, bdist_dumb, init_catalog, dist_info, build_clib, bdist, install_data, easy_install, build, install_lib, install_headers, update_catalog, egg_info
[0.772s] DEBUG:colcon.colcon_core.event_handler.log_command:Invoking command in '/home/minh/gim60108_ws/src/gim_arm_control': CMAKE_PREFIX_PATH=/home/minh/gim60108_ws/install/gim_arm_description:/home/minh/gim60108_ws/install/gim_arm_moveit_config:/home/minh/gim60108_ws/install/gim_arm_hardware:/home/minh/rehab_robot_ver2_modified/install/rehab_robot_ver2_control:/home/minh/rehab_robot_ver2_modified/install/rviz_custom_plugins:/home/minh/rehab_robot_ver2_modified/install/rehab_robot_ver2:/home/minh/rehab_robot_ver2_modified/install/gravity_compensation:/home/minh/rehab_robot_ver2_modified/install/can_odrive_interface:/home/minh/moveit_ws/install/my_robot_bringup:/home/minh/moveit_ws/install/my_robot_moveit_config:/home/minh/moveit_ws/install/my_robot_description:/home/minh/apriltag_ws/install/apriltag_ros PYTHONPATH=/home/minh/gim60108_ws/build/gim_control/prefix_override:/usr/lib/python3/dist-packages/colcon_core/task/python/colcon_distutils_commands:/home/minh/gim60108_ws/install/gim_control/lib/python3.10/site-packages:${PYTHONPATH} /usr/bin/python3 -W ignore:setup.py install is deprecated -W ignore:easy_install command is deprecated setup.py egg_info --egg-base ../../build/gim_control build --build-base /home/minh/gim60108_ws/build/gim_control/build install --record /home/minh/gim60108_ws/build/gim_control/install.log --install-scripts $base/lib/gim_control --single-version-externally-managed install_data
[1.007s] Level 1:colcon.colcon_core.environment:checking '/home/minh/gim60108_ws/install/gim_control' for CMake module files
[1.008s] DEBUG:colcon.colcon_core.event_handler.log_command:Invoked command in '/home/minh/gim60108_ws/src/gim_arm_control' returned '0': CMAKE_PREFIX_PATH=/home/minh/gim60108_ws/install/gim_arm_description:/home/minh/gim60108_ws/install/gim_arm_moveit_config:/home/minh/gim60108_ws/install/gim_arm_hardware:/home/minh/rehab_robot_ver2_modified/install/rehab_robot_ver2_control:/home/minh/rehab_robot_ver2_modified/install/rviz_custom_plugins:/home/minh/rehab_robot_ver2_modified/install/rehab_robot_ver2:/home/minh/rehab_robot_ver2_modified/install/gravity_compensation:/home/minh/rehab_robot_ver2_modified/install/can_odrive_interface:/home/minh/moveit_ws/install/my_robot_bringup:/home/minh/moveit_ws/install/my_robot_moveit_config:/home/minh/moveit_ws/install/my_robot_description:/home/minh/apriltag_ws/install/apriltag_ros PYTHONPATH=/home/minh/gim60108_ws/build/gim_control/prefix_override:/usr/lib/python3/dist-packages/colcon_core/task/python/colcon_distutils_commands:/home/minh/gim60108_ws/install/gim_control/lib/python3.10/site-packages:${PYTHONPATH} /usr/bin/python3 -W ignore:setup.py install is deprecated -W ignore:easy_install command is deprecated setup.py egg_info --egg-base ../../build/gim_control build --build-base /home/minh/gim60108_ws/build/gim_control/build install --record /home/minh/gim60108_ws/build/gim_control/install.log --install-scripts $base/lib/gim_control --single-version-externally-managed install_data
[1.008s] Level 1:colcon.colcon_core.environment:checking '/home/minh/gim60108_ws/install/gim_control' for CMake config files
[1.008s] Level 1:colcon.colcon_core.environment:checking '/home/minh/gim60108_ws/install/gim_control/lib'
[1.008s] Level 1:colcon.colcon_core.environment:checking '/home/minh/gim60108_ws/install/gim_control/bin'
[1.008s] Level 1:colcon.colcon_core.environment:checking '/home/minh/gim60108_ws/install/gim_control/lib/pkgconfig/gim_control.pc'
[1.009s] Level 1:colcon.colcon_core.environment:checking '/home/minh/gim60108_ws/install/gim_control/lib/python3.10/site-packages'
[1.009s] Level 1:colcon.colcon_core.shell:create_environment_hook('gim_control', 'pythonpath')
[1.009s] INFO:colcon.colcon_core.shell:Creating environment hook '/home/minh/gim60108_ws/install/gim_control/share/gim_control/hook/pythonpath.ps1'
[1.009s] INFO:colcon.colcon_core.shell:Creating environment descriptor '/home/minh/gim60108_ws/install/gim_control/share/gim_control/hook/pythonpath.dsv'
[1.009s] INFO:colcon.colcon_core.shell:Creating environment hook '/home/minh/gim60108_ws/install/gim_control/share/gim_control/hook/pythonpath.sh'
[1.010s] Level 1:colcon.colcon_core.environment:checking '/home/minh/gim60108_ws/install/gim_control/bin'
[1.010s] Level 1:colcon.colcon_core.environment:create_environment_scripts_only(gim_control)
[1.010s] INFO:colcon.colcon_core.shell:Creating package script '/home/minh/gim60108_ws/install/gim_control/share/gim_control/package.ps1'
[1.010s] INFO:colcon.colcon_core.shell:Creating package descriptor '/home/minh/gim60108_ws/install/gim_control/share/gim_control/package.dsv'
[1.010s] INFO:colcon.colcon_core.shell:Creating package script '/home/minh/gim60108_ws/install/gim_control/share/gim_control/package.sh'
[1.011s] INFO:colcon.colcon_core.shell:Creating package script '/home/minh/gim60108_ws/install/gim_control/share/gim_control/package.bash'
[1.011s] INFO:colcon.colcon_core.shell:Creating package script '/home/minh/gim60108_ws/install/gim_control/share/gim_control/package.zsh'
[1.011s] Level 1:colcon.colcon_core.environment:create_file_with_runtime_dependencies(/home/minh/gim60108_ws/install/gim_control/share/colcon-core/packages/gim_control)
[1.011s] DEBUG:colcon.colcon_parallel_executor.executor.parallel:closing loop
[1.011s] DEBUG:colcon.colcon_parallel_executor.executor.parallel:loop closed
[1.011s] DEBUG:colcon.colcon_parallel_executor.executor.parallel:run_until_complete finished with '0'
[1.011s] DEBUG:colcon.colcon_core.event_reactor:joining thread
[1.016s] INFO:colcon.colcon_core.plugin_system:Skipping extension 'colcon_notification.desktop_notification.terminal_notifier': Not used on non-Darwin systems
[1.016s] INFO:colcon.colcon_core.plugin_system:Skipping extension 'colcon_notification.desktop_notification.win32': Not used on non-Windows systems
[1.016s] INFO:colcon.colcon_notification.desktop_notification:Sending desktop notification using 'notify2'
[1.026s] DEBUG:colcon.colcon_core.event_reactor:joined thread
[1.026s] INFO:colcon.colcon_core.shell:Creating prefix script '/home/minh/gim60108_ws/install/local_setup.ps1'
[1.027s] INFO:colcon.colcon_core.shell:Creating prefix util module '/home/minh/gim60108_ws/install/_local_setup_util_ps1.py'
[1.028s] INFO:colcon.colcon_core.shell:Creating prefix chain script '/home/minh/gim60108_ws/install/setup.ps1'
[1.029s] INFO:colcon.colcon_core.shell:Creating prefix script '/home/minh/gim60108_ws/install/local_setup.sh'
[1.029s] INFO:colcon.colcon_core.shell:Creating prefix util module '/home/minh/gim60108_ws/install/_local_setup_util_sh.py'
[1.030s] INFO:colcon.colcon_core.shell:Creating prefix chain script '/home/minh/gim60108_ws/install/setup.sh'
[1.031s] INFO:colcon.colcon_core.shell:Creating prefix script '/home/minh/gim60108_ws/install/local_setup.bash'
[1.031s] INFO:colcon.colcon_core.shell:Creating prefix chain script '/home/minh/gim60108_ws/install/setup.bash'
[1.032s] INFO:colcon.colcon_core.shell:Creating prefix script '/home/minh/gim60108_ws/install/local_setup.zsh'
[1.032s] INFO:colcon.colcon_core.shell:Creating prefix chain script '/home/minh/gim60108_ws/install/setup.zsh'
