[0.010s] Invoking command in '/home/minh/gim60108_ws/build/gim_arm_hardware': CMAKE_PREFIX_PATH=${CMAKE_PREFIX_PATH}:/home/minh/gim60108_ws/install/gim_control:/home/minh/rehab_robot_ver2_modified/install/rehab_gui:/home/minh/rehab_robot_ver2_modified/install/my_rqt_plugin:/opt/ros/humble /home/minh/.local/bin/cmake /home/minh/gim60108_ws/src/gim_arm_hardware -DCMAKE_INSTALL_PREFIX=/home/minh/gim60108_ws/install/gim_arm_hardware
[0.066s] [0mCMake Deprecation Warning at CMakeLists.txt:1 (cmake_minimum_required):
[0.066s]   Compatibility with CMake < 3.10 will be removed from a future version of
[0.066s]   CMake.
[0.066s] 
[0.066s]   Update the VERSION argument <min> value.  Or, use the <min>...<max> syntax
[0.066s]   to tell CMake that the project requires at least <min> but has been updated
[0.066s]   to work with policies introduced by <max> or earlier.
[0.066s] 
[0.066s] [0m
[0.070s] -- Found ament_cmake: 1.3.14 (/opt/ros/humble/share/ament_cmake/cmake)
[0.217s] -- Found rclcpp: 16.0.19 (/opt/ros/humble/share/rclcpp/cmake)
[0.249s] -- Found rosidl_generator_c: 3.1.9 (/opt/ros/humble/share/rosidl_generator_c/cmake)
[0.250s] -- Found rosidl_adapter: 3.1.9 (/opt/ros/humble/share/rosidl_adapter/cmake)
[0.255s] -- Found rosidl_generator_cpp: 3.1.9 (/opt/ros/humble/share/rosidl_generator_cpp/cmake)
[0.262s] -- Using all available rosidl_typesupport_c: rosidl_typesupport_fastrtps_c;rosidl_typesupport_introspection_c
[0.271s] -- Using all available rosidl_typesupport_cpp: rosidl_typesupport_fastrtps_cpp;rosidl_typesupport_introspection_cpp
[0.298s] -- Found rmw_implementation_cmake: 6.1.2 (/opt/ros/humble/share/rmw_implementation_cmake/cmake)
[0.299s] -- Found rmw_cyclonedds_cpp: 1.3.4 (/opt/ros/humble/share/rmw_cyclonedds_cpp/cmake)
[0.313s] -- Using RMW implementation 'rmw_cyclonedds_cpp' as default
[0.362s] -- Found hardware_interface: 2.54.0 (/opt/ros/humble/share/hardware_interface/cmake)
[0.550s] -- Configuring done (0.5s)
[0.560s] -- Generating done (0.0s)
[0.562s] -- Build files have been written to: /home/minh/gim60108_ws/build/gim_arm_hardware
[0.629s] Invoked command in '/home/minh/gim60108_ws/build/gim_arm_hardware' returned '0': CMAKE_PREFIX_PATH=${CMAKE_PREFIX_PATH}:/home/minh/gim60108_ws/install/gim_control:/home/minh/rehab_robot_ver2_modified/install/rehab_gui:/home/minh/rehab_robot_ver2_modified/install/my_rqt_plugin:/opt/ros/humble /home/minh/.local/bin/cmake /home/minh/gim60108_ws/src/gim_arm_hardware -DCMAKE_INSTALL_PREFIX=/home/minh/gim60108_ws/install/gim_arm_hardware
[0.629s] Invoking command in '/home/minh/gim60108_ws/build/gim_arm_hardware': CMAKE_PREFIX_PATH=${CMAKE_PREFIX_PATH}:/home/minh/gim60108_ws/install/gim_control:/home/minh/rehab_robot_ver2_modified/install/rehab_gui:/home/minh/rehab_robot_ver2_modified/install/my_rqt_plugin:/opt/ros/humble /home/minh/.local/bin/cmake --build /home/minh/gim60108_ws/build/gim_arm_hardware -- -j16 -l16
[0.711s] [100%] Built target gim_arm_system_hardware
[0.717s] Invoked command in '/home/minh/gim60108_ws/build/gim_arm_hardware' returned '0': CMAKE_PREFIX_PATH=${CMAKE_PREFIX_PATH}:/home/minh/gim60108_ws/install/gim_control:/home/minh/rehab_robot_ver2_modified/install/rehab_gui:/home/minh/rehab_robot_ver2_modified/install/my_rqt_plugin:/opt/ros/humble /home/minh/.local/bin/cmake --build /home/minh/gim60108_ws/build/gim_arm_hardware -- -j16 -l16
[0.719s] Invoking command in '/home/minh/gim60108_ws/build/gim_arm_hardware': CMAKE_PREFIX_PATH=${CMAKE_PREFIX_PATH}:/home/minh/gim60108_ws/install/gim_control:/home/minh/rehab_robot_ver2_modified/install/rehab_gui:/home/minh/rehab_robot_ver2_modified/install/my_rqt_plugin:/opt/ros/humble /home/minh/.local/bin/cmake --install /home/minh/gim60108_ws/build/gim_arm_hardware
[0.773s] -- Install configuration: ""
[0.773s] -- Up-to-date: /home/minh/gim60108_ws/install/gim_arm_hardware/share/gim_arm_hardware/gim_arm_hardware.xml
[0.773s] -- Up-to-date: /home/minh/gim60108_ws/install/gim_arm_hardware/lib/libgim_arm_system_hardware.so
[0.773s] -- Up-to-date: /home/minh/gim60108_ws/install/gim_arm_hardware/include
[0.773s] -- Up-to-date: /home/minh/gim60108_ws/install/gim_arm_hardware/include/gim_arm_hardware
[0.774s] -- Up-to-date: /home/minh/gim60108_ws/install/gim_arm_hardware/include/gim_arm_hardware/gim_arm_system.hpp
[0.774s] -- Up-to-date: /home/minh/gim60108_ws/install/gim_arm_hardware/share/gim_arm_hardware/gim_arm_hardware.xml
[0.774s] -- Up-to-date: /home/minh/gim60108_ws/install/gim_arm_hardware/share/gim_arm_hardware/environment/library_path.sh
[0.774s] -- Installing: /home/minh/gim60108_ws/install/gim_arm_hardware/share/gim_arm_hardware/environment/library_path.dsv
[0.774s] -- Up-to-date: /home/minh/gim60108_ws/install/gim_arm_hardware/share/ament_index/resource_index/package_run_dependencies/gim_arm_hardware
[0.774s] -- Up-to-date: /home/minh/gim60108_ws/install/gim_arm_hardware/share/ament_index/resource_index/parent_prefix_path/gim_arm_hardware
[0.774s] -- Up-to-date: /home/minh/gim60108_ws/install/gim_arm_hardware/share/gim_arm_hardware/environment/ament_prefix_path.sh
[0.774s] -- Installing: /home/minh/gim60108_ws/install/gim_arm_hardware/share/gim_arm_hardware/environment/ament_prefix_path.dsv
[0.774s] -- Up-to-date: /home/minh/gim60108_ws/install/gim_arm_hardware/share/gim_arm_hardware/environment/path.sh
[0.774s] -- Installing: /home/minh/gim60108_ws/install/gim_arm_hardware/share/gim_arm_hardware/environment/path.dsv
[0.774s] -- Up-to-date: /home/minh/gim60108_ws/install/gim_arm_hardware/share/gim_arm_hardware/local_setup.bash
[0.774s] -- Up-to-date: /home/minh/gim60108_ws/install/gim_arm_hardware/share/gim_arm_hardware/local_setup.sh
[0.774s] -- Up-to-date: /home/minh/gim60108_ws/install/gim_arm_hardware/share/gim_arm_hardware/local_setup.zsh
[0.774s] -- Installing: /home/minh/gim60108_ws/install/gim_arm_hardware/share/gim_arm_hardware/local_setup.dsv
[0.774s] -- Installing: /home/minh/gim60108_ws/install/gim_arm_hardware/share/gim_arm_hardware/package.dsv
[0.774s] -- Up-to-date: /home/minh/gim60108_ws/install/gim_arm_hardware/share/ament_index/resource_index/packages/gim_arm_hardware
[0.774s] -- Up-to-date: /home/minh/gim60108_ws/install/gim_arm_hardware/share/ament_index/resource_index/hardware_interface__pluginlib__plugin/gim_arm_hardware
[0.774s] -- Up-to-date: /home/minh/gim60108_ws/install/gim_arm_hardware/share/gim_arm_hardware/cmake/ament_cmake_export_include_directories-extras.cmake
[0.774s] -- Up-to-date: /home/minh/gim60108_ws/install/gim_arm_hardware/share/gim_arm_hardware/cmake/ament_cmake_export_libraries-extras.cmake
[0.774s] -- Up-to-date: /home/minh/gim60108_ws/install/gim_arm_hardware/share/gim_arm_hardware/cmake/ament_cmake_export_dependencies-extras.cmake
[0.774s] -- Up-to-date: /home/minh/gim60108_ws/install/gim_arm_hardware/share/gim_arm_hardware/cmake/gim_arm_hardwareConfig.cmake
[0.774s] -- Up-to-date: /home/minh/gim60108_ws/install/gim_arm_hardware/share/gim_arm_hardware/cmake/gim_arm_hardwareConfig-version.cmake
[0.775s] -- Up-to-date: /home/minh/gim60108_ws/install/gim_arm_hardware/share/gim_arm_hardware/package.xml
[0.776s] Invoked command in '/home/minh/gim60108_ws/build/gim_arm_hardware' returned '0': CMAKE_PREFIX_PATH=${CMAKE_PREFIX_PATH}:/home/minh/gim60108_ws/install/gim_control:/home/minh/rehab_robot_ver2_modified/install/rehab_gui:/home/minh/rehab_robot_ver2_modified/install/my_rqt_plugin:/opt/ros/humble /home/minh/.local/bin/cmake --install /home/minh/gim60108_ws/build/gim_arm_hardware
