[0.027s] Invoking command in '/home/minh/gim60108_ws/build/gim_arm_moveit_config': CMAKE_PREFIX_PATH=/home/minh/gim60108_ws/install/gim_arm_description:/home/minh/gim60108_ws/install/gim_arm_moveit_config:/home/minh/gim60108_ws/install/gim_arm_hardware:/home/minh/rehab_robot_ver2_modified/install/rehab_robot_ver2_control:/home/minh/rehab_robot_ver2_modified/install/rviz_custom_plugins:/home/minh/rehab_robot_ver2_modified/install/rehab_robot_ver2:/home/minh/rehab_robot_ver2_modified/install/gravity_compensation:/home/minh/rehab_robot_ver2_modified/install/can_odrive_interface:/home/minh/moveit_ws/install/my_robot_bringup:/home/minh/moveit_ws/install/my_robot_moveit_config:/home/minh/moveit_ws/install/my_robot_description:/home/minh/apriltag_ws/install/apriltag_ros:/home/minh/gim60108_ws/install/gim_control:/home/minh/rehab_robot_ver2_modified/install/rehab_gui:/home/minh/rehab_robot_ver2_modified/install/my_rqt_plugin:/opt/ros/humble /home/minh/.local/bin/cmake /home/minh/gim60108_ws/src/gim_arm_moveit_config -DCMAKE_INSTALL_PREFIX=/home/minh/gim60108_ws/install/gim_arm_moveit_config
[0.164s] -- Found ament_cmake: 1.3.14 (/opt/ros/humble/share/ament_cmake/cmake)
[0.304s] -- Configuring done (0.2s)
[0.307s] -- Generating done (0.0s)
[0.307s] -- Build files have been written to: /home/minh/gim60108_ws/build/gim_arm_moveit_config
[0.310s] Invoked command in '/home/minh/gim60108_ws/build/gim_arm_moveit_config' returned '0': CMAKE_PREFIX_PATH=/home/minh/gim60108_ws/install/gim_arm_description:/home/minh/gim60108_ws/install/gim_arm_moveit_config:/home/minh/gim60108_ws/install/gim_arm_hardware:/home/minh/rehab_robot_ver2_modified/install/rehab_robot_ver2_control:/home/minh/rehab_robot_ver2_modified/install/rviz_custom_plugins:/home/minh/rehab_robot_ver2_modified/install/rehab_robot_ver2:/home/minh/rehab_robot_ver2_modified/install/gravity_compensation:/home/minh/rehab_robot_ver2_modified/install/can_odrive_interface:/home/minh/moveit_ws/install/my_robot_bringup:/home/minh/moveit_ws/install/my_robot_moveit_config:/home/minh/moveit_ws/install/my_robot_description:/home/minh/apriltag_ws/install/apriltag_ros:/home/minh/gim60108_ws/install/gim_control:/home/minh/rehab_robot_ver2_modified/install/rehab_gui:/home/minh/rehab_robot_ver2_modified/install/my_rqt_plugin:/opt/ros/humble /home/minh/.local/bin/cmake /home/minh/gim60108_ws/src/gim_arm_moveit_config -DCMAKE_INSTALL_PREFIX=/home/minh/gim60108_ws/install/gim_arm_moveit_config
[0.311s] Invoking command in '/home/minh/gim60108_ws/build/gim_arm_moveit_config': CMAKE_PREFIX_PATH=/home/minh/gim60108_ws/install/gim_arm_description:/home/minh/gim60108_ws/install/gim_arm_moveit_config:/home/minh/gim60108_ws/install/gim_arm_hardware:/home/minh/rehab_robot_ver2_modified/install/rehab_robot_ver2_control:/home/minh/rehab_robot_ver2_modified/install/rviz_custom_plugins:/home/minh/rehab_robot_ver2_modified/install/rehab_robot_ver2:/home/minh/rehab_robot_ver2_modified/install/gravity_compensation:/home/minh/rehab_robot_ver2_modified/install/can_odrive_interface:/home/minh/moveit_ws/install/my_robot_bringup:/home/minh/moveit_ws/install/my_robot_moveit_config:/home/minh/moveit_ws/install/my_robot_description:/home/minh/apriltag_ws/install/apriltag_ros:/home/minh/gim60108_ws/install/gim_control:/home/minh/rehab_robot_ver2_modified/install/rehab_gui:/home/minh/rehab_robot_ver2_modified/install/my_rqt_plugin:/opt/ros/humble /home/minh/.local/bin/cmake --build /home/minh/gim60108_ws/build/gim_arm_moveit_config -- -j16 -l16
[0.376s] Invoked command in '/home/minh/gim60108_ws/build/gim_arm_moveit_config' returned '0': CMAKE_PREFIX_PATH=/home/minh/gim60108_ws/install/gim_arm_description:/home/minh/gim60108_ws/install/gim_arm_moveit_config:/home/minh/gim60108_ws/install/gim_arm_hardware:/home/minh/rehab_robot_ver2_modified/install/rehab_robot_ver2_control:/home/minh/rehab_robot_ver2_modified/install/rviz_custom_plugins:/home/minh/rehab_robot_ver2_modified/install/rehab_robot_ver2:/home/minh/rehab_robot_ver2_modified/install/gravity_compensation:/home/minh/rehab_robot_ver2_modified/install/can_odrive_interface:/home/minh/moveit_ws/install/my_robot_bringup:/home/minh/moveit_ws/install/my_robot_moveit_config:/home/minh/moveit_ws/install/my_robot_description:/home/minh/apriltag_ws/install/apriltag_ros:/home/minh/gim60108_ws/install/gim_control:/home/minh/rehab_robot_ver2_modified/install/rehab_gui:/home/minh/rehab_robot_ver2_modified/install/my_rqt_plugin:/opt/ros/humble /home/minh/.local/bin/cmake --build /home/minh/gim60108_ws/build/gim_arm_moveit_config -- -j16 -l16
[0.377s] Invoking command in '/home/minh/gim60108_ws/build/gim_arm_moveit_config': CMAKE_PREFIX_PATH=/home/minh/gim60108_ws/install/gim_arm_description:/home/minh/gim60108_ws/install/gim_arm_moveit_config:/home/minh/gim60108_ws/install/gim_arm_hardware:/home/minh/rehab_robot_ver2_modified/install/rehab_robot_ver2_control:/home/minh/rehab_robot_ver2_modified/install/rviz_custom_plugins:/home/minh/rehab_robot_ver2_modified/install/rehab_robot_ver2:/home/minh/rehab_robot_ver2_modified/install/gravity_compensation:/home/minh/rehab_robot_ver2_modified/install/can_odrive_interface:/home/minh/moveit_ws/install/my_robot_bringup:/home/minh/moveit_ws/install/my_robot_moveit_config:/home/minh/moveit_ws/install/my_robot_description:/home/minh/apriltag_ws/install/apriltag_ros:/home/minh/gim60108_ws/install/gim_control:/home/minh/rehab_robot_ver2_modified/install/rehab_gui:/home/minh/rehab_robot_ver2_modified/install/my_rqt_plugin:/opt/ros/humble /home/minh/.local/bin/cmake --install /home/minh/gim60108_ws/build/gim_arm_moveit_config
[0.436s] -- Install configuration: ""
[0.436s] -- Up-to-date: /home/minh/gim60108_ws/install/gim_arm_moveit_config/share/ament_index/resource_index/package_run_dependencies/gim_arm_moveit_config
[0.436s] -- Up-to-date: /home/minh/gim60108_ws/install/gim_arm_moveit_config/share/ament_index/resource_index/parent_prefix_path/gim_arm_moveit_config
[0.436s] -- Up-to-date: /home/minh/gim60108_ws/install/gim_arm_moveit_config/share/gim_arm_moveit_config/environment/ament_prefix_path.sh
[0.436s] -- Installing: /home/minh/gim60108_ws/install/gim_arm_moveit_config/share/gim_arm_moveit_config/environment/ament_prefix_path.dsv
[0.436s] -- Up-to-date: /home/minh/gim60108_ws/install/gim_arm_moveit_config/share/gim_arm_moveit_config/environment/path.sh
[0.436s] -- Installing: /home/minh/gim60108_ws/install/gim_arm_moveit_config/share/gim_arm_moveit_config/environment/path.dsv
[0.436s] -- Up-to-date: /home/minh/gim60108_ws/install/gim_arm_moveit_config/share/gim_arm_moveit_config/local_setup.bash
[0.436s] -- Up-to-date: /home/minh/gim60108_ws/install/gim_arm_moveit_config/share/gim_arm_moveit_config/local_setup.sh
[0.436s] -- Up-to-date: /home/minh/gim60108_ws/install/gim_arm_moveit_config/share/gim_arm_moveit_config/local_setup.zsh
[0.436s] -- Installing: /home/minh/gim60108_ws/install/gim_arm_moveit_config/share/gim_arm_moveit_config/local_setup.dsv
[0.436s] -- Installing: /home/minh/gim60108_ws/install/gim_arm_moveit_config/share/gim_arm_moveit_config/package.dsv
[0.436s] -- Up-to-date: /home/minh/gim60108_ws/install/gim_arm_moveit_config/share/ament_index/resource_index/packages/gim_arm_moveit_config
[0.436s] -- Up-to-date: /home/minh/gim60108_ws/install/gim_arm_moveit_config/share/gim_arm_moveit_config/cmake/gim_arm_moveit_configConfig.cmake
[0.437s] -- Up-to-date: /home/minh/gim60108_ws/install/gim_arm_moveit_config/share/gim_arm_moveit_config/cmake/gim_arm_moveit_configConfig-version.cmake
[0.437s] -- Up-to-date: /home/minh/gim60108_ws/install/gim_arm_moveit_config/share/gim_arm_moveit_config/package.xml
[0.437s] -- Up-to-date: /home/minh/gim60108_ws/install/gim_arm_moveit_config/share/gim_arm_moveit_config/launch
[0.437s] -- Up-to-date: /home/minh/gim60108_ws/install/gim_arm_moveit_config/share/gim_arm_moveit_config/launch/spawn_controllers.launch.py
[0.437s] -- Up-to-date: /home/minh/gim60108_ws/install/gim_arm_moveit_config/share/gim_arm_moveit_config/launch/static_virtual_joint_tfs.launch.py
[0.437s] -- Up-to-date: /home/minh/gim60108_ws/install/gim_arm_moveit_config/share/gim_arm_moveit_config/launch/demo.launch.py
[0.437s] -- Up-to-date: /home/minh/gim60108_ws/install/gim_arm_moveit_config/share/gim_arm_moveit_config/launch/move_group.launch.py
[0.437s] -- Up-to-date: /home/minh/gim60108_ws/install/gim_arm_moveit_config/share/gim_arm_moveit_config/launch/moveit_rviz.launch.py
[0.437s] -- Up-to-date: /home/minh/gim60108_ws/install/gim_arm_moveit_config/share/gim_arm_moveit_config/launch/setup_assistant.launch.py
[0.437s] -- Up-to-date: /home/minh/gim60108_ws/install/gim_arm_moveit_config/share/gim_arm_moveit_config/launch/rsp.launch.py
[0.437s] -- Up-to-date: /home/minh/gim60108_ws/install/gim_arm_moveit_config/share/gim_arm_moveit_config/launch/warehouse_db.launch.py
[0.437s] -- Up-to-date: /home/minh/gim60108_ws/install/gim_arm_moveit_config/share/gim_arm_moveit_config/config
[0.437s] -- Up-to-date: /home/minh/gim60108_ws/install/gim_arm_moveit_config/share/gim_arm_moveit_config/config/joint_limits.yaml
[0.437s] -- Up-to-date: /home/minh/gim60108_ws/install/gim_arm_moveit_config/share/gim_arm_moveit_config/config/moveit.rviz
[0.437s] -- Up-to-date: /home/minh/gim60108_ws/install/gim_arm_moveit_config/share/gim_arm_moveit_config/config/gim_arm.ros2_control.xacro
[0.437s] -- Up-to-date: /home/minh/gim60108_ws/install/gim_arm_moveit_config/share/gim_arm_moveit_config/config/initial_positions.yaml
[0.437s] -- Up-to-date: /home/minh/gim60108_ws/install/gim_arm_moveit_config/share/gim_arm_moveit_config/config/ros2_controllers.yaml
[0.437s] -- Up-to-date: /home/minh/gim60108_ws/install/gim_arm_moveit_config/share/gim_arm_moveit_config/config/gim_arm.urdf.xacro
[0.437s] -- Up-to-date: /home/minh/gim60108_ws/install/gim_arm_moveit_config/share/gim_arm_moveit_config/config/pilz_cartesian_limits.yaml
[0.437s] -- Up-to-date: /home/minh/gim60108_ws/install/gim_arm_moveit_config/share/gim_arm_moveit_config/config/gim_arm.srdf
[0.437s] -- Up-to-date: /home/minh/gim60108_ws/install/gim_arm_moveit_config/share/gim_arm_moveit_config/config/kinematics.yaml
[0.437s] -- Up-to-date: /home/minh/gim60108_ws/install/gim_arm_moveit_config/share/gim_arm_moveit_config/config/moveit_controllers.yaml
[0.437s] -- Up-to-date: /home/minh/gim60108_ws/install/gim_arm_moveit_config/share/gim_arm_moveit_config/.setup_assistant
[0.438s] Invoked command in '/home/minh/gim60108_ws/build/gim_arm_moveit_config' returned '0': CMAKE_PREFIX_PATH=/home/minh/gim60108_ws/install/gim_arm_description:/home/minh/gim60108_ws/install/gim_arm_moveit_config:/home/minh/gim60108_ws/install/gim_arm_hardware:/home/minh/rehab_robot_ver2_modified/install/rehab_robot_ver2_control:/home/minh/rehab_robot_ver2_modified/install/rviz_custom_plugins:/home/minh/rehab_robot_ver2_modified/install/rehab_robot_ver2:/home/minh/rehab_robot_ver2_modified/install/gravity_compensation:/home/minh/rehab_robot_ver2_modified/install/can_odrive_interface:/home/minh/moveit_ws/install/my_robot_bringup:/home/minh/moveit_ws/install/my_robot_moveit_config:/home/minh/moveit_ws/install/my_robot_description:/home/minh/apriltag_ws/install/apriltag_ros:/home/minh/gim60108_ws/install/gim_control:/home/minh/rehab_robot_ver2_modified/install/rehab_gui:/home/minh/rehab_robot_ver2_modified/install/my_rqt_plugin:/opt/ros/humble /home/minh/.local/bin/cmake --install /home/minh/gim60108_ws/build/gim_arm_moveit_config
