[0.017s] Invoking command in '/home/minh/git_gim_ws/GIM_Arm_3_DOF/build/gim_arm_hardware': CMAKE_PREFIX_PATH=${CMAKE_PREFIX_PATH}:/home/minh/git_gim_ws/GIM_Arm_3_DOF/install/gim_control:/home/minh/rehab_robot_ver2_modified/install/rehab_gui:/home/minh/rehab_robot_ver2_modified/install/my_rqt_plugin:/opt/ros/humble /home/minh/.local/bin/cmake /home/minh/git_gim_ws/GIM_Arm_3_DOF/src/gim_arm_hardware -DCMAKE_INSTALL_PREFIX=/home/minh/git_gim_ws/GIM_Arm_3_DOF/install/gim_arm_hardware
[0.108s] [0mCMake Deprecation Warning at CMakeLists.txt:1 (cmake_minimum_required):
[0.108s]   Compatibility with CMake < 3.10 will be removed from a future version of
[0.108s]   CMake.
[0.108s] 
[0.108s]   Update the VERSION argument <min> value.  Or, use the <min>...<max> syntax
[0.108s]   to tell CMake that the project requires at least <min> but has been updated
[0.108s]   to work with policies introduced by <max> or earlier.
[0.108s] 
[0.108s] [0m
[0.114s] -- Found ament_cmake: 1.3.14 (/opt/ros/humble/share/ament_cmake/cmake)
[0.153s] -- Found Python3: /usr/bin/python3 (found version "3.10.12") found components: Interpreter
[0.219s] -- Override CMake install command with custom implementation using symlinks instead of copying resources
[0.226s] -- Found rclcpp: 16.0.19 (/opt/ros/humble/share/rclcpp/cmake)
[0.259s] -- Found rosidl_generator_c: 3.1.9 (/opt/ros/humble/share/rosidl_generator_c/cmake)
[0.261s] -- Found rosidl_adapter: 3.1.9 (/opt/ros/humble/share/rosidl_adapter/cmake)
[0.267s] -- Found rosidl_generator_cpp: 3.1.9 (/opt/ros/humble/share/rosidl_generator_cpp/cmake)
[0.278s] -- Using all available rosidl_typesupport_c: rosidl_typesupport_fastrtps_c;rosidl_typesupport_introspection_c
[0.291s] -- Using all available rosidl_typesupport_cpp: rosidl_typesupport_fastrtps_cpp;rosidl_typesupport_introspection_cpp
[0.332s] -- Found rmw_implementation_cmake: 6.1.2 (/opt/ros/humble/share/rmw_implementation_cmake/cmake)
[0.333s] -- Found rmw_cyclonedds_cpp: 1.3.4 (/opt/ros/humble/share/rmw_cyclonedds_cpp/cmake)
[0.352s] -- Using RMW implementation 'rmw_cyclonedds_cpp' as default
[0.414s] -- Found hardware_interface: 2.54.0 (/opt/ros/humble/share/hardware_interface/cmake)
[0.555s] [33mCMake Warning (dev) at /home/minh/.local/lib/python3.10/site-packages/cmake/data/share/cmake-4.1/Modules/CMakeFindDependencyMacro.cmake:78 (find_package):
[0.555s]   Policy CMP0167 is not set: The FindBoost module is removed.  Run "cmake
[0.555s]   --help-policy CMP0167" for policy details.  Use the cmake_policy command to
[0.555s]   set the policy and suppress this warning.
[0.556s] 
[0.556s] Call Stack (most recent call first):
[0.556s]   /opt/ros/humble/lib/x86_64-linux-gnu/cmake/pinocchio/pinocchioConfig.cmake:183 (find_dependency)
[0.556s]   CMakeLists.txt:17 (find_package)
[0.556s] This warning is for project developers.  Use -Wno-dev to suppress it.
[0.556s] [0m
[0.559s] -- Found Boost: /usr/include (found version "1.74.0") found components: filesystem serialization
[0.560s] -- eigenpy FOUND. eigenpy at /opt/ros/humble/lib/x86_64-linux-gnu/libeigenpy.so
[0.587s] -- Checking for NumPy
[0.770s] --   NUMPY_INCLUDE_DIRS=/home/minh/.local/lib/python3.10/site-packages/numpy/core/include
[0.861s] --   NUMPY_VERSION=1.26.4
[1.069s] -- Found Python3: /usr/bin/python3 (found version "3.10.12") found components: Interpreter Development.Module NumPy
[1.070s] -- PythonLibraryDirs: 
[1.070s] -- PythonLibVersionString: 3.10.12
[1.089s] -- Python site lib: lib/python3.10/site-packages
[1.089s] -- Python include dirs: /usr/include/python3.10
[1.132s] -- Checking for NumPy
[1.226s] --   NUMPY_INCLUDE_DIRS=/home/minh/.local/lib/python3.10/site-packages/numpy/core/include
[1.321s] --   NUMPY_VERSION=1.26.4
[1.322s] -- NumPy include dir: /home/minh/.local/lib/python3.10/site-packages/numpy/core/include
[1.322s] [33mCMake Warning (dev) at /opt/ros/humble/lib/x86_64-linux-gnu/cmake/eigenpy/boost.cmake:146 (find_package):
[1.322s]   Policy CMP0167 is not set: The FindBoost module is removed.  Run "cmake
[1.322s]   --help-policy CMP0167" for policy details.  Use the cmake_policy command to
[1.322s]   set the policy and suppress this warning.
[1.322s] 
[1.323s] Call Stack (most recent call first):
[1.323s]   /opt/ros/humble/lib/x86_64-linux-gnu/cmake/eigenpy/eigenpyConfig.cmake:172 (SEARCH_FOR_BOOST_PYTHON)
[1.323s]   /home/minh/.local/lib/python3.10/site-packages/cmake/data/share/cmake-4.1/Modules/CMakeFindDependencyMacro.cmake:78 (find_package)
[1.323s]   /opt/ros/humble/lib/x86_64-linux-gnu/cmake/pinocchio/pinocchioConfig.cmake:184 (find_dependency)
[1.323s]   CMakeLists.txt:17 (find_package)
[1.323s] This warning is for project developers.  Use -Wno-dev to suppress it.
[1.323s] [0m
[1.326s] -- Found Boost: /usr/include (found version "1.74.0") found components: python310
[1.537s] -- Default C++ standard: 201703
[1.537s] -- C++ standard sufficient: Minimal required 17, currently defined: 17
[1.537s] -- CMAKE_CXX_STANDARD was not set: automatically set to currently defined standard 17
[1.538s] -- coal FOUND. coal at /opt/ros/humble/lib/x86_64-linux-gnu/libcoal.so
[1.538s] [33mCMake Warning (dev) at /home/minh/.local/lib/python3.10/site-packages/cmake/data/share/cmake-4.1/Modules/CMakeFindDependencyMacro.cmake:78 (find_package):
[1.538s]   Policy CMP0167 is not set: The FindBoost module is removed.  Run "cmake
[1.538s]   --help-policy CMP0167" for policy details.  Use the cmake_policy command to
[1.539s]   set the policy and suppress this warning.
[1.539s] 
[1.539s] Call Stack (most recent call first):
[1.539s]   /opt/ros/humble/lib/x86_64-linux-gnu/cmake/coal/coalConfig.cmake:154 (find_dependency)
[1.539s]   /home/minh/.local/lib/python3.10/site-packages/cmake/data/share/cmake-4.1/Modules/CMakeFindDependencyMacro.cmake:78 (find_package)
[1.539s]   /opt/ros/humble/lib/x86_64-linux-gnu/cmake/pinocchio/pinocchioConfig.cmake:186 (find_dependency)
[1.539s]   CMakeLists.txt:17 (find_package)
[1.539s] This warning is for project developers.  Use -Wno-dev to suppress it.
[1.539s] [0m
[1.542s] -- Found Boost: /usr/include (found version "1.74.0") found components: serialization filesystem
[1.543s] -- C++ standard sufficient: Minimal required 17, currently defined: 17
[1.544s] -- C++ standard sufficient: Minimal required 17, currently defined: 17
[1.607s] -- Configuring done (1.5s)
[1.619s] -- Generating done (0.0s)
[1.622s] -- Build files have been written to: /home/minh/git_gim_ws/GIM_Arm_3_DOF/build/gim_arm_hardware
[1.633s] Invoked command in '/home/minh/git_gim_ws/GIM_Arm_3_DOF/build/gim_arm_hardware' returned '0': CMAKE_PREFIX_PATH=${CMAKE_PREFIX_PATH}:/home/minh/git_gim_ws/GIM_Arm_3_DOF/install/gim_control:/home/minh/rehab_robot_ver2_modified/install/rehab_gui:/home/minh/rehab_robot_ver2_modified/install/my_rqt_plugin:/opt/ros/humble /home/minh/.local/bin/cmake /home/minh/git_gim_ws/GIM_Arm_3_DOF/src/gim_arm_hardware -DCMAKE_INSTALL_PREFIX=/home/minh/git_gim_ws/GIM_Arm_3_DOF/install/gim_arm_hardware
[1.634s] Invoking command in '/home/minh/git_gim_ws/GIM_Arm_3_DOF/build/gim_arm_hardware': CMAKE_PREFIX_PATH=${CMAKE_PREFIX_PATH}:/home/minh/git_gim_ws/GIM_Arm_3_DOF/install/gim_control:/home/minh/rehab_robot_ver2_modified/install/rehab_gui:/home/minh/rehab_robot_ver2_modified/install/my_rqt_plugin:/opt/ros/humble /home/minh/.local/bin/cmake --build /home/minh/git_gim_ws/GIM_Arm_3_DOF/build/gim_arm_hardware -- -j16 -l16
[1.734s] [100%] Built target gim_arm_system_hardware
[1.738s] Invoked command in '/home/minh/git_gim_ws/GIM_Arm_3_DOF/build/gim_arm_hardware' returned '0': CMAKE_PREFIX_PATH=${CMAKE_PREFIX_PATH}:/home/minh/git_gim_ws/GIM_Arm_3_DOF/install/gim_control:/home/minh/rehab_robot_ver2_modified/install/rehab_gui:/home/minh/rehab_robot_ver2_modified/install/my_rqt_plugin:/opt/ros/humble /home/minh/.local/bin/cmake --build /home/minh/git_gim_ws/GIM_Arm_3_DOF/build/gim_arm_hardware -- -j16 -l16
[1.739s] Invoking command in '/home/minh/git_gim_ws/GIM_Arm_3_DOF/build/gim_arm_hardware': CMAKE_PREFIX_PATH=${CMAKE_PREFIX_PATH}:/home/minh/git_gim_ws/GIM_Arm_3_DOF/install/gim_control:/home/minh/rehab_robot_ver2_modified/install/rehab_gui:/home/minh/rehab_robot_ver2_modified/install/my_rqt_plugin:/opt/ros/humble /home/minh/.local/bin/cmake --install /home/minh/git_gim_ws/GIM_Arm_3_DOF/build/gim_arm_hardware
[1.796s] -- Install configuration: ""
[1.796s] -- Execute custom install script
[1.796s] -- Up-to-date symlink: /home/minh/git_gim_ws/GIM_Arm_3_DOF/install/gim_arm_hardware/share/gim_arm_hardware//gim_arm_hardware.xml
[1.796s] -- Up-to-date symlink: /home/minh/git_gim_ws/GIM_Arm_3_DOF/install/gim_arm_hardware/lib/libgim_arm_system_hardware.so
[1.796s] -- Up-to-date symlink: /home/minh/git_gim_ws/GIM_Arm_3_DOF/install/gim_arm_hardware/include/gim_arm_hardware/gim6010_can_protocol.hpp
[1.797s] -- Up-to-date symlink: /home/minh/git_gim_ws/GIM_Arm_3_DOF/install/gim_arm_hardware/include/gim_arm_hardware/gim_arm_system.hpp
[1.797s] -- Up-to-date symlink: /home/minh/git_gim_ws/GIM_Arm_3_DOF/install/gim_arm_hardware/include/gim_arm_hardware/socketcan_bus.hpp
[1.797s] -- Up-to-date symlink: /home/minh/git_gim_ws/GIM_Arm_3_DOF/install/gim_arm_hardware/share/gim_arm_hardware/gim_arm_hardware.xml
[1.797s] -- Up-to-date symlink: /home/minh/git_gim_ws/GIM_Arm_3_DOF/install/gim_arm_hardware/share/gim_arm_hardware/environment/library_path.sh
[1.797s] -- Up-to-date symlink: /home/minh/git_gim_ws/GIM_Arm_3_DOF/install/gim_arm_hardware/share/gim_arm_hardware/environment/library_path.dsv
[1.797s] -- Up-to-date symlink: /home/minh/git_gim_ws/GIM_Arm_3_DOF/install/gim_arm_hardware/share/ament_index/resource_index/package_run_dependencies/gim_arm_hardware
[1.797s] -- Up-to-date symlink: /home/minh/git_gim_ws/GIM_Arm_3_DOF/install/gim_arm_hardware/share/ament_index/resource_index/parent_prefix_path/gim_arm_hardware
[1.797s] -- Up-to-date symlink: /home/minh/git_gim_ws/GIM_Arm_3_DOF/install/gim_arm_hardware/share/gim_arm_hardware/environment/ament_prefix_path.sh
[1.797s] -- Up-to-date symlink: /home/minh/git_gim_ws/GIM_Arm_3_DOF/install/gim_arm_hardware/share/gim_arm_hardware/environment/ament_prefix_path.dsv
[1.797s] -- Up-to-date symlink: /home/minh/git_gim_ws/GIM_Arm_3_DOF/install/gim_arm_hardware/share/gim_arm_hardware/environment/path.sh
[1.798s] -- Up-to-date symlink: /home/minh/git_gim_ws/GIM_Arm_3_DOF/install/gim_arm_hardware/share/gim_arm_hardware/environment/path.dsv
[1.798s] -- Up-to-date symlink: /home/minh/git_gim_ws/GIM_Arm_3_DOF/install/gim_arm_hardware/share/gim_arm_hardware/local_setup.bash
[1.798s] -- Up-to-date symlink: /home/minh/git_gim_ws/GIM_Arm_3_DOF/install/gim_arm_hardware/share/gim_arm_hardware/local_setup.sh
[1.798s] -- Up-to-date symlink: /home/minh/git_gim_ws/GIM_Arm_3_DOF/install/gim_arm_hardware/share/gim_arm_hardware/local_setup.zsh
[1.798s] -- Up-to-date symlink: /home/minh/git_gim_ws/GIM_Arm_3_DOF/install/gim_arm_hardware/share/gim_arm_hardware/local_setup.dsv
[1.798s] -- Symlinking: /home/minh/git_gim_ws/GIM_Arm_3_DOF/install/gim_arm_hardware/share/gim_arm_hardware/package.dsv
[1.801s] -- Up-to-date symlink: /home/minh/git_gim_ws/GIM_Arm_3_DOF/install/gim_arm_hardware/share/ament_index/resource_index/packages/gim_arm_hardware
[1.801s] -- Up-to-date symlink: /home/minh/git_gim_ws/GIM_Arm_3_DOF/install/gim_arm_hardware/share/ament_index/resource_index/hardware_interface__pluginlib__plugin/gim_arm_hardware
[1.801s] -- Up-to-date symlink: /home/minh/git_gim_ws/GIM_Arm_3_DOF/install/gim_arm_hardware/share/gim_arm_hardware/cmake/ament_cmake_export_include_directories-extras.cmake
[1.801s] -- Up-to-date symlink: /home/minh/git_gim_ws/GIM_Arm_3_DOF/install/gim_arm_hardware/share/gim_arm_hardware/cmake/ament_cmake_export_libraries-extras.cmake
[1.801s] -- Up-to-date symlink: /home/minh/git_gim_ws/GIM_Arm_3_DOF/install/gim_arm_hardware/share/gim_arm_hardware/cmake/ament_cmake_export_dependencies-extras.cmake
[1.801s] -- Up-to-date symlink: /home/minh/git_gim_ws/GIM_Arm_3_DOF/install/gim_arm_hardware/share/gim_arm_hardware/cmake/gim_arm_hardwareConfig.cmake
[1.801s] -- Up-to-date symlink: /home/minh/git_gim_ws/GIM_Arm_3_DOF/install/gim_arm_hardware/share/gim_arm_hardware/cmake/gim_arm_hardwareConfig-version.cmake
[1.801s] -- Up-to-date symlink: /home/minh/git_gim_ws/GIM_Arm_3_DOF/install/gim_arm_hardware/share/gim_arm_hardware/package.xml
[1.803s] Invoked command in '/home/minh/git_gim_ws/GIM_Arm_3_DOF/build/gim_arm_hardware' returned '0': CMAKE_PREFIX_PATH=${CMAKE_PREFIX_PATH}:/home/minh/git_gim_ws/GIM_Arm_3_DOF/install/gim_control:/home/minh/rehab_robot_ver2_modified/install/rehab_gui:/home/minh/rehab_robot_ver2_modified/install/my_rqt_plugin:/opt/ros/humble /home/minh/.local/bin/cmake --install /home/minh/git_gim_ws/GIM_Arm_3_DOF/build/gim_arm_hardware
