-- Found ament_cmake: 1.3.14 (/opt/ros/humble/share/ament_cmake/cmake)
-- Found Python3: /usr/bin/python3 (found version "3.10.12") found components: Interpreter
-- Override CMake install command with custom implementation using symlinks instead of copying resources
-- Found rclcpp: 16.0.19 (/opt/ros/humble/share/rclcpp/cmake)
-- Found rosidl_generator_c: 3.1.9 (/opt/ros/humble/share/rosidl_generator_c/cmake)
-- Found rosidl_adapter: 3.1.9 (/opt/ros/humble/share/rosidl_adapter/cmake)
-- Found rosidl_generator_cpp: 3.1.9 (/opt/ros/humble/share/rosidl_generator_cpp/cmake)
-- Using all available rosidl_typesupport_c: rosidl_typesupport_fastrtps_c;rosidl_typesupport_introspection_c
-- Using all available rosidl_typesupport_cpp: rosidl_typesupport_fastrtps_cpp;rosidl_typesupport_introspection_cpp
-- Found rmw_implementation_cmake: 6.1.2 (/opt/ros/humble/share/rmw_implementation_cmake/cmake)
-- Found rmw_cyclonedds_cpp: 1.3.4 (/opt/ros/humble/share/rmw_cyclonedds_cpp/cmake)
-- Using RMW implementation 'rmw_cyclonedds_cpp' as default
-- Found hardware_interface: 2.54.0 (/opt/ros/humble/share/hardware_interface/cmake)
-- Found Boost: /usr/include (found version "1.74.0") found components: filesystem serialization
-- eigenpy FOUND. eigenpy at /opt/ros/humble/lib/x86_64-linux-gnu/libeigenpy.so
-- Checking for NumPy
--   NUMPY_INCLUDE_DIRS=/home/minh/.local/lib/python3.10/site-packages/numpy/core/include
--   NUMPY_VERSION=1.26.4
-- Found Python3: /usr/bin/python3 (found version "3.10.12") found components: Interpreter Development.Module NumPy
-- PythonLibraryDirs: 
-- PythonLibVersionString: 3.10.12
-- Python site lib: lib/python3.10/site-packages
-- Python include dirs: /usr/include/python3.10
-- Checking for NumPy
--   NUMPY_INCLUDE_DIRS=/home/minh/.local/lib/python3.10/site-packages/numpy/core/include
--   NUMPY_VERSION=1.26.4
-- NumPy include dir: /home/minh/.local/lib/python3.10/site-packages/numpy/core/include
-- Found Boost: /usr/include (found version "1.74.0") found components: python310
-- Default C++ standard: 201703
-- C++ standard sufficient: Minimal required 17, currently defined: 17
-- CMAKE_CXX_STANDARD was not set: automatically set to currently defined standard 17
-- coal FOUND. coal at /opt/ros/humble/lib/x86_64-linux-gnu/libcoal.so
-- Found Boost: /usr/include (found version "1.74.0") found components: serialization filesystem
-- C++ standard sufficient: Minimal required 17, currently defined: 17
-- C++ standard sufficient: Minimal required 17, currently defined: 17
-- Configuring done (1.7s)
-- Generating done (0.0s)
-- Build files have been written to: /home/minh/git_gim_ws/GIM_Arm_3_DOF/build/gim_arm_hardware
[100%] Built target gim_arm_system_hardware
-- Install configuration: ""
-- Execute custom install script
-- Up-to-date symlink: /home/minh/git_gim_ws/GIM_Arm_3_DOF/install/gim_arm_hardware/share/gim_arm_hardware//gim_arm_hardware.xml
-- Up-to-date symlink: /home/minh/git_gim_ws/GIM_Arm_3_DOF/install/gim_arm_hardware/lib/libgim_arm_system_hardware.so
-- Up-to-date symlink: /home/minh/git_gim_ws/GIM_Arm_3_DOF/install/gim_arm_hardware/include/gim_arm_hardware/gim6010_can_protocol.hpp
-- Up-to-date symlink: /home/minh/git_gim_ws/GIM_Arm_3_DOF/install/gim_arm_hardware/include/gim_arm_hardware/gim_arm_system.hpp
-- Up-to-date symlink: /home/minh/git_gim_ws/GIM_Arm_3_DOF/install/gim_arm_hardware/include/gim_arm_hardware/socketcan_bus.hpp
-- Up-to-date symlink: /home/minh/git_gim_ws/GIM_Arm_3_DOF/install/gim_arm_hardware/share/gim_arm_hardware/gim_arm_hardware.xml
-- Up-to-date symlink: /home/minh/git_gim_ws/GIM_Arm_3_DOF/install/gim_arm_hardware/share/gim_arm_hardware/environment/library_path.sh
-- Up-to-date symlink: /home/minh/git_gim_ws/GIM_Arm_3_DOF/install/gim_arm_hardware/share/gim_arm_hardware/environment/library_path.dsv
-- Up-to-date symlink: /home/minh/git_gim_ws/GIM_Arm_3_DOF/install/gim_arm_hardware/share/ament_index/resource_index/package_run_dependencies/gim_arm_hardware
-- Up-to-date symlink: /home/minh/git_gim_ws/GIM_Arm_3_DOF/install/gim_arm_hardware/share/ament_index/resource_index/parent_prefix_path/gim_arm_hardware
-- Up-to-date symlink: /home/minh/git_gim_ws/GIM_Arm_3_DOF/install/gim_arm_hardware/share/gim_arm_hardware/environment/ament_prefix_path.sh
-- Up-to-date symlink: /home/minh/git_gim_ws/GIM_Arm_3_DOF/install/gim_arm_hardware/share/gim_arm_hardware/environment/ament_prefix_path.dsv
-- Up-to-date symlink: /home/minh/git_gim_ws/GIM_Arm_3_DOF/install/gim_arm_hardware/share/gim_arm_hardware/environment/path.sh
-- Up-to-date symlink: /home/minh/git_gim_ws/GIM_Arm_3_DOF/install/gim_arm_hardware/share/gim_arm_hardware/environment/path.dsv
-- Up-to-date symlink: /home/minh/git_gim_ws/GIM_Arm_3_DOF/install/gim_arm_hardware/share/gim_arm_hardware/local_setup.bash
-- Up-to-date symlink: /home/minh/git_gim_ws/GIM_Arm_3_DOF/install/gim_arm_hardware/share/gim_arm_hardware/local_setup.sh
-- Up-to-date symlink: /home/minh/git_gim_ws/GIM_Arm_3_DOF/install/gim_arm_hardware/share/gim_arm_hardware/local_setup.zsh
-- Up-to-date symlink: /home/minh/git_gim_ws/GIM_Arm_3_DOF/install/gim_arm_hardware/share/gim_arm_hardware/local_setup.dsv
-- Symlinking: /home/minh/git_gim_ws/GIM_Arm_3_DOF/install/gim_arm_hardware/share/gim_arm_hardware/package.dsv
-- Up-to-date symlink: /home/minh/git_gim_ws/GIM_Arm_3_DOF/install/gim_arm_hardware/share/ament_index/resource_index/packages/gim_arm_hardware
-- Up-to-date symlink: /home/minh/git_gim_ws/GIM_Arm_3_DOF/install/gim_arm_hardware/share/ament_index/resource_index/hardware_interface__pluginlib__plugin/gim_arm_hardware
-- Up-to-date symlink: /home/minh/git_gim_ws/GIM_Arm_3_DOF/install/gim_arm_hardware/share/gim_arm_hardware/cmake/ament_cmake_export_include_directories-extras.cmake
-- Up-to-date symlink: /home/minh/git_gim_ws/GIM_Arm_3_DOF/install/gim_arm_hardware/share/gim_arm_hardware/cmake/ament_cmake_export_libraries-extras.cmake
-- Up-to-date symlink: /home/minh/git_gim_ws/GIM_Arm_3_DOF/install/gim_arm_hardware/share/gim_arm_hardware/cmake/ament_cmake_export_dependencies-extras.cmake
-- Up-to-date symlink: /home/minh/git_gim_ws/GIM_Arm_3_DOF/install/gim_arm_hardware/share/gim_arm_hardware/cmake/gim_arm_hardwareConfig.cmake
-- Up-to-date symlink: /home/minh/git_gim_ws/GIM_Arm_3_DOF/install/gim_arm_hardware/share/gim_arm_hardware/cmake/gim_arm_hardwareConfig-version.cmake
-- Up-to-date symlink: /home/minh/git_gim_ws/GIM_Arm_3_DOF/install/gim_arm_hardware/share/gim_arm_hardware/package.xml
