[0.471s] Invoking command in '/home/minh/gim60108_ws/src/gim_control': PYTHONPATH=/home/minh/gim60108_ws/build/gim_control/prefix_override:/usr/lib/python3/dist-packages/colcon_core/task/python/colcon_distutils_commands:/home/minh/gim60108_ws/install/gim_control/lib/python3.10/site-packages:${PYTHONPATH} /usr/bin/python3 -W ignore:setup.py install is deprecated -W ignore:easy_install command is deprecated setup.py egg_info --egg-base ../../build/gim_control build --build-base /home/minh/gim60108_ws/build/gim_control/build install --record /home/minh/gim60108_ws/build/gim_control/install.log --install-scripts $base/lib/gim_control --single-version-externally-managed install_data
[0.633s] running egg_info
[0.643s] creating ../../build/gim_control/gim_control.egg-info
[0.643s] writing ../../build/gim_control/gim_control.egg-info/PKG-INFO
[0.644s] writing dependency_links to ../../build/gim_control/gim_control.egg-info/dependency_links.txt
[0.644s] writing entry points to ../../build/gim_control/gim_control.egg-info/entry_points.txt
[0.644s] writing requirements to ../../build/gim_control/gim_control.egg-info/requires.txt
[0.644s] writing top-level names to ../../build/gim_control/gim_control.egg-info/top_level.txt
[0.644s] writing manifest file '../../build/gim_control/gim_control.egg-info/SOURCES.txt'
[0.666s] reading manifest file '../../build/gim_control/gim_control.egg-info/SOURCES.txt'
[0.667s] writing manifest file '../../build/gim_control/gim_control.egg-info/SOURCES.txt'
[0.667s] running build
[0.667s] running build_py
[0.667s] creating /home/minh/gim60108_ws/build/gim_control/build/lib/gim_control
[0.668s] copying gim_control/__init__.py -> /home/minh/gim60108_ws/build/gim_control/build/lib/gim_control
[0.668s] copying gim_control/motor_test_all_modes.py -> /home/minh/gim60108_ws/build/gim_control/build/lib/gim_control
[0.668s] running install
[0.670s] running install_lib
[0.681s] creating /home/minh/gim60108_ws/install/gim_control/lib/python3.10/site-packages/gim_control
[0.681s] copying /home/minh/gim60108_ws/build/gim_control/build/lib/gim_control/__init__.py -> /home/minh/gim60108_ws/install/gim_control/lib/python3.10/site-packages/gim_control
[0.681s] copying /home/minh/gim60108_ws/build/gim_control/build/lib/gim_control/motor_test_all_modes.py -> /home/minh/gim60108_ws/install/gim_control/lib/python3.10/site-packages/gim_control
[0.682s] byte-compiling /home/minh/gim60108_ws/install/gim_control/lib/python3.10/site-packages/gim_control/__init__.py to __init__.cpython-310.pyc
[0.682s] byte-compiling /home/minh/gim60108_ws/install/gim_control/lib/python3.10/site-packages/gim_control/motor_test_all_modes.py to motor_test_all_modes.cpython-310.pyc
[0.683s] running install_data
[0.683s] creating /home/minh/gim60108_ws/install/gim_control/share/ament_index/resource_index/packages
[0.683s] copying resource/gim_control -> /home/minh/gim60108_ws/install/gim_control/share/ament_index/resource_index/packages
[0.683s] copying package.xml -> /home/minh/gim60108_ws/install/gim_control/share/gim_control
[0.683s] running install_egg_info
[0.695s] Copying ../../build/gim_control/gim_control.egg-info to /home/minh/gim60108_ws/install/gim_control/lib/python3.10/site-packages/gim_control-0.0.0-py3.10.egg-info
[0.695s] running install_scripts
[0.718s] Installing motor_test_all_modes script to /home/minh/gim60108_ws/install/gim_control/lib/gim_control
[0.718s] writing list of installed files to '/home/minh/gim60108_ws/build/gim_control/install.log'
[0.735s] Invoked command in '/home/minh/gim60108_ws/src/gim_control' returned '0': PYTHONPATH=/home/minh/gim60108_ws/build/gim_control/prefix_override:/usr/lib/python3/dist-packages/colcon_core/task/python/colcon_distutils_commands:/home/minh/gim60108_ws/install/gim_control/lib/python3.10/site-packages:${PYTHONPATH} /usr/bin/python3 -W ignore:setup.py install is deprecated -W ignore:easy_install command is deprecated setup.py egg_info --egg-base ../../build/gim_control build --build-base /home/minh/gim60108_ws/build/gim_control/build install --record /home/minh/gim60108_ws/build/gim_control/install.log --install-scripts $base/lib/gim_control --single-version-externally-managed install_data
