[0.177s] DEBUG:colcon:Command line arguments: ['/usr/bin/colcon', 'build']
[0.177s] DEBUG:colcon:Parsed command line arguments: Namespace(log_base=None, log_level=None, verb_name='build', build_base='build', install_base='install', merge_install=False, symlink_install=False, test_result_base=None, continue_on_error=False, executor='parallel', parallel_workers=16, event_handlers=None, ignore_user_meta=False, metas=['./colcon.meta'], base_paths=['.'], packages_ignore=None, packages_ignore_regex=None, paths=None, packages_up_to=None, packages_up_to_regex=None, packages_above=None, packages_above_and_dependencies=None, packages_above_depth=None, packages_select_by_dep=None, packages_skip_by_dep=None, packages_skip_up_to=None, packages_select_build_failed=False, packages_skip_build_finished=False, packages_select_test_failures=False, packages_skip_test_passed=False, packages_select=None, packages_skip=None, packages_select_regex=None, packages_skip_regex=None, packages_start=None, packages_end=None, allow_overriding=[], cmake_args=None, cmake_target=None, cmake_target_skip_unavailable=False, cmake_clean_cache=False, cmake_clean_first=False, cmake_force_configure=False, ament_cmake_args=None, catkin_cmake_args=None, catkin_skip_building_tests=False, mixin_files=None, mixin=None, verb_parser=<colcon_mixin.mixin.mixin_argument.MixinArgumentDecorator object at 0x779c673b5e10>, verb_extension=<colcon_core.verb.build.BuildVerb object at 0x779c673b5960>, main=<bound method BuildVerb.main of <colcon_core.verb.build.BuildVerb object at 0x779c673b5960>>, mixin_verb=('build',))
[0.230s] Level 1:colcon.colcon_core.package_discovery:discover_packages(colcon_meta) check parameters
[0.230s] Level 1:colcon.colcon_core.package_discovery:discover_packages(recursive) check parameters
[0.230s] Level 1:colcon.colcon_core.package_discovery:discover_packages(ignore) check parameters
[0.230s] Level 1:colcon.colcon_core.package_discovery:discover_packages(path) check parameters
[0.231s] Level 1:colcon.colcon_core.package_discovery:discover_packages(colcon_meta) discover
[0.231s] Level 1:colcon.colcon_core.package_discovery:discover_packages(recursive) discover
[0.231s] INFO:colcon.colcon_core.package_discovery:Crawling recursively for packages in '/home/minh/git_gim_ws/GIM_Arm_3_DOF'
[0.231s] Level 1:colcon.colcon_core.package_identification:_identify(.) by extensions ['ignore', 'ignore_ament_install']
[0.231s] Level 1:colcon.colcon_core.package_identification:_identify(.) by extension 'ignore'
[0.231s] Level 1:colcon.colcon_core.package_identification:_identify(.) by extension 'ignore_ament_install'
[0.231s] Level 1:colcon.colcon_core.package_identification:_identify(.) by extensions ['colcon_pkg']
[0.231s] Level 1:colcon.colcon_core.package_identification:_identify(.) by extension 'colcon_pkg'
[0.231s] Level 1:colcon.colcon_core.package_identification:_identify(.) by extensions ['colcon_meta']
[0.231s] Level 1:colcon.colcon_core.package_identification:_identify(.) by extension 'colcon_meta'
[0.231s] Level 1:colcon.colcon_core.package_identification:_identify(.) by extensions ['ros']
[0.231s] Level 1:colcon.colcon_core.package_identification:_identify(.) by extension 'ros'
[0.272s] Level 1:colcon.colcon_core.package_identification:_identify(.) by extensions ['cmake', 'python']
[0.272s] Level 1:colcon.colcon_core.package_identification:_identify(.) by extension 'cmake'
[0.273s] Level 1:colcon.colcon_core.package_identification:_identify(.) by extension 'python'
[0.273s] Level 1:colcon.colcon_core.package_identification:_identify(.) by extensions ['python_setup_py']
[0.273s] Level 1:colcon.colcon_core.package_identification:_identify(.) by extension 'python_setup_py'
[0.273s] Level 1:colcon.colcon_core.package_identification:_identify(build) by extensions ['ignore', 'ignore_ament_install']
[0.273s] Level 1:colcon.colcon_core.package_identification:_identify(build) by extension 'ignore'
[0.273s] Level 1:colcon.colcon_core.package_identification:_identify(build) ignored
[0.273s] Level 1:colcon.colcon_core.package_identification:_identify(install) by extensions ['ignore', 'ignore_ament_install']
[0.273s] Level 1:colcon.colcon_core.package_identification:_identify(install) by extension 'ignore'
[0.273s] Level 1:colcon.colcon_core.package_identification:_identify(install) ignored
[0.273s] Level 1:colcon.colcon_core.package_identification:_identify(kinematics_test) by extensions ['ignore', 'ignore_ament_install']
[0.274s] Level 1:colcon.colcon_core.package_identification:_identify(kinematics_test) by extension 'ignore'
[0.274s] Level 1:colcon.colcon_core.package_identification:_identify(kinematics_test) by extension 'ignore_ament_install'
[0.274s] Level 1:colcon.colcon_core.package_identification:_identify(kinematics_test) by extensions ['colcon_pkg']
[0.274s] Level 1:colcon.colcon_core.package_identification:_identify(kinematics_test) by extension 'colcon_pkg'
[0.274s] Level 1:colcon.colcon_core.package_identification:_identify(kinematics_test) by extensions ['colcon_meta']
[0.274s] Level 1:colcon.colcon_core.package_identification:_identify(kinematics_test) by extension 'colcon_meta'
[0.274s] Level 1:colcon.colcon_core.package_identification:_identify(kinematics_test) by extensions ['ros']
[0.274s] Level 1:colcon.colcon_core.package_identification:_identify(kinematics_test) by extension 'ros'
[0.274s] Level 1:colcon.colcon_core.package_identification:_identify(kinematics_test) by extensions ['cmake', 'python']
[0.274s] Level 1:colcon.colcon_core.package_identification:_identify(kinematics_test) by extension 'cmake'
[0.274s] Level 1:colcon.colcon_core.package_identification:_identify(kinematics_test) by extension 'python'
[0.274s] Level 1:colcon.colcon_core.package_identification:_identify(kinematics_test) by extensions ['python_setup_py']
[0.274s] Level 1:colcon.colcon_core.package_identification:_identify(kinematics_test) by extension 'python_setup_py'
[0.274s] Level 1:colcon.colcon_core.package_identification:_identify(kinematics_test/__pycache__) by extensions ['ignore', 'ignore_ament_install']
[0.274s] Level 1:colcon.colcon_core.package_identification:_identify(kinematics_test/__pycache__) by extension 'ignore'
[0.274s] Level 1:colcon.colcon_core.package_identification:_identify(kinematics_test/__pycache__) by extension 'ignore_ament_install'
[0.274s] Level 1:colcon.colcon_core.package_identification:_identify(kinematics_test/__pycache__) by extensions ['colcon_pkg']
[0.274s] Level 1:colcon.colcon_core.package_identification:_identify(kinematics_test/__pycache__) by extension 'colcon_pkg'
[0.274s] Level 1:colcon.colcon_core.package_identification:_identify(kinematics_test/__pycache__) by extensions ['colcon_meta']
[0.274s] Level 1:colcon.colcon_core.package_identification:_identify(kinematics_test/__pycache__) by extension 'colcon_meta'
[0.274s] Level 1:colcon.colcon_core.package_identification:_identify(kinematics_test/__pycache__) by extensions ['ros']
[0.274s] Level 1:colcon.colcon_core.package_identification:_identify(kinematics_test/__pycache__) by extension 'ros'
[0.274s] Level 1:colcon.colcon_core.package_identification:_identify(kinematics_test/__pycache__) by extensions ['cmake', 'python']
[0.274s] Level 1:colcon.colcon_core.package_identification:_identify(kinematics_test/__pycache__) by extension 'cmake'
[0.274s] Level 1:colcon.colcon_core.package_identification:_identify(kinematics_test/__pycache__) by extension 'python'
[0.275s] Level 1:colcon.colcon_core.package_identification:_identify(kinematics_test/__pycache__) by extensions ['python_setup_py']
[0.275s] Level 1:colcon.colcon_core.package_identification:_identify(kinematics_test/__pycache__) by extension 'python_setup_py'
[0.275s] Level 1:colcon.colcon_core.package_identification:_identify(kinematics_test/meshes) by extensions ['ignore', 'ignore_ament_install']
[0.275s] Level 1:colcon.colcon_core.package_identification:_identify(kinematics_test/meshes) by extension 'ignore'
[0.275s] Level 1:colcon.colcon_core.package_identification:_identify(kinematics_test/meshes) by extension 'ignore_ament_install'
[0.275s] Level 1:colcon.colcon_core.package_identification:_identify(kinematics_test/meshes) by extensions ['colcon_pkg']
[0.275s] Level 1:colcon.colcon_core.package_identification:_identify(kinematics_test/meshes) by extension 'colcon_pkg'
[0.275s] Level 1:colcon.colcon_core.package_identification:_identify(kinematics_test/meshes) by extensions ['colcon_meta']
[0.275s] Level 1:colcon.colcon_core.package_identification:_identify(kinematics_test/meshes) by extension 'colcon_meta'
[0.275s] Level 1:colcon.colcon_core.package_identification:_identify(kinematics_test/meshes) by extensions ['ros']
[0.275s] Level 1:colcon.colcon_core.package_identification:_identify(kinematics_test/meshes) by extension 'ros'
[0.275s] Level 1:colcon.colcon_core.package_identification:_identify(kinematics_test/meshes) by extensions ['cmake', 'python']
[0.275s] Level 1:colcon.colcon_core.package_identification:_identify(kinematics_test/meshes) by extension 'cmake'
[0.275s] Level 1:colcon.colcon_core.package_identification:_identify(kinematics_test/meshes) by extension 'python'
[0.275s] Level 1:colcon.colcon_core.package_identification:_identify(kinematics_test/meshes) by extensions ['python_setup_py']
[0.275s] Level 1:colcon.colcon_core.package_identification:_identify(kinematics_test/meshes) by extension 'python_setup_py'
[0.275s] Level 1:colcon.colcon_core.package_identification:_identify(log) by extensions ['ignore', 'ignore_ament_install']
[0.275s] Level 1:colcon.colcon_core.package_identification:_identify(log) by extension 'ignore'
[0.275s] Level 1:colcon.colcon_core.package_identification:_identify(log) ignored
[0.275s] Level 1:colcon.colcon_core.package_identification:_identify(src) by extensions ['ignore', 'ignore_ament_install']
[0.275s] Level 1:colcon.colcon_core.package_identification:_identify(src) by extension 'ignore'
[0.276s] Level 1:colcon.colcon_core.package_identification:_identify(src) by extension 'ignore_ament_install'
[0.276s] Level 1:colcon.colcon_core.package_identification:_identify(src) by extensions ['colcon_pkg']
[0.276s] Level 1:colcon.colcon_core.package_identification:_identify(src) by extension 'colcon_pkg'
[0.276s] Level 1:colcon.colcon_core.package_identification:_identify(src) by extensions ['colcon_meta']
[0.276s] Level 1:colcon.colcon_core.package_identification:_identify(src) by extension 'colcon_meta'
[0.276s] Level 1:colcon.colcon_core.package_identification:_identify(src) by extensions ['ros']
[0.276s] Level 1:colcon.colcon_core.package_identification:_identify(src) by extension 'ros'
[0.276s] Level 1:colcon.colcon_core.package_identification:_identify(src) by extensions ['cmake', 'python']
[0.276s] Level 1:colcon.colcon_core.package_identification:_identify(src) by extension 'cmake'
[0.276s] Level 1:colcon.colcon_core.package_identification:_identify(src) by extension 'python'
[0.276s] Level 1:colcon.colcon_core.package_identification:_identify(src) by extensions ['python_setup_py']
[0.276s] Level 1:colcon.colcon_core.package_identification:_identify(src) by extension 'python_setup_py'
[0.276s] Level 1:colcon.colcon_core.package_identification:_identify(src/gim_arm_control) by extensions ['ignore', 'ignore_ament_install']
[0.276s] Level 1:colcon.colcon_core.package_identification:_identify(src/gim_arm_control) by extension 'ignore'
[0.276s] Level 1:colcon.colcon_core.package_identification:_identify(src/gim_arm_control) by extension 'ignore_ament_install'
[0.276s] Level 1:colcon.colcon_core.package_identification:_identify(src/gim_arm_control) by extensions ['colcon_pkg']
[0.276s] Level 1:colcon.colcon_core.package_identification:_identify(src/gim_arm_control) by extension 'colcon_pkg'
[0.276s] Level 1:colcon.colcon_core.package_identification:_identify(src/gim_arm_control) by extensions ['colcon_meta']
[0.276s] Level 1:colcon.colcon_core.package_identification:_identify(src/gim_arm_control) by extension 'colcon_meta'
[0.276s] Level 1:colcon.colcon_core.package_identification:_identify(src/gim_arm_control) by extensions ['ros']
[0.276s] Level 1:colcon.colcon_core.package_identification:_identify(src/gim_arm_control) by extension 'ros'
[0.280s] DEBUG:colcon.colcon_core.package_identification:Package 'src/gim_arm_control' with type 'ros.ament_python' and name 'gim_control'
[0.280s] Level 1:colcon.colcon_core.package_identification:_identify(src/gim_arm_description) by extensions ['ignore', 'ignore_ament_install']
[0.280s] Level 1:colcon.colcon_core.package_identification:_identify(src/gim_arm_description) by extension 'ignore'
[0.280s] Level 1:colcon.colcon_core.package_identification:_identify(src/gim_arm_description) by extension 'ignore_ament_install'
[0.280s] Level 1:colcon.colcon_core.package_identification:_identify(src/gim_arm_description) by extensions ['colcon_pkg']
[0.280s] Level 1:colcon.colcon_core.package_identification:_identify(src/gim_arm_description) by extension 'colcon_pkg'
[0.280s] Level 1:colcon.colcon_core.package_identification:_identify(src/gim_arm_description) by extensions ['colcon_meta']
[0.280s] Level 1:colcon.colcon_core.package_identification:_identify(src/gim_arm_description) by extension 'colcon_meta'
[0.280s] Level 1:colcon.colcon_core.package_identification:_identify(src/gim_arm_description) by extensions ['ros']
[0.280s] Level 1:colcon.colcon_core.package_identification:_identify(src/gim_arm_description) by extension 'ros'
[0.281s] DEBUG:colcon.colcon_core.package_identification:Package 'src/gim_arm_description' with type 'ros.ament_cmake' and name 'gim_arm_description'
[0.281s] Level 1:colcon.colcon_core.package_identification:_identify(src/gim_arm_hardware) by extensions ['ignore', 'ignore_ament_install']
[0.281s] Level 1:colcon.colcon_core.package_identification:_identify(src/gim_arm_hardware) by extension 'ignore'
[0.281s] Level 1:colcon.colcon_core.package_identification:_identify(src/gim_arm_hardware) by extension 'ignore_ament_install'
[0.281s] Level 1:colcon.colcon_core.package_identification:_identify(src/gim_arm_hardware) by extensions ['colcon_pkg']
[0.281s] Level 1:colcon.colcon_core.package_identification:_identify(src/gim_arm_hardware) by extension 'colcon_pkg'
[0.282s] Level 1:colcon.colcon_core.package_identification:_identify(src/gim_arm_hardware) by extensions ['colcon_meta']
[0.282s] Level 1:colcon.colcon_core.package_identification:_identify(src/gim_arm_hardware) by extension 'colcon_meta'
[0.282s] Level 1:colcon.colcon_core.package_identification:_identify(src/gim_arm_hardware) by extensions ['ros']
[0.282s] Level 1:colcon.colcon_core.package_identification:_identify(src/gim_arm_hardware) by extension 'ros'
[0.283s] DEBUG:colcon.colcon_core.package_identification:Package 'src/gim_arm_hardware' with type 'ros.ament_cmake' and name 'gim_arm_hardware'
[0.283s] Level 1:colcon.colcon_core.package_identification:_identify(src/gim_arm_moveit_config) by extensions ['ignore', 'ignore_ament_install']
[0.283s] Level 1:colcon.colcon_core.package_identification:_identify(src/gim_arm_moveit_config) by extension 'ignore'
[0.283s] Level 1:colcon.colcon_core.package_identification:_identify(src/gim_arm_moveit_config) by extension 'ignore_ament_install'
[0.283s] Level 1:colcon.colcon_core.package_identification:_identify(src/gim_arm_moveit_config) by extensions ['colcon_pkg']
[0.283s] Level 1:colcon.colcon_core.package_identification:_identify(src/gim_arm_moveit_config) by extension 'colcon_pkg'
[0.283s] Level 1:colcon.colcon_core.package_identification:_identify(src/gim_arm_moveit_config) by extensions ['colcon_meta']
[0.283s] Level 1:colcon.colcon_core.package_identification:_identify(src/gim_arm_moveit_config) by extension 'colcon_meta'
[0.283s] Level 1:colcon.colcon_core.package_identification:_identify(src/gim_arm_moveit_config) by extensions ['ros']
[0.283s] Level 1:colcon.colcon_core.package_identification:_identify(src/gim_arm_moveit_config) by extension 'ros'
[0.284s] DEBUG:colcon.colcon_core.package_identification:Package 'src/gim_arm_moveit_config' with type 'ros.ament_cmake' and name 'gim_arm_moveit_config'
[0.284s] Level 1:colcon.colcon_core.package_identification:_identify(src/gim_arm_mujoco) by extensions ['ignore', 'ignore_ament_install']
[0.285s] Level 1:colcon.colcon_core.package_identification:_identify(src/gim_arm_mujoco) by extension 'ignore'
[0.285s] Level 1:colcon.colcon_core.package_identification:_identify(src/gim_arm_mujoco) by extension 'ignore_ament_install'
[0.285s] Level 1:colcon.colcon_core.package_identification:_identify(src/gim_arm_mujoco) by extensions ['colcon_pkg']
[0.285s] Level 1:colcon.colcon_core.package_identification:_identify(src/gim_arm_mujoco) by extension 'colcon_pkg'
[0.285s] Level 1:colcon.colcon_core.package_identification:_identify(src/gim_arm_mujoco) by extensions ['colcon_meta']
[0.285s] Level 1:colcon.colcon_core.package_identification:_identify(src/gim_arm_mujoco) by extension 'colcon_meta'
[0.285s] Level 1:colcon.colcon_core.package_identification:_identify(src/gim_arm_mujoco) by extensions ['ros']
[0.285s] Level 1:colcon.colcon_core.package_identification:_identify(src/gim_arm_mujoco) by extension 'ros'
[0.285s] Level 1:colcon.colcon_core.package_identification:_identify(src/gim_arm_mujoco) by extensions ['cmake', 'python']
[0.285s] Level 1:colcon.colcon_core.package_identification:_identify(src/gim_arm_mujoco) by extension 'cmake'
[0.285s] Level 1:colcon.colcon_core.package_identification:_identify(src/gim_arm_mujoco) by extension 'python'
[0.285s] Level 1:colcon.colcon_core.package_identification:_identify(src/gim_arm_mujoco) by extensions ['python_setup_py']
[0.285s] Level 1:colcon.colcon_core.package_identification:_identify(src/gim_arm_mujoco) by extension 'python_setup_py'
[0.285s] Level 1:colcon.colcon_core.package_identification:_identify(src/gim_arm_mujoco/meshes) by extensions ['ignore', 'ignore_ament_install']
[0.285s] Level 1:colcon.colcon_core.package_identification:_identify(src/gim_arm_mujoco/meshes) by extension 'ignore'
[0.285s] Level 1:colcon.colcon_core.package_identification:_identify(src/gim_arm_mujoco/meshes) by extension 'ignore_ament_install'
[0.285s] Level 1:colcon.colcon_core.package_identification:_identify(src/gim_arm_mujoco/meshes) by extensions ['colcon_pkg']
[0.285s] Level 1:colcon.colcon_core.package_identification:_identify(src/gim_arm_mujoco/meshes) by extension 'colcon_pkg'
[0.285s] Level 1:colcon.colcon_core.package_identification:_identify(src/gim_arm_mujoco/meshes) by extensions ['colcon_meta']
[0.285s] Level 1:colcon.colcon_core.package_identification:_identify(src/gim_arm_mujoco/meshes) by extension 'colcon_meta'
[0.285s] Level 1:colcon.colcon_core.package_identification:_identify(src/gim_arm_mujoco/meshes) by extensions ['ros']
[0.286s] Level 1:colcon.colcon_core.package_identification:_identify(src/gim_arm_mujoco/meshes) by extension 'ros'
[0.286s] Level 1:colcon.colcon_core.package_identification:_identify(src/gim_arm_mujoco/meshes) by extensions ['cmake', 'python']
[0.286s] Level 1:colcon.colcon_core.package_identification:_identify(src/gim_arm_mujoco/meshes) by extension 'cmake'
[0.286s] Level 1:colcon.colcon_core.package_identification:_identify(src/gim_arm_mujoco/meshes) by extension 'python'
[0.286s] Level 1:colcon.colcon_core.package_identification:_identify(src/gim_arm_mujoco/meshes) by extensions ['python_setup_py']
[0.286s] Level 1:colcon.colcon_core.package_identification:_identify(src/gim_arm_mujoco/meshes) by extension 'python_setup_py'
[0.286s] Level 1:colcon.colcon_core.package_identification:_identify(tools) by extensions ['ignore', 'ignore_ament_install']
[0.286s] Level 1:colcon.colcon_core.package_identification:_identify(tools) by extension 'ignore'
[0.286s] Level 1:colcon.colcon_core.package_identification:_identify(tools) by extension 'ignore_ament_install'
[0.286s] Level 1:colcon.colcon_core.package_identification:_identify(tools) by extensions ['colcon_pkg']
[0.286s] Level 1:colcon.colcon_core.package_identification:_identify(tools) by extension 'colcon_pkg'
[0.286s] Level 1:colcon.colcon_core.package_identification:_identify(tools) by extensions ['colcon_meta']
[0.286s] Level 1:colcon.colcon_core.package_identification:_identify(tools) by extension 'colcon_meta'
[0.286s] Level 1:colcon.colcon_core.package_identification:_identify(tools) by extensions ['ros']
[0.286s] Level 1:colcon.colcon_core.package_identification:_identify(tools) by extension 'ros'
[0.286s] Level 1:colcon.colcon_core.package_identification:_identify(tools) by extensions ['cmake', 'python']
[0.286s] Level 1:colcon.colcon_core.package_identification:_identify(tools) by extension 'cmake'
[0.286s] Level 1:colcon.colcon_core.package_identification:_identify(tools) by extension 'python'
[0.286s] Level 1:colcon.colcon_core.package_identification:_identify(tools) by extensions ['python_setup_py']
[0.286s] Level 1:colcon.colcon_core.package_identification:_identify(tools) by extension 'python_setup_py'
[0.286s] Level 1:colcon.colcon_core.package_discovery:discover_packages(recursive) using defaults
[0.287s] Level 1:colcon.colcon_core.package_discovery:discover_packages(ignore) discover
[0.287s] Level 1:colcon.colcon_core.package_discovery:discover_packages(ignore) using defaults
[0.287s] Level 1:colcon.colcon_core.package_discovery:discover_packages(path) discover
[0.287s] Level 1:colcon.colcon_core.package_discovery:discover_packages(path) using defaults
[0.315s] Level 1:colcon.colcon_core.package_discovery:discover_packages(prefix_path) check parameters
[0.315s] Level 1:colcon.colcon_core.package_discovery:discover_packages(prefix_path) discover
[0.318s] DEBUG:colcon.colcon_installed_package_information.package_discovery:Found 4 installed packages in /home/minh/git_gim_ws/GIM_Arm_3_DOF/install
[0.319s] DEBUG:colcon.colcon_installed_package_information.package_discovery:Found 7 installed packages in /home/minh/rehab_robot_ver2_modified/install
[0.320s] DEBUG:colcon.colcon_installed_package_information.package_discovery:Found 1 installed packages in /home/minh/apriltag_ws/install
[0.320s] DEBUG:colcon.colcon_installed_package_information.package_discovery:Found 3 installed packages in /home/minh/moveit_ws/install
[0.323s] DEBUG:colcon.colcon_installed_package_information.package_discovery:Found 417 installed packages in /opt/ros/humble
[0.325s] Level 1:colcon.colcon_core.package_discovery:discover_packages(prefix_path) using defaults
[0.406s] Level 5:colcon.colcon_core.verb:set package 'gim_arm_description' build argument 'cmake_args' from command line to 'None'
[0.406s] Level 5:colcon.colcon_core.verb:set package 'gim_arm_description' build argument 'cmake_target' from command line to 'None'
[0.406s] Level 5:colcon.colcon_core.verb:set package 'gim_arm_description' build argument 'cmake_target_skip_unavailable' from command line to 'False'
[0.406s] Level 5:colcon.colcon_core.verb:set package 'gim_arm_description' build argument 'cmake_clean_cache' from command line to 'False'
[0.406s] Level 5:colcon.colcon_core.verb:set package 'gim_arm_description' build argument 'cmake_clean_first' from command line to 'False'
[0.406s] Level 5:colcon.colcon_core.verb:set package 'gim_arm_description' build argument 'cmake_force_configure' from command line to 'False'
[0.406s] Level 5:colcon.colcon_core.verb:set package 'gim_arm_description' build argument 'ament_cmake_args' from command line to 'None'
[0.406s] Level 5:colcon.colcon_core.verb:set package 'gim_arm_description' build argument 'catkin_cmake_args' from command line to 'None'
[0.406s] Level 5:colcon.colcon_core.verb:set package 'gim_arm_description' build argument 'catkin_skip_building_tests' from command line to 'False'
[0.406s] DEBUG:colcon.colcon_core.verb:Building package 'gim_arm_description' with the following arguments: {'ament_cmake_args': None, 'build_base': '/home/minh/git_gim_ws/GIM_Arm_3_DOF/build/gim_arm_description', 'catkin_cmake_args': None, 'catkin_skip_building_tests': False, 'cmake_args': None, 'cmake_clean_cache': False, 'cmake_clean_first': False, 'cmake_force_configure': False, 'cmake_target': None, 'cmake_target_skip_unavailable': False, 'install_base': '/home/minh/git_gim_ws/GIM_Arm_3_DOF/install/gim_arm_description', 'merge_install': False, 'path': '/home/minh/git_gim_ws/GIM_Arm_3_DOF/src/gim_arm_description', 'symlink_install': False, 'test_result_base': None}
[0.407s] Level 5:colcon.colcon_core.verb:set package 'gim_arm_hardware' build argument 'cmake_args' from command line to 'None'
[0.407s] Level 5:colcon.colcon_core.verb:set package 'gim_arm_hardware' build argument 'cmake_target' from command line to 'None'
[0.407s] Level 5:colcon.colcon_core.verb:set package 'gim_arm_hardware' build argument 'cmake_target_skip_unavailable' from command line to 'False'
[0.407s] Level 5:colcon.colcon_core.verb:set package 'gim_arm_hardware' build argument 'cmake_clean_cache' from command line to 'False'
[0.407s] Level 5:colcon.colcon_core.verb:set package 'gim_arm_hardware' build argument 'cmake_clean_first' from command line to 'False'
[0.407s] Level 5:colcon.colcon_core.verb:set package 'gim_arm_hardware' build argument 'cmake_force_configure' from command line to 'False'
[0.407s] Level 5:colcon.colcon_core.verb:set package 'gim_arm_hardware' build argument 'ament_cmake_args' from command line to 'None'
[0.407s] Level 5:colcon.colcon_core.verb:set package 'gim_arm_hardware' build argument 'catkin_cmake_args' from command line to 'None'
[0.407s] Level 5:colcon.colcon_core.verb:set package 'gim_arm_hardware' build argument 'catkin_skip_building_tests' from command line to 'False'
[0.407s] DEBUG:colcon.colcon_core.verb:Building package 'gim_arm_hardware' with the following arguments: {'ament_cmake_args': None, 'build_base': '/home/minh/git_gim_ws/GIM_Arm_3_DOF/build/gim_arm_hardware', 'catkin_cmake_args': None, 'catkin_skip_building_tests': False, 'cmake_args': None, 'cmake_clean_cache': False, 'cmake_clean_first': False, 'cmake_force_configure': False, 'cmake_target': None, 'cmake_target_skip_unavailable': False, 'install_base': '/home/minh/git_gim_ws/GIM_Arm_3_DOF/install/gim_arm_hardware', 'merge_install': False, 'path': '/home/minh/git_gim_ws/GIM_Arm_3_DOF/src/gim_arm_hardware', 'symlink_install': False, 'test_result_base': None}
[0.407s] Level 5:colcon.colcon_core.verb:set package 'gim_arm_moveit_config' build argument 'cmake_args' from command line to 'None'
[0.407s] Level 5:colcon.colcon_core.verb:set package 'gim_arm_moveit_config' build argument 'cmake_target' from command line to 'None'
[0.407s] Level 5:colcon.colcon_core.verb:set package 'gim_arm_moveit_config' build argument 'cmake_target_skip_unavailable' from command line to 'False'
[0.407s] Level 5:colcon.colcon_core.verb:set package 'gim_arm_moveit_config' build argument 'cmake_clean_cache' from command line to 'False'
[0.407s] Level 5:colcon.colcon_core.verb:set package 'gim_arm_moveit_config' build argument 'cmake_clean_first' from command line to 'False'
[0.407s] Level 5:colcon.colcon_core.verb:set package 'gim_arm_moveit_config' build argument 'cmake_force_configure' from command line to 'False'
[0.407s] Level 5:colcon.colcon_core.verb:set package 'gim_arm_moveit_config' build argument 'ament_cmake_args' from command line to 'None'
[0.407s] Level 5:colcon.colcon_core.verb:set package 'gim_arm_moveit_config' build argument 'catkin_cmake_args' from command line to 'None'
[0.407s] Level 5:colcon.colcon_core.verb:set package 'gim_arm_moveit_config' build argument 'catkin_skip_building_tests' from command line to 'False'
[0.407s] DEBUG:colcon.colcon_core.verb:Building package 'gim_arm_moveit_config' with the following arguments: {'ament_cmake_args': None, 'build_base': '/home/minh/git_gim_ws/GIM_Arm_3_DOF/build/gim_arm_moveit_config', 'catkin_cmake_args': None, 'catkin_skip_building_tests': False, 'cmake_args': None, 'cmake_clean_cache': False, 'cmake_clean_first': False, 'cmake_force_configure': False, 'cmake_target': None, 'cmake_target_skip_unavailable': False, 'install_base': '/home/minh/git_gim_ws/GIM_Arm_3_DOF/install/gim_arm_moveit_config', 'merge_install': False, 'path': '/home/minh/git_gim_ws/GIM_Arm_3_DOF/src/gim_arm_moveit_config', 'symlink_install': False, 'test_result_base': None}
[0.408s] Level 5:colcon.colcon_core.verb:set package 'gim_control' build argument 'cmake_args' from command line to 'None'
[0.408s] Level 5:colcon.colcon_core.verb:set package 'gim_control' build argument 'cmake_target' from command line to 'None'
[0.408s] Level 5:colcon.colcon_core.verb:set package 'gim_control' build argument 'cmake_target_skip_unavailable' from command line to 'False'
[0.408s] Level 5:colcon.colcon_core.verb:set package 'gim_control' build argument 'cmake_clean_cache' from command line to 'False'
[0.408s] Level 5:colcon.colcon_core.verb:set package 'gim_control' build argument 'cmake_clean_first' from command line to 'False'
[0.408s] Level 5:colcon.colcon_core.verb:set package 'gim_control' build argument 'cmake_force_configure' from command line to 'False'
[0.408s] Level 5:colcon.colcon_core.verb:set package 'gim_control' build argument 'ament_cmake_args' from command line to 'None'
[0.408s] Level 5:colcon.colcon_core.verb:set package 'gim_control' build argument 'catkin_cmake_args' from command line to 'None'
[0.408s] Level 5:colcon.colcon_core.verb:set package 'gim_control' build argument 'catkin_skip_building_tests' from command line to 'False'
[0.408s] DEBUG:colcon.colcon_core.verb:Building package 'gim_control' with the following arguments: {'ament_cmake_args': None, 'build_base': '/home/minh/git_gim_ws/GIM_Arm_3_DOF/build/gim_control', 'catkin_cmake_args': None, 'catkin_skip_building_tests': False, 'cmake_args': None, 'cmake_clean_cache': False, 'cmake_clean_first': False, 'cmake_force_configure': False, 'cmake_target': None, 'cmake_target_skip_unavailable': False, 'install_base': '/home/minh/git_gim_ws/GIM_Arm_3_DOF/install/gim_control', 'merge_install': False, 'path': '/home/minh/git_gim_ws/GIM_Arm_3_DOF/src/gim_arm_control', 'symlink_install': False, 'test_result_base': None}
[0.408s] INFO:colcon.colcon_core.executor:Executing jobs using 'parallel' executor
[0.409s] DEBUG:colcon.colcon_parallel_executor.executor.parallel:run_until_complete
[0.409s] INFO:colcon.colcon_ros.task.ament_cmake.build:Building ROS package in '/home/minh/git_gim_ws/GIM_Arm_3_DOF/src/gim_arm_description' with build type 'ament_cmake'
[0.410s] INFO:colcon.colcon_cmake.task.cmake.build:Building CMake package in '/home/minh/git_gim_ws/GIM_Arm_3_DOF/src/gim_arm_description'
[0.411s] INFO:colcon.colcon_core.plugin_system:Skipping extension 'colcon_core.shell.bat': Not used on non-Windows systems
[0.412s] INFO:colcon.colcon_core.shell:Skip shell extension 'powershell' for command environment: Not usable outside of PowerShell
[0.412s] DEBUG:colcon.colcon_core.shell:Skip shell extension 'dsv' for command environment
[0.419s] INFO:colcon.colcon_ros.task.ament_cmake.build:Building ROS package in '/home/minh/git_gim_ws/GIM_Arm_3_DOF/src/gim_arm_hardware' with build type 'ament_cmake'
[0.419s] INFO:colcon.colcon_cmake.task.cmake.build:Building CMake package in '/home/minh/git_gim_ws/GIM_Arm_3_DOF/src/gim_arm_hardware'
[0.419s] INFO:colcon.colcon_core.shell:Skip shell extension 'powershell' for command environment: Not usable outside of PowerShell
[0.419s] DEBUG:colcon.colcon_core.shell:Skip shell extension 'dsv' for command environment
[0.431s] DEBUG:colcon.colcon_core.event_handler.log_command:Invoking command in '/home/minh/git_gim_ws/GIM_Arm_3_DOF/build/gim_arm_description': CMAKE_PREFIX_PATH=${CMAKE_PREFIX_PATH}:/home/minh/git_gim_ws/GIM_Arm_3_DOF/install/gim_control:/home/minh/rehab_robot_ver2_modified/install/rehab_gui:/home/minh/rehab_robot_ver2_modified/install/my_rqt_plugin:/opt/ros/humble /home/minh/.local/bin/cmake --build /home/minh/git_gim_ws/GIM_Arm_3_DOF/build/gim_arm_description -- -j16 -l16
[0.436s] DEBUG:colcon.colcon_core.event_handler.log_command:Invoking command in '/home/minh/git_gim_ws/GIM_Arm_3_DOF/build/gim_arm_hardware': CMAKE_PREFIX_PATH=${CMAKE_PREFIX_PATH}:/home/minh/git_gim_ws/GIM_Arm_3_DOF/install/gim_control:/home/minh/rehab_robot_ver2_modified/install/rehab_gui:/home/minh/rehab_robot_ver2_modified/install/my_rqt_plugin:/opt/ros/humble /home/minh/.local/bin/cmake --build /home/minh/git_gim_ws/GIM_Arm_3_DOF/build/gim_arm_hardware -- -j16 -l16
[0.541s] DEBUG:colcon.colcon_core.event_handler.log_command:Invoked command in '/home/minh/git_gim_ws/GIM_Arm_3_DOF/build/gim_arm_description' returned '0': CMAKE_PREFIX_PATH=${CMAKE_PREFIX_PATH}:/home/minh/git_gim_ws/GIM_Arm_3_DOF/install/gim_control:/home/minh/rehab_robot_ver2_modified/install/rehab_gui:/home/minh/rehab_robot_ver2_modified/install/my_rqt_plugin:/opt/ros/humble /home/minh/.local/bin/cmake --build /home/minh/git_gim_ws/GIM_Arm_3_DOF/build/gim_arm_description -- -j16 -l16
[0.620s] DEBUG:colcon.colcon_core.event_handler.log_command:Invoking command in '/home/minh/git_gim_ws/GIM_Arm_3_DOF/build/gim_arm_description': CMAKE_PREFIX_PATH=${CMAKE_PREFIX_PATH}:/home/minh/git_gim_ws/GIM_Arm_3_DOF/install/gim_control:/home/minh/rehab_robot_ver2_modified/install/rehab_gui:/home/minh/rehab_robot_ver2_modified/install/my_rqt_plugin:/opt/ros/humble /home/minh/.local/bin/cmake --install /home/minh/git_gim_ws/GIM_Arm_3_DOF/build/gim_arm_description
[0.699s] Level 1:colcon.colcon_core.environment:create_environment_scripts_only(gim_arm_description)
[0.699s] DEBUG:colcon.colcon_core.event_handler.log_command:Invoked command in '/home/minh/git_gim_ws/GIM_Arm_3_DOF/build/gim_arm_description' returned '0': CMAKE_PREFIX_PATH=${CMAKE_PREFIX_PATH}:/home/minh/git_gim_ws/GIM_Arm_3_DOF/install/gim_control:/home/minh/rehab_robot_ver2_modified/install/rehab_gui:/home/minh/rehab_robot_ver2_modified/install/my_rqt_plugin:/opt/ros/humble /home/minh/.local/bin/cmake --install /home/minh/git_gim_ws/GIM_Arm_3_DOF/build/gim_arm_description
[0.702s] Level 1:colcon.colcon_core.environment:checking '/home/minh/git_gim_ws/GIM_Arm_3_DOF/install/gim_arm_description' for CMake module files
[0.702s] Level 1:colcon.colcon_core.environment:checking '/home/minh/git_gim_ws/GIM_Arm_3_DOF/install/gim_arm_description' for CMake config files
[0.702s] Level 1:colcon.colcon_core.shell:create_environment_hook('gim_arm_description', 'cmake_prefix_path')
[0.702s] INFO:colcon.colcon_core.shell:Creating environment hook '/home/minh/git_gim_ws/GIM_Arm_3_DOF/install/gim_arm_description/share/gim_arm_description/hook/cmake_prefix_path.ps1'
[0.703s] INFO:colcon.colcon_core.shell:Creating environment descriptor '/home/minh/git_gim_ws/GIM_Arm_3_DOF/install/gim_arm_description/share/gim_arm_description/hook/cmake_prefix_path.dsv'
[0.703s] INFO:colcon.colcon_core.shell:Creating environment hook '/home/minh/git_gim_ws/GIM_Arm_3_DOF/install/gim_arm_description/share/gim_arm_description/hook/cmake_prefix_path.sh'
[0.704s] Level 1:colcon.colcon_core.environment:checking '/home/minh/git_gim_ws/GIM_Arm_3_DOF/install/gim_arm_description/bin'
[0.704s] Level 1:colcon.colcon_core.environment:checking '/home/minh/git_gim_ws/GIM_Arm_3_DOF/install/gim_arm_description/lib/pkgconfig/gim_arm_description.pc'
[0.704s] Level 1:colcon.colcon_core.environment:checking '/home/minh/git_gim_ws/GIM_Arm_3_DOF/install/gim_arm_description/lib/python3.10/site-packages'
[0.704s] Level 1:colcon.colcon_core.environment:checking '/home/minh/git_gim_ws/GIM_Arm_3_DOF/install/gim_arm_description/bin'
[0.705s] INFO:colcon.colcon_core.shell:Creating package script '/home/minh/git_gim_ws/GIM_Arm_3_DOF/install/gim_arm_description/share/gim_arm_description/package.ps1'
[0.705s] INFO:colcon.colcon_core.shell:Creating package descriptor '/home/minh/git_gim_ws/GIM_Arm_3_DOF/install/gim_arm_description/share/gim_arm_description/package.dsv'
[0.706s] INFO:colcon.colcon_core.shell:Creating package script '/home/minh/git_gim_ws/GIM_Arm_3_DOF/install/gim_arm_description/share/gim_arm_description/package.sh'
[0.706s] INFO:colcon.colcon_core.shell:Creating package script '/home/minh/git_gim_ws/GIM_Arm_3_DOF/install/gim_arm_description/share/gim_arm_description/package.bash'
[0.707s] INFO:colcon.colcon_core.shell:Creating package script '/home/minh/git_gim_ws/GIM_Arm_3_DOF/install/gim_arm_description/share/gim_arm_description/package.zsh'
[0.707s] Level 1:colcon.colcon_core.environment:create_file_with_runtime_dependencies(/home/minh/git_gim_ws/GIM_Arm_3_DOF/install/gim_arm_description/share/colcon-core/packages/gim_arm_description)
[0.708s] Level 1:colcon.colcon_core.environment:create_environment_scripts_only(gim_arm_description)
[0.708s] Level 1:colcon.colcon_core.environment:checking '/home/minh/git_gim_ws/GIM_Arm_3_DOF/install/gim_arm_description' for CMake module files
[0.708s] Level 1:colcon.colcon_core.environment:checking '/home/minh/git_gim_ws/GIM_Arm_3_DOF/install/gim_arm_description' for CMake config files
[0.708s] Level 1:colcon.colcon_core.shell:create_environment_hook('gim_arm_description', 'cmake_prefix_path')
[0.709s] INFO:colcon.colcon_core.shell:Creating environment hook '/home/minh/git_gim_ws/GIM_Arm_3_DOF/install/gim_arm_description/share/gim_arm_description/hook/cmake_prefix_path.ps1'
[0.709s] INFO:colcon.colcon_core.shell:Creating environment descriptor '/home/minh/git_gim_ws/GIM_Arm_3_DOF/install/gim_arm_description/share/gim_arm_description/hook/cmake_prefix_path.dsv'
[0.709s] INFO:colcon.colcon_core.shell:Creating environment hook '/home/minh/git_gim_ws/GIM_Arm_3_DOF/install/gim_arm_description/share/gim_arm_description/hook/cmake_prefix_path.sh'
[0.710s] Level 1:colcon.colcon_core.environment:checking '/home/minh/git_gim_ws/GIM_Arm_3_DOF/install/gim_arm_description/bin'
[0.710s] Level 1:colcon.colcon_core.environment:checking '/home/minh/git_gim_ws/GIM_Arm_3_DOF/install/gim_arm_description/lib/pkgconfig/gim_arm_description.pc'
[0.710s] Level 1:colcon.colcon_core.environment:checking '/home/minh/git_gim_ws/GIM_Arm_3_DOF/install/gim_arm_description/lib/python3.10/site-packages'
[0.710s] Level 1:colcon.colcon_core.environment:checking '/home/minh/git_gim_ws/GIM_Arm_3_DOF/install/gim_arm_description/bin'
[0.710s] INFO:colcon.colcon_core.shell:Creating package script '/home/minh/git_gim_ws/GIM_Arm_3_DOF/install/gim_arm_description/share/gim_arm_description/package.ps1'
[0.711s] INFO:colcon.colcon_core.shell:Creating package descriptor '/home/minh/git_gim_ws/GIM_Arm_3_DOF/install/gim_arm_description/share/gim_arm_description/package.dsv'
[0.711s] INFO:colcon.colcon_core.shell:Creating package script '/home/minh/git_gim_ws/GIM_Arm_3_DOF/install/gim_arm_description/share/gim_arm_description/package.sh'
[0.711s] INFO:colcon.colcon_core.shell:Creating package script '/home/minh/git_gim_ws/GIM_Arm_3_DOF/install/gim_arm_description/share/gim_arm_description/package.bash'
[0.712s] INFO:colcon.colcon_core.shell:Creating package script '/home/minh/git_gim_ws/GIM_Arm_3_DOF/install/gim_arm_description/share/gim_arm_description/package.zsh'
[0.712s] Level 1:colcon.colcon_core.environment:create_file_with_runtime_dependencies(/home/minh/git_gim_ws/GIM_Arm_3_DOF/install/gim_arm_description/share/colcon-core/packages/gim_arm_description)
[0.712s] INFO:colcon.colcon_ros.task.ament_cmake.build:Building ROS package in '/home/minh/git_gim_ws/GIM_Arm_3_DOF/src/gim_arm_moveit_config' with build type 'ament_cmake'
[0.712s] INFO:colcon.colcon_cmake.task.cmake.build:Building CMake package in '/home/minh/git_gim_ws/GIM_Arm_3_DOF/src/gim_arm_moveit_config'
[0.713s] INFO:colcon.colcon_core.shell:Skip shell extension 'powershell' for command environment: Not usable outside of PowerShell
[0.713s] DEBUG:colcon.colcon_core.shell:Skip shell extension 'dsv' for command environment
[0.717s] INFO:colcon.colcon_ros.task.ament_python.build:Building ROS package in '/home/minh/git_gim_ws/GIM_Arm_3_DOF/src/gim_arm_control' with build type 'ament_python'
[0.718s] Level 1:colcon.colcon_core.shell:create_environment_hook('gim_control', 'ament_prefix_path')
[0.718s] INFO:colcon.colcon_core.shell:Creating environment hook '/home/minh/git_gim_ws/GIM_Arm_3_DOF/install/gim_control/share/gim_control/hook/ament_prefix_path.ps1'
[0.718s] INFO:colcon.colcon_core.shell:Creating environment descriptor '/home/minh/git_gim_ws/GIM_Arm_3_DOF/install/gim_control/share/gim_control/hook/ament_prefix_path.dsv'
[0.719s] INFO:colcon.colcon_core.shell:Creating environment hook '/home/minh/git_gim_ws/GIM_Arm_3_DOF/install/gim_control/share/gim_control/hook/ament_prefix_path.sh'
[0.719s] INFO:colcon.colcon_core.shell:Skip shell extension 'powershell' for command environment: Not usable outside of PowerShell
[0.719s] DEBUG:colcon.colcon_core.shell:Skip shell extension 'dsv' for command environment
[0.727s] DEBUG:colcon.colcon_core.event_handler.log_command:Invoking command in '/home/minh/git_gim_ws/GIM_Arm_3_DOF/build/gim_arm_moveit_config': CMAKE_PREFIX_PATH=/home/minh/git_gim_ws/GIM_Arm_3_DOF/install/gim_arm_description:/home/minh/git_gim_ws/GIM_Arm_3_DOF/install/gim_arm_moveit_config:/home/minh/git_gim_ws/GIM_Arm_3_DOF/install/gim_arm_hardware:/home/minh/rehab_robot_ver2_modified/install/rehab_robot_ver2_control:/home/minh/rehab_robot_ver2_modified/install/rviz_custom_plugins:/home/minh/rehab_robot_ver2_modified/install/rehab_robot_ver2:/home/minh/rehab_robot_ver2_modified/install/gravity_compensation:/home/minh/rehab_robot_ver2_modified/install/can_odrive_interface:/home/minh/moveit_ws/install/my_robot_bringup:/home/minh/moveit_ws/install/my_robot_moveit_config:/home/minh/moveit_ws/install/my_robot_description:/home/minh/apriltag_ws/install/apriltag_ros:/home/minh/git_gim_ws/GIM_Arm_3_DOF/install/gim_control:/home/minh/rehab_robot_ver2_modified/install/rehab_gui:/home/minh/rehab_robot_ver2_modified/install/my_rqt_plugin:/opt/ros/humble /home/minh/.local/bin/cmake --build /home/minh/git_gim_ws/GIM_Arm_3_DOF/build/gim_arm_moveit_config -- -j16 -l16
[0.890s] INFO:colcon.colcon_core.task.python.build:Building Python package in '/home/minh/git_gim_ws/GIM_Arm_3_DOF/src/gim_arm_control'
[0.891s] INFO:colcon.colcon_core.shell:Skip shell extension 'powershell' for command environment: Not usable outside of PowerShell
[0.891s] DEBUG:colcon.colcon_core.shell:Skip shell extension 'dsv' for command environment
[0.896s] DEBUG:colcon.colcon_core.event_handler.log_command:Invoked command in '/home/minh/git_gim_ws/GIM_Arm_3_DOF/build/gim_arm_moveit_config' returned '0': CMAKE_PREFIX_PATH=/home/minh/git_gim_ws/GIM_Arm_3_DOF/install/gim_arm_description:/home/minh/git_gim_ws/GIM_Arm_3_DOF/install/gim_arm_moveit_config:/home/minh/git_gim_ws/GIM_Arm_3_DOF/install/gim_arm_hardware:/home/minh/rehab_robot_ver2_modified/install/rehab_robot_ver2_control:/home/minh/rehab_robot_ver2_modified/install/rviz_custom_plugins:/home/minh/rehab_robot_ver2_modified/install/rehab_robot_ver2:/home/minh/rehab_robot_ver2_modified/install/gravity_compensation:/home/minh/rehab_robot_ver2_modified/install/can_odrive_interface:/home/minh/moveit_ws/install/my_robot_bringup:/home/minh/moveit_ws/install/my_robot_moveit_config:/home/minh/moveit_ws/install/my_robot_description:/home/minh/apriltag_ws/install/apriltag_ros:/home/minh/git_gim_ws/GIM_Arm_3_DOF/install/gim_control:/home/minh/rehab_robot_ver2_modified/install/rehab_gui:/home/minh/rehab_robot_ver2_modified/install/my_rqt_plugin:/opt/ros/humble /home/minh/.local/bin/cmake --build /home/minh/git_gim_ws/GIM_Arm_3_DOF/build/gim_arm_moveit_config -- -j16 -l16
[0.897s] DEBUG:colcon.colcon_core.event_handler.log_command:Invoking command in '/home/minh/git_gim_ws/GIM_Arm_3_DOF/build/gim_arm_moveit_config': CMAKE_PREFIX_PATH=/home/minh/git_gim_ws/GIM_Arm_3_DOF/install/gim_arm_description:/home/minh/git_gim_ws/GIM_Arm_3_DOF/install/gim_arm_moveit_config:/home/minh/git_gim_ws/GIM_Arm_3_DOF/install/gim_arm_hardware:/home/minh/rehab_robot_ver2_modified/install/rehab_robot_ver2_control:/home/minh/rehab_robot_ver2_modified/install/rviz_custom_plugins:/home/minh/rehab_robot_ver2_modified/install/rehab_robot_ver2:/home/minh/rehab_robot_ver2_modified/install/gravity_compensation:/home/minh/rehab_robot_ver2_modified/install/can_odrive_interface:/home/minh/moveit_ws/install/my_robot_bringup:/home/minh/moveit_ws/install/my_robot_moveit_config:/home/minh/moveit_ws/install/my_robot_description:/home/minh/apriltag_ws/install/apriltag_ros:/home/minh/git_gim_ws/GIM_Arm_3_DOF/install/gim_control:/home/minh/rehab_robot_ver2_modified/install/rehab_gui:/home/minh/rehab_robot_ver2_modified/install/my_rqt_plugin:/opt/ros/humble /home/minh/.local/bin/cmake --install /home/minh/git_gim_ws/GIM_Arm_3_DOF/build/gim_arm_moveit_config
[0.962s] Level 1:colcon.colcon_core.environment:create_environment_scripts_only(gim_arm_moveit_config)
[0.963s] Level 1:colcon.colcon_core.environment:checking '/home/minh/git_gim_ws/GIM_Arm_3_DOF/install/gim_arm_moveit_config' for CMake module files
[0.963s] DEBUG:colcon.colcon_core.event_handler.log_command:Invoked command in '/home/minh/git_gim_ws/GIM_Arm_3_DOF/build/gim_arm_moveit_config' returned '0': CMAKE_PREFIX_PATH=/home/minh/git_gim_ws/GIM_Arm_3_DOF/install/gim_arm_description:/home/minh/git_gim_ws/GIM_Arm_3_DOF/install/gim_arm_moveit_config:/home/minh/git_gim_ws/GIM_Arm_3_DOF/install/gim_arm_hardware:/home/minh/rehab_robot_ver2_modified/install/rehab_robot_ver2_control:/home/minh/rehab_robot_ver2_modified/install/rviz_custom_plugins:/home/minh/rehab_robot_ver2_modified/install/rehab_robot_ver2:/home/minh/rehab_robot_ver2_modified/install/gravity_compensation:/home/minh/rehab_robot_ver2_modified/install/can_odrive_interface:/home/minh/moveit_ws/install/my_robot_bringup:/home/minh/moveit_ws/install/my_robot_moveit_config:/home/minh/moveit_ws/install/my_robot_description:/home/minh/apriltag_ws/install/apriltag_ros:/home/minh/git_gim_ws/GIM_Arm_3_DOF/install/gim_control:/home/minh/rehab_robot_ver2_modified/install/rehab_gui:/home/minh/rehab_robot_ver2_modified/install/my_rqt_plugin:/opt/ros/humble /home/minh/.local/bin/cmake --install /home/minh/git_gim_ws/GIM_Arm_3_DOF/build/gim_arm_moveit_config
[0.963s] Level 1:colcon.colcon_core.environment:checking '/home/minh/git_gim_ws/GIM_Arm_3_DOF/install/gim_arm_moveit_config' for CMake config files
[0.963s] Level 1:colcon.colcon_core.shell:create_environment_hook('gim_arm_moveit_config', 'cmake_prefix_path')
[0.964s] INFO:colcon.colcon_core.shell:Creating environment hook '/home/minh/git_gim_ws/GIM_Arm_3_DOF/install/gim_arm_moveit_config/share/gim_arm_moveit_config/hook/cmake_prefix_path.ps1'
[0.964s] INFO:colcon.colcon_core.shell:Creating environment descriptor '/home/minh/git_gim_ws/GIM_Arm_3_DOF/install/gim_arm_moveit_config/share/gim_arm_moveit_config/hook/cmake_prefix_path.dsv'
[0.965s] INFO:colcon.colcon_core.shell:Creating environment hook '/home/minh/git_gim_ws/GIM_Arm_3_DOF/install/gim_arm_moveit_config/share/gim_arm_moveit_config/hook/cmake_prefix_path.sh'
[0.965s] Level 1:colcon.colcon_core.environment:checking '/home/minh/git_gim_ws/GIM_Arm_3_DOF/install/gim_arm_moveit_config/bin'
[0.965s] Level 1:colcon.colcon_core.environment:checking '/home/minh/git_gim_ws/GIM_Arm_3_DOF/install/gim_arm_moveit_config/lib/pkgconfig/gim_arm_moveit_config.pc'
[0.965s] Level 1:colcon.colcon_core.environment:checking '/home/minh/git_gim_ws/GIM_Arm_3_DOF/install/gim_arm_moveit_config/lib/python3.10/site-packages'
[0.966s] Level 1:colcon.colcon_core.environment:checking '/home/minh/git_gim_ws/GIM_Arm_3_DOF/install/gim_arm_moveit_config/bin'
[0.966s] INFO:colcon.colcon_core.shell:Creating package script '/home/minh/git_gim_ws/GIM_Arm_3_DOF/install/gim_arm_moveit_config/share/gim_arm_moveit_config/package.ps1'
[0.966s] INFO:colcon.colcon_core.shell:Creating package descriptor '/home/minh/git_gim_ws/GIM_Arm_3_DOF/install/gim_arm_moveit_config/share/gim_arm_moveit_config/package.dsv'
[0.967s] INFO:colcon.colcon_core.shell:Creating package script '/home/minh/git_gim_ws/GIM_Arm_3_DOF/install/gim_arm_moveit_config/share/gim_arm_moveit_config/package.sh'
[0.967s] INFO:colcon.colcon_core.shell:Creating package script '/home/minh/git_gim_ws/GIM_Arm_3_DOF/install/gim_arm_moveit_config/share/gim_arm_moveit_config/package.bash'
[0.967s] INFO:colcon.colcon_core.shell:Creating package script '/home/minh/git_gim_ws/GIM_Arm_3_DOF/install/gim_arm_moveit_config/share/gim_arm_moveit_config/package.zsh'
[0.967s] Level 1:colcon.colcon_core.environment:create_file_with_runtime_dependencies(/home/minh/git_gim_ws/GIM_Arm_3_DOF/install/gim_arm_moveit_config/share/colcon-core/packages/gim_arm_moveit_config)
[0.968s] Level 1:colcon.colcon_core.environment:create_environment_scripts_only(gim_arm_moveit_config)
[0.968s] Level 1:colcon.colcon_core.environment:checking '/home/minh/git_gim_ws/GIM_Arm_3_DOF/install/gim_arm_moveit_config' for CMake module files
[0.968s] Level 1:colcon.colcon_core.environment:checking '/home/minh/git_gim_ws/GIM_Arm_3_DOF/install/gim_arm_moveit_config' for CMake config files
[0.968s] Level 1:colcon.colcon_core.shell:create_environment_hook('gim_arm_moveit_config', 'cmake_prefix_path')
[0.968s] INFO:colcon.colcon_core.shell:Creating environment hook '/home/minh/git_gim_ws/GIM_Arm_3_DOF/install/gim_arm_moveit_config/share/gim_arm_moveit_config/hook/cmake_prefix_path.ps1'
[0.969s] INFO:colcon.colcon_core.shell:Creating environment descriptor '/home/minh/git_gim_ws/GIM_Arm_3_DOF/install/gim_arm_moveit_config/share/gim_arm_moveit_config/hook/cmake_prefix_path.dsv'
[0.969s] INFO:colcon.colcon_core.shell:Creating environment hook '/home/minh/git_gim_ws/GIM_Arm_3_DOF/install/gim_arm_moveit_config/share/gim_arm_moveit_config/hook/cmake_prefix_path.sh'
[0.969s] Level 1:colcon.colcon_core.environment:checking '/home/minh/git_gim_ws/GIM_Arm_3_DOF/install/gim_arm_moveit_config/bin'
[0.969s] Level 1:colcon.colcon_core.environment:checking '/home/minh/git_gim_ws/GIM_Arm_3_DOF/install/gim_arm_moveit_config/lib/pkgconfig/gim_arm_moveit_config.pc'
[0.969s] Level 1:colcon.colcon_core.environment:checking '/home/minh/git_gim_ws/GIM_Arm_3_DOF/install/gim_arm_moveit_config/lib/python3.10/site-packages'
[0.969s] Level 1:colcon.colcon_core.environment:checking '/home/minh/git_gim_ws/GIM_Arm_3_DOF/install/gim_arm_moveit_config/bin'
[0.970s] INFO:colcon.colcon_core.shell:Creating package script '/home/minh/git_gim_ws/GIM_Arm_3_DOF/install/gim_arm_moveit_config/share/gim_arm_moveit_config/package.ps1'
[0.970s] INFO:colcon.colcon_core.shell:Creating package descriptor '/home/minh/git_gim_ws/GIM_Arm_3_DOF/install/gim_arm_moveit_config/share/gim_arm_moveit_config/package.dsv'
[0.970s] INFO:colcon.colcon_core.shell:Creating package script '/home/minh/git_gim_ws/GIM_Arm_3_DOF/install/gim_arm_moveit_config/share/gim_arm_moveit_config/package.sh'
[0.971s] INFO:colcon.colcon_core.shell:Creating package script '/home/minh/git_gim_ws/GIM_Arm_3_DOF/install/gim_arm_moveit_config/share/gim_arm_moveit_config/package.bash'
[0.971s] INFO:colcon.colcon_core.shell:Creating package script '/home/minh/git_gim_ws/GIM_Arm_3_DOF/install/gim_arm_moveit_config/share/gim_arm_moveit_config/package.zsh'
[0.971s] Level 1:colcon.colcon_core.environment:create_file_with_runtime_dependencies(/home/minh/git_gim_ws/GIM_Arm_3_DOF/install/gim_arm_moveit_config/share/colcon-core/packages/gim_arm_moveit_config)
[1.170s] DEBUG:colcon.colcon_core.task.python.build:Available setuptools commands: clean, install, bdist_dumb, bdist_egg, check, rotate, bdist_rpm, build_py, symlink_data, easy_install, update_catalog, install_scripts, alias, develop, compile_catalog, sdist, install_egg_info, bdist_wheel, saveopts, egg_info, build_ext, build, install_headers, build_scripts, install_data, extract_messages, build_clib, install_lib, dist_info, init_catalog, bdist, setopt, editable_wheel
[1.171s] DEBUG:colcon.colcon_core.event_handler.log_command:Invoking command in '/home/minh/git_gim_ws/GIM_Arm_3_DOF/src/gim_arm_control': CMAKE_PREFIX_PATH=/home/minh/git_gim_ws/GIM_Arm_3_DOF/install/gim_arm_description:/home/minh/git_gim_ws/GIM_Arm_3_DOF/install/gim_arm_moveit_config:/home/minh/git_gim_ws/GIM_Arm_3_DOF/install/gim_arm_hardware:/home/minh/rehab_robot_ver2_modified/install/rehab_robot_ver2_control:/home/minh/rehab_robot_ver2_modified/install/rviz_custom_plugins:/home/minh/rehab_robot_ver2_modified/install/rehab_robot_ver2:/home/minh/rehab_robot_ver2_modified/install/gravity_compensation:/home/minh/rehab_robot_ver2_modified/install/can_odrive_interface:/home/minh/moveit_ws/install/my_robot_bringup:/home/minh/moveit_ws/install/my_robot_moveit_config:/home/minh/moveit_ws/install/my_robot_description:/home/minh/apriltag_ws/install/apriltag_ros PYTHONPATH=/home/minh/git_gim_ws/GIM_Arm_3_DOF/build/gim_control/prefix_override:/usr/lib/python3/dist-packages/colcon_core/task/python/colcon_distutils_commands:/home/minh/git_gim_ws/GIM_Arm_3_DOF/install/gim_control/lib/python3.10/site-packages:${PYTHONPATH} /usr/bin/python3 -W ignore:setup.py install is deprecated -W ignore:easy_install command is deprecated setup.py egg_info --egg-base ../../build/gim_control build --build-base /home/minh/git_gim_ws/GIM_Arm_3_DOF/build/gim_control/build install --record /home/minh/git_gim_ws/GIM_Arm_3_DOF/build/gim_control/install.log --install-scripts $base/lib/gim_control --single-version-externally-managed install_data
[1.445s] Level 1:colcon.colcon_core.environment:checking '/home/minh/git_gim_ws/GIM_Arm_3_DOF/install/gim_control' for CMake module files
[1.445s] DEBUG:colcon.colcon_core.event_handler.log_command:Invoked command in '/home/minh/git_gim_ws/GIM_Arm_3_DOF/src/gim_arm_control' returned '0': CMAKE_PREFIX_PATH=/home/minh/git_gim_ws/GIM_Arm_3_DOF/install/gim_arm_description:/home/minh/git_gim_ws/GIM_Arm_3_DOF/install/gim_arm_moveit_config:/home/minh/git_gim_ws/GIM_Arm_3_DOF/install/gim_arm_hardware:/home/minh/rehab_robot_ver2_modified/install/rehab_robot_ver2_control:/home/minh/rehab_robot_ver2_modified/install/rviz_custom_plugins:/home/minh/rehab_robot_ver2_modified/install/rehab_robot_ver2:/home/minh/rehab_robot_ver2_modified/install/gravity_compensation:/home/minh/rehab_robot_ver2_modified/install/can_odrive_interface:/home/minh/moveit_ws/install/my_robot_bringup:/home/minh/moveit_ws/install/my_robot_moveit_config:/home/minh/moveit_ws/install/my_robot_description:/home/minh/apriltag_ws/install/apriltag_ros PYTHONPATH=/home/minh/git_gim_ws/GIM_Arm_3_DOF/build/gim_control/prefix_override:/usr/lib/python3/dist-packages/colcon_core/task/python/colcon_distutils_commands:/home/minh/git_gim_ws/GIM_Arm_3_DOF/install/gim_control/lib/python3.10/site-packages:${PYTHONPATH} /usr/bin/python3 -W ignore:setup.py install is deprecated -W ignore:easy_install command is deprecated setup.py egg_info --egg-base ../../build/gim_control build --build-base /home/minh/git_gim_ws/GIM_Arm_3_DOF/build/gim_control/build install --record /home/minh/git_gim_ws/GIM_Arm_3_DOF/build/gim_control/install.log --install-scripts $base/lib/gim_control --single-version-externally-managed install_data
[1.446s] Level 1:colcon.colcon_core.environment:checking '/home/minh/git_gim_ws/GIM_Arm_3_DOF/install/gim_control' for CMake config files
[1.446s] Level 1:colcon.colcon_core.environment:checking '/home/minh/git_gim_ws/GIM_Arm_3_DOF/install/gim_control/lib'
[1.446s] Level 1:colcon.colcon_core.environment:checking '/home/minh/git_gim_ws/GIM_Arm_3_DOF/install/gim_control/bin'
[1.446s] Level 1:colcon.colcon_core.environment:checking '/home/minh/git_gim_ws/GIM_Arm_3_DOF/install/gim_control/lib/pkgconfig/gim_control.pc'
[1.446s] Level 1:colcon.colcon_core.environment:checking '/home/minh/git_gim_ws/GIM_Arm_3_DOF/install/gim_control/lib/python3.10/site-packages'
[1.446s] Level 1:colcon.colcon_core.shell:create_environment_hook('gim_control', 'pythonpath')
[1.446s] INFO:colcon.colcon_core.shell:Creating environment hook '/home/minh/git_gim_ws/GIM_Arm_3_DOF/install/gim_control/share/gim_control/hook/pythonpath.ps1'
[1.447s] INFO:colcon.colcon_core.shell:Creating environment descriptor '/home/minh/git_gim_ws/GIM_Arm_3_DOF/install/gim_control/share/gim_control/hook/pythonpath.dsv'
[1.447s] INFO:colcon.colcon_core.shell:Creating environment hook '/home/minh/git_gim_ws/GIM_Arm_3_DOF/install/gim_control/share/gim_control/hook/pythonpath.sh'
[1.447s] Level 1:colcon.colcon_core.environment:checking '/home/minh/git_gim_ws/GIM_Arm_3_DOF/install/gim_control/bin'
[1.447s] Level 1:colcon.colcon_core.environment:create_environment_scripts_only(gim_control)
[1.448s] INFO:colcon.colcon_core.shell:Creating package script '/home/minh/git_gim_ws/GIM_Arm_3_DOF/install/gim_control/share/gim_control/package.ps1'
[1.448s] INFO:colcon.colcon_core.shell:Creating package descriptor '/home/minh/git_gim_ws/GIM_Arm_3_DOF/install/gim_control/share/gim_control/package.dsv'
[1.448s] INFO:colcon.colcon_core.shell:Creating package script '/home/minh/git_gim_ws/GIM_Arm_3_DOF/install/gim_control/share/gim_control/package.sh'
[1.448s] INFO:colcon.colcon_core.shell:Creating package script '/home/minh/git_gim_ws/GIM_Arm_3_DOF/install/gim_control/share/gim_control/package.bash'
[1.449s] INFO:colcon.colcon_core.shell:Creating package script '/home/minh/git_gim_ws/GIM_Arm_3_DOF/install/gim_control/share/gim_control/package.zsh'
[1.449s] Level 1:colcon.colcon_core.environment:create_file_with_runtime_dependencies(/home/minh/git_gim_ws/GIM_Arm_3_DOF/install/gim_control/share/colcon-core/packages/gim_control)
[12.153s] DEBUG:colcon.colcon_core.event_handler.log_command:Invoked command in '/home/minh/git_gim_ws/GIM_Arm_3_DOF/build/gim_arm_hardware' returned '0': CMAKE_PREFIX_PATH=${CMAKE_PREFIX_PATH}:/home/minh/git_gim_ws/GIM_Arm_3_DOF/install/gim_control:/home/minh/rehab_robot_ver2_modified/install/rehab_gui:/home/minh/rehab_robot_ver2_modified/install/my_rqt_plugin:/opt/ros/humble /home/minh/.local/bin/cmake --build /home/minh/git_gim_ws/GIM_Arm_3_DOF/build/gim_arm_hardware -- -j16 -l16
[12.154s] DEBUG:colcon.colcon_core.event_handler.log_command:Invoking command in '/home/minh/git_gim_ws/GIM_Arm_3_DOF/build/gim_arm_hardware': CMAKE_PREFIX_PATH=${CMAKE_PREFIX_PATH}:/home/minh/git_gim_ws/GIM_Arm_3_DOF/install/gim_control:/home/minh/rehab_robot_ver2_modified/install/rehab_gui:/home/minh/rehab_robot_ver2_modified/install/my_rqt_plugin:/opt/ros/humble /home/minh/.local/bin/cmake --install /home/minh/git_gim_ws/GIM_Arm_3_DOF/build/gim_arm_hardware
[12.217s] Level 1:colcon.colcon_core.environment:create_environment_scripts_only(gim_arm_hardware)
[12.218s] Level 1:colcon.colcon_core.environment:checking '/home/minh/git_gim_ws/GIM_Arm_3_DOF/install/gim_arm_hardware' for CMake module files
[12.218s] DEBUG:colcon.colcon_core.event_handler.log_command:Invoked command in '/home/minh/git_gim_ws/GIM_Arm_3_DOF/build/gim_arm_hardware' returned '0': CMAKE_PREFIX_PATH=${CMAKE_PREFIX_PATH}:/home/minh/git_gim_ws/GIM_Arm_3_DOF/install/gim_control:/home/minh/rehab_robot_ver2_modified/install/rehab_gui:/home/minh/rehab_robot_ver2_modified/install/my_rqt_plugin:/opt/ros/humble /home/minh/.local/bin/cmake --install /home/minh/git_gim_ws/GIM_Arm_3_DOF/build/gim_arm_hardware
[12.219s] Level 1:colcon.colcon_core.environment:checking '/home/minh/git_gim_ws/GIM_Arm_3_DOF/install/gim_arm_hardware' for CMake config files
[12.219s] Level 1:colcon.colcon_core.shell:create_environment_hook('gim_arm_hardware', 'cmake_prefix_path')
[12.219s] INFO:colcon.colcon_core.shell:Creating environment hook '/home/minh/git_gim_ws/GIM_Arm_3_DOF/install/gim_arm_hardware/share/gim_arm_hardware/hook/cmake_prefix_path.ps1'
[12.220s] INFO:colcon.colcon_core.shell:Creating environment descriptor '/home/minh/git_gim_ws/GIM_Arm_3_DOF/install/gim_arm_hardware/share/gim_arm_hardware/hook/cmake_prefix_path.dsv'
[12.220s] INFO:colcon.colcon_core.shell:Creating environment hook '/home/minh/git_gim_ws/GIM_Arm_3_DOF/install/gim_arm_hardware/share/gim_arm_hardware/hook/cmake_prefix_path.sh'
[12.221s] Level 1:colcon.colcon_core.environment:checking '/home/minh/git_gim_ws/GIM_Arm_3_DOF/install/gim_arm_hardware/lib'
[12.221s] Level 1:colcon.colcon_core.shell:create_environment_hook('gim_arm_hardware', 'ld_library_path_lib')
[12.221s] INFO:colcon.colcon_core.shell:Creating environment hook '/home/minh/git_gim_ws/GIM_Arm_3_DOF/install/gim_arm_hardware/share/gim_arm_hardware/hook/ld_library_path_lib.ps1'
[12.221s] INFO:colcon.colcon_core.shell:Creating environment descriptor '/home/minh/git_gim_ws/GIM_Arm_3_DOF/install/gim_arm_hardware/share/gim_arm_hardware/hook/ld_library_path_lib.dsv'
[12.221s] INFO:colcon.colcon_core.shell:Creating environment hook '/home/minh/git_gim_ws/GIM_Arm_3_DOF/install/gim_arm_hardware/share/gim_arm_hardware/hook/ld_library_path_lib.sh'
[12.222s] Level 1:colcon.colcon_core.environment:checking '/home/minh/git_gim_ws/GIM_Arm_3_DOF/install/gim_arm_hardware/bin'
[12.222s] Level 1:colcon.colcon_core.environment:checking '/home/minh/git_gim_ws/GIM_Arm_3_DOF/install/gim_arm_hardware/lib/pkgconfig/gim_arm_hardware.pc'
[12.222s] Level 1:colcon.colcon_core.environment:checking '/home/minh/git_gim_ws/GIM_Arm_3_DOF/install/gim_arm_hardware/lib/python3.10/site-packages'
[12.222s] Level 1:colcon.colcon_core.environment:checking '/home/minh/git_gim_ws/GIM_Arm_3_DOF/install/gim_arm_hardware/bin'
[12.222s] INFO:colcon.colcon_core.shell:Creating package script '/home/minh/git_gim_ws/GIM_Arm_3_DOF/install/gim_arm_hardware/share/gim_arm_hardware/package.ps1'
[12.223s] INFO:colcon.colcon_core.shell:Creating package descriptor '/home/minh/git_gim_ws/GIM_Arm_3_DOF/install/gim_arm_hardware/share/gim_arm_hardware/package.dsv'
[12.223s] INFO:colcon.colcon_core.shell:Creating package script '/home/minh/git_gim_ws/GIM_Arm_3_DOF/install/gim_arm_hardware/share/gim_arm_hardware/package.sh'
[12.223s] INFO:colcon.colcon_core.shell:Creating package script '/home/minh/git_gim_ws/GIM_Arm_3_DOF/install/gim_arm_hardware/share/gim_arm_hardware/package.bash'
[12.224s] INFO:colcon.colcon_core.shell:Creating package script '/home/minh/git_gim_ws/GIM_Arm_3_DOF/install/gim_arm_hardware/share/gim_arm_hardware/package.zsh'
[12.224s] Level 1:colcon.colcon_core.environment:create_file_with_runtime_dependencies(/home/minh/git_gim_ws/GIM_Arm_3_DOF/install/gim_arm_hardware/share/colcon-core/packages/gim_arm_hardware)
[12.224s] Level 1:colcon.colcon_core.environment:create_environment_scripts_only(gim_arm_hardware)
[12.224s] Level 1:colcon.colcon_core.environment:checking '/home/minh/git_gim_ws/GIM_Arm_3_DOF/install/gim_arm_hardware' for CMake module files
[12.225s] Level 1:colcon.colcon_core.environment:checking '/home/minh/git_gim_ws/GIM_Arm_3_DOF/install/gim_arm_hardware' for CMake config files
[12.225s] Level 1:colcon.colcon_core.shell:create_environment_hook('gim_arm_hardware', 'cmake_prefix_path')
[12.225s] INFO:colcon.colcon_core.shell:Creating environment hook '/home/minh/git_gim_ws/GIM_Arm_3_DOF/install/gim_arm_hardware/share/gim_arm_hardware/hook/cmake_prefix_path.ps1'
[12.225s] INFO:colcon.colcon_core.shell:Creating environment descriptor '/home/minh/git_gim_ws/GIM_Arm_3_DOF/install/gim_arm_hardware/share/gim_arm_hardware/hook/cmake_prefix_path.dsv'
[12.226s] INFO:colcon.colcon_core.shell:Creating environment hook '/home/minh/git_gim_ws/GIM_Arm_3_DOF/install/gim_arm_hardware/share/gim_arm_hardware/hook/cmake_prefix_path.sh'
[12.226s] Level 1:colcon.colcon_core.environment:checking '/home/minh/git_gim_ws/GIM_Arm_3_DOF/install/gim_arm_hardware/lib'
[12.226s] Level 1:colcon.colcon_core.shell:create_environment_hook('gim_arm_hardware', 'ld_library_path_lib')
[12.226s] INFO:colcon.colcon_core.shell:Creating environment hook '/home/minh/git_gim_ws/GIM_Arm_3_DOF/install/gim_arm_hardware/share/gim_arm_hardware/hook/ld_library_path_lib.ps1'
[12.227s] INFO:colcon.colcon_core.shell:Creating environment descriptor '/home/minh/git_gim_ws/GIM_Arm_3_DOF/install/gim_arm_hardware/share/gim_arm_hardware/hook/ld_library_path_lib.dsv'
[12.227s] INFO:colcon.colcon_core.shell:Creating environment hook '/home/minh/git_gim_ws/GIM_Arm_3_DOF/install/gim_arm_hardware/share/gim_arm_hardware/hook/ld_library_path_lib.sh'
[12.227s] Level 1:colcon.colcon_core.environment:checking '/home/minh/git_gim_ws/GIM_Arm_3_DOF/install/gim_arm_hardware/bin'
[12.227s] Level 1:colcon.colcon_core.environment:checking '/home/minh/git_gim_ws/GIM_Arm_3_DOF/install/gim_arm_hardware/lib/pkgconfig/gim_arm_hardware.pc'
[12.227s] Level 1:colcon.colcon_core.environment:checking '/home/minh/git_gim_ws/GIM_Arm_3_DOF/install/gim_arm_hardware/lib/python3.10/site-packages'
[12.227s] Level 1:colcon.colcon_core.environment:checking '/home/minh/git_gim_ws/GIM_Arm_3_DOF/install/gim_arm_hardware/bin'
[12.228s] INFO:colcon.colcon_core.shell:Creating package script '/home/minh/git_gim_ws/GIM_Arm_3_DOF/install/gim_arm_hardware/share/gim_arm_hardware/package.ps1'
[12.228s] INFO:colcon.colcon_core.shell:Creating package descriptor '/home/minh/git_gim_ws/GIM_Arm_3_DOF/install/gim_arm_hardware/share/gim_arm_hardware/package.dsv'
[12.229s] INFO:colcon.colcon_core.shell:Creating package script '/home/minh/git_gim_ws/GIM_Arm_3_DOF/install/gim_arm_hardware/share/gim_arm_hardware/package.sh'
[12.229s] INFO:colcon.colcon_core.shell:Creating package script '/home/minh/git_gim_ws/GIM_Arm_3_DOF/install/gim_arm_hardware/share/gim_arm_hardware/package.bash'
[12.229s] INFO:colcon.colcon_core.shell:Creating package script '/home/minh/git_gim_ws/GIM_Arm_3_DOF/install/gim_arm_hardware/share/gim_arm_hardware/package.zsh'
[12.230s] Level 1:colcon.colcon_core.environment:create_file_with_runtime_dependencies(/home/minh/git_gim_ws/GIM_Arm_3_DOF/install/gim_arm_hardware/share/colcon-core/packages/gim_arm_hardware)
[12.230s] DEBUG:colcon.colcon_parallel_executor.executor.parallel:closing loop
[12.230s] DEBUG:colcon.colcon_parallel_executor.executor.parallel:loop closed
[12.230s] DEBUG:colcon.colcon_parallel_executor.executor.parallel:run_until_complete finished with '0'
[12.230s] DEBUG:colcon.colcon_core.event_reactor:joining thread
[12.235s] INFO:colcon.colcon_core.plugin_system:Skipping extension 'colcon_notification.desktop_notification.terminal_notifier': Not used on non-Darwin systems
[12.235s] INFO:colcon.colcon_core.plugin_system:Skipping extension 'colcon_notification.desktop_notification.win32': Not used on non-Windows systems
[12.235s] INFO:colcon.colcon_notification.desktop_notification:Sending desktop notification using 'notify2'
[12.243s] DEBUG:colcon.colcon_core.event_reactor:joined thread
[12.244s] INFO:colcon.colcon_core.shell:Creating prefix script '/home/minh/git_gim_ws/GIM_Arm_3_DOF/install/local_setup.ps1'
[12.245s] INFO:colcon.colcon_core.shell:Creating prefix util module '/home/minh/git_gim_ws/GIM_Arm_3_DOF/install/_local_setup_util_ps1.py'
[12.246s] INFO:colcon.colcon_core.shell:Creating prefix chain script '/home/minh/git_gim_ws/GIM_Arm_3_DOF/install/setup.ps1'
[12.247s] INFO:colcon.colcon_core.shell:Creating prefix script '/home/minh/git_gim_ws/GIM_Arm_3_DOF/install/local_setup.sh'
[12.247s] INFO:colcon.colcon_core.shell:Creating prefix util module '/home/minh/git_gim_ws/GIM_Arm_3_DOF/install/_local_setup_util_sh.py'
[12.248s] INFO:colcon.colcon_core.shell:Creating prefix chain script '/home/minh/git_gim_ws/GIM_Arm_3_DOF/install/setup.sh'
[12.249s] INFO:colcon.colcon_core.shell:Creating prefix script '/home/minh/git_gim_ws/GIM_Arm_3_DOF/install/local_setup.bash'
[12.249s] INFO:colcon.colcon_core.shell:Creating prefix chain script '/home/minh/git_gim_ws/GIM_Arm_3_DOF/install/setup.bash'
[12.250s] INFO:colcon.colcon_core.shell:Creating prefix script '/home/minh/git_gim_ws/GIM_Arm_3_DOF/install/local_setup.zsh'
[12.250s] INFO:colcon.colcon_core.shell:Creating prefix chain script '/home/minh/git_gim_ws/GIM_Arm_3_DOF/install/setup.zsh'
