[INFO] [launch]: All log files can be found below /home/mirabo/GIM_Arm_3_DOF/results/lqr_matlab_gazebo/ros_logs/2026-10-06-23-16-25-020783-mirabo-NUC-13750
[INFO] [launch]: Default logging verbosity is set to INFO
[INFO] [gzserver-1]: process started with pid [13760]
[INFO] [robot_state_publisher-2]: process started with pid [13762]
[INFO] [spawn_entity.py-3]: process started with pid [13764]
[robot_state_publisher-2] [INFO] [1791303385.375312505] [robot_state_publisher]: got segment base_footprint
[robot_state_publisher-2] [INFO] [1791303385.375428054] [robot_state_publisher]: got segment base_link
[robot_state_publisher-2] [INFO] [1791303385.375432774] [robot_state_publisher]: got segment lower_arm_link
[robot_state_publisher-2] [INFO] [1791303385.375435615] [robot_state_publisher]: got segment shoulder_link
[robot_state_publisher-2] [INFO] [1791303385.375438335] [robot_state_publisher]: got segment tool_payload_link
[robot_state_publisher-2] [INFO] [1791303385.375440650] [robot_state_publisher]: got segment upper_arm_link
[robot_state_publisher-2] [INFO] [1791303385.375442928] [robot_state_publisher]: got segment world
[spawn_entity.py-3] [INFO] [1791303385.686317679] [spawn_entity]: Spawn Entity started
[spawn_entity.py-3] [INFO] [1791303385.686829385] [spawn_entity]: Loading entity published on topic /robot_description
[spawn_entity.py-3] [INFO] [1791303385.689157796] [spawn_entity]: Waiting for entity xml on /robot_description
[spawn_entity.py-3] [INFO] [1791303385.700307183] [spawn_entity]: Waiting for service /spawn_entity, timeout = 30
[spawn_entity.py-3] [INFO] [1791303385.700708898] [spawn_entity]: Waiting for service /spawn_entity
[spawn_entity.py-3] [INFO] [1791303386.205736103] [spawn_entity]: Calling service /spawn_entity
[spawn_entity.py-3] [INFO] [1791303386.363252623] [spawn_entity]: Spawn status: SpawnEntity: Successfully spawned entity [gim_arm]
[gzserver-1] [INFO] [1791303386.381897084] [gazebo_ros2_control]: Loading gazebo_ros2_control plugin
[gzserver-1] [INFO] [1791303386.392442119] [gazebo_ros2_control]: Starting gazebo_ros2_control plugin in namespace: /
[gzserver-1] [INFO] [1791303386.392911265] [gazebo_ros2_control]: Starting gazebo_ros2_control plugin in ros 2 node: gazebo_ros2_control
[gzserver-1] [INFO] [1791303386.395670213] [gazebo_ros2_control]: connected to service!! robot_state_publisher
[gzserver-1] [INFO] [1791303386.396358671] [gazebo_ros2_control]: Received urdf from param server, parsing...
[gzserver-1] [INFO] [1791303386.396424240] [gazebo_ros2_control]: Loading parameter files /home/mirabo/GIM_Arm_3_DOF/install/gim_control/share/gim_control/config/controllers_gazebo.yaml
[gzserver-1] [INFO] [1791303386.407410325] [gazebo_ros2_control]: Loading joint: base_joint
[gzserver-1] [INFO] [1791303386.407591091] [gazebo_ros2_control]: 	State:
[gzserver-1] [INFO] [1791303386.407608688] [gazebo_ros2_control]: 		 position
[gzserver-1] [INFO] [1791303386.407628184] [gazebo_ros2_control]: 			 found initial value: 0.000000
[gzserver-1] [INFO] [1791303386.407650881] [gazebo_ros2_control]: 		 velocity
[gzserver-1] [INFO] [1791303386.407659749] [gazebo_ros2_control]: 		 effort
[gzserver-1] [INFO] [1791303386.407669000] [gazebo_ros2_control]: 	Command:
[gzserver-1] [INFO] [1791303386.407678080] [gazebo_ros2_control]: 		 position
[gzserver-1] [INFO] [1791303386.408133180] [gazebo_ros2_control]: 		 velocity
[gzserver-1] [INFO] [1791303386.408261889] [gazebo_ros2_control]: 		 effort
[gzserver-1] [INFO] [1791303386.408283574] [gazebo_ros2_control]: Loading joint: shoulder_joint
[gzserver-1] [INFO] [1791303386.408297548] [gazebo_ros2_control]: 	State:
[gzserver-1] [INFO] [1791303386.408309076] [gazebo_ros2_control]: 		 position
[gzserver-1] [INFO] [1791303386.408323694] [gazebo_ros2_control]: 			 found initial value: 0.000000
[gzserver-1] [INFO] [1791303386.408339047] [gazebo_ros2_control]: 		 velocity
[gzserver-1] [INFO] [1791303386.408350699] [gazebo_ros2_control]: 		 effort
[gzserver-1] [INFO] [1791303386.408360671] [gazebo_ros2_control]: 	Command:
[gzserver-1] [INFO] [1791303386.408371444] [gazebo_ros2_control]: 		 position
[gzserver-1] [INFO] [1791303386.408478982] [gazebo_ros2_control]: 		 velocity
[gzserver-1] [INFO] [1791303386.408576415] [gazebo_ros2_control]: 		 effort
[gzserver-1] [INFO] [1791303386.408598324] [gazebo_ros2_control]: Loading joint: elbow_joint
[gzserver-1] [INFO] [1791303386.408610504] [gazebo_ros2_control]: 	State:
[gzserver-1] [INFO] [1791303386.408621597] [gazebo_ros2_control]: 		 position
[gzserver-1] [INFO] [1791303386.408632480] [gazebo_ros2_control]: 			 found initial value: 0.000000
[gzserver-1] [INFO] [1791303386.408645055] [gazebo_ros2_control]: 		 velocity
[gzserver-1] [INFO] [1791303386.408655853] [gazebo_ros2_control]: 		 effort
[gzserver-1] [INFO] [1791303386.408673152] [gazebo_ros2_control]: 	Command:
[gzserver-1] [INFO] [1791303386.408685246] [gazebo_ros2_control]: 		 position
[gzserver-1] [INFO] [1791303386.408817408] [gazebo_ros2_control]: 		 velocity
[gzserver-1] [INFO] [1791303386.408971393] [gazebo_ros2_control]: 		 effort
[gzserver-1] [INFO] [1791303386.409081000] [resource_manager]: Initialize hardware 'GazeboSystem' 
[gzserver-1] [INFO] [1791303386.409315575] [resource_manager]: Successful initialization of hardware 'GazeboSystem'
[gzserver-1] [INFO] [1791303386.409501715] [resource_manager]: 'configure' hardware 'GazeboSystem' 
[gzserver-1] [INFO] [1791303386.409524814] [resource_manager]: Successful 'configure' of hardware 'GazeboSystem'
[gzserver-1] [INFO] [1791303386.409540910] [resource_manager]: 'activate' hardware 'GazeboSystem' 
[gzserver-1] [INFO] [1791303386.409552444] [resource_manager]: Successful 'activate' of hardware 'GazeboSystem'
[gzserver-1] [INFO] [1791303386.409739236] [gazebo_ros2_control]: Loading controller_manager
[gzserver-1] [INFO] [1791303386.427289072] [gazebo_ros2_control]: Loaded gazebo_ros2_control.
[INFO] [spawn_entity.py-3]: process has finished cleanly [pid 13764]
[INFO] [ros2-4]: process started with pid [13885]
[ros2-4] requester: making request: std_srvs.srv.Empty_Request()
[ros2-4] 
[ros2-4] response:
[ros2-4] std_srvs.srv.Empty_Response()
[ros2-4] 
[INFO] [ros2-4]: process has finished cleanly [pid 13885]
[INFO] [spawner-5]: process started with pid [13898]
[gzserver-1] [INFO] [1791303387.582797012] [controller_manager]: Loading controller 'joint_state_broadcaster'
[spawner-5] [INFO] [1791303387.601824685] [spawner_joint_state_broadcaster]: [94mLoaded [1mjoint_state_broadcaster[0m
[gzserver-1] [INFO] [1791303387.603006725] [controller_manager]: Configuring controller 'joint_state_broadcaster'
[gzserver-1] [INFO] [1791303387.603393141] [joint_state_broadcaster]: 'joints' or 'interfaces' parameter is empty. All available state interfaces will be published
[spawner-5] [INFO] [1791303387.614653907] [spawner_joint_state_broadcaster]: [92mConfigured and activated [1mjoint_state_broadcaster[0m
[INFO] [spawner-5]: process has finished cleanly [pid 13898]
[INFO] [spawner-6]: process started with pid [13913]
[gzserver-1] [INFO] [1791303388.037129092] [controller_manager]: Loading controller 'forward_position_controller'
[spawner-6] [INFO] [1791303388.056485222] [spawner_forward_position_controller]: [94mLoaded [1mforward_position_controller[0m
[gzserver-1] [INFO] [1791303388.057915259] [controller_manager]: Configuring controller 'forward_position_controller'
[gzserver-1] [INFO] [1791303388.059686415] [forward_position_controller]: configure successful
[gzserver-1] [INFO] [1791303388.061466452] [forward_position_controller]: activate successful
[spawner-6] [INFO] [1791303388.062413763] [spawner_forward_position_controller]: [92mConfigured and activated [1mforward_position_controller[0m
[INFO] [spawner-6]: process has finished cleanly [pid 13913]
[INFO] [spawner-7]: process started with pid [13927]
[gzserver-1] [INFO] [1791303388.519171568] [controller_manager]: Loading controller 'gim_arm_effort_controller'
[spawner-7] [INFO] [1791303388.534739937] [spawner_gim_arm_effort_controller]: [94mLoaded [1mgim_arm_effort_controller[0m
[gzserver-1] [INFO] [1791303388.536718223] [controller_manager]: Configuring controller 'gim_arm_effort_controller'
[gzserver-1] [INFO] [1791303388.537036573] [gim_arm_effort_controller]: configure successful
[INFO] [spawner-7]: process has finished cleanly [pid 13927]
[INFO] [spawner-8]: process started with pid [13940]
[gzserver-1] [INFO] [1791303388.970915742] [controller_manager]: Loading controller 'gim_arm_group_controller'
[gzserver-1] [WARN] [1791303388.981880399] [gim_arm_group_controller]: [Deprecated]: "allow_nonzero_velocity_at_trajectory_end" is set to true. The default behavior will change to false.
[spawner-8] [INFO] [1791303388.995882768] [spawner_gim_arm_group_controller]: [94mLoaded [1mgim_arm_group_controller[0m
[gzserver-1] [INFO] [1791303388.996997254] [controller_manager]: Configuring controller 'gim_arm_group_controller'
[gzserver-1] [INFO] [1791303388.997327136] [gim_arm_group_controller]: No specific joint names are used for command interfaces. Using 'joints' parameter.
[gzserver-1] [INFO] [1791303388.997380579] [gim_arm_group_controller]: Command interfaces are [position velocity] and state interfaces are [position velocity].
[gzserver-1] [INFO] [1791303388.997449717] [gim_arm_group_controller]: Using 'splines' interpolation method.
[gzserver-1] [INFO] [1791303388.999847505] [gim_arm_group_controller]: Controller state will be published at 50.00 Hz.
[gzserver-1] [INFO] [1791303389.002204092] [gim_arm_group_controller]: Action status changes will be monitored at 20.00 Hz.
[INFO] [spawner-8]: process has finished cleanly [pid 13940]
[INFO] [ros2-9]: process started with pid [13955]
[ros2-9] publisher: beginning loop
[ros2-9] publishing #1: std_msgs.msg.Float64MultiArray(layout=std_msgs.msg.MultiArrayLayout(dim=[], data_offset=0), data=[0.0, 0.0, 0.0])
[ros2-9] 
[INFO] [ros2-9]: process has finished cleanly [pid 13955]
[INFO] [gz-10]: process started with pid [13997]
[INFO] [gz-10]: process has finished cleanly [pid 13997]
[gzserver-1] [INFO] [1791303391.791548442] [gim_arm_effort_controller]: activate successful
[gzserver-1] [INFO] [1791303456.633573565] [forward_position_controller]: activate successful
[WARNING] [launch]: user interrupted with ctrl-c (SIGINT)
[INFO] [robot_state_publisher-2]: sending signal 'SIGINT' to process[robot_state_publisher-2]
[INFO] [gzserver-1]: sending signal 'SIGINT' to process[gzserver-1]
[robot_state_publisher-2] [INFO] [1791303458.547463663] [rclcpp]: signal_handler(signum=2)
[ERROR] [robot_state_publisher-2]: process has died [pid 13762, exit code -2, cmd '/opt/ros/humble/lib/robot_state_publisher/robot_state_publisher --ros-args --params-file /tmp/launch_params_e44zgham'].
[INFO] [gzserver-1]: process has finished cleanly [pid 13760]
