[0.010s] Invoking command in '/home/minh/git_gim_ws/GIM_Arm_3_DOF/build/gim_arm_hardware': CMAKE_PREFIX_PATH=${CMAKE_PREFIX_PATH}:/home/minh/git_gim_ws/GIM_Arm_3_DOF/install/gim_control:/home/minh/rehab_robot_ver2_modified/install/rehab_gui:/home/minh/rehab_robot_ver2_modified/install/my_rqt_plugin:/opt/ros/humble /home/minh/.local/bin/cmake /home/minh/git_gim_ws/GIM_Arm_3_DOF/src/gim_arm_hardware -DCMAKE_INSTALL_PREFIX=/home/minh/git_gim_ws/GIM_Arm_3_DOF/install/gim_arm_hardware
[0.065s] [0mCMake Deprecation Warning at CMakeLists.txt:1 (cmake_minimum_required):
[0.065s]   Compatibility with CMake < 3.10 will be removed from a future version of
[0.065s]   CMake.
[0.065s] 
[0.065s]   Update the VERSION argument <min> value.  Or, use the <min>...<max> syntax
[0.065s]   to tell CMake that the project requires at least <min> but has been updated
[0.065s]   to work with policies introduced by <max> or earlier.
[0.065s] 
[0.065s] [0m
[0.070s] -- Found ament_cmake: 1.3.14 (/opt/ros/humble/share/ament_cmake/cmake)
[0.096s] -- Found Python3: /usr/bin/python3 (found version "3.10.12") found components: Interpreter
[0.153s] -- Override CMake install command with custom implementation using symlinks instead of copying resources
[0.163s] -- Found rclcpp: 16.0.19 (/opt/ros/humble/share/rclcpp/cmake)
[0.190s] -- Found rosidl_generator_c: 3.1.9 (/opt/ros/humble/share/rosidl_generator_c/cmake)
[0.192s] -- Found rosidl_adapter: 3.1.9 (/opt/ros/humble/share/rosidl_adapter/cmake)
[0.196s] -- Found rosidl_generator_cpp: 3.1.9 (/opt/ros/humble/share/rosidl_generator_cpp/cmake)
[0.204s] -- Using all available rosidl_typesupport_c: rosidl_typesupport_fastrtps_c;rosidl_typesupport_introspection_c
[0.214s] -- Using all available rosidl_typesupport_cpp: rosidl_typesupport_fastrtps_cpp;rosidl_typesupport_introspection_cpp
[0.244s] -- Found rmw_implementation_cmake: 6.1.2 (/opt/ros/humble/share/rmw_implementation_cmake/cmake)
[0.246s] -- Found rmw_cyclonedds_cpp: 1.3.4 (/opt/ros/humble/share/rmw_cyclonedds_cpp/cmake)
[0.262s] -- Using RMW implementation 'rmw_cyclonedds_cpp' as default
[0.309s] -- Found hardware_interface: 2.54.0 (/opt/ros/humble/share/hardware_interface/cmake)
[0.438s] [33mCMake Warning (dev) at /home/minh/.local/lib/python3.10/site-packages/cmake/data/share/cmake-4.1/Modules/CMakeFindDependencyMacro.cmake:78 (find_package):
[0.438s]   Policy CMP0167 is not set: The FindBoost module is removed.  Run "cmake
[0.438s]   --help-policy CMP0167" for policy details.  Use the cmake_policy command to
[0.438s]   set the policy and suppress this warning.
[0.438s] 
[0.438s] Call Stack (most recent call first):
[0.438s]   /opt/ros/humble/lib/x86_64-linux-gnu/cmake/pinocchio/pinocchioConfig.cmake:183 (find_dependency)
[0.438s]   CMakeLists.txt:17 (find_package)
[0.438s] This warning is for project developers.  Use -Wno-dev to suppress it.
[0.438s] [0m
[0.441s] -- Found Boost: /usr/include (found version "1.74.0") found components: filesystem serialization
[0.442s] -- eigenpy FOUND. eigenpy at /opt/ros/humble/lib/x86_64-linux-gnu/libeigenpy.so
[0.467s] -- Checking for NumPy
[0.658s] --   NUMPY_INCLUDE_DIRS=/home/minh/.local/lib/python3.10/site-packages/numpy/core/include
[0.752s] --   NUMPY_VERSION=1.26.4
[0.966s] -- Found Python3: /usr/bin/python3 (found version "3.10.12") found components: Interpreter Development.Module NumPy
[0.967s] -- PythonLibraryDirs: 
[0.967s] -- PythonLibVersionString: 3.10.12
[0.988s] -- Python site lib: lib/python3.10/site-packages
[0.988s] -- Python include dirs: /usr/include/python3.10
[1.036s] -- Checking for NumPy
[1.124s] --   NUMPY_INCLUDE_DIRS=/home/minh/.local/lib/python3.10/site-packages/numpy/core/include
[1.212s] --   NUMPY_VERSION=1.26.4
[1.212s] -- NumPy include dir: /home/minh/.local/lib/python3.10/site-packages/numpy/core/include
[1.213s] [33mCMake Warning (dev) at /opt/ros/humble/lib/x86_64-linux-gnu/cmake/eigenpy/boost.cmake:146 (find_package):
[1.213s]   Policy CMP0167 is not set: The FindBoost module is removed.  Run "cmake
[1.213s]   --help-policy CMP0167" for policy details.  Use the cmake_policy command to
[1.213s]   set the policy and suppress this warning.
[1.213s] 
[1.213s] Call Stack (most recent call first):
[1.213s]   /opt/ros/humble/lib/x86_64-linux-gnu/cmake/eigenpy/eigenpyConfig.cmake:172 (SEARCH_FOR_BOOST_PYTHON)
[1.213s]   /home/minh/.local/lib/python3.10/site-packages/cmake/data/share/cmake-4.1/Modules/CMakeFindDependencyMacro.cmake:78 (find_package)
[1.213s]   /opt/ros/humble/lib/x86_64-linux-gnu/cmake/pinocchio/pinocchioConfig.cmake:184 (find_dependency)
[1.213s]   CMakeLists.txt:17 (find_package)
[1.213s] This warning is for project developers.  Use -Wno-dev to suppress it.
[1.213s] [0m
[1.217s] -- Found Boost: /usr/include (found version "1.74.0") found components: python310
[1.433s] -- Default C++ standard: 201703
[1.433s] -- C++ standard sufficient: Minimal required 17, currently defined: 17
[1.433s] -- CMAKE_CXX_STANDARD was not set: automatically set to currently defined standard 17
[1.435s] -- coal FOUND. coal at /opt/ros/humble/lib/x86_64-linux-gnu/libcoal.so
[1.435s] [33mCMake Warning (dev) at /home/minh/.local/lib/python3.10/site-packages/cmake/data/share/cmake-4.1/Modules/CMakeFindDependencyMacro.cmake:78 (find_package):
[1.435s]   Policy CMP0167 is not set: The FindBoost module is removed.  Run "cmake
[1.435s]   --help-policy CMP0167" for policy details.  Use the cmake_policy command to
[1.435s]   set the policy and suppress this warning.
[1.435s] 
[1.435s] Call Stack (most recent call first):
[1.435s]   /opt/ros/humble/lib/x86_64-linux-gnu/cmake/coal/coalConfig.cmake:154 (find_dependency)
[1.435s]   /home/minh/.local/lib/python3.10/site-packages/cmake/data/share/cmake-4.1/Modules/CMakeFindDependencyMacro.cmake:78 (find_package)
[1.435s]   /opt/ros/humble/lib/x86_64-linux-gnu/cmake/pinocchio/pinocchioConfig.cmake:186 (find_dependency)
[1.436s]   CMakeLists.txt:17 (find_package)
[1.436s] This warning is for project developers.  Use -Wno-dev to suppress it.
[1.436s] [0m
[1.439s] -- Found Boost: /usr/include (found version "1.74.0") found components: serialization filesystem
[1.440s] -- C++ standard sufficient: Minimal required 17, currently defined: 17
[1.441s] -- C++ standard sufficient: Minimal required 17, currently defined: 17
[1.503s] -- Configuring done (1.4s)
[1.515s] -- Generating done (0.0s)
[1.517s] -- Build files have been written to: /home/minh/git_gim_ws/GIM_Arm_3_DOF/build/gim_arm_hardware
[1.523s] Invoked command in '/home/minh/git_gim_ws/GIM_Arm_3_DOF/build/gim_arm_hardware' returned '0': CMAKE_PREFIX_PATH=${CMAKE_PREFIX_PATH}:/home/minh/git_gim_ws/GIM_Arm_3_DOF/install/gim_control:/home/minh/rehab_robot_ver2_modified/install/rehab_gui:/home/minh/rehab_robot_ver2_modified/install/my_rqt_plugin:/opt/ros/humble /home/minh/.local/bin/cmake /home/minh/git_gim_ws/GIM_Arm_3_DOF/src/gim_arm_hardware -DCMAKE_INSTALL_PREFIX=/home/minh/git_gim_ws/GIM_Arm_3_DOF/install/gim_arm_hardware
[1.525s] Invoking command in '/home/minh/git_gim_ws/GIM_Arm_3_DOF/build/gim_arm_hardware': CMAKE_PREFIX_PATH=${CMAKE_PREFIX_PATH}:/home/minh/git_gim_ws/GIM_Arm_3_DOF/install/gim_control:/home/minh/rehab_robot_ver2_modified/install/rehab_gui:/home/minh/rehab_robot_ver2_modified/install/my_rqt_plugin:/opt/ros/humble /home/minh/.local/bin/cmake --build /home/minh/git_gim_ws/GIM_Arm_3_DOF/build/gim_arm_hardware -- -j16 -l16
[1.625s] [ 50%] [32mBuilding CXX object CMakeFiles/gim_arm_system_hardware.dir/src/gim_arm_system.cpp.o[0m
[6.974s] In file included from [01m[K/opt/ros/humble/include/rclcpp/rclcpp/client.hpp:40[m[K,
[6.975s]                  from [01m[K/opt/ros/humble/include/rclcpp/rclcpp/callback_group.hpp:24[m[K,
[6.975s]                  from [01m[K/opt/ros/humble/include/rclcpp/rclcpp/any_executable.hpp:20[m[K,
[6.975s]                  from [01m[K/opt/ros/humble/include/rclcpp/rclcpp/memory_strategy.hpp:25[m[K,
[6.975s]                  from [01m[K/opt/ros/humble/include/rclcpp/rclcpp/memory_strategies.hpp:18[m[K,
[6.975s]                  from [01m[K/opt/ros/humble/include/rclcpp/rclcpp/executor_options.hpp:20[m[K,
[6.975s]                  from [01m[K/opt/ros/humble/include/rclcpp/rclcpp/executor.hpp:37[m[K,
[6.975s]                  from [01m[K/opt/ros/humble/include/rclcpp/rclcpp/executors/multi_threaded_executor.hpp:25[m[K,
[6.975s]                  from [01m[K/opt/ros/humble/include/rclcpp/rclcpp/executors.hpp:21[m[K,
[6.975s]                  from [01m[K/opt/ros/humble/include/rclcpp/rclcpp/rclcpp.hpp:155[m[K,
[6.975s]                  from [01m[K/home/minh/git_gim_ws/GIM_Arm_3_DOF/src/gim_arm_hardware/src/gim_arm_system.cpp:19[m[K:
[6.975s] [01m[K/home/minh/git_gim_ws/GIM_Arm_3_DOF/src/gim_arm_hardware/src/gim_arm_system.cpp:[m[K In member function ‘[01m[Kvirtual hardware_interface::return_type gim_arm_hardware::GimArmSystemHardware::write(const rclcpp::Time&, const rclcpp::Duration&)[m[K’:
[6.975s] [01m[K/home/minh/git_gim_ws/GIM_Arm_3_DOF/src/gim_arm_hardware/src/gim_arm_system.cpp:637:70:[m[K [01;31m[Kerror: [m[K‘[01m[Kclass rclcpp::Clock[m[K’ has no member named ‘[01m[Kget_clock[m[K’
[6.976s]   637 | clcpp::get_logger("GimArmSystemHardware"), *rclcpp::Clock().[01;31m[Kget_clock[m[K(), 1000,
[6.976s]       |                                                             [01;31m[K^~~~~~~~~[m[K
[6.976s] 
[6.980s] [01m[K/home/minh/git_gim_ws/GIM_Arm_3_DOF/src/gim_arm_hardware/src/gim_arm_system.cpp:[m[K In lambda function:
[6.980s] [01m[K/home/minh/git_gim_ws/GIM_Arm_3_DOF/src/gim_arm_hardware/src/gim_arm_system.cpp:636:7:[m[K [01;31m[Kerror: [m[K‘[01m[Kc[m[K’ was not declared in this scope
[6.980s]   636 |       [01;31m[KRCLCPP_ERROR_THROTTLE[m[K(
[6.981s]       |       [01;31m[K^~~~~~~~~~~~~~~~~~~~~[m[K
[10.529s] gmake[2]: *** [CMakeFiles/gim_arm_system_hardware.dir/build.make:79: CMakeFiles/gim_arm_system_hardware.dir/src/gim_arm_system.cpp.o] Error 1
[10.530s] gmake[1]: *** [CMakeFiles/Makefile2:153: CMakeFiles/gim_arm_system_hardware.dir/all] Error 2
[10.530s] gmake: *** [Makefile:146: all] Error 2
[10.531s] Invoked command in '/home/minh/git_gim_ws/GIM_Arm_3_DOF/build/gim_arm_hardware' returned '2': CMAKE_PREFIX_PATH=${CMAKE_PREFIX_PATH}:/home/minh/git_gim_ws/GIM_Arm_3_DOF/install/gim_control:/home/minh/rehab_robot_ver2_modified/install/rehab_gui:/home/minh/rehab_robot_ver2_modified/install/my_rqt_plugin:/opt/ros/humble /home/minh/.local/bin/cmake --build /home/minh/git_gim_ws/GIM_Arm_3_DOF/build/gim_arm_hardware -- -j16 -l16
