running egg_info
writing ../../build/gim_control/gim_control.egg-info/PKG-INFO
writing dependency_links to ../../build/gim_control/gim_control.egg-info/dependency_links.txt
writing entry points to ../../build/gim_control/gim_control.egg-info/entry_points.txt
writing requirements to ../../build/gim_control/gim_control.egg-info/requires.txt
writing top-level names to ../../build/gim_control/gim_control.egg-info/top_level.txt
reading manifest file '../../build/gim_control/gim_control.egg-info/SOURCES.txt'
writing manifest file '../../build/gim_control/gim_control.egg-info/SOURCES.txt'
running build
running build_py
copying gim_control/__init__.py -> /home/minh/git_gim_ws/GIM_Arm_3_DOF/build/gim_control/build/lib/gim_control
copying gim_control/origin_draw_trajectory.py -> /home/minh/git_gim_ws/GIM_Arm_3_DOF/build/gim_control/build/lib/gim_control
copying gim_control/shapes.py -> /home/minh/git_gim_ws/GIM_Arm_3_DOF/build/gim_control/build/lib/gim_control
copying gim_control/lqi_node.py -> /home/minh/git_gim_ws/GIM_Arm_3_DOF/build/gim_control/build/lib/gim_control
copying gim_control/check_gravity_model.py -> /home/minh/git_gim_ws/GIM_Arm_3_DOF/build/gim_control/build/lib/gim_control
copying gim_control/arm_dynamics.py -> /home/minh/git_gim_ws/GIM_Arm_3_DOF/build/gim_control/build/lib/gim_control
copying gim_control/lqi_controller.py -> /home/minh/git_gim_ws/GIM_Arm_3_DOF/build/gim_control/build/lib/gim_control
copying gim_control/gim_arm_kinematics.py -> /home/minh/git_gim_ws/GIM_Arm_3_DOF/build/gim_control/build/lib/gim_control
copying gim_control/sweep_trajectory.py -> /home/minh/git_gim_ws/GIM_Arm_3_DOF/build/gim_control/build/lib/gim_control
copying gim_control/sniff_can_ff.py -> /home/minh/git_gim_ws/GIM_Arm_3_DOF/build/gim_control/build/lib/gim_control
copying gim_control/motor_test_all_modes.py -> /home/minh/git_gim_ws/GIM_Arm_3_DOF/build/gim_control/build/lib/gim_control
copying gim_control/gim6010_mujoco_sim.py -> /home/minh/git_gim_ws/GIM_Arm_3_DOF/build/gim_control/build/lib/gim_control
running install
running install_lib
running install_data
copying resource/gim_control -> /home/minh/git_gim_ws/GIM_Arm_3_DOF/install/gim_control/share/ament_index/resource_index/packages
copying package.xml -> /home/minh/git_gim_ws/GIM_Arm_3_DOF/install/gim_control/share/gim_control
copying launch/origin_gim_arm_control.launch.py -> /home/minh/git_gim_ws/GIM_Arm_3_DOF/install/gim_control/share/gim_control/launch
copying config/controllers.yaml -> /home/minh/git_gim_ws/GIM_Arm_3_DOF/install/gim_control/share/gim_control/config
running install_egg_info
removing '/home/minh/git_gim_ws/GIM_Arm_3_DOF/install/gim_control/lib/python3.10/site-packages/gim_control-0.0.0-py3.10.egg-info' (and everything under it)
Copying ../../build/gim_control/gim_control.egg-info to /home/minh/git_gim_ws/GIM_Arm_3_DOF/install/gim_control/lib/python3.10/site-packages/gim_control-0.0.0-py3.10.egg-info
running install_scripts
Installing check_gravity_model script to /home/minh/git_gim_ws/GIM_Arm_3_DOF/install/gim_control/lib/gim_control
Installing lqi_node script to /home/minh/git_gim_ws/GIM_Arm_3_DOF/install/gim_control/lib/gim_control
Installing motor_test_all_modes script to /home/minh/git_gim_ws/GIM_Arm_3_DOF/install/gim_control/lib/gim_control
Installing origin_draw_trajectory script to /home/minh/git_gim_ws/GIM_Arm_3_DOF/install/gim_control/lib/gim_control
Installing sniff_can_ff script to /home/minh/git_gim_ws/GIM_Arm_3_DOF/install/gim_control/lib/gim_control
writing list of installed files to '/home/minh/git_gim_ws/GIM_Arm_3_DOF/build/gim_control/install.log'
