[INFO] [1791304768.742191426] [gazebo_ros2_control]: Loading gazebo_ros2_control plugin
[INFO] [1791304768.744602164] [gazebo_ros2_control]: Starting gazebo_ros2_control plugin in namespace: /
[INFO] [1791304768.744938166] [gazebo_ros2_control]: Starting gazebo_ros2_control plugin in ros 2 node: gazebo_ros2_control
[INFO] [1791304768.748132941] [gazebo_ros2_control]: connected to service!! robot_state_publisher
[INFO] [1791304768.748581410] [gazebo_ros2_control]: Received urdf from param server, parsing...
[INFO] [1791304768.748643902] [gazebo_ros2_control]: Loading parameter files /home/mirabo/GIM_Arm_3_DOF/install/gim_control/share/gim_control/config/controllers_gazebo.yaml
[INFO] [1791304768.762246268] [gazebo_ros2_control]: Loading joint: base_joint
[INFO] [1791304768.762341654] [gazebo_ros2_control]: 	State:
[INFO] [1791304768.762359304] [gazebo_ros2_control]: 		 position
[INFO] [1791304768.762379285] [gazebo_ros2_control]: 			 found initial value: 0.000000
[INFO] [1791304768.762402511] [gazebo_ros2_control]: 		 velocity
[INFO] [1791304768.762415371] [gazebo_ros2_control]: 		 effort
[INFO] [1791304768.762426427] [gazebo_ros2_control]: 	Command:
[INFO] [1791304768.762438414] [gazebo_ros2_control]: 		 position
[INFO] [1791304768.762747954] [gazebo_ros2_control]: 		 velocity
[INFO] [1791304768.762985984] [gazebo_ros2_control]: 		 effort
[INFO] [1791304768.763018176] [gazebo_ros2_control]: Loading joint: shoulder_joint
[INFO] [1791304768.763023837] [gazebo_ros2_control]: 	State:
[INFO] [1791304768.763028820] [gazebo_ros2_control]: 		 position
[INFO] [1791304768.763034614] [gazebo_ros2_control]: 			 found initial value: 0.000000
[INFO] [1791304768.763044559] [gazebo_ros2_control]: 		 velocity
[INFO] [1791304768.763048927] [gazebo_ros2_control]: 		 effort
[INFO] [1791304768.763052619] [gazebo_ros2_control]: 	Command:
[INFO] [1791304768.763056624] [gazebo_ros2_control]: 		 position
[INFO] [1791304768.763115226] [gazebo_ros2_control]: 		 velocity
[INFO] [1791304768.763157726] [gazebo_ros2_control]: 		 effort
[INFO] [1791304768.763165322] [gazebo_ros2_control]: Loading joint: elbow_joint
[INFO] [1791304768.763169772] [gazebo_ros2_control]: 	State:
[INFO] [1791304768.763173949] [gazebo_ros2_control]: 		 position
[INFO] [1791304768.763177550] [gazebo_ros2_control]: 			 found initial value: 0.000000
[INFO] [1791304768.763181771] [gazebo_ros2_control]: 		 velocity
[INFO] [1791304768.763185743] [gazebo_ros2_control]: 		 effort
[INFO] [1791304768.763198700] [gazebo_ros2_control]: 	Command:
[INFO] [1791304768.763202409] [gazebo_ros2_control]: 		 position
[INFO] [1791304768.763247883] [gazebo_ros2_control]: 		 velocity
[INFO] [1791304768.763291737] [gazebo_ros2_control]: 		 effort
[INFO] [1791304768.763362674] [resource_manager]: Initialize hardware 'GazeboSystem' 
[INFO] [1791304768.763491114] [resource_manager]: Successful initialization of hardware 'GazeboSystem'
[INFO] [1791304768.763574261] [resource_manager]: 'configure' hardware 'GazeboSystem' 
[INFO] [1791304768.763582701] [resource_manager]: Successful 'configure' of hardware 'GazeboSystem'
[INFO] [1791304768.763589823] [resource_manager]: 'activate' hardware 'GazeboSystem' 
[INFO] [1791304768.763594220] [resource_manager]: Successful 'activate' of hardware 'GazeboSystem'
[INFO] [1791304768.763676469] [gazebo_ros2_control]: Loading controller_manager
[INFO] [1791304768.775504852] [gazebo_ros2_control]: Loaded gazebo_ros2_control.
[INFO] [1791304769.468073076] [controller_manager]: Loading controller 'joint_state_broadcaster'
[INFO] [1791304769.485183126] [controller_manager]: Configuring controller 'joint_state_broadcaster'
[INFO] [1791304769.485540612] [joint_state_broadcaster]: 'joints' or 'interfaces' parameter is empty. All available state interfaces will be published
[INFO] [1791304769.887002644] [controller_manager]: Loading controller 'forward_position_controller'
[INFO] [1791304769.903657551] [controller_manager]: Configuring controller 'forward_position_controller'
[INFO] [1791304769.904477146] [forward_position_controller]: configure successful
[INFO] [1791304769.907127555] [forward_position_controller]: activate successful
[INFO] [1791304770.304082521] [controller_manager]: Loading controller 'gim_arm_effort_controller'
[INFO] [1791304770.318466770] [controller_manager]: Configuring controller 'gim_arm_effort_controller'
[INFO] [1791304770.318702948] [gim_arm_effort_controller]: configure successful
[INFO] [1791304770.948135937] [controller_manager]: Loading controller 'gim_arm_group_controller'
[WARN] [1791304770.959613099] [gim_arm_group_controller]: [Deprecated]: "allow_nonzero_velocity_at_trajectory_end" is set to true. The default behavior will change to false.
[INFO] [1791304770.961863667] [controller_manager]: Configuring controller 'gim_arm_group_controller'
[INFO] [1791304770.962037144] [gim_arm_group_controller]: No specific joint names are used for command interfaces. Using 'joints' parameter.
[INFO] [1791304770.962079076] [gim_arm_group_controller]: Command interfaces are [position velocity] and state interfaces are [position velocity].
[INFO] [1791304770.962121969] [gim_arm_group_controller]: Using 'splines' interpolation method.
[INFO] [1791304770.963687996] [gim_arm_group_controller]: Controller state will be published at 50.00 Hz.
[INFO] [1791304770.966022589] [gim_arm_group_controller]: Action status changes will be monitored at 20.00 Hz.
[INFO] [1791304773.142056474] [gim_arm_effort_controller]: activate successful
[INFO] [1791304779.293603014] [forward_position_controller]: activate successful
