[INFO] [1791304754.919622622] [gazebo_ros2_control]: Loading gazebo_ros2_control plugin
[INFO] [1791304754.923843692] [gazebo_ros2_control]: Starting gazebo_ros2_control plugin in namespace: /
[INFO] [1791304754.924129808] [gazebo_ros2_control]: Starting gazebo_ros2_control plugin in ros 2 node: gazebo_ros2_control
[INFO] [1791304754.927857814] [gazebo_ros2_control]: connected to service!! robot_state_publisher
[INFO] [1791304754.929010768] [gazebo_ros2_control]: Received urdf from param server, parsing...
[INFO] [1791304754.929099929] [gazebo_ros2_control]: Loading parameter files /home/mirabo/GIM_Arm_3_DOF/install/gim_control/share/gim_control/config/controllers_gazebo.yaml
[INFO] [1791304754.937740114] [gazebo_ros2_control]: Loading joint: base_joint
[INFO] [1791304754.937800647] [gazebo_ros2_control]: 	State:
[INFO] [1791304754.937807967] [gazebo_ros2_control]: 		 position
[INFO] [1791304754.937817059] [gazebo_ros2_control]: 			 found initial value: 0.000000
[INFO] [1791304754.937826924] [gazebo_ros2_control]: 		 velocity
[INFO] [1791304754.937830660] [gazebo_ros2_control]: 		 effort
[INFO] [1791304754.937834287] [gazebo_ros2_control]: 	Command:
[INFO] [1791304754.937837459] [gazebo_ros2_control]: 		 position
[INFO] [1791304754.938062735] [gazebo_ros2_control]: 		 velocity
[INFO] [1791304754.938223618] [gazebo_ros2_control]: 		 effort
[INFO] [1791304754.938248148] [gazebo_ros2_control]: Loading joint: shoulder_joint
[INFO] [1791304754.938262459] [gazebo_ros2_control]: 	State:
[INFO] [1791304754.938276156] [gazebo_ros2_control]: 		 position
[INFO] [1791304754.938288697] [gazebo_ros2_control]: 			 found initial value: 0.000000
[INFO] [1791304754.938305685] [gazebo_ros2_control]: 		 velocity
[INFO] [1791304754.938318514] [gazebo_ros2_control]: 		 effort
[INFO] [1791304754.938329950] [gazebo_ros2_control]: 	Command:
[INFO] [1791304754.938340851] [gazebo_ros2_control]: 		 position
[INFO] [1791304754.938455664] [gazebo_ros2_control]: 		 velocity
[INFO] [1791304754.938560824] [gazebo_ros2_control]: 		 effort
[INFO] [1791304754.938579016] [gazebo_ros2_control]: Loading joint: elbow_joint
[INFO] [1791304754.938592174] [gazebo_ros2_control]: 	State:
[INFO] [1791304754.938603831] [gazebo_ros2_control]: 		 position
[INFO] [1791304754.938613866] [gazebo_ros2_control]: 			 found initial value: 0.000000
[INFO] [1791304754.938628576] [gazebo_ros2_control]: 		 velocity
[INFO] [1791304754.938644310] [gazebo_ros2_control]: 		 effort
[INFO] [1791304754.938671887] [gazebo_ros2_control]: 	Command:
[INFO] [1791304754.938684760] [gazebo_ros2_control]: 		 position
[INFO] [1791304754.938817417] [gazebo_ros2_control]: 		 velocity
[INFO] [1791304754.938960991] [gazebo_ros2_control]: 		 effort
[INFO] [1791304754.939190089] [resource_manager]: Initialize hardware 'GazeboSystem' 
[INFO] [1791304754.939516104] [resource_manager]: Successful initialization of hardware 'GazeboSystem'
[INFO] [1791304754.939712458] [resource_manager]: 'configure' hardware 'GazeboSystem' 
[INFO] [1791304754.939733937] [resource_manager]: Successful 'configure' of hardware 'GazeboSystem'
[INFO] [1791304754.939745105] [resource_manager]: 'activate' hardware 'GazeboSystem' 
[INFO] [1791304754.939754642] [resource_manager]: Successful 'activate' of hardware 'GazeboSystem'
[INFO] [1791304754.939962910] [gazebo_ros2_control]: Loading controller_manager
[INFO] [1791304754.949281823] [gazebo_ros2_control]: Loaded gazebo_ros2_control.
[INFO] [1791304756.027610599] [controller_manager]: Loading controller 'joint_state_broadcaster'
[INFO] [1791304756.045211184] [controller_manager]: Configuring controller 'joint_state_broadcaster'
[INFO] [1791304756.045545933] [joint_state_broadcaster]: 'joints' or 'interfaces' parameter is empty. All available state interfaces will be published
[INFO] [1791304756.414843443] [controller_manager]: Loading controller 'forward_position_controller'
[INFO] [1791304756.432105685] [controller_manager]: Configuring controller 'forward_position_controller'
[INFO] [1791304756.433408218] [forward_position_controller]: configure successful
[INFO] [1791304756.435848872] [forward_position_controller]: activate successful
[INFO] [1791304756.803489603] [controller_manager]: Loading controller 'gim_arm_effort_controller'
[INFO] [1791304756.828855361] [controller_manager]: Configuring controller 'gim_arm_effort_controller'
[INFO] [1791304756.829249402] [gim_arm_effort_controller]: configure successful
[INFO] [1791304757.181911969] [controller_manager]: Loading controller 'gim_arm_group_controller'
[WARN] [1791304757.191219311] [gim_arm_group_controller]: [Deprecated]: "allow_nonzero_velocity_at_trajectory_end" is set to true. The default behavior will change to false.
[INFO] [1791304757.200992388] [controller_manager]: Configuring controller 'gim_arm_group_controller'
[INFO] [1791304757.201127635] [gim_arm_group_controller]: No specific joint names are used for command interfaces. Using 'joints' parameter.
[INFO] [1791304757.201151907] [gim_arm_group_controller]: Command interfaces are [position velocity] and state interfaces are [position velocity].
[INFO] [1791304757.201185313] [gim_arm_group_controller]: Using 'splines' interpolation method.
[INFO] [1791304757.202833352] [gim_arm_group_controller]: Controller state will be published at 50.00 Hz.
[INFO] [1791304757.204142559] [gim_arm_group_controller]: Action status changes will be monitored at 20.00 Hz.
[INFO] [1791304759.406989805] [gim_arm_effort_controller]: activate successful
[INFO] [1791304765.163131645] [forward_position_controller]: activate successful
