[0.511s] Invoking command in '/home/minh/gim60108_ws/src/gim_control': PYTHONPATH=/home/minh/gim60108_ws/build/gim_control/prefix_override:/usr/lib/python3/dist-packages/colcon_core/task/python/colcon_distutils_commands:/home/minh/gim60108_ws/install/gim_control/lib/python3.10/site-packages:${PYTHONPATH} /usr/bin/python3 -W ignore:setup.py install is deprecated -W ignore:easy_install command is deprecated setup.py egg_info --egg-base ../../build/gim_control build --build-base /home/minh/gim60108_ws/build/gim_control/build install --record /home/minh/gim60108_ws/build/gim_control/install.log --install-scripts $base/lib/gim_control --single-version-externally-managed install_data
[0.662s] running egg_info
[0.670s] writing ../../build/gim_control/gim_control.egg-info/PKG-INFO
[0.674s] writing dependency_links to ../../build/gim_control/gim_control.egg-info/dependency_links.txt
[0.674s] writing entry points to ../../build/gim_control/gim_control.egg-info/entry_points.txt
[0.675s] writing requirements to ../../build/gim_control/gim_control.egg-info/requires.txt
[0.675s] writing top-level names to ../../build/gim_control/gim_control.egg-info/top_level.txt
[0.696s] reading manifest file '../../build/gim_control/gim_control.egg-info/SOURCES.txt'
[0.697s] writing manifest file '../../build/gim_control/gim_control.egg-info/SOURCES.txt'
[0.697s] running build
[0.697s] running build_py
[0.698s] copying gim_control/__init__.py -> /home/minh/gim60108_ws/build/gim_control/build/lib/gim_control
[0.698s] copying gim_control/moveit_bridge.py -> /home/minh/gim60108_ws/build/gim_control/build/lib/gim_control
[0.698s] copying gim_control/motor_test_all_modes.py -> /home/minh/gim60108_ws/build/gim_control/build/lib/gim_control
[0.698s] running install
[0.701s] running install_lib
[0.711s] copying /home/minh/gim60108_ws/build/gim_control/build/lib/gim_control/moveit_bridge.py -> /home/minh/gim60108_ws/install/gim_control/lib/python3.10/site-packages/gim_control
[0.711s] byte-compiling /home/minh/gim60108_ws/install/gim_control/lib/python3.10/site-packages/gim_control/moveit_bridge.py to moveit_bridge.cpython-310.pyc
[0.712s] running install_data
[0.712s] copying resource/gim_control -> /home/minh/gim60108_ws/install/gim_control/share/ament_index/resource_index/packages
[0.712s] copying package.xml -> /home/minh/gim60108_ws/install/gim_control/share/gim_control
[0.712s] running install_egg_info
[0.722s] removing '/home/minh/gim60108_ws/install/gim_control/lib/python3.10/site-packages/gim_control-0.0.0-py3.10.egg-info' (and everything under it)
[0.723s] Copying ../../build/gim_control/gim_control.egg-info to /home/minh/gim60108_ws/install/gim_control/lib/python3.10/site-packages/gim_control-0.0.0-py3.10.egg-info
[0.723s] running install_scripts
[0.744s] Installing motor_test_all_modes script to /home/minh/gim60108_ws/install/gim_control/lib/gim_control
[0.745s] Installing moveit_bridge script to /home/minh/gim60108_ws/install/gim_control/lib/gim_control
[0.745s] writing list of installed files to '/home/minh/gim60108_ws/build/gim_control/install.log'
[0.760s] Invoked command in '/home/minh/gim60108_ws/src/gim_control' returned '0': PYTHONPATH=/home/minh/gim60108_ws/build/gim_control/prefix_override:/usr/lib/python3/dist-packages/colcon_core/task/python/colcon_distutils_commands:/home/minh/gim60108_ws/install/gim_control/lib/python3.10/site-packages:${PYTHONPATH} /usr/bin/python3 -W ignore:setup.py install is deprecated -W ignore:easy_install command is deprecated setup.py egg_info --egg-base ../../build/gim_control build --build-base /home/minh/gim60108_ws/build/gim_control/build install --record /home/minh/gim60108_ws/build/gim_control/install.log --install-scripts $base/lib/gim_control --single-version-externally-managed install_data
