[0.621s] Invoking command in '/home/minh/git_gim_ws/GIM_Arm_3_DOF/src/gim_arm_control': AMENT_PREFIX_PATH=/home/minh/git_gim_ws/GIM_Arm_3_DOF/install/gim_arm_description:${AMENT_PREFIX_PATH} CMAKE_PREFIX_PATH=/home/minh/git_gim_ws/GIM_Arm_3_DOF/install/gim_arm_description:${CMAKE_PREFIX_PATH} PYTHONPATH=/home/minh/git_gim_ws/GIM_Arm_3_DOF/build/gim_control/prefix_override:/usr/lib/python3/dist-packages/colcon_core/task/python/colcon_distutils_commands:/home/minh/git_gim_ws/GIM_Arm_3_DOF/install/gim_control/lib/python3.10/site-packages:${PYTHONPATH} /usr/bin/python3 -W ignore:setup.py install is deprecated -W ignore:easy_install command is deprecated setup.py egg_info --egg-base ../../build/gim_control build --build-base /home/minh/git_gim_ws/GIM_Arm_3_DOF/build/gim_control/build install --record /home/minh/git_gim_ws/GIM_Arm_3_DOF/build/gim_control/install.log --install-scripts $base/lib/gim_control --single-version-externally-managed install_data
[0.813s] running egg_info
[0.824s] creating ../../build/gim_control/gim_control.egg-info
[0.824s] writing ../../build/gim_control/gim_control.egg-info/PKG-INFO
[0.825s] writing dependency_links to ../../build/gim_control/gim_control.egg-info/dependency_links.txt
[0.825s] writing entry points to ../../build/gim_control/gim_control.egg-info/entry_points.txt
[0.825s] writing requirements to ../../build/gim_control/gim_control.egg-info/requires.txt
[0.826s] writing top-level names to ../../build/gim_control/gim_control.egg-info/top_level.txt
[0.826s] writing manifest file '../../build/gim_control/gim_control.egg-info/SOURCES.txt'
[0.850s] reading manifest file '../../build/gim_control/gim_control.egg-info/SOURCES.txt'
[0.851s] writing manifest file '../../build/gim_control/gim_control.egg-info/SOURCES.txt'
[0.851s] running build
[0.851s] running build_py
[0.851s] creating /home/minh/git_gim_ws/GIM_Arm_3_DOF/build/gim_control/build/lib/gim_control
[0.851s] copying gim_control/__init__.py -> /home/minh/git_gim_ws/GIM_Arm_3_DOF/build/gim_control/build/lib/gim_control
[0.851s] copying gim_control/origin_draw_trajectory.py -> /home/minh/git_gim_ws/GIM_Arm_3_DOF/build/gim_control/build/lib/gim_control
[0.852s] copying gim_control/shapes.py -> /home/minh/git_gim_ws/GIM_Arm_3_DOF/build/gim_control/build/lib/gim_control
[0.852s] copying gim_control/gim_arm_kinematics.py -> /home/minh/git_gim_ws/GIM_Arm_3_DOF/build/gim_control/build/lib/gim_control
[0.852s] copying gim_control/motor_test_all_modes.py -> /home/minh/git_gim_ws/GIM_Arm_3_DOF/build/gim_control/build/lib/gim_control
[0.852s] running install
[0.855s] running install_lib
[0.866s] creating /home/minh/git_gim_ws/GIM_Arm_3_DOF/install/gim_control/lib/python3.10/site-packages/gim_control
[0.867s] copying /home/minh/git_gim_ws/GIM_Arm_3_DOF/build/gim_control/build/lib/gim_control/__init__.py -> /home/minh/git_gim_ws/GIM_Arm_3_DOF/install/gim_control/lib/python3.10/site-packages/gim_control
[0.867s] copying /home/minh/git_gim_ws/GIM_Arm_3_DOF/build/gim_control/build/lib/gim_control/origin_draw_trajectory.py -> /home/minh/git_gim_ws/GIM_Arm_3_DOF/install/gim_control/lib/python3.10/site-packages/gim_control
[0.867s] copying /home/minh/git_gim_ws/GIM_Arm_3_DOF/build/gim_control/build/lib/gim_control/shapes.py -> /home/minh/git_gim_ws/GIM_Arm_3_DOF/install/gim_control/lib/python3.10/site-packages/gim_control
[0.867s] copying /home/minh/git_gim_ws/GIM_Arm_3_DOF/build/gim_control/build/lib/gim_control/gim_arm_kinematics.py -> /home/minh/git_gim_ws/GIM_Arm_3_DOF/install/gim_control/lib/python3.10/site-packages/gim_control
[0.867s] copying /home/minh/git_gim_ws/GIM_Arm_3_DOF/build/gim_control/build/lib/gim_control/motor_test_all_modes.py -> /home/minh/git_gim_ws/GIM_Arm_3_DOF/install/gim_control/lib/python3.10/site-packages/gim_control
[0.868s] byte-compiling /home/minh/git_gim_ws/GIM_Arm_3_DOF/install/gim_control/lib/python3.10/site-packages/gim_control/__init__.py to __init__.cpython-310.pyc
[0.868s] byte-compiling /home/minh/git_gim_ws/GIM_Arm_3_DOF/install/gim_control/lib/python3.10/site-packages/gim_control/origin_draw_trajectory.py to origin_draw_trajectory.cpython-310.pyc
[0.869s] byte-compiling /home/minh/git_gim_ws/GIM_Arm_3_DOF/install/gim_control/lib/python3.10/site-packages/gim_control/shapes.py to shapes.cpython-310.pyc
[0.870s] byte-compiling /home/minh/git_gim_ws/GIM_Arm_3_DOF/install/gim_control/lib/python3.10/site-packages/gim_control/gim_arm_kinematics.py to gim_arm_kinematics.cpython-310.pyc
[0.870s] byte-compiling /home/minh/git_gim_ws/GIM_Arm_3_DOF/install/gim_control/lib/python3.10/site-packages/gim_control/motor_test_all_modes.py to motor_test_all_modes.cpython-310.pyc
[0.871s] running install_data
[0.871s] creating /home/minh/git_gim_ws/GIM_Arm_3_DOF/install/gim_control/share/ament_index/resource_index/packages
[0.871s] copying resource/gim_control -> /home/minh/git_gim_ws/GIM_Arm_3_DOF/install/gim_control/share/ament_index/resource_index/packages
[0.871s] copying package.xml -> /home/minh/git_gim_ws/GIM_Arm_3_DOF/install/gim_control/share/gim_control
[0.871s] creating /home/minh/git_gim_ws/GIM_Arm_3_DOF/install/gim_control/share/gim_control/launch
[0.871s] copying launch/origin_gim_arm_control.launch.py -> /home/minh/git_gim_ws/GIM_Arm_3_DOF/install/gim_control/share/gim_control/launch
[0.872s] creating /home/minh/git_gim_ws/GIM_Arm_3_DOF/install/gim_control/share/gim_control/config
[0.872s] copying config/controllers.yaml -> /home/minh/git_gim_ws/GIM_Arm_3_DOF/install/gim_control/share/gim_control/config
[0.872s] running install_egg_info
[0.883s] Copying ../../build/gim_control/gim_control.egg-info to /home/minh/git_gim_ws/GIM_Arm_3_DOF/install/gim_control/lib/python3.10/site-packages/gim_control-0.0.0-py3.10.egg-info
[0.884s] running install_scripts
[0.906s] Installing draw_trajectory script to /home/minh/git_gim_ws/GIM_Arm_3_DOF/install/gim_control/lib/gim_control
[0.906s] Installing motor_test_all_modes script to /home/minh/git_gim_ws/GIM_Arm_3_DOF/install/gim_control/lib/gim_control
[0.906s] writing list of installed files to '/home/minh/git_gim_ws/GIM_Arm_3_DOF/build/gim_control/install.log'
[0.924s] Invoked command in '/home/minh/git_gim_ws/GIM_Arm_3_DOF/src/gim_arm_control' returned '0': AMENT_PREFIX_PATH=/home/minh/git_gim_ws/GIM_Arm_3_DOF/install/gim_arm_description:${AMENT_PREFIX_PATH} CMAKE_PREFIX_PATH=/home/minh/git_gim_ws/GIM_Arm_3_DOF/install/gim_arm_description:${CMAKE_PREFIX_PATH} PYTHONPATH=/home/minh/git_gim_ws/GIM_Arm_3_DOF/build/gim_control/prefix_override:/usr/lib/python3/dist-packages/colcon_core/task/python/colcon_distutils_commands:/home/minh/git_gim_ws/GIM_Arm_3_DOF/install/gim_control/lib/python3.10/site-packages:${PYTHONPATH} /usr/bin/python3 -W ignore:setup.py install is deprecated -W ignore:easy_install command is deprecated setup.py egg_info --egg-base ../../build/gim_control build --build-base /home/minh/git_gim_ws/GIM_Arm_3_DOF/build/gim_control/build install --record /home/minh/git_gim_ws/GIM_Arm_3_DOF/build/gim_control/install.log --install-scripts $base/lib/gim_control --single-version-externally-managed install_data
