[INFO] [1791306202.488214121] [gazebo_ros2_control]: Loading gazebo_ros2_control plugin
[INFO] [1791306202.494770311] [gazebo_ros2_control]: Starting gazebo_ros2_control plugin in namespace: /
[INFO] [1791306202.495109783] [gazebo_ros2_control]: Starting gazebo_ros2_control plugin in ros 2 node: gazebo_ros2_control
[INFO] [1791306202.498811614] [gazebo_ros2_control]: connected to service!! robot_state_publisher
[INFO] [1791306202.499530725] [gazebo_ros2_control]: Received urdf from param server, parsing...
[INFO] [1791306202.499596563] [gazebo_ros2_control]: Loading parameter files /home/mirabo/GIM_Arm_3_DOF/install/gim_control/share/gim_control/config/controllers_gazebo.yaml
[INFO] [1791306202.509123206] [gazebo_ros2_control]: Loading joint: base_joint
[INFO] [1791306202.509203547] [gazebo_ros2_control]: 	State:
[INFO] [1791306202.509214333] [gazebo_ros2_control]: 		 position
[INFO] [1791306202.509226093] [gazebo_ros2_control]: 			 found initial value: 0.000000
[INFO] [1791306202.509240217] [gazebo_ros2_control]: 		 velocity
[INFO] [1791306202.509244298] [gazebo_ros2_control]: 		 effort
[INFO] [1791306202.509247867] [gazebo_ros2_control]: 	Command:
[INFO] [1791306202.509251626] [gazebo_ros2_control]: 		 position
[INFO] [1791306202.509488839] [gazebo_ros2_control]: 		 velocity
[INFO] [1791306202.509643295] [gazebo_ros2_control]: 		 effort
[INFO] [1791306202.509665338] [gazebo_ros2_control]: Loading joint: shoulder_joint
[INFO] [1791306202.509679146] [gazebo_ros2_control]: 	State:
[INFO] [1791306202.509691009] [gazebo_ros2_control]: 		 position
[INFO] [1791306202.509702825] [gazebo_ros2_control]: 			 found initial value: 0.000000
[INFO] [1791306202.509718599] [gazebo_ros2_control]: 		 velocity
[INFO] [1791306202.509731645] [gazebo_ros2_control]: 		 effort
[INFO] [1791306202.509742484] [gazebo_ros2_control]: 	Command:
[INFO] [1791306202.509753528] [gazebo_ros2_control]: 		 position
[INFO] [1791306202.509899706] [gazebo_ros2_control]: 		 velocity
[INFO] [1791306202.510011879] [gazebo_ros2_control]: 		 effort
[INFO] [1791306202.510032517] [gazebo_ros2_control]: Loading joint: elbow_joint
[INFO] [1791306202.510045641] [gazebo_ros2_control]: 	State:
[INFO] [1791306202.510056922] [gazebo_ros2_control]: 		 position
[INFO] [1791306202.510067529] [gazebo_ros2_control]: 			 found initial value: 0.000000
[INFO] [1791306202.510083904] [gazebo_ros2_control]: 		 velocity
[INFO] [1791306202.510095341] [gazebo_ros2_control]: 		 effort
[INFO] [1791306202.510121563] [gazebo_ros2_control]: 	Command:
[INFO] [1791306202.510134369] [gazebo_ros2_control]: 		 position
[INFO] [1791306202.510260506] [gazebo_ros2_control]: 		 velocity
[INFO] [1791306202.510388476] [gazebo_ros2_control]: 		 effort
[INFO] [1791306202.510524644] [resource_manager]: Initialize hardware 'GazeboSystem' 
[INFO] [1791306202.510736190] [resource_manager]: Successful initialization of hardware 'GazeboSystem'
[INFO] [1791306202.510887490] [resource_manager]: 'configure' hardware 'GazeboSystem' 
[INFO] [1791306202.510904441] [resource_manager]: Successful 'configure' of hardware 'GazeboSystem'
[INFO] [1791306202.510915237] [resource_manager]: 'activate' hardware 'GazeboSystem' 
[INFO] [1791306202.510923813] [resource_manager]: Successful 'activate' of hardware 'GazeboSystem'
[INFO] [1791306202.511070463] [gazebo_ros2_control]: Loading controller_manager
[INFO] [1791306202.522263949] [gazebo_ros2_control]: Loaded gazebo_ros2_control.
[INFO] [1791306203.657949200] [controller_manager]: Loading controller 'joint_state_broadcaster'
[INFO] [1791306203.679573241] [controller_manager]: Configuring controller 'joint_state_broadcaster'
[INFO] [1791306203.679936190] [joint_state_broadcaster]: 'joints' or 'interfaces' parameter is empty. All available state interfaces will be published
[INFO] [1791306204.066598006] [controller_manager]: Loading controller 'forward_position_controller'
[INFO] [1791306204.083761031] [controller_manager]: Configuring controller 'forward_position_controller'
[INFO] [1791306204.084615105] [forward_position_controller]: configure successful
[INFO] [1791306204.087183064] [forward_position_controller]: activate successful
[INFO] [1791306204.480806046] [controller_manager]: Loading controller 'gim_arm_effort_controller'
[INFO] [1791306204.494294600] [controller_manager]: Configuring controller 'gim_arm_effort_controller'
[INFO] [1791306204.494585142] [gim_arm_effort_controller]: configure successful
[INFO] [1791306204.854005151] [controller_manager]: Loading controller 'gim_arm_group_controller'
[WARN] [1791306204.864601272] [gim_arm_group_controller]: [Deprecated]: "allow_nonzero_velocity_at_trajectory_end" is set to true. The default behavior will change to false.
[INFO] [1791306204.877345413] [controller_manager]: Configuring controller 'gim_arm_group_controller'
[INFO] [1791306204.877636810] [gim_arm_group_controller]: No specific joint names are used for command interfaces. Using 'joints' parameter.
[INFO] [1791306204.877693881] [gim_arm_group_controller]: Command interfaces are [position velocity] and state interfaces are [position velocity].
[INFO] [1791306204.877756677] [gim_arm_group_controller]: Using 'splines' interpolation method.
[INFO] [1791306204.880566653] [gim_arm_group_controller]: Controller state will be published at 50.00 Hz.
[INFO] [1791306204.883518624] [gim_arm_group_controller]: Action status changes will be monitored at 20.00 Hz.
[INFO] [1791306211.064493043] [gim_arm_effort_controller]: activate successful
[INFO] [1791306253.112467351] [forward_position_controller]: activate successful
