[0.177s] DEBUG:colcon:Command line arguments: ['/usr/bin/colcon', 'build', '--packages-select', 'gim_arm_hardware', '--cmake-args', '-DCMAKE_EXPORT_COMPILE_COMMANDS=ON']
[0.177s] DEBUG:colcon:Parsed command line arguments: Namespace(log_base=None, log_level=None, verb_name='build', build_base='build', install_base='install', merge_install=False, symlink_install=False, test_result_base=None, continue_on_error=False, executor='parallel', parallel_workers=16, event_handlers=None, ignore_user_meta=False, metas=['./colcon.meta'], base_paths=['.'], packages_ignore=None, packages_ignore_regex=None, paths=None, packages_up_to=None, packages_up_to_regex=None, packages_above=None, packages_above_and_dependencies=None, packages_above_depth=None, packages_select_by_dep=None, packages_skip_by_dep=None, packages_skip_up_to=None, packages_select_build_failed=False, packages_skip_build_finished=False, packages_select_test_failures=False, packages_skip_test_passed=False, packages_select=['gim_arm_hardware'], packages_skip=None, packages_select_regex=None, packages_skip_regex=None, packages_start=None, packages_end=None, allow_overriding=[], cmake_args=['-DCMAKE_EXPORT_COMPILE_COMMANDS=ON'], cmake_target=None, cmake_target_skip_unavailable=False, cmake_clean_cache=False, cmake_clean_first=False, cmake_force_configure=False, ament_cmake_args=None, catkin_cmake_args=None, catkin_skip_building_tests=False, mixin_files=None, mixin=None, verb_parser=<colcon_mixin.mixin.mixin_argument.MixinArgumentDecorator object at 0x7450cf0c6950>, verb_extension=<colcon_core.verb.build.BuildVerb object at 0x7450cf0c64a0>, main=<bound method BuildVerb.main of <colcon_core.verb.build.BuildVerb object at 0x7450cf0c64a0>>, mixin_verb=('build',))
[0.237s] Level 1:colcon.colcon_core.package_discovery:discover_packages(colcon_meta) check parameters
[0.238s] Level 1:colcon.colcon_core.package_discovery:discover_packages(recursive) check parameters
[0.238s] Level 1:colcon.colcon_core.package_discovery:discover_packages(ignore) check parameters
[0.238s] Level 1:colcon.colcon_core.package_discovery:discover_packages(path) check parameters
[0.238s] Level 1:colcon.colcon_core.package_discovery:discover_packages(colcon_meta) discover
[0.238s] Level 1:colcon.colcon_core.package_discovery:discover_packages(recursive) discover
[0.238s] INFO:colcon.colcon_core.package_discovery:Crawling recursively for packages in '/home/minh/git_gim_ws/GIM_Arm_3_DOF'
[0.238s] Level 1:colcon.colcon_core.package_identification:_identify(.) by extensions ['ignore', 'ignore_ament_install']
[0.238s] Level 1:colcon.colcon_core.package_identification:_identify(.) by extension 'ignore'
[0.238s] Level 1:colcon.colcon_core.package_identification:_identify(.) by extension 'ignore_ament_install'
[0.238s] Level 1:colcon.colcon_core.package_identification:_identify(.) by extensions ['colcon_pkg']
[0.238s] Level 1:colcon.colcon_core.package_identification:_identify(.) by extension 'colcon_pkg'
[0.238s] Level 1:colcon.colcon_core.package_identification:_identify(.) by extensions ['colcon_meta']
[0.238s] Level 1:colcon.colcon_core.package_identification:_identify(.) by extension 'colcon_meta'
[0.238s] Level 1:colcon.colcon_core.package_identification:_identify(.) by extensions ['ros']
[0.238s] Level 1:colcon.colcon_core.package_identification:_identify(.) by extension 'ros'
[0.275s] Level 1:colcon.colcon_core.package_identification:_identify(.) by extensions ['cmake', 'python']
[0.275s] Level 1:colcon.colcon_core.package_identification:_identify(.) by extension 'cmake'
[0.275s] Level 1:colcon.colcon_core.package_identification:_identify(.) by extension 'python'
[0.275s] Level 1:colcon.colcon_core.package_identification:_identify(.) by extensions ['python_setup_py']
[0.275s] Level 1:colcon.colcon_core.package_identification:_identify(.) by extension 'python_setup_py'
[0.275s] Level 1:colcon.colcon_core.package_identification:_identify(build) by extensions ['ignore', 'ignore_ament_install']
[0.275s] Level 1:colcon.colcon_core.package_identification:_identify(build) by extension 'ignore'
[0.275s] Level 1:colcon.colcon_core.package_identification:_identify(build) ignored
[0.276s] Level 1:colcon.colcon_core.package_identification:_identify(install) by extensions ['ignore', 'ignore_ament_install']
[0.276s] Level 1:colcon.colcon_core.package_identification:_identify(install) by extension 'ignore'
[0.276s] Level 1:colcon.colcon_core.package_identification:_identify(install) ignored
[0.276s] Level 1:colcon.colcon_core.package_identification:_identify(kinematics_test) by extensions ['ignore', 'ignore_ament_install']
[0.276s] Level 1:colcon.colcon_core.package_identification:_identify(kinematics_test) by extension 'ignore'
[0.276s] Level 1:colcon.colcon_core.package_identification:_identify(kinematics_test) by extension 'ignore_ament_install'
[0.276s] Level 1:colcon.colcon_core.package_identification:_identify(kinematics_test) by extensions ['colcon_pkg']
[0.276s] Level 1:colcon.colcon_core.package_identification:_identify(kinematics_test) by extension 'colcon_pkg'
[0.276s] Level 1:colcon.colcon_core.package_identification:_identify(kinematics_test) by extensions ['colcon_meta']
[0.276s] Level 1:colcon.colcon_core.package_identification:_identify(kinematics_test) by extension 'colcon_meta'
[0.276s] Level 1:colcon.colcon_core.package_identification:_identify(kinematics_test) by extensions ['ros']
[0.276s] Level 1:colcon.colcon_core.package_identification:_identify(kinematics_test) by extension 'ros'
[0.276s] Level 1:colcon.colcon_core.package_identification:_identify(kinematics_test) by extensions ['cmake', 'python']
[0.276s] Level 1:colcon.colcon_core.package_identification:_identify(kinematics_test) by extension 'cmake'
[0.276s] Level 1:colcon.colcon_core.package_identification:_identify(kinematics_test) by extension 'python'
[0.276s] Level 1:colcon.colcon_core.package_identification:_identify(kinematics_test) by extensions ['python_setup_py']
[0.276s] Level 1:colcon.colcon_core.package_identification:_identify(kinematics_test) by extension 'python_setup_py'
[0.276s] Level 1:colcon.colcon_core.package_identification:_identify(kinematics_test/__pycache__) by extensions ['ignore', 'ignore_ament_install']
[0.276s] Level 1:colcon.colcon_core.package_identification:_identify(kinematics_test/__pycache__) by extension 'ignore'
[0.277s] Level 1:colcon.colcon_core.package_identification:_identify(kinematics_test/__pycache__) by extension 'ignore_ament_install'
[0.277s] Level 1:colcon.colcon_core.package_identification:_identify(kinematics_test/__pycache__) by extensions ['colcon_pkg']
[0.277s] Level 1:colcon.colcon_core.package_identification:_identify(kinematics_test/__pycache__) by extension 'colcon_pkg'
[0.277s] Level 1:colcon.colcon_core.package_identification:_identify(kinematics_test/__pycache__) by extensions ['colcon_meta']
[0.277s] Level 1:colcon.colcon_core.package_identification:_identify(kinematics_test/__pycache__) by extension 'colcon_meta'
[0.277s] Level 1:colcon.colcon_core.package_identification:_identify(kinematics_test/__pycache__) by extensions ['ros']
[0.277s] Level 1:colcon.colcon_core.package_identification:_identify(kinematics_test/__pycache__) by extension 'ros'
[0.277s] Level 1:colcon.colcon_core.package_identification:_identify(kinematics_test/__pycache__) by extensions ['cmake', 'python']
[0.277s] Level 1:colcon.colcon_core.package_identification:_identify(kinematics_test/__pycache__) by extension 'cmake'
[0.277s] Level 1:colcon.colcon_core.package_identification:_identify(kinematics_test/__pycache__) by extension 'python'
[0.277s] Level 1:colcon.colcon_core.package_identification:_identify(kinematics_test/__pycache__) by extensions ['python_setup_py']
[0.277s] Level 1:colcon.colcon_core.package_identification:_identify(kinematics_test/__pycache__) by extension 'python_setup_py'
[0.277s] Level 1:colcon.colcon_core.package_identification:_identify(kinematics_test/meshes) by extensions ['ignore', 'ignore_ament_install']
[0.277s] Level 1:colcon.colcon_core.package_identification:_identify(kinematics_test/meshes) by extension 'ignore'
[0.277s] Level 1:colcon.colcon_core.package_identification:_identify(kinematics_test/meshes) by extension 'ignore_ament_install'
[0.277s] Level 1:colcon.colcon_core.package_identification:_identify(kinematics_test/meshes) by extensions ['colcon_pkg']
[0.277s] Level 1:colcon.colcon_core.package_identification:_identify(kinematics_test/meshes) by extension 'colcon_pkg'
[0.277s] Level 1:colcon.colcon_core.package_identification:_identify(kinematics_test/meshes) by extensions ['colcon_meta']
[0.277s] Level 1:colcon.colcon_core.package_identification:_identify(kinematics_test/meshes) by extension 'colcon_meta'
[0.277s] Level 1:colcon.colcon_core.package_identification:_identify(kinematics_test/meshes) by extensions ['ros']
[0.277s] Level 1:colcon.colcon_core.package_identification:_identify(kinematics_test/meshes) by extension 'ros'
[0.277s] Level 1:colcon.colcon_core.package_identification:_identify(kinematics_test/meshes) by extensions ['cmake', 'python']
[0.277s] Level 1:colcon.colcon_core.package_identification:_identify(kinematics_test/meshes) by extension 'cmake'
[0.277s] Level 1:colcon.colcon_core.package_identification:_identify(kinematics_test/meshes) by extension 'python'
[0.278s] Level 1:colcon.colcon_core.package_identification:_identify(kinematics_test/meshes) by extensions ['python_setup_py']
[0.278s] Level 1:colcon.colcon_core.package_identification:_identify(kinematics_test/meshes) by extension 'python_setup_py'
[0.278s] Level 1:colcon.colcon_core.package_identification:_identify(log) by extensions ['ignore', 'ignore_ament_install']
[0.278s] Level 1:colcon.colcon_core.package_identification:_identify(log) by extension 'ignore'
[0.278s] Level 1:colcon.colcon_core.package_identification:_identify(log) ignored
[0.278s] Level 1:colcon.colcon_core.package_identification:_identify(src) by extensions ['ignore', 'ignore_ament_install']
[0.278s] Level 1:colcon.colcon_core.package_identification:_identify(src) by extension 'ignore'
[0.278s] Level 1:colcon.colcon_core.package_identification:_identify(src) by extension 'ignore_ament_install'
[0.278s] Level 1:colcon.colcon_core.package_identification:_identify(src) by extensions ['colcon_pkg']
[0.278s] Level 1:colcon.colcon_core.package_identification:_identify(src) by extension 'colcon_pkg'
[0.278s] Level 1:colcon.colcon_core.package_identification:_identify(src) by extensions ['colcon_meta']
[0.278s] Level 1:colcon.colcon_core.package_identification:_identify(src) by extension 'colcon_meta'
[0.278s] Level 1:colcon.colcon_core.package_identification:_identify(src) by extensions ['ros']
[0.278s] Level 1:colcon.colcon_core.package_identification:_identify(src) by extension 'ros'
[0.278s] Level 1:colcon.colcon_core.package_identification:_identify(src) by extensions ['cmake', 'python']
[0.278s] Level 1:colcon.colcon_core.package_identification:_identify(src) by extension 'cmake'
[0.278s] Level 1:colcon.colcon_core.package_identification:_identify(src) by extension 'python'
[0.278s] Level 1:colcon.colcon_core.package_identification:_identify(src) by extensions ['python_setup_py']
[0.278s] Level 1:colcon.colcon_core.package_identification:_identify(src) by extension 'python_setup_py'
[0.279s] Level 1:colcon.colcon_core.package_identification:_identify(src/gim_arm_control) by extensions ['ignore', 'ignore_ament_install']
[0.279s] Level 1:colcon.colcon_core.package_identification:_identify(src/gim_arm_control) by extension 'ignore'
[0.279s] Level 1:colcon.colcon_core.package_identification:_identify(src/gim_arm_control) by extension 'ignore_ament_install'
[0.279s] Level 1:colcon.colcon_core.package_identification:_identify(src/gim_arm_control) by extensions ['colcon_pkg']
[0.279s] Level 1:colcon.colcon_core.package_identification:_identify(src/gim_arm_control) by extension 'colcon_pkg'
[0.279s] Level 1:colcon.colcon_core.package_identification:_identify(src/gim_arm_control) by extensions ['colcon_meta']
[0.279s] Level 1:colcon.colcon_core.package_identification:_identify(src/gim_arm_control) by extension 'colcon_meta'
[0.279s] Level 1:colcon.colcon_core.package_identification:_identify(src/gim_arm_control) by extensions ['ros']
[0.279s] Level 1:colcon.colcon_core.package_identification:_identify(src/gim_arm_control) by extension 'ros'
[0.282s] DEBUG:colcon.colcon_core.package_identification:Package 'src/gim_arm_control' with type 'ros.ament_python' and name 'gim_control'
[0.282s] Level 1:colcon.colcon_core.package_identification:_identify(src/gim_arm_description) by extensions ['ignore', 'ignore_ament_install']
[0.282s] Level 1:colcon.colcon_core.package_identification:_identify(src/gim_arm_description) by extension 'ignore'
[0.283s] Level 1:colcon.colcon_core.package_identification:_identify(src/gim_arm_description) by extension 'ignore_ament_install'
[0.283s] Level 1:colcon.colcon_core.package_identification:_identify(src/gim_arm_description) by extensions ['colcon_pkg']
[0.283s] Level 1:colcon.colcon_core.package_identification:_identify(src/gim_arm_description) by extension 'colcon_pkg'
[0.283s] Level 1:colcon.colcon_core.package_identification:_identify(src/gim_arm_description) by extensions ['colcon_meta']
[0.283s] Level 1:colcon.colcon_core.package_identification:_identify(src/gim_arm_description) by extension 'colcon_meta'
[0.283s] Level 1:colcon.colcon_core.package_identification:_identify(src/gim_arm_description) by extensions ['ros']
[0.283s] Level 1:colcon.colcon_core.package_identification:_identify(src/gim_arm_description) by extension 'ros'
[0.283s] DEBUG:colcon.colcon_core.package_identification:Package 'src/gim_arm_description' with type 'ros.ament_cmake' and name 'gim_arm_description'
[0.284s] Level 1:colcon.colcon_core.package_identification:_identify(src/gim_arm_hardware) by extensions ['ignore', 'ignore_ament_install']
[0.284s] Level 1:colcon.colcon_core.package_identification:_identify(src/gim_arm_hardware) by extension 'ignore'
[0.284s] Level 1:colcon.colcon_core.package_identification:_identify(src/gim_arm_hardware) by extension 'ignore_ament_install'
[0.284s] Level 1:colcon.colcon_core.package_identification:_identify(src/gim_arm_hardware) by extensions ['colcon_pkg']
[0.284s] Level 1:colcon.colcon_core.package_identification:_identify(src/gim_arm_hardware) by extension 'colcon_pkg'
[0.284s] Level 1:colcon.colcon_core.package_identification:_identify(src/gim_arm_hardware) by extensions ['colcon_meta']
[0.284s] Level 1:colcon.colcon_core.package_identification:_identify(src/gim_arm_hardware) by extension 'colcon_meta'
[0.284s] Level 1:colcon.colcon_core.package_identification:_identify(src/gim_arm_hardware) by extensions ['ros']
[0.284s] Level 1:colcon.colcon_core.package_identification:_identify(src/gim_arm_hardware) by extension 'ros'
[0.285s] DEBUG:colcon.colcon_core.package_identification:Package 'src/gim_arm_hardware' with type 'ros.ament_cmake' and name 'gim_arm_hardware'
[0.285s] Level 1:colcon.colcon_core.package_identification:_identify(src/gim_arm_moveit_config) by extensions ['ignore', 'ignore_ament_install']
[0.285s] Level 1:colcon.colcon_core.package_identification:_identify(src/gim_arm_moveit_config) by extension 'ignore'
[0.285s] Level 1:colcon.colcon_core.package_identification:_identify(src/gim_arm_moveit_config) by extension 'ignore_ament_install'
[0.285s] Level 1:colcon.colcon_core.package_identification:_identify(src/gim_arm_moveit_config) by extensions ['colcon_pkg']
[0.285s] Level 1:colcon.colcon_core.package_identification:_identify(src/gim_arm_moveit_config) by extension 'colcon_pkg'
[0.285s] Level 1:colcon.colcon_core.package_identification:_identify(src/gim_arm_moveit_config) by extensions ['colcon_meta']
[0.285s] Level 1:colcon.colcon_core.package_identification:_identify(src/gim_arm_moveit_config) by extension 'colcon_meta'
[0.285s] Level 1:colcon.colcon_core.package_identification:_identify(src/gim_arm_moveit_config) by extensions ['ros']
[0.285s] Level 1:colcon.colcon_core.package_identification:_identify(src/gim_arm_moveit_config) by extension 'ros'
[0.286s] DEBUG:colcon.colcon_core.package_identification:Package 'src/gim_arm_moveit_config' with type 'ros.ament_cmake' and name 'gim_arm_moveit_config'
[0.286s] Level 1:colcon.colcon_core.package_identification:_identify(src/gim_arm_mujoco) by extensions ['ignore', 'ignore_ament_install']
[0.287s] Level 1:colcon.colcon_core.package_identification:_identify(src/gim_arm_mujoco) by extension 'ignore'
[0.287s] Level 1:colcon.colcon_core.package_identification:_identify(src/gim_arm_mujoco) by extension 'ignore_ament_install'
[0.287s] Level 1:colcon.colcon_core.package_identification:_identify(src/gim_arm_mujoco) by extensions ['colcon_pkg']
[0.287s] Level 1:colcon.colcon_core.package_identification:_identify(src/gim_arm_mujoco) by extension 'colcon_pkg'
[0.287s] Level 1:colcon.colcon_core.package_identification:_identify(src/gim_arm_mujoco) by extensions ['colcon_meta']
[0.287s] Level 1:colcon.colcon_core.package_identification:_identify(src/gim_arm_mujoco) by extension 'colcon_meta'
[0.287s] Level 1:colcon.colcon_core.package_identification:_identify(src/gim_arm_mujoco) by extensions ['ros']
[0.287s] Level 1:colcon.colcon_core.package_identification:_identify(src/gim_arm_mujoco) by extension 'ros'
[0.287s] Level 1:colcon.colcon_core.package_identification:_identify(src/gim_arm_mujoco) by extensions ['cmake', 'python']
[0.287s] Level 1:colcon.colcon_core.package_identification:_identify(src/gim_arm_mujoco) by extension 'cmake'
[0.287s] Level 1:colcon.colcon_core.package_identification:_identify(src/gim_arm_mujoco) by extension 'python'
[0.287s] Level 1:colcon.colcon_core.package_identification:_identify(src/gim_arm_mujoco) by extensions ['python_setup_py']
[0.287s] Level 1:colcon.colcon_core.package_identification:_identify(src/gim_arm_mujoco) by extension 'python_setup_py'
[0.287s] Level 1:colcon.colcon_core.package_identification:_identify(src/gim_arm_mujoco/meshes) by extensions ['ignore', 'ignore_ament_install']
[0.287s] Level 1:colcon.colcon_core.package_identification:_identify(src/gim_arm_mujoco/meshes) by extension 'ignore'
[0.287s] Level 1:colcon.colcon_core.package_identification:_identify(src/gim_arm_mujoco/meshes) by extension 'ignore_ament_install'
[0.287s] Level 1:colcon.colcon_core.package_identification:_identify(src/gim_arm_mujoco/meshes) by extensions ['colcon_pkg']
[0.287s] Level 1:colcon.colcon_core.package_identification:_identify(src/gim_arm_mujoco/meshes) by extension 'colcon_pkg'
[0.287s] Level 1:colcon.colcon_core.package_identification:_identify(src/gim_arm_mujoco/meshes) by extensions ['colcon_meta']
[0.287s] Level 1:colcon.colcon_core.package_identification:_identify(src/gim_arm_mujoco/meshes) by extension 'colcon_meta'
[0.287s] Level 1:colcon.colcon_core.package_identification:_identify(src/gim_arm_mujoco/meshes) by extensions ['ros']
[0.287s] Level 1:colcon.colcon_core.package_identification:_identify(src/gim_arm_mujoco/meshes) by extension 'ros'
[0.288s] Level 1:colcon.colcon_core.package_identification:_identify(src/gim_arm_mujoco/meshes) by extensions ['cmake', 'python']
[0.288s] Level 1:colcon.colcon_core.package_identification:_identify(src/gim_arm_mujoco/meshes) by extension 'cmake'
[0.288s] Level 1:colcon.colcon_core.package_identification:_identify(src/gim_arm_mujoco/meshes) by extension 'python'
[0.288s] Level 1:colcon.colcon_core.package_identification:_identify(src/gim_arm_mujoco/meshes) by extensions ['python_setup_py']
[0.288s] Level 1:colcon.colcon_core.package_identification:_identify(src/gim_arm_mujoco/meshes) by extension 'python_setup_py'
[0.288s] Level 1:colcon.colcon_core.package_identification:_identify(tools) by extensions ['ignore', 'ignore_ament_install']
[0.288s] Level 1:colcon.colcon_core.package_identification:_identify(tools) by extension 'ignore'
[0.288s] Level 1:colcon.colcon_core.package_identification:_identify(tools) by extension 'ignore_ament_install'
[0.288s] Level 1:colcon.colcon_core.package_identification:_identify(tools) by extensions ['colcon_pkg']
[0.288s] Level 1:colcon.colcon_core.package_identification:_identify(tools) by extension 'colcon_pkg'
[0.288s] Level 1:colcon.colcon_core.package_identification:_identify(tools) by extensions ['colcon_meta']
[0.288s] Level 1:colcon.colcon_core.package_identification:_identify(tools) by extension 'colcon_meta'
[0.288s] Level 1:colcon.colcon_core.package_identification:_identify(tools) by extensions ['ros']
[0.288s] Level 1:colcon.colcon_core.package_identification:_identify(tools) by extension 'ros'
[0.288s] Level 1:colcon.colcon_core.package_identification:_identify(tools) by extensions ['cmake', 'python']
[0.288s] Level 1:colcon.colcon_core.package_identification:_identify(tools) by extension 'cmake'
[0.288s] Level 1:colcon.colcon_core.package_identification:_identify(tools) by extension 'python'
[0.288s] Level 1:colcon.colcon_core.package_identification:_identify(tools) by extensions ['python_setup_py']
[0.288s] Level 1:colcon.colcon_core.package_identification:_identify(tools) by extension 'python_setup_py'
[0.288s] Level 1:colcon.colcon_core.package_discovery:discover_packages(recursive) using defaults
[0.288s] Level 1:colcon.colcon_core.package_discovery:discover_packages(ignore) discover
[0.288s] Level 1:colcon.colcon_core.package_discovery:discover_packages(ignore) using defaults
[0.288s] Level 1:colcon.colcon_core.package_discovery:discover_packages(path) discover
[0.288s] Level 1:colcon.colcon_core.package_discovery:discover_packages(path) using defaults
[0.321s] INFO:colcon.colcon_core.package_selection:Skipping not selected package 'gim_arm_description' in 'src/gim_arm_description'
[0.321s] INFO:colcon.colcon_core.package_selection:Skipping not selected package 'gim_arm_moveit_config' in 'src/gim_arm_moveit_config'
[0.321s] INFO:colcon.colcon_core.package_selection:Skipping not selected package 'gim_control' in 'src/gim_arm_control'
[0.322s] Level 1:colcon.colcon_core.package_discovery:discover_packages(prefix_path) check parameters
[0.322s] Level 1:colcon.colcon_core.package_discovery:discover_packages(prefix_path) discover
[0.327s] DEBUG:colcon.colcon_installed_package_information.package_discovery:Found 4 installed packages in /home/minh/git_gim_ws/GIM_Arm_3_DOF/install
[0.328s] DEBUG:colcon.colcon_installed_package_information.package_discovery:Found 7 installed packages in /home/minh/rehab_robot_ver2_modified/install
[0.328s] DEBUG:colcon.colcon_installed_package_information.package_discovery:Found 1 installed packages in /home/minh/apriltag_ws/install
[0.329s] DEBUG:colcon.colcon_installed_package_information.package_discovery:Found 3 installed packages in /home/minh/moveit_ws/install
[0.332s] DEBUG:colcon.colcon_installed_package_information.package_discovery:Found 417 installed packages in /opt/ros/humble
[0.334s] Level 1:colcon.colcon_core.package_discovery:discover_packages(prefix_path) using defaults
[0.417s] Level 5:colcon.colcon_core.verb:set package 'gim_arm_hardware' build argument 'cmake_args' from command line to '['-DCMAKE_EXPORT_COMPILE_COMMANDS=ON']'
[0.417s] Level 5:colcon.colcon_core.verb:set package 'gim_arm_hardware' build argument 'cmake_target' from command line to 'None'
[0.417s] Level 5:colcon.colcon_core.verb:set package 'gim_arm_hardware' build argument 'cmake_target_skip_unavailable' from command line to 'False'
[0.417s] Level 5:colcon.colcon_core.verb:set package 'gim_arm_hardware' build argument 'cmake_clean_cache' from command line to 'False'
[0.417s] Level 5:colcon.colcon_core.verb:set package 'gim_arm_hardware' build argument 'cmake_clean_first' from command line to 'False'
[0.417s] Level 5:colcon.colcon_core.verb:set package 'gim_arm_hardware' build argument 'cmake_force_configure' from command line to 'False'
[0.417s] Level 5:colcon.colcon_core.verb:set package 'gim_arm_hardware' build argument 'ament_cmake_args' from command line to 'None'
[0.417s] Level 5:colcon.colcon_core.verb:set package 'gim_arm_hardware' build argument 'catkin_cmake_args' from command line to 'None'
[0.417s] Level 5:colcon.colcon_core.verb:set package 'gim_arm_hardware' build argument 'catkin_skip_building_tests' from command line to 'False'
[0.417s] DEBUG:colcon.colcon_core.verb:Building package 'gim_arm_hardware' with the following arguments: {'ament_cmake_args': None, 'build_base': '/home/minh/git_gim_ws/GIM_Arm_3_DOF/build/gim_arm_hardware', 'catkin_cmake_args': None, 'catkin_skip_building_tests': False, 'cmake_args': ['-DCMAKE_EXPORT_COMPILE_COMMANDS=ON'], 'cmake_clean_cache': False, 'cmake_clean_first': False, 'cmake_force_configure': False, 'cmake_target': None, 'cmake_target_skip_unavailable': False, 'install_base': '/home/minh/git_gim_ws/GIM_Arm_3_DOF/install/gim_arm_hardware', 'merge_install': False, 'path': '/home/minh/git_gim_ws/GIM_Arm_3_DOF/src/gim_arm_hardware', 'symlink_install': False, 'test_result_base': None}
[0.417s] INFO:colcon.colcon_core.executor:Executing jobs using 'parallel' executor
[0.419s] DEBUG:colcon.colcon_parallel_executor.executor.parallel:run_until_complete
[0.419s] INFO:colcon.colcon_ros.task.ament_cmake.build:Building ROS package in '/home/minh/git_gim_ws/GIM_Arm_3_DOF/src/gim_arm_hardware' with build type 'ament_cmake'
[0.419s] INFO:colcon.colcon_cmake.task.cmake.build:Building CMake package in '/home/minh/git_gim_ws/GIM_Arm_3_DOF/src/gim_arm_hardware'
[0.431s] INFO:colcon.colcon_core.plugin_system:Skipping extension 'colcon_core.shell.bat': Not used on non-Windows systems
[0.431s] INFO:colcon.colcon_core.shell:Skip shell extension 'powershell' for command environment: Not usable outside of PowerShell
[0.431s] DEBUG:colcon.colcon_core.shell:Skip shell extension 'dsv' for command environment
[0.446s] DEBUG:colcon.colcon_core.event_handler.log_command:Invoking command in '/home/minh/git_gim_ws/GIM_Arm_3_DOF/build/gim_arm_hardware': CMAKE_PREFIX_PATH=${CMAKE_PREFIX_PATH}:/home/minh/git_gim_ws/GIM_Arm_3_DOF/install/gim_control:/home/minh/rehab_robot_ver2_modified/install/rehab_gui:/home/minh/rehab_robot_ver2_modified/install/my_rqt_plugin:/opt/ros/humble /home/minh/.local/bin/cmake /home/minh/git_gim_ws/GIM_Arm_3_DOF/src/gim_arm_hardware -DCMAKE_EXPORT_COMPILE_COMMANDS=ON -DCMAKE_INSTALL_PREFIX=/home/minh/git_gim_ws/GIM_Arm_3_DOF/install/gim_arm_hardware
[2.567s] DEBUG:colcon.colcon_core.event_handler.log_command:Invoked command in '/home/minh/git_gim_ws/GIM_Arm_3_DOF/build/gim_arm_hardware' returned '0': CMAKE_PREFIX_PATH=${CMAKE_PREFIX_PATH}:/home/minh/git_gim_ws/GIM_Arm_3_DOF/install/gim_control:/home/minh/rehab_robot_ver2_modified/install/rehab_gui:/home/minh/rehab_robot_ver2_modified/install/my_rqt_plugin:/opt/ros/humble /home/minh/.local/bin/cmake /home/minh/git_gim_ws/GIM_Arm_3_DOF/src/gim_arm_hardware -DCMAKE_EXPORT_COMPILE_COMMANDS=ON -DCMAKE_INSTALL_PREFIX=/home/minh/git_gim_ws/GIM_Arm_3_DOF/install/gim_arm_hardware
[2.568s] DEBUG:colcon.colcon_core.event_handler.log_command:Invoking command in '/home/minh/git_gim_ws/GIM_Arm_3_DOF/build/gim_arm_hardware': CMAKE_PREFIX_PATH=${CMAKE_PREFIX_PATH}:/home/minh/git_gim_ws/GIM_Arm_3_DOF/install/gim_control:/home/minh/rehab_robot_ver2_modified/install/rehab_gui:/home/minh/rehab_robot_ver2_modified/install/my_rqt_plugin:/opt/ros/humble /home/minh/.local/bin/cmake --build /home/minh/git_gim_ws/GIM_Arm_3_DOF/build/gim_arm_hardware -- -j16 -l16
[2.682s] DEBUG:colcon.colcon_core.event_handler.log_command:Invoked command in '/home/minh/git_gim_ws/GIM_Arm_3_DOF/build/gim_arm_hardware' returned '0': CMAKE_PREFIX_PATH=${CMAKE_PREFIX_PATH}:/home/minh/git_gim_ws/GIM_Arm_3_DOF/install/gim_control:/home/minh/rehab_robot_ver2_modified/install/rehab_gui:/home/minh/rehab_robot_ver2_modified/install/my_rqt_plugin:/opt/ros/humble /home/minh/.local/bin/cmake --build /home/minh/git_gim_ws/GIM_Arm_3_DOF/build/gim_arm_hardware -- -j16 -l16
[2.738s] DEBUG:colcon.colcon_core.event_handler.log_command:Invoking command in '/home/minh/git_gim_ws/GIM_Arm_3_DOF/build/gim_arm_hardware': CMAKE_PREFIX_PATH=${CMAKE_PREFIX_PATH}:/home/minh/git_gim_ws/GIM_Arm_3_DOF/install/gim_control:/home/minh/rehab_robot_ver2_modified/install/rehab_gui:/home/minh/rehab_robot_ver2_modified/install/my_rqt_plugin:/opt/ros/humble /home/minh/.local/bin/cmake --install /home/minh/git_gim_ws/GIM_Arm_3_DOF/build/gim_arm_hardware
[2.801s] Level 1:colcon.colcon_core.environment:create_environment_scripts_only(gim_arm_hardware)
[2.801s] DEBUG:colcon.colcon_core.event_handler.log_command:Invoked command in '/home/minh/git_gim_ws/GIM_Arm_3_DOF/build/gim_arm_hardware' returned '0': CMAKE_PREFIX_PATH=${CMAKE_PREFIX_PATH}:/home/minh/git_gim_ws/GIM_Arm_3_DOF/install/gim_control:/home/minh/rehab_robot_ver2_modified/install/rehab_gui:/home/minh/rehab_robot_ver2_modified/install/my_rqt_plugin:/opt/ros/humble /home/minh/.local/bin/cmake --install /home/minh/git_gim_ws/GIM_Arm_3_DOF/build/gim_arm_hardware
[2.806s] Level 1:colcon.colcon_core.environment:checking '/home/minh/git_gim_ws/GIM_Arm_3_DOF/install/gim_arm_hardware' for CMake module files
[2.807s] Level 1:colcon.colcon_core.environment:checking '/home/minh/git_gim_ws/GIM_Arm_3_DOF/install/gim_arm_hardware' for CMake config files
[2.807s] Level 1:colcon.colcon_core.shell:create_environment_hook('gim_arm_hardware', 'cmake_prefix_path')
[2.807s] INFO:colcon.colcon_core.shell:Creating environment hook '/home/minh/git_gim_ws/GIM_Arm_3_DOF/install/gim_arm_hardware/share/gim_arm_hardware/hook/cmake_prefix_path.ps1'
[2.808s] INFO:colcon.colcon_core.shell:Creating environment descriptor '/home/minh/git_gim_ws/GIM_Arm_3_DOF/install/gim_arm_hardware/share/gim_arm_hardware/hook/cmake_prefix_path.dsv'
[2.808s] INFO:colcon.colcon_core.shell:Creating environment hook '/home/minh/git_gim_ws/GIM_Arm_3_DOF/install/gim_arm_hardware/share/gim_arm_hardware/hook/cmake_prefix_path.sh'
[2.809s] Level 1:colcon.colcon_core.environment:checking '/home/minh/git_gim_ws/GIM_Arm_3_DOF/install/gim_arm_hardware/lib'
[2.809s] Level 1:colcon.colcon_core.shell:create_environment_hook('gim_arm_hardware', 'ld_library_path_lib')
[2.809s] INFO:colcon.colcon_core.shell:Creating environment hook '/home/minh/git_gim_ws/GIM_Arm_3_DOF/install/gim_arm_hardware/share/gim_arm_hardware/hook/ld_library_path_lib.ps1'
[2.809s] INFO:colcon.colcon_core.shell:Creating environment descriptor '/home/minh/git_gim_ws/GIM_Arm_3_DOF/install/gim_arm_hardware/share/gim_arm_hardware/hook/ld_library_path_lib.dsv'
[2.809s] INFO:colcon.colcon_core.shell:Creating environment hook '/home/minh/git_gim_ws/GIM_Arm_3_DOF/install/gim_arm_hardware/share/gim_arm_hardware/hook/ld_library_path_lib.sh'
[2.810s] Level 1:colcon.colcon_core.environment:checking '/home/minh/git_gim_ws/GIM_Arm_3_DOF/install/gim_arm_hardware/bin'
[2.810s] Level 1:colcon.colcon_core.environment:checking '/home/minh/git_gim_ws/GIM_Arm_3_DOF/install/gim_arm_hardware/lib/pkgconfig/gim_arm_hardware.pc'
[2.810s] Level 1:colcon.colcon_core.environment:checking '/home/minh/git_gim_ws/GIM_Arm_3_DOF/install/gim_arm_hardware/lib/python3.10/site-packages'
[2.810s] Level 1:colcon.colcon_core.environment:checking '/home/minh/git_gim_ws/GIM_Arm_3_DOF/install/gim_arm_hardware/bin'
[2.810s] INFO:colcon.colcon_core.shell:Creating package script '/home/minh/git_gim_ws/GIM_Arm_3_DOF/install/gim_arm_hardware/share/gim_arm_hardware/package.ps1'
[2.811s] INFO:colcon.colcon_core.shell:Creating package descriptor '/home/minh/git_gim_ws/GIM_Arm_3_DOF/install/gim_arm_hardware/share/gim_arm_hardware/package.dsv'
[2.811s] INFO:colcon.colcon_core.shell:Creating package script '/home/minh/git_gim_ws/GIM_Arm_3_DOF/install/gim_arm_hardware/share/gim_arm_hardware/package.sh'
[2.811s] INFO:colcon.colcon_core.shell:Creating package script '/home/minh/git_gim_ws/GIM_Arm_3_DOF/install/gim_arm_hardware/share/gim_arm_hardware/package.bash'
[2.812s] INFO:colcon.colcon_core.shell:Creating package script '/home/minh/git_gim_ws/GIM_Arm_3_DOF/install/gim_arm_hardware/share/gim_arm_hardware/package.zsh'
[2.812s] Level 1:colcon.colcon_core.environment:create_file_with_runtime_dependencies(/home/minh/git_gim_ws/GIM_Arm_3_DOF/install/gim_arm_hardware/share/colcon-core/packages/gim_arm_hardware)
[2.813s] Level 1:colcon.colcon_core.environment:create_environment_scripts_only(gim_arm_hardware)
[2.813s] Level 1:colcon.colcon_core.environment:checking '/home/minh/git_gim_ws/GIM_Arm_3_DOF/install/gim_arm_hardware' for CMake module files
[2.813s] Level 1:colcon.colcon_core.environment:checking '/home/minh/git_gim_ws/GIM_Arm_3_DOF/install/gim_arm_hardware' for CMake config files
[2.813s] Level 1:colcon.colcon_core.shell:create_environment_hook('gim_arm_hardware', 'cmake_prefix_path')
[2.813s] INFO:colcon.colcon_core.shell:Creating environment hook '/home/minh/git_gim_ws/GIM_Arm_3_DOF/install/gim_arm_hardware/share/gim_arm_hardware/hook/cmake_prefix_path.ps1'
[2.814s] INFO:colcon.colcon_core.shell:Creating environment descriptor '/home/minh/git_gim_ws/GIM_Arm_3_DOF/install/gim_arm_hardware/share/gim_arm_hardware/hook/cmake_prefix_path.dsv'
[2.814s] INFO:colcon.colcon_core.shell:Creating environment hook '/home/minh/git_gim_ws/GIM_Arm_3_DOF/install/gim_arm_hardware/share/gim_arm_hardware/hook/cmake_prefix_path.sh'
[2.814s] Level 1:colcon.colcon_core.environment:checking '/home/minh/git_gim_ws/GIM_Arm_3_DOF/install/gim_arm_hardware/lib'
[2.814s] Level 1:colcon.colcon_core.shell:create_environment_hook('gim_arm_hardware', 'ld_library_path_lib')
[2.814s] INFO:colcon.colcon_core.shell:Creating environment hook '/home/minh/git_gim_ws/GIM_Arm_3_DOF/install/gim_arm_hardware/share/gim_arm_hardware/hook/ld_library_path_lib.ps1'
[2.815s] INFO:colcon.colcon_core.shell:Creating environment descriptor '/home/minh/git_gim_ws/GIM_Arm_3_DOF/install/gim_arm_hardware/share/gim_arm_hardware/hook/ld_library_path_lib.dsv'
[2.815s] INFO:colcon.colcon_core.shell:Creating environment hook '/home/minh/git_gim_ws/GIM_Arm_3_DOF/install/gim_arm_hardware/share/gim_arm_hardware/hook/ld_library_path_lib.sh'
[2.815s] Level 1:colcon.colcon_core.environment:checking '/home/minh/git_gim_ws/GIM_Arm_3_DOF/install/gim_arm_hardware/bin'
[2.815s] Level 1:colcon.colcon_core.environment:checking '/home/minh/git_gim_ws/GIM_Arm_3_DOF/install/gim_arm_hardware/lib/pkgconfig/gim_arm_hardware.pc'
[2.815s] Level 1:colcon.colcon_core.environment:checking '/home/minh/git_gim_ws/GIM_Arm_3_DOF/install/gim_arm_hardware/lib/python3.10/site-packages'
[2.815s] Level 1:colcon.colcon_core.environment:checking '/home/minh/git_gim_ws/GIM_Arm_3_DOF/install/gim_arm_hardware/bin'
[2.815s] INFO:colcon.colcon_core.shell:Creating package script '/home/minh/git_gim_ws/GIM_Arm_3_DOF/install/gim_arm_hardware/share/gim_arm_hardware/package.ps1'
[2.816s] INFO:colcon.colcon_core.shell:Creating package descriptor '/home/minh/git_gim_ws/GIM_Arm_3_DOF/install/gim_arm_hardware/share/gim_arm_hardware/package.dsv'
[2.816s] INFO:colcon.colcon_core.shell:Creating package script '/home/minh/git_gim_ws/GIM_Arm_3_DOF/install/gim_arm_hardware/share/gim_arm_hardware/package.sh'
[2.816s] INFO:colcon.colcon_core.shell:Creating package script '/home/minh/git_gim_ws/GIM_Arm_3_DOF/install/gim_arm_hardware/share/gim_arm_hardware/package.bash'
[2.817s] INFO:colcon.colcon_core.shell:Creating package script '/home/minh/git_gim_ws/GIM_Arm_3_DOF/install/gim_arm_hardware/share/gim_arm_hardware/package.zsh'
[2.817s] Level 1:colcon.colcon_core.environment:create_file_with_runtime_dependencies(/home/minh/git_gim_ws/GIM_Arm_3_DOF/install/gim_arm_hardware/share/colcon-core/packages/gim_arm_hardware)
[2.817s] DEBUG:colcon.colcon_parallel_executor.executor.parallel:closing loop
[2.817s] DEBUG:colcon.colcon_parallel_executor.executor.parallel:loop closed
[2.817s] DEBUG:colcon.colcon_parallel_executor.executor.parallel:run_until_complete finished with '0'
[2.817s] DEBUG:colcon.colcon_core.event_reactor:joining thread
[2.823s] INFO:colcon.colcon_core.plugin_system:Skipping extension 'colcon_notification.desktop_notification.terminal_notifier': Not used on non-Darwin systems
[2.823s] INFO:colcon.colcon_core.plugin_system:Skipping extension 'colcon_notification.desktop_notification.win32': Not used on non-Windows systems
[2.823s] INFO:colcon.colcon_notification.desktop_notification:Sending desktop notification using 'notify2'
[2.831s] DEBUG:colcon.colcon_core.event_reactor:joined thread
[2.831s] INFO:colcon.colcon_core.shell:Creating prefix script '/home/minh/git_gim_ws/GIM_Arm_3_DOF/install/local_setup.ps1'
[2.832s] INFO:colcon.colcon_core.shell:Creating prefix util module '/home/minh/git_gim_ws/GIM_Arm_3_DOF/install/_local_setup_util_ps1.py'
[2.833s] INFO:colcon.colcon_core.shell:Creating prefix chain script '/home/minh/git_gim_ws/GIM_Arm_3_DOF/install/setup.ps1'
[2.834s] INFO:colcon.colcon_core.shell:Creating prefix script '/home/minh/git_gim_ws/GIM_Arm_3_DOF/install/local_setup.sh'
[2.834s] INFO:colcon.colcon_core.shell:Creating prefix util module '/home/minh/git_gim_ws/GIM_Arm_3_DOF/install/_local_setup_util_sh.py'
[2.835s] INFO:colcon.colcon_core.shell:Creating prefix chain script '/home/minh/git_gim_ws/GIM_Arm_3_DOF/install/setup.sh'
[2.836s] INFO:colcon.colcon_core.shell:Creating prefix script '/home/minh/git_gim_ws/GIM_Arm_3_DOF/install/local_setup.bash'
[2.836s] INFO:colcon.colcon_core.shell:Creating prefix chain script '/home/minh/git_gim_ws/GIM_Arm_3_DOF/install/setup.bash'
[2.837s] INFO:colcon.colcon_core.shell:Creating prefix script '/home/minh/git_gim_ws/GIM_Arm_3_DOF/install/local_setup.zsh'
[2.837s] INFO:colcon.colcon_core.shell:Creating prefix chain script '/home/minh/git_gim_ws/GIM_Arm_3_DOF/install/setup.zsh'
