[0.012s] Invoking command in '/home/minh/git_gim_ws/GIM_Arm_3_DOF/build/gim_arm_moveit_config': CMAKE_PREFIX_PATH=/home/minh/git_gim_ws/GIM_Arm_3_DOF/install/gim_arm_description:/home/minh/git_gim_ws/GIM_Arm_3_DOF/install/gim_arm_moveit_config:/home/minh/git_gim_ws/GIM_Arm_3_DOF/install/gim_arm_hardware:/home/minh/rehab_robot_ver2_modified/install/rehab_robot_ver2_control:/home/minh/rehab_robot_ver2_modified/install/rviz_custom_plugins:/home/minh/rehab_robot_ver2_modified/install/rehab_robot_ver2:/home/minh/rehab_robot_ver2_modified/install/gravity_compensation:/home/minh/rehab_robot_ver2_modified/install/can_odrive_interface:/home/minh/moveit_ws/install/my_robot_bringup:/home/minh/moveit_ws/install/my_robot_moveit_config:/home/minh/moveit_ws/install/my_robot_description:/home/minh/apriltag_ws/install/apriltag_ros:/home/minh/git_gim_ws/GIM_Arm_3_DOF/install/gim_control:/home/minh/rehab_robot_ver2_modified/install/rehab_gui:/home/minh/rehab_robot_ver2_modified/install/my_rqt_plugin:/opt/ros/humble /home/minh/.local/bin/cmake /home/minh/git_gim_ws/GIM_Arm_3_DOF/src/gim_arm_moveit_config -DCMAKE_INSTALL_PREFIX=/home/minh/git_gim_ws/GIM_Arm_3_DOF/install/gim_arm_moveit_config
[0.073s] -- Found ament_cmake: 1.3.14 (/opt/ros/humble/share/ament_cmake/cmake)
[0.279s] -- Override CMake install command with custom implementation using symlinks instead of copying resources
[0.369s] -- Configuring done (0.3s)
[0.376s] -- Generating done (0.0s)
[0.377s] -- Build files have been written to: /home/minh/git_gim_ws/GIM_Arm_3_DOF/build/gim_arm_moveit_config
[0.379s] Invoked command in '/home/minh/git_gim_ws/GIM_Arm_3_DOF/build/gim_arm_moveit_config' returned '0': CMAKE_PREFIX_PATH=/home/minh/git_gim_ws/GIM_Arm_3_DOF/install/gim_arm_description:/home/minh/git_gim_ws/GIM_Arm_3_DOF/install/gim_arm_moveit_config:/home/minh/git_gim_ws/GIM_Arm_3_DOF/install/gim_arm_hardware:/home/minh/rehab_robot_ver2_modified/install/rehab_robot_ver2_control:/home/minh/rehab_robot_ver2_modified/install/rviz_custom_plugins:/home/minh/rehab_robot_ver2_modified/install/rehab_robot_ver2:/home/minh/rehab_robot_ver2_modified/install/gravity_compensation:/home/minh/rehab_robot_ver2_modified/install/can_odrive_interface:/home/minh/moveit_ws/install/my_robot_bringup:/home/minh/moveit_ws/install/my_robot_moveit_config:/home/minh/moveit_ws/install/my_robot_description:/home/minh/apriltag_ws/install/apriltag_ros:/home/minh/git_gim_ws/GIM_Arm_3_DOF/install/gim_control:/home/minh/rehab_robot_ver2_modified/install/rehab_gui:/home/minh/rehab_robot_ver2_modified/install/my_rqt_plugin:/opt/ros/humble /home/minh/.local/bin/cmake /home/minh/git_gim_ws/GIM_Arm_3_DOF/src/gim_arm_moveit_config -DCMAKE_INSTALL_PREFIX=/home/minh/git_gim_ws/GIM_Arm_3_DOF/install/gim_arm_moveit_config
[0.380s] Invoking command in '/home/minh/git_gim_ws/GIM_Arm_3_DOF/build/gim_arm_moveit_config': CMAKE_PREFIX_PATH=/home/minh/git_gim_ws/GIM_Arm_3_DOF/install/gim_arm_description:/home/minh/git_gim_ws/GIM_Arm_3_DOF/install/gim_arm_moveit_config:/home/minh/git_gim_ws/GIM_Arm_3_DOF/install/gim_arm_hardware:/home/minh/rehab_robot_ver2_modified/install/rehab_robot_ver2_control:/home/minh/rehab_robot_ver2_modified/install/rviz_custom_plugins:/home/minh/rehab_robot_ver2_modified/install/rehab_robot_ver2:/home/minh/rehab_robot_ver2_modified/install/gravity_compensation:/home/minh/rehab_robot_ver2_modified/install/can_odrive_interface:/home/minh/moveit_ws/install/my_robot_bringup:/home/minh/moveit_ws/install/my_robot_moveit_config:/home/minh/moveit_ws/install/my_robot_description:/home/minh/apriltag_ws/install/apriltag_ros:/home/minh/git_gim_ws/GIM_Arm_3_DOF/install/gim_control:/home/minh/rehab_robot_ver2_modified/install/rehab_gui:/home/minh/rehab_robot_ver2_modified/install/my_rqt_plugin:/opt/ros/humble /home/minh/.local/bin/cmake --build /home/minh/git_gim_ws/GIM_Arm_3_DOF/build/gim_arm_moveit_config -- -j16 -l16
[0.459s] Invoked command in '/home/minh/git_gim_ws/GIM_Arm_3_DOF/build/gim_arm_moveit_config' returned '0': CMAKE_PREFIX_PATH=/home/minh/git_gim_ws/GIM_Arm_3_DOF/install/gim_arm_description:/home/minh/git_gim_ws/GIM_Arm_3_DOF/install/gim_arm_moveit_config:/home/minh/git_gim_ws/GIM_Arm_3_DOF/install/gim_arm_hardware:/home/minh/rehab_robot_ver2_modified/install/rehab_robot_ver2_control:/home/minh/rehab_robot_ver2_modified/install/rviz_custom_plugins:/home/minh/rehab_robot_ver2_modified/install/rehab_robot_ver2:/home/minh/rehab_robot_ver2_modified/install/gravity_compensation:/home/minh/rehab_robot_ver2_modified/install/can_odrive_interface:/home/minh/moveit_ws/install/my_robot_bringup:/home/minh/moveit_ws/install/my_robot_moveit_config:/home/minh/moveit_ws/install/my_robot_description:/home/minh/apriltag_ws/install/apriltag_ros:/home/minh/git_gim_ws/GIM_Arm_3_DOF/install/gim_control:/home/minh/rehab_robot_ver2_modified/install/rehab_gui:/home/minh/rehab_robot_ver2_modified/install/my_rqt_plugin:/opt/ros/humble /home/minh/.local/bin/cmake --build /home/minh/git_gim_ws/GIM_Arm_3_DOF/build/gim_arm_moveit_config -- -j16 -l16
[0.460s] Invoking command in '/home/minh/git_gim_ws/GIM_Arm_3_DOF/build/gim_arm_moveit_config': CMAKE_PREFIX_PATH=/home/minh/git_gim_ws/GIM_Arm_3_DOF/install/gim_arm_description:/home/minh/git_gim_ws/GIM_Arm_3_DOF/install/gim_arm_moveit_config:/home/minh/git_gim_ws/GIM_Arm_3_DOF/install/gim_arm_hardware:/home/minh/rehab_robot_ver2_modified/install/rehab_robot_ver2_control:/home/minh/rehab_robot_ver2_modified/install/rviz_custom_plugins:/home/minh/rehab_robot_ver2_modified/install/rehab_robot_ver2:/home/minh/rehab_robot_ver2_modified/install/gravity_compensation:/home/minh/rehab_robot_ver2_modified/install/can_odrive_interface:/home/minh/moveit_ws/install/my_robot_bringup:/home/minh/moveit_ws/install/my_robot_moveit_config:/home/minh/moveit_ws/install/my_robot_description:/home/minh/apriltag_ws/install/apriltag_ros:/home/minh/git_gim_ws/GIM_Arm_3_DOF/install/gim_control:/home/minh/rehab_robot_ver2_modified/install/rehab_gui:/home/minh/rehab_robot_ver2_modified/install/my_rqt_plugin:/opt/ros/humble /home/minh/.local/bin/cmake --install /home/minh/git_gim_ws/GIM_Arm_3_DOF/build/gim_arm_moveit_config
[0.523s] -- Install configuration: ""
[0.523s] -- Execute custom install script
[0.524s] -- Up-to-date symlink: /home/minh/git_gim_ws/GIM_Arm_3_DOF/install/gim_arm_moveit_config/share/ament_index/resource_index/package_run_dependencies/gim_arm_moveit_config
[0.524s] -- Up-to-date symlink: /home/minh/git_gim_ws/GIM_Arm_3_DOF/install/gim_arm_moveit_config/share/ament_index/resource_index/parent_prefix_path/gim_arm_moveit_config
[0.524s] -- Up-to-date symlink: /home/minh/git_gim_ws/GIM_Arm_3_DOF/install/gim_arm_moveit_config/share/gim_arm_moveit_config/environment/ament_prefix_path.sh
[0.524s] -- Up-to-date symlink: /home/minh/git_gim_ws/GIM_Arm_3_DOF/install/gim_arm_moveit_config/share/gim_arm_moveit_config/environment/ament_prefix_path.dsv
[0.524s] -- Up-to-date symlink: /home/minh/git_gim_ws/GIM_Arm_3_DOF/install/gim_arm_moveit_config/share/gim_arm_moveit_config/environment/path.sh
[0.524s] -- Up-to-date symlink: /home/minh/git_gim_ws/GIM_Arm_3_DOF/install/gim_arm_moveit_config/share/gim_arm_moveit_config/environment/path.dsv
[0.524s] -- Up-to-date symlink: /home/minh/git_gim_ws/GIM_Arm_3_DOF/install/gim_arm_moveit_config/share/gim_arm_moveit_config/local_setup.bash
[0.524s] -- Up-to-date symlink: /home/minh/git_gim_ws/GIM_Arm_3_DOF/install/gim_arm_moveit_config/share/gim_arm_moveit_config/local_setup.sh
[0.525s] -- Up-to-date symlink: /home/minh/git_gim_ws/GIM_Arm_3_DOF/install/gim_arm_moveit_config/share/gim_arm_moveit_config/local_setup.zsh
[0.525s] -- Up-to-date symlink: /home/minh/git_gim_ws/GIM_Arm_3_DOF/install/gim_arm_moveit_config/share/gim_arm_moveit_config/local_setup.dsv
[0.525s] -- Symlinking: /home/minh/git_gim_ws/GIM_Arm_3_DOF/install/gim_arm_moveit_config/share/gim_arm_moveit_config/package.dsv
[0.529s] -- Up-to-date symlink: /home/minh/git_gim_ws/GIM_Arm_3_DOF/install/gim_arm_moveit_config/share/ament_index/resource_index/packages/gim_arm_moveit_config
[0.530s] -- Up-to-date symlink: /home/minh/git_gim_ws/GIM_Arm_3_DOF/install/gim_arm_moveit_config/share/gim_arm_moveit_config/cmake/gim_arm_moveit_configConfig.cmake
[0.530s] -- Up-to-date symlink: /home/minh/git_gim_ws/GIM_Arm_3_DOF/install/gim_arm_moveit_config/share/gim_arm_moveit_config/cmake/gim_arm_moveit_configConfig-version.cmake
[0.530s] -- Up-to-date symlink: /home/minh/git_gim_ws/GIM_Arm_3_DOF/install/gim_arm_moveit_config/share/gim_arm_moveit_config/package.xml
[0.530s] -- Up-to-date symlink: /home/minh/git_gim_ws/GIM_Arm_3_DOF/install/gim_arm_moveit_config/share/gim_arm_moveit_config/launch/demo.launch.py
[0.530s] -- Up-to-date symlink: /home/minh/git_gim_ws/GIM_Arm_3_DOF/install/gim_arm_moveit_config/share/gim_arm_moveit_config/launch/move_group.launch.py
[0.530s] -- Up-to-date symlink: /home/minh/git_gim_ws/GIM_Arm_3_DOF/install/gim_arm_moveit_config/share/gim_arm_moveit_config/launch/moveit_rviz.launch.py
[0.530s] -- Up-to-date symlink: /home/minh/git_gim_ws/GIM_Arm_3_DOF/install/gim_arm_moveit_config/share/gim_arm_moveit_config/launch/rsp.launch.py
[0.531s] -- Up-to-date symlink: /home/minh/git_gim_ws/GIM_Arm_3_DOF/install/gim_arm_moveit_config/share/gim_arm_moveit_config/launch/setup_assistant.launch.py
[0.531s] -- Up-to-date symlink: /home/minh/git_gim_ws/GIM_Arm_3_DOF/install/gim_arm_moveit_config/share/gim_arm_moveit_config/launch/spawn_controllers.launch.py
[0.531s] -- Up-to-date symlink: /home/minh/git_gim_ws/GIM_Arm_3_DOF/install/gim_arm_moveit_config/share/gim_arm_moveit_config/launch/static_virtual_joint_tfs.launch.py
[0.531s] -- Up-to-date symlink: /home/minh/git_gim_ws/GIM_Arm_3_DOF/install/gim_arm_moveit_config/share/gim_arm_moveit_config/launch/warehouse_db.launch.py
[0.531s] -- Up-to-date symlink: /home/minh/git_gim_ws/GIM_Arm_3_DOF/install/gim_arm_moveit_config/share/gim_arm_moveit_config/config/gim_arm.ros2_control.xacro
[0.531s] -- Up-to-date symlink: /home/minh/git_gim_ws/GIM_Arm_3_DOF/install/gim_arm_moveit_config/share/gim_arm_moveit_config/config/gim_arm.srdf
[0.532s] -- Up-to-date symlink: /home/minh/git_gim_ws/GIM_Arm_3_DOF/install/gim_arm_moveit_config/share/gim_arm_moveit_config/config/gim_arm_urdf.xacro
[0.532s] -- Up-to-date symlink: /home/minh/git_gim_ws/GIM_Arm_3_DOF/install/gim_arm_moveit_config/share/gim_arm_moveit_config/config/initial_positions.yaml
[0.532s] -- Up-to-date symlink: /home/minh/git_gim_ws/GIM_Arm_3_DOF/install/gim_arm_moveit_config/share/gim_arm_moveit_config/config/joint_limits.yaml
[0.532s] -- Up-to-date symlink: /home/minh/git_gim_ws/GIM_Arm_3_DOF/install/gim_arm_moveit_config/share/gim_arm_moveit_config/config/kinematics.yaml
[0.532s] -- Up-to-date symlink: /home/minh/git_gim_ws/GIM_Arm_3_DOF/install/gim_arm_moveit_config/share/gim_arm_moveit_config/config/moveit.rviz
[0.535s] -- Up-to-date symlink: /home/minh/git_gim_ws/GIM_Arm_3_DOF/install/gim_arm_moveit_config/share/gim_arm_moveit_config/config/moveit_controllers.yaml
[0.535s] -- Up-to-date symlink: /home/minh/git_gim_ws/GIM_Arm_3_DOF/install/gim_arm_moveit_config/share/gim_arm_moveit_config/config/pilz_cartesian_limits.yaml
[0.535s] -- Up-to-date symlink: /home/minh/git_gim_ws/GIM_Arm_3_DOF/install/gim_arm_moveit_config/share/gim_arm_moveit_config/config/ros2_controllers.yaml
[0.536s] -- Up-to-date symlink: /home/minh/git_gim_ws/GIM_Arm_3_DOF/install/gim_arm_moveit_config/share/gim_arm_moveit_config/.setup_assistant
[0.537s] Invoked command in '/home/minh/git_gim_ws/GIM_Arm_3_DOF/build/gim_arm_moveit_config' returned '0': CMAKE_PREFIX_PATH=/home/minh/git_gim_ws/GIM_Arm_3_DOF/install/gim_arm_description:/home/minh/git_gim_ws/GIM_Arm_3_DOF/install/gim_arm_moveit_config:/home/minh/git_gim_ws/GIM_Arm_3_DOF/install/gim_arm_hardware:/home/minh/rehab_robot_ver2_modified/install/rehab_robot_ver2_control:/home/minh/rehab_robot_ver2_modified/install/rviz_custom_plugins:/home/minh/rehab_robot_ver2_modified/install/rehab_robot_ver2:/home/minh/rehab_robot_ver2_modified/install/gravity_compensation:/home/minh/rehab_robot_ver2_modified/install/can_odrive_interface:/home/minh/moveit_ws/install/my_robot_bringup:/home/minh/moveit_ws/install/my_robot_moveit_config:/home/minh/moveit_ws/install/my_robot_description:/home/minh/apriltag_ws/install/apriltag_ros:/home/minh/git_gim_ws/GIM_Arm_3_DOF/install/gim_control:/home/minh/rehab_robot_ver2_modified/install/rehab_gui:/home/minh/rehab_robot_ver2_modified/install/my_rqt_plugin:/opt/ros/humble /home/minh/.local/bin/cmake --install /home/minh/git_gim_ws/GIM_Arm_3_DOF/build/gim_arm_moveit_config
