[0.067s] DEBUG:colcon:Command line arguments: ['/usr/bin/colcon', 'build']
[0.067s] DEBUG:colcon:Parsed command line arguments: Namespace(log_base=None, log_level=None, verb_name='build', build_base='build', install_base='install', merge_install=False, symlink_install=False, test_result_base=None, continue_on_error=False, executor='parallel', parallel_workers=16, event_handlers=None, ignore_user_meta=False, metas=['./colcon.meta'], base_paths=['.'], packages_ignore=None, packages_ignore_regex=None, paths=None, packages_up_to=None, packages_up_to_regex=None, packages_above=None, packages_above_and_dependencies=None, packages_above_depth=None, packages_select_by_dep=None, packages_skip_by_dep=None, packages_skip_up_to=None, packages_select_build_failed=False, packages_skip_build_finished=False, packages_select_test_failures=False, packages_skip_test_passed=False, packages_select=None, packages_skip=None, packages_select_regex=None, packages_skip_regex=None, packages_start=None, packages_end=None, allow_overriding=[], cmake_args=None, cmake_target=None, cmake_target_skip_unavailable=False, cmake_clean_cache=False, cmake_clean_first=False, cmake_force_configure=False, ament_cmake_args=None, catkin_cmake_args=None, catkin_skip_building_tests=False, mixin_files=None, mixin=None, verb_parser=<colcon_mixin.mixin.mixin_argument.MixinArgumentDecorator object at 0x7db7dedb9810>, verb_extension=<colcon_core.verb.build.BuildVerb object at 0x7db7dedb9360>, main=<bound method BuildVerb.main of <colcon_core.verb.build.BuildVerb object at 0x7db7dedb9360>>, mixin_verb=('build',))
[0.092s] Level 1:colcon.colcon_core.package_discovery:discover_packages(colcon_meta) check parameters
[0.092s] Level 1:colcon.colcon_core.package_discovery:discover_packages(recursive) check parameters
[0.092s] Level 1:colcon.colcon_core.package_discovery:discover_packages(ignore) check parameters
[0.092s] Level 1:colcon.colcon_core.package_discovery:discover_packages(path) check parameters
[0.092s] Level 1:colcon.colcon_core.package_discovery:discover_packages(colcon_meta) discover
[0.092s] Level 1:colcon.colcon_core.package_discovery:discover_packages(recursive) discover
[0.092s] INFO:colcon.colcon_core.package_discovery:Crawling recursively for packages in '/home/minh/gim60108_ws'
[0.092s] Level 1:colcon.colcon_core.package_identification:_identify(.) by extensions ['ignore', 'ignore_ament_install']
[0.092s] Level 1:colcon.colcon_core.package_identification:_identify(.) by extension 'ignore'
[0.092s] Level 1:colcon.colcon_core.package_identification:_identify(.) by extension 'ignore_ament_install'
[0.092s] Level 1:colcon.colcon_core.package_identification:_identify(.) by extensions ['colcon_pkg']
[0.092s] Level 1:colcon.colcon_core.package_identification:_identify(.) by extension 'colcon_pkg'
[0.092s] Level 1:colcon.colcon_core.package_identification:_identify(.) by extensions ['colcon_meta']
[0.092s] Level 1:colcon.colcon_core.package_identification:_identify(.) by extension 'colcon_meta'
[0.092s] Level 1:colcon.colcon_core.package_identification:_identify(.) by extensions ['ros']
[0.092s] Level 1:colcon.colcon_core.package_identification:_identify(.) by extension 'ros'
[0.110s] Level 1:colcon.colcon_core.package_identification:_identify(.) by extensions ['cmake', 'python']
[0.110s] Level 1:colcon.colcon_core.package_identification:_identify(.) by extension 'cmake'
[0.110s] Level 1:colcon.colcon_core.package_identification:_identify(.) by extension 'python'
[0.110s] Level 1:colcon.colcon_core.package_identification:_identify(.) by extensions ['python_setup_py']
[0.110s] Level 1:colcon.colcon_core.package_identification:_identify(.) by extension 'python_setup_py'
[0.110s] Level 1:colcon.colcon_core.package_identification:_identify(build) by extensions ['ignore', 'ignore_ament_install']
[0.110s] Level 1:colcon.colcon_core.package_identification:_identify(build) by extension 'ignore'
[0.110s] Level 1:colcon.colcon_core.package_identification:_identify(build) ignored
[0.110s] Level 1:colcon.colcon_core.package_identification:_identify(install) by extensions ['ignore', 'ignore_ament_install']
[0.110s] Level 1:colcon.colcon_core.package_identification:_identify(install) by extension 'ignore'
[0.110s] Level 1:colcon.colcon_core.package_identification:_identify(install) ignored
[0.110s] Level 1:colcon.colcon_core.package_identification:_identify(log) by extensions ['ignore', 'ignore_ament_install']
[0.110s] Level 1:colcon.colcon_core.package_identification:_identify(log) by extension 'ignore'
[0.110s] Level 1:colcon.colcon_core.package_identification:_identify(log) ignored
[0.110s] Level 1:colcon.colcon_core.package_identification:_identify(src) by extensions ['ignore', 'ignore_ament_install']
[0.110s] Level 1:colcon.colcon_core.package_identification:_identify(src) by extension 'ignore'
[0.110s] Level 1:colcon.colcon_core.package_identification:_identify(src) by extension 'ignore_ament_install'
[0.110s] Level 1:colcon.colcon_core.package_identification:_identify(src) by extensions ['colcon_pkg']
[0.110s] Level 1:colcon.colcon_core.package_identification:_identify(src) by extension 'colcon_pkg'
[0.110s] Level 1:colcon.colcon_core.package_identification:_identify(src) by extensions ['colcon_meta']
[0.110s] Level 1:colcon.colcon_core.package_identification:_identify(src) by extension 'colcon_meta'
[0.110s] Level 1:colcon.colcon_core.package_identification:_identify(src) by extensions ['ros']
[0.110s] Level 1:colcon.colcon_core.package_identification:_identify(src) by extension 'ros'
[0.110s] Level 1:colcon.colcon_core.package_identification:_identify(src) by extensions ['cmake', 'python']
[0.110s] Level 1:colcon.colcon_core.package_identification:_identify(src) by extension 'cmake'
[0.110s] Level 1:colcon.colcon_core.package_identification:_identify(src) by extension 'python'
[0.110s] Level 1:colcon.colcon_core.package_identification:_identify(src) by extensions ['python_setup_py']
[0.110s] Level 1:colcon.colcon_core.package_identification:_identify(src) by extension 'python_setup_py'
[0.110s] Level 1:colcon.colcon_core.package_identification:_identify(src/gim_arm_description) by extensions ['ignore', 'ignore_ament_install']
[0.110s] Level 1:colcon.colcon_core.package_identification:_identify(src/gim_arm_description) by extension 'ignore'
[0.111s] Level 1:colcon.colcon_core.package_identification:_identify(src/gim_arm_description) by extension 'ignore_ament_install'
[0.111s] Level 1:colcon.colcon_core.package_identification:_identify(src/gim_arm_description) by extensions ['colcon_pkg']
[0.111s] Level 1:colcon.colcon_core.package_identification:_identify(src/gim_arm_description) by extension 'colcon_pkg'
[0.111s] Level 1:colcon.colcon_core.package_identification:_identify(src/gim_arm_description) by extensions ['colcon_meta']
[0.111s] Level 1:colcon.colcon_core.package_identification:_identify(src/gim_arm_description) by extension 'colcon_meta'
[0.111s] Level 1:colcon.colcon_core.package_identification:_identify(src/gim_arm_description) by extensions ['ros']
[0.111s] Level 1:colcon.colcon_core.package_identification:_identify(src/gim_arm_description) by extension 'ros'
[0.112s] DEBUG:colcon.colcon_core.package_identification:Package 'src/gim_arm_description' with type 'ros.ament_cmake' and name 'gim_arm_description'
[0.112s] Level 1:colcon.colcon_core.package_identification:_identify(src/gim_arm_moveit_config) by extensions ['ignore', 'ignore_ament_install']
[0.112s] Level 1:colcon.colcon_core.package_identification:_identify(src/gim_arm_moveit_config) by extension 'ignore'
[0.112s] Level 1:colcon.colcon_core.package_identification:_identify(src/gim_arm_moveit_config) by extension 'ignore_ament_install'
[0.112s] Level 1:colcon.colcon_core.package_identification:_identify(src/gim_arm_moveit_config) by extensions ['colcon_pkg']
[0.112s] Level 1:colcon.colcon_core.package_identification:_identify(src/gim_arm_moveit_config) by extension 'colcon_pkg'
[0.112s] Level 1:colcon.colcon_core.package_identification:_identify(src/gim_arm_moveit_config) by extensions ['colcon_meta']
[0.112s] Level 1:colcon.colcon_core.package_identification:_identify(src/gim_arm_moveit_config) by extension 'colcon_meta'
[0.112s] Level 1:colcon.colcon_core.package_identification:_identify(src/gim_arm_moveit_config) by extensions ['ros']
[0.112s] Level 1:colcon.colcon_core.package_identification:_identify(src/gim_arm_moveit_config) by extension 'ros'
[0.113s] DEBUG:colcon.colcon_core.package_identification:Package 'src/gim_arm_moveit_config' with type 'ros.ament_cmake' and name 'gim_arm_moveit_config'
[0.113s] Level 1:colcon.colcon_core.package_identification:_identify(src/gim_control) by extensions ['ignore', 'ignore_ament_install']
[0.113s] Level 1:colcon.colcon_core.package_identification:_identify(src/gim_control) by extension 'ignore'
[0.113s] Level 1:colcon.colcon_core.package_identification:_identify(src/gim_control) by extension 'ignore_ament_install'
[0.113s] Level 1:colcon.colcon_core.package_identification:_identify(src/gim_control) by extensions ['colcon_pkg']
[0.113s] Level 1:colcon.colcon_core.package_identification:_identify(src/gim_control) by extension 'colcon_pkg'
[0.113s] Level 1:colcon.colcon_core.package_identification:_identify(src/gim_control) by extensions ['colcon_meta']
[0.113s] Level 1:colcon.colcon_core.package_identification:_identify(src/gim_control) by extension 'colcon_meta'
[0.113s] Level 1:colcon.colcon_core.package_identification:_identify(src/gim_control) by extensions ['ros']
[0.113s] Level 1:colcon.colcon_core.package_identification:_identify(src/gim_control) by extension 'ros'
[0.113s] DEBUG:colcon.colcon_core.package_identification:Package 'src/gim_control' with type 'ros.ament_python' and name 'gim_control'
[0.113s] Level 1:colcon.colcon_core.package_discovery:discover_packages(recursive) using defaults
[0.113s] Level 1:colcon.colcon_core.package_discovery:discover_packages(ignore) discover
[0.113s] Level 1:colcon.colcon_core.package_discovery:discover_packages(ignore) using defaults
[0.113s] Level 1:colcon.colcon_core.package_discovery:discover_packages(path) discover
[0.113s] Level 1:colcon.colcon_core.package_discovery:discover_packages(path) using defaults
[0.125s] Level 1:colcon.colcon_core.package_discovery:discover_packages(prefix_path) check parameters
[0.125s] Level 1:colcon.colcon_core.package_discovery:discover_packages(prefix_path) discover
[0.126s] DEBUG:colcon.colcon_installed_package_information.package_discovery:Found 3 installed packages in /home/minh/gim60108_ws/install
[0.127s] DEBUG:colcon.colcon_installed_package_information.package_discovery:Found 7 installed packages in /home/minh/rehab_robot_ver2_modified/install
[0.127s] DEBUG:colcon.colcon_installed_package_information.package_discovery:Found 1 installed packages in /home/minh/apriltag_ws/install
[0.127s] DEBUG:colcon.colcon_installed_package_information.package_discovery:Found 3 installed packages in /home/minh/moveit_ws/install
[0.128s] DEBUG:colcon.colcon_installed_package_information.package_discovery:Found 414 installed packages in /opt/ros/humble
[0.129s] Level 1:colcon.colcon_core.package_discovery:discover_packages(prefix_path) using defaults
[0.165s] Level 5:colcon.colcon_core.verb:set package 'gim_arm_description' build argument 'cmake_args' from command line to 'None'
[0.165s] Level 5:colcon.colcon_core.verb:set package 'gim_arm_description' build argument 'cmake_target' from command line to 'None'
[0.165s] Level 5:colcon.colcon_core.verb:set package 'gim_arm_description' build argument 'cmake_target_skip_unavailable' from command line to 'False'
[0.165s] Level 5:colcon.colcon_core.verb:set package 'gim_arm_description' build argument 'cmake_clean_cache' from command line to 'False'
[0.165s] Level 5:colcon.colcon_core.verb:set package 'gim_arm_description' build argument 'cmake_clean_first' from command line to 'False'
[0.165s] Level 5:colcon.colcon_core.verb:set package 'gim_arm_description' build argument 'cmake_force_configure' from command line to 'False'
[0.165s] Level 5:colcon.colcon_core.verb:set package 'gim_arm_description' build argument 'ament_cmake_args' from command line to 'None'
[0.165s] Level 5:colcon.colcon_core.verb:set package 'gim_arm_description' build argument 'catkin_cmake_args' from command line to 'None'
[0.165s] Level 5:colcon.colcon_core.verb:set package 'gim_arm_description' build argument 'catkin_skip_building_tests' from command line to 'False'
[0.165s] DEBUG:colcon.colcon_core.verb:Building package 'gim_arm_description' with the following arguments: {'ament_cmake_args': None, 'build_base': '/home/minh/gim60108_ws/build/gim_arm_description', 'catkin_cmake_args': None, 'catkin_skip_building_tests': False, 'cmake_args': None, 'cmake_clean_cache': False, 'cmake_clean_first': False, 'cmake_force_configure': False, 'cmake_target': None, 'cmake_target_skip_unavailable': False, 'install_base': '/home/minh/gim60108_ws/install/gim_arm_description', 'merge_install': False, 'path': '/home/minh/gim60108_ws/src/gim_arm_description', 'symlink_install': False, 'test_result_base': None}
[0.165s] Level 5:colcon.colcon_core.verb:set package 'gim_control' build argument 'cmake_args' from command line to 'None'
[0.165s] Level 5:colcon.colcon_core.verb:set package 'gim_control' build argument 'cmake_target' from command line to 'None'
[0.165s] Level 5:colcon.colcon_core.verb:set package 'gim_control' build argument 'cmake_target_skip_unavailable' from command line to 'False'
[0.165s] Level 5:colcon.colcon_core.verb:set package 'gim_control' build argument 'cmake_clean_cache' from command line to 'False'
[0.165s] Level 5:colcon.colcon_core.verb:set package 'gim_control' build argument 'cmake_clean_first' from command line to 'False'
[0.165s] Level 5:colcon.colcon_core.verb:set package 'gim_control' build argument 'cmake_force_configure' from command line to 'False'
[0.165s] Level 5:colcon.colcon_core.verb:set package 'gim_control' build argument 'ament_cmake_args' from command line to 'None'
[0.165s] Level 5:colcon.colcon_core.verb:set package 'gim_control' build argument 'catkin_cmake_args' from command line to 'None'
[0.165s] Level 5:colcon.colcon_core.verb:set package 'gim_control' build argument 'catkin_skip_building_tests' from command line to 'False'
[0.165s] DEBUG:colcon.colcon_core.verb:Building package 'gim_control' with the following arguments: {'ament_cmake_args': None, 'build_base': '/home/minh/gim60108_ws/build/gim_control', 'catkin_cmake_args': None, 'catkin_skip_building_tests': False, 'cmake_args': None, 'cmake_clean_cache': False, 'cmake_clean_first': False, 'cmake_force_configure': False, 'cmake_target': None, 'cmake_target_skip_unavailable': False, 'install_base': '/home/minh/gim60108_ws/install/gim_control', 'merge_install': False, 'path': '/home/minh/gim60108_ws/src/gim_control', 'symlink_install': False, 'test_result_base': None}
[0.166s] Level 5:colcon.colcon_core.verb:set package 'gim_arm_moveit_config' build argument 'cmake_args' from command line to 'None'
[0.166s] Level 5:colcon.colcon_core.verb:set package 'gim_arm_moveit_config' build argument 'cmake_target' from command line to 'None'
[0.166s] Level 5:colcon.colcon_core.verb:set package 'gim_arm_moveit_config' build argument 'cmake_target_skip_unavailable' from command line to 'False'
[0.166s] Level 5:colcon.colcon_core.verb:set package 'gim_arm_moveit_config' build argument 'cmake_clean_cache' from command line to 'False'
[0.166s] Level 5:colcon.colcon_core.verb:set package 'gim_arm_moveit_config' build argument 'cmake_clean_first' from command line to 'False'
[0.166s] Level 5:colcon.colcon_core.verb:set package 'gim_arm_moveit_config' build argument 'cmake_force_configure' from command line to 'False'
[0.166s] Level 5:colcon.colcon_core.verb:set package 'gim_arm_moveit_config' build argument 'ament_cmake_args' from command line to 'None'
[0.166s] Level 5:colcon.colcon_core.verb:set package 'gim_arm_moveit_config' build argument 'catkin_cmake_args' from command line to 'None'
[0.166s] Level 5:colcon.colcon_core.verb:set package 'gim_arm_moveit_config' build argument 'catkin_skip_building_tests' from command line to 'False'
[0.166s] DEBUG:colcon.colcon_core.verb:Building package 'gim_arm_moveit_config' with the following arguments: {'ament_cmake_args': None, 'build_base': '/home/minh/gim60108_ws/build/gim_arm_moveit_config', 'catkin_cmake_args': None, 'catkin_skip_building_tests': False, 'cmake_args': None, 'cmake_clean_cache': False, 'cmake_clean_first': False, 'cmake_force_configure': False, 'cmake_target': None, 'cmake_target_skip_unavailable': False, 'install_base': '/home/minh/gim60108_ws/install/gim_arm_moveit_config', 'merge_install': False, 'path': '/home/minh/gim60108_ws/src/gim_arm_moveit_config', 'symlink_install': False, 'test_result_base': None}
[0.166s] INFO:colcon.colcon_core.executor:Executing jobs using 'parallel' executor
[0.166s] DEBUG:colcon.colcon_parallel_executor.executor.parallel:run_until_complete
[0.167s] INFO:colcon.colcon_ros.task.ament_cmake.build:Building ROS package in '/home/minh/gim60108_ws/src/gim_arm_description' with build type 'ament_cmake'
[0.167s] INFO:colcon.colcon_cmake.task.cmake.build:Building CMake package in '/home/minh/gim60108_ws/src/gim_arm_description'
[0.168s] INFO:colcon.colcon_core.plugin_system:Skipping extension 'colcon_core.shell.bat': Not used on non-Windows systems
[0.168s] INFO:colcon.colcon_core.shell:Skip shell extension 'powershell' for command environment: Not usable outside of PowerShell
[0.168s] DEBUG:colcon.colcon_core.shell:Skip shell extension 'dsv' for command environment
[0.171s] INFO:colcon.colcon_ros.task.ament_python.build:Building ROS package in '/home/minh/gim60108_ws/src/gim_control' with build type 'ament_python'
[0.171s] Level 1:colcon.colcon_core.shell:create_environment_hook('gim_control', 'ament_prefix_path')
[0.171s] INFO:colcon.colcon_core.shell:Creating environment hook '/home/minh/gim60108_ws/install/gim_control/share/gim_control/hook/ament_prefix_path.ps1'
[0.172s] INFO:colcon.colcon_core.shell:Creating environment descriptor '/home/minh/gim60108_ws/install/gim_control/share/gim_control/hook/ament_prefix_path.dsv'
[0.172s] INFO:colcon.colcon_core.shell:Creating environment hook '/home/minh/gim60108_ws/install/gim_control/share/gim_control/hook/ament_prefix_path.sh'
[0.172s] INFO:colcon.colcon_core.shell:Skip shell extension 'powershell' for command environment: Not usable outside of PowerShell
[0.172s] DEBUG:colcon.colcon_core.shell:Skip shell extension 'dsv' for command environment
[0.178s] DEBUG:colcon.colcon_core.event_handler.log_command:Invoking command in '/home/minh/gim60108_ws/build/gim_arm_description': CMAKE_PREFIX_PATH=${CMAKE_PREFIX_PATH}:/home/minh/gim60108_ws/install/gim_control:/home/minh/rehab_robot_ver2_modified/install/rehab_gui:/home/minh/rehab_robot_ver2_modified/install/my_rqt_plugin:/opt/ros/humble /home/minh/.local/bin/cmake --build /home/minh/gim60108_ws/build/gim_arm_description -- -j16 -l16
[0.324s] INFO:colcon.colcon_core.task.python.build:Building Python package in '/home/minh/gim60108_ws/src/gim_control'
[0.324s] INFO:colcon.colcon_core.shell:Skip shell extension 'powershell' for command environment: Not usable outside of PowerShell
[0.324s] DEBUG:colcon.colcon_core.shell:Skip shell extension 'dsv' for command environment
[0.329s] DEBUG:colcon.colcon_core.event_handler.log_command:Invoked command in '/home/minh/gim60108_ws/build/gim_arm_description' returned '0': CMAKE_PREFIX_PATH=${CMAKE_PREFIX_PATH}:/home/minh/gim60108_ws/install/gim_control:/home/minh/rehab_robot_ver2_modified/install/rehab_gui:/home/minh/rehab_robot_ver2_modified/install/my_rqt_plugin:/opt/ros/humble /home/minh/.local/bin/cmake --build /home/minh/gim60108_ws/build/gim_arm_description -- -j16 -l16
[0.384s] DEBUG:colcon.colcon_core.event_handler.log_command:Invoking command in '/home/minh/gim60108_ws/build/gim_arm_description': CMAKE_PREFIX_PATH=${CMAKE_PREFIX_PATH}:/home/minh/gim60108_ws/install/gim_control:/home/minh/rehab_robot_ver2_modified/install/rehab_gui:/home/minh/rehab_robot_ver2_modified/install/my_rqt_plugin:/opt/ros/humble /home/minh/.local/bin/cmake --install /home/minh/gim60108_ws/build/gim_arm_description
[0.442s] Level 1:colcon.colcon_core.environment:create_environment_scripts_only(gim_arm_description)
[0.442s] DEBUG:colcon.colcon_core.event_handler.log_command:Invoked command in '/home/minh/gim60108_ws/build/gim_arm_description' returned '0': CMAKE_PREFIX_PATH=${CMAKE_PREFIX_PATH}:/home/minh/gim60108_ws/install/gim_control:/home/minh/rehab_robot_ver2_modified/install/rehab_gui:/home/minh/rehab_robot_ver2_modified/install/my_rqt_plugin:/opt/ros/humble /home/minh/.local/bin/cmake --install /home/minh/gim60108_ws/build/gim_arm_description
[0.444s] Level 1:colcon.colcon_core.environment:checking '/home/minh/gim60108_ws/install/gim_arm_description' for CMake module files
[0.444s] Level 1:colcon.colcon_core.environment:checking '/home/minh/gim60108_ws/install/gim_arm_description' for CMake config files
[0.444s] Level 1:colcon.colcon_core.shell:create_environment_hook('gim_arm_description', 'cmake_prefix_path')
[0.444s] INFO:colcon.colcon_core.shell:Creating environment hook '/home/minh/gim60108_ws/install/gim_arm_description/share/gim_arm_description/hook/cmake_prefix_path.ps1'
[0.445s] INFO:colcon.colcon_core.shell:Creating environment descriptor '/home/minh/gim60108_ws/install/gim_arm_description/share/gim_arm_description/hook/cmake_prefix_path.dsv'
[0.445s] INFO:colcon.colcon_core.shell:Creating environment hook '/home/minh/gim60108_ws/install/gim_arm_description/share/gim_arm_description/hook/cmake_prefix_path.sh'
[0.445s] Level 1:colcon.colcon_core.environment:checking '/home/minh/gim60108_ws/install/gim_arm_description/bin'
[0.445s] Level 1:colcon.colcon_core.environment:checking '/home/minh/gim60108_ws/install/gim_arm_description/lib/pkgconfig/gim_arm_description.pc'
[0.446s] Level 1:colcon.colcon_core.environment:checking '/home/minh/gim60108_ws/install/gim_arm_description/lib/python3.10/site-packages'
[0.446s] Level 1:colcon.colcon_core.environment:checking '/home/minh/gim60108_ws/install/gim_arm_description/bin'
[0.446s] INFO:colcon.colcon_core.shell:Creating package script '/home/minh/gim60108_ws/install/gim_arm_description/share/gim_arm_description/package.ps1'
[0.447s] INFO:colcon.colcon_core.shell:Creating package descriptor '/home/minh/gim60108_ws/install/gim_arm_description/share/gim_arm_description/package.dsv'
[0.447s] INFO:colcon.colcon_core.shell:Creating package script '/home/minh/gim60108_ws/install/gim_arm_description/share/gim_arm_description/package.sh'
[0.447s] INFO:colcon.colcon_core.shell:Creating package script '/home/minh/gim60108_ws/install/gim_arm_description/share/gim_arm_description/package.bash'
[0.448s] INFO:colcon.colcon_core.shell:Creating package script '/home/minh/gim60108_ws/install/gim_arm_description/share/gim_arm_description/package.zsh'
[0.448s] Level 1:colcon.colcon_core.environment:create_file_with_runtime_dependencies(/home/minh/gim60108_ws/install/gim_arm_description/share/colcon-core/packages/gim_arm_description)
[0.448s] Level 1:colcon.colcon_core.environment:create_environment_scripts_only(gim_arm_description)
[0.449s] Level 1:colcon.colcon_core.environment:checking '/home/minh/gim60108_ws/install/gim_arm_description' for CMake module files
[0.449s] Level 1:colcon.colcon_core.environment:checking '/home/minh/gim60108_ws/install/gim_arm_description' for CMake config files
[0.449s] Level 1:colcon.colcon_core.shell:create_environment_hook('gim_arm_description', 'cmake_prefix_path')
[0.449s] INFO:colcon.colcon_core.shell:Creating environment hook '/home/minh/gim60108_ws/install/gim_arm_description/share/gim_arm_description/hook/cmake_prefix_path.ps1'
[0.449s] INFO:colcon.colcon_core.shell:Creating environment descriptor '/home/minh/gim60108_ws/install/gim_arm_description/share/gim_arm_description/hook/cmake_prefix_path.dsv'
[0.449s] INFO:colcon.colcon_core.shell:Creating environment hook '/home/minh/gim60108_ws/install/gim_arm_description/share/gim_arm_description/hook/cmake_prefix_path.sh'
[0.450s] Level 1:colcon.colcon_core.environment:checking '/home/minh/gim60108_ws/install/gim_arm_description/bin'
[0.450s] Level 1:colcon.colcon_core.environment:checking '/home/minh/gim60108_ws/install/gim_arm_description/lib/pkgconfig/gim_arm_description.pc'
[0.450s] Level 1:colcon.colcon_core.environment:checking '/home/minh/gim60108_ws/install/gim_arm_description/lib/python3.10/site-packages'
[0.450s] Level 1:colcon.colcon_core.environment:checking '/home/minh/gim60108_ws/install/gim_arm_description/bin'
[0.450s] INFO:colcon.colcon_core.shell:Creating package script '/home/minh/gim60108_ws/install/gim_arm_description/share/gim_arm_description/package.ps1'
[0.450s] INFO:colcon.colcon_core.shell:Creating package descriptor '/home/minh/gim60108_ws/install/gim_arm_description/share/gim_arm_description/package.dsv'
[0.451s] INFO:colcon.colcon_core.shell:Creating package script '/home/minh/gim60108_ws/install/gim_arm_description/share/gim_arm_description/package.sh'
[0.451s] INFO:colcon.colcon_core.shell:Creating package script '/home/minh/gim60108_ws/install/gim_arm_description/share/gim_arm_description/package.bash'
[0.451s] INFO:colcon.colcon_core.shell:Creating package script '/home/minh/gim60108_ws/install/gim_arm_description/share/gim_arm_description/package.zsh'
[0.451s] Level 1:colcon.colcon_core.environment:create_file_with_runtime_dependencies(/home/minh/gim60108_ws/install/gim_arm_description/share/colcon-core/packages/gim_arm_description)
[0.451s] INFO:colcon.colcon_ros.task.ament_cmake.build:Building ROS package in '/home/minh/gim60108_ws/src/gim_arm_moveit_config' with build type 'ament_cmake'
[0.452s] INFO:colcon.colcon_cmake.task.cmake.build:Building CMake package in '/home/minh/gim60108_ws/src/gim_arm_moveit_config'
[0.452s] INFO:colcon.colcon_core.shell:Skip shell extension 'powershell' for command environment: Not usable outside of PowerShell
[0.452s] DEBUG:colcon.colcon_core.shell:Skip shell extension 'dsv' for command environment
[0.461s] DEBUG:colcon.colcon_core.event_handler.log_command:Invoking command in '/home/minh/gim60108_ws/build/gim_arm_moveit_config': CMAKE_PREFIX_PATH=/home/minh/gim60108_ws/install/gim_arm_description:/home/minh/gim60108_ws/install/gim_arm_moveit_config:/home/minh/rehab_robot_ver2_modified/install/rehab_robot_ver2_control:/home/minh/rehab_robot_ver2_modified/install/rviz_custom_plugins:/home/minh/rehab_robot_ver2_modified/install/rehab_robot_ver2:/home/minh/rehab_robot_ver2_modified/install/gravity_compensation:/home/minh/rehab_robot_ver2_modified/install/can_odrive_interface:/home/minh/moveit_ws/install/my_robot_bringup:/home/minh/moveit_ws/install/my_robot_moveit_config:/home/minh/moveit_ws/install/my_robot_description:/home/minh/apriltag_ws/install/apriltag_ros:/home/minh/gim60108_ws/install/gim_control:/home/minh/rehab_robot_ver2_modified/install/rehab_gui:/home/minh/rehab_robot_ver2_modified/install/my_rqt_plugin:/opt/ros/humble /home/minh/.local/bin/cmake --build /home/minh/gim60108_ws/build/gim_arm_moveit_config -- -j16 -l16
[0.530s] DEBUG:colcon.colcon_core.event_handler.log_command:Invoked command in '/home/minh/gim60108_ws/build/gim_arm_moveit_config' returned '0': CMAKE_PREFIX_PATH=/home/minh/gim60108_ws/install/gim_arm_description:/home/minh/gim60108_ws/install/gim_arm_moveit_config:/home/minh/rehab_robot_ver2_modified/install/rehab_robot_ver2_control:/home/minh/rehab_robot_ver2_modified/install/rviz_custom_plugins:/home/minh/rehab_robot_ver2_modified/install/rehab_robot_ver2:/home/minh/rehab_robot_ver2_modified/install/gravity_compensation:/home/minh/rehab_robot_ver2_modified/install/can_odrive_interface:/home/minh/moveit_ws/install/my_robot_bringup:/home/minh/moveit_ws/install/my_robot_moveit_config:/home/minh/moveit_ws/install/my_robot_description:/home/minh/apriltag_ws/install/apriltag_ros:/home/minh/gim60108_ws/install/gim_control:/home/minh/rehab_robot_ver2_modified/install/rehab_gui:/home/minh/rehab_robot_ver2_modified/install/my_rqt_plugin:/opt/ros/humble /home/minh/.local/bin/cmake --build /home/minh/gim60108_ws/build/gim_arm_moveit_config -- -j16 -l16
[0.531s] DEBUG:colcon.colcon_core.event_handler.log_command:Invoking command in '/home/minh/gim60108_ws/build/gim_arm_moveit_config': CMAKE_PREFIX_PATH=/home/minh/gim60108_ws/install/gim_arm_description:/home/minh/gim60108_ws/install/gim_arm_moveit_config:/home/minh/rehab_robot_ver2_modified/install/rehab_robot_ver2_control:/home/minh/rehab_robot_ver2_modified/install/rviz_custom_plugins:/home/minh/rehab_robot_ver2_modified/install/rehab_robot_ver2:/home/minh/rehab_robot_ver2_modified/install/gravity_compensation:/home/minh/rehab_robot_ver2_modified/install/can_odrive_interface:/home/minh/moveit_ws/install/my_robot_bringup:/home/minh/moveit_ws/install/my_robot_moveit_config:/home/minh/moveit_ws/install/my_robot_description:/home/minh/apriltag_ws/install/apriltag_ros:/home/minh/gim60108_ws/install/gim_control:/home/minh/rehab_robot_ver2_modified/install/rehab_gui:/home/minh/rehab_robot_ver2_modified/install/my_rqt_plugin:/opt/ros/humble /home/minh/.local/bin/cmake --install /home/minh/gim60108_ws/build/gim_arm_moveit_config
[0.588s] Level 1:colcon.colcon_core.environment:create_environment_scripts_only(gim_arm_moveit_config)
[0.589s] Level 1:colcon.colcon_core.environment:checking '/home/minh/gim60108_ws/install/gim_arm_moveit_config' for CMake module files
[0.589s] DEBUG:colcon.colcon_core.event_handler.log_command:Invoked command in '/home/minh/gim60108_ws/build/gim_arm_moveit_config' returned '0': CMAKE_PREFIX_PATH=/home/minh/gim60108_ws/install/gim_arm_description:/home/minh/gim60108_ws/install/gim_arm_moveit_config:/home/minh/rehab_robot_ver2_modified/install/rehab_robot_ver2_control:/home/minh/rehab_robot_ver2_modified/install/rviz_custom_plugins:/home/minh/rehab_robot_ver2_modified/install/rehab_robot_ver2:/home/minh/rehab_robot_ver2_modified/install/gravity_compensation:/home/minh/rehab_robot_ver2_modified/install/can_odrive_interface:/home/minh/moveit_ws/install/my_robot_bringup:/home/minh/moveit_ws/install/my_robot_moveit_config:/home/minh/moveit_ws/install/my_robot_description:/home/minh/apriltag_ws/install/apriltag_ros:/home/minh/gim60108_ws/install/gim_control:/home/minh/rehab_robot_ver2_modified/install/rehab_gui:/home/minh/rehab_robot_ver2_modified/install/my_rqt_plugin:/opt/ros/humble /home/minh/.local/bin/cmake --install /home/minh/gim60108_ws/build/gim_arm_moveit_config
[0.589s] Level 1:colcon.colcon_core.environment:checking '/home/minh/gim60108_ws/install/gim_arm_moveit_config' for CMake config files
[0.589s] Level 1:colcon.colcon_core.shell:create_environment_hook('gim_arm_moveit_config', 'cmake_prefix_path')
[0.589s] INFO:colcon.colcon_core.shell:Creating environment hook '/home/minh/gim60108_ws/install/gim_arm_moveit_config/share/gim_arm_moveit_config/hook/cmake_prefix_path.ps1'
[0.590s] INFO:colcon.colcon_core.shell:Creating environment descriptor '/home/minh/gim60108_ws/install/gim_arm_moveit_config/share/gim_arm_moveit_config/hook/cmake_prefix_path.dsv'
[0.590s] INFO:colcon.colcon_core.shell:Creating environment hook '/home/minh/gim60108_ws/install/gim_arm_moveit_config/share/gim_arm_moveit_config/hook/cmake_prefix_path.sh'
[0.590s] Level 1:colcon.colcon_core.environment:checking '/home/minh/gim60108_ws/install/gim_arm_moveit_config/bin'
[0.590s] Level 1:colcon.colcon_core.environment:checking '/home/minh/gim60108_ws/install/gim_arm_moveit_config/lib/pkgconfig/gim_arm_moveit_config.pc'
[0.590s] Level 1:colcon.colcon_core.environment:checking '/home/minh/gim60108_ws/install/gim_arm_moveit_config/lib/python3.10/site-packages'
[0.590s] Level 1:colcon.colcon_core.environment:checking '/home/minh/gim60108_ws/install/gim_arm_moveit_config/bin'
[0.591s] INFO:colcon.colcon_core.shell:Creating package script '/home/minh/gim60108_ws/install/gim_arm_moveit_config/share/gim_arm_moveit_config/package.ps1'
[0.591s] INFO:colcon.colcon_core.shell:Creating package descriptor '/home/minh/gim60108_ws/install/gim_arm_moveit_config/share/gim_arm_moveit_config/package.dsv'
[0.591s] INFO:colcon.colcon_core.shell:Creating package script '/home/minh/gim60108_ws/install/gim_arm_moveit_config/share/gim_arm_moveit_config/package.sh'
[0.591s] INFO:colcon.colcon_core.shell:Creating package script '/home/minh/gim60108_ws/install/gim_arm_moveit_config/share/gim_arm_moveit_config/package.bash'
[0.591s] INFO:colcon.colcon_core.shell:Creating package script '/home/minh/gim60108_ws/install/gim_arm_moveit_config/share/gim_arm_moveit_config/package.zsh'
[0.592s] Level 1:colcon.colcon_core.environment:create_file_with_runtime_dependencies(/home/minh/gim60108_ws/install/gim_arm_moveit_config/share/colcon-core/packages/gim_arm_moveit_config)
[0.592s] Level 1:colcon.colcon_core.environment:create_environment_scripts_only(gim_arm_moveit_config)
[0.592s] Level 1:colcon.colcon_core.environment:checking '/home/minh/gim60108_ws/install/gim_arm_moveit_config' for CMake module files
[0.592s] Level 1:colcon.colcon_core.environment:checking '/home/minh/gim60108_ws/install/gim_arm_moveit_config' for CMake config files
[0.592s] Level 1:colcon.colcon_core.shell:create_environment_hook('gim_arm_moveit_config', 'cmake_prefix_path')
[0.593s] INFO:colcon.colcon_core.shell:Creating environment hook '/home/minh/gim60108_ws/install/gim_arm_moveit_config/share/gim_arm_moveit_config/hook/cmake_prefix_path.ps1'
[0.593s] INFO:colcon.colcon_core.shell:Creating environment descriptor '/home/minh/gim60108_ws/install/gim_arm_moveit_config/share/gim_arm_moveit_config/hook/cmake_prefix_path.dsv'
[0.593s] INFO:colcon.colcon_core.shell:Creating environment hook '/home/minh/gim60108_ws/install/gim_arm_moveit_config/share/gim_arm_moveit_config/hook/cmake_prefix_path.sh'
[0.593s] Level 1:colcon.colcon_core.environment:checking '/home/minh/gim60108_ws/install/gim_arm_moveit_config/bin'
[0.593s] Level 1:colcon.colcon_core.environment:checking '/home/minh/gim60108_ws/install/gim_arm_moveit_config/lib/pkgconfig/gim_arm_moveit_config.pc'
[0.593s] Level 1:colcon.colcon_core.environment:checking '/home/minh/gim60108_ws/install/gim_arm_moveit_config/lib/python3.10/site-packages'
[0.593s] Level 1:colcon.colcon_core.environment:checking '/home/minh/gim60108_ws/install/gim_arm_moveit_config/bin'
[0.594s] INFO:colcon.colcon_core.shell:Creating package script '/home/minh/gim60108_ws/install/gim_arm_moveit_config/share/gim_arm_moveit_config/package.ps1'
[0.594s] INFO:colcon.colcon_core.shell:Creating package descriptor '/home/minh/gim60108_ws/install/gim_arm_moveit_config/share/gim_arm_moveit_config/package.dsv'
[0.594s] INFO:colcon.colcon_core.shell:Creating package script '/home/minh/gim60108_ws/install/gim_arm_moveit_config/share/gim_arm_moveit_config/package.sh'
[0.594s] INFO:colcon.colcon_core.shell:Creating package script '/home/minh/gim60108_ws/install/gim_arm_moveit_config/share/gim_arm_moveit_config/package.bash'
[0.595s] INFO:colcon.colcon_core.shell:Creating package script '/home/minh/gim60108_ws/install/gim_arm_moveit_config/share/gim_arm_moveit_config/package.zsh'
[0.595s] Level 1:colcon.colcon_core.environment:create_file_with_runtime_dependencies(/home/minh/gim60108_ws/install/gim_arm_moveit_config/share/colcon-core/packages/gim_arm_moveit_config)
[0.653s] DEBUG:colcon.colcon_core.task.python.build:Available setuptools commands: init_catalog, bdist_dumb, check, install_data, install_lib, install_egg_info, setopt, compile_catalog, bdist_egg, extract_messages, clean, build_py, install_headers, bdist_rpm, build_ext, egg_info, install, rotate, alias, easy_install, sdist, editable_wheel, bdist, build, bdist_wheel, develop, dist_info, build_scripts, install_scripts, saveopts, symlink_data, update_catalog, build_clib
[0.655s] DEBUG:colcon.colcon_core.event_handler.log_command:Invoking command in '/home/minh/gim60108_ws/src/gim_control': PYTHONPATH=/home/minh/gim60108_ws/build/gim_control/prefix_override:/usr/lib/python3/dist-packages/colcon_core/task/python/colcon_distutils_commands:/home/minh/gim60108_ws/install/gim_control/lib/python3.10/site-packages:${PYTHONPATH} /usr/bin/python3 -W ignore:setup.py install is deprecated -W ignore:easy_install command is deprecated setup.py egg_info --egg-base ../../build/gim_control build --build-base /home/minh/gim60108_ws/build/gim_control/build install --record /home/minh/gim60108_ws/build/gim_control/install.log --install-scripts $base/lib/gim_control --single-version-externally-managed install_data
[0.910s] Level 1:colcon.colcon_core.environment:checking '/home/minh/gim60108_ws/install/gim_control' for CMake module files
[0.910s] DEBUG:colcon.colcon_core.event_handler.log_command:Invoked command in '/home/minh/gim60108_ws/src/gim_control' returned '0': PYTHONPATH=/home/minh/gim60108_ws/build/gim_control/prefix_override:/usr/lib/python3/dist-packages/colcon_core/task/python/colcon_distutils_commands:/home/minh/gim60108_ws/install/gim_control/lib/python3.10/site-packages:${PYTHONPATH} /usr/bin/python3 -W ignore:setup.py install is deprecated -W ignore:easy_install command is deprecated setup.py egg_info --egg-base ../../build/gim_control build --build-base /home/minh/gim60108_ws/build/gim_control/build install --record /home/minh/gim60108_ws/build/gim_control/install.log --install-scripts $base/lib/gim_control --single-version-externally-managed install_data
[0.910s] Level 1:colcon.colcon_core.environment:checking '/home/minh/gim60108_ws/install/gim_control' for CMake config files
[0.911s] Level 1:colcon.colcon_core.environment:checking '/home/minh/gim60108_ws/install/gim_control/lib'
[0.911s] Level 1:colcon.colcon_core.environment:checking '/home/minh/gim60108_ws/install/gim_control/bin'
[0.911s] Level 1:colcon.colcon_core.environment:checking '/home/minh/gim60108_ws/install/gim_control/lib/pkgconfig/gim_control.pc'
[0.911s] Level 1:colcon.colcon_core.environment:checking '/home/minh/gim60108_ws/install/gim_control/lib/python3.10/site-packages'
[0.911s] Level 1:colcon.colcon_core.shell:create_environment_hook('gim_control', 'pythonpath')
[0.911s] INFO:colcon.colcon_core.shell:Creating environment hook '/home/minh/gim60108_ws/install/gim_control/share/gim_control/hook/pythonpath.ps1'
[0.912s] INFO:colcon.colcon_core.shell:Creating environment descriptor '/home/minh/gim60108_ws/install/gim_control/share/gim_control/hook/pythonpath.dsv'
[0.912s] INFO:colcon.colcon_core.shell:Creating environment hook '/home/minh/gim60108_ws/install/gim_control/share/gim_control/hook/pythonpath.sh'
[0.912s] Level 1:colcon.colcon_core.environment:checking '/home/minh/gim60108_ws/install/gim_control/bin'
[0.912s] Level 1:colcon.colcon_core.environment:create_environment_scripts_only(gim_control)
[0.912s] INFO:colcon.colcon_core.shell:Creating package script '/home/minh/gim60108_ws/install/gim_control/share/gim_control/package.ps1'
[0.913s] INFO:colcon.colcon_core.shell:Creating package descriptor '/home/minh/gim60108_ws/install/gim_control/share/gim_control/package.dsv'
[0.913s] INFO:colcon.colcon_core.shell:Creating package script '/home/minh/gim60108_ws/install/gim_control/share/gim_control/package.sh'
[0.913s] INFO:colcon.colcon_core.shell:Creating package script '/home/minh/gim60108_ws/install/gim_control/share/gim_control/package.bash'
[0.913s] INFO:colcon.colcon_core.shell:Creating package script '/home/minh/gim60108_ws/install/gim_control/share/gim_control/package.zsh'
[0.913s] Level 1:colcon.colcon_core.environment:create_file_with_runtime_dependencies(/home/minh/gim60108_ws/install/gim_control/share/colcon-core/packages/gim_control)
[0.914s] DEBUG:colcon.colcon_parallel_executor.executor.parallel:closing loop
[0.914s] DEBUG:colcon.colcon_parallel_executor.executor.parallel:loop closed
[0.914s] DEBUG:colcon.colcon_parallel_executor.executor.parallel:run_until_complete finished with '0'
[0.914s] DEBUG:colcon.colcon_core.event_reactor:joining thread
[0.917s] INFO:colcon.colcon_core.plugin_system:Skipping extension 'colcon_notification.desktop_notification.terminal_notifier': Not used on non-Darwin systems
[0.917s] INFO:colcon.colcon_core.plugin_system:Skipping extension 'colcon_notification.desktop_notification.win32': Not used on non-Windows systems
[0.917s] INFO:colcon.colcon_notification.desktop_notification:Sending desktop notification using 'notify2'
[0.924s] DEBUG:colcon.colcon_core.event_reactor:joined thread
[0.925s] INFO:colcon.colcon_core.shell:Creating prefix script '/home/minh/gim60108_ws/install/local_setup.ps1'
[0.926s] INFO:colcon.colcon_core.shell:Creating prefix util module '/home/minh/gim60108_ws/install/_local_setup_util_ps1.py'
[0.927s] INFO:colcon.colcon_core.shell:Creating prefix chain script '/home/minh/gim60108_ws/install/setup.ps1'
[0.927s] INFO:colcon.colcon_core.shell:Creating prefix script '/home/minh/gim60108_ws/install/local_setup.sh'
[0.928s] INFO:colcon.colcon_core.shell:Creating prefix util module '/home/minh/gim60108_ws/install/_local_setup_util_sh.py'
[0.928s] INFO:colcon.colcon_core.shell:Creating prefix chain script '/home/minh/gim60108_ws/install/setup.sh'
[0.929s] INFO:colcon.colcon_core.shell:Creating prefix script '/home/minh/gim60108_ws/install/local_setup.bash'
[0.929s] INFO:colcon.colcon_core.shell:Creating prefix chain script '/home/minh/gim60108_ws/install/setup.bash'
[0.930s] INFO:colcon.colcon_core.shell:Creating prefix script '/home/minh/gim60108_ws/install/local_setup.zsh'
[0.930s] INFO:colcon.colcon_core.shell:Creating prefix chain script '/home/minh/gim60108_ws/install/setup.zsh'
