[0.072s] DEBUG:colcon:Command line arguments: ['/usr/bin/colcon', 'build']
[0.072s] DEBUG:colcon:Parsed command line arguments: Namespace(log_base=None, log_level=None, verb_name='build', build_base='build', install_base='install', merge_install=False, symlink_install=False, test_result_base=None, continue_on_error=False, executor='parallel', parallel_workers=16, event_handlers=None, ignore_user_meta=False, metas=['./colcon.meta'], base_paths=['.'], packages_ignore=None, packages_ignore_regex=None, paths=None, packages_up_to=None, packages_up_to_regex=None, packages_above=None, packages_above_and_dependencies=None, packages_above_depth=None, packages_select_by_dep=None, packages_skip_by_dep=None, packages_skip_up_to=None, packages_select_build_failed=False, packages_skip_build_finished=False, packages_select_test_failures=False, packages_skip_test_passed=False, packages_select=None, packages_skip=None, packages_select_regex=None, packages_skip_regex=None, packages_start=None, packages_end=None, allow_overriding=[], cmake_args=None, cmake_target=None, cmake_target_skip_unavailable=False, cmake_clean_cache=False, cmake_clean_first=False, cmake_force_configure=False, ament_cmake_args=None, catkin_cmake_args=None, catkin_skip_building_tests=False, mixin_files=None, mixin=None, verb_parser=<colcon_mixin.mixin.mixin_argument.MixinArgumentDecorator object at 0x74c50d0ad810>, verb_extension=<colcon_core.verb.build.BuildVerb object at 0x74c50d0ad360>, main=<bound method BuildVerb.main of <colcon_core.verb.build.BuildVerb object at 0x74c50d0ad360>>, mixin_verb=('build',))
[0.096s] Level 1:colcon.colcon_core.package_discovery:discover_packages(colcon_meta) check parameters
[0.096s] Level 1:colcon.colcon_core.package_discovery:discover_packages(recursive) check parameters
[0.096s] Level 1:colcon.colcon_core.package_discovery:discover_packages(ignore) check parameters
[0.096s] Level 1:colcon.colcon_core.package_discovery:discover_packages(path) check parameters
[0.096s] Level 1:colcon.colcon_core.package_discovery:discover_packages(colcon_meta) discover
[0.096s] Level 1:colcon.colcon_core.package_discovery:discover_packages(recursive) discover
[0.096s] INFO:colcon.colcon_core.package_discovery:Crawling recursively for packages in '/home/minh/gim60108_ws'
[0.096s] Level 1:colcon.colcon_core.package_identification:_identify(.) by extensions ['ignore', 'ignore_ament_install']
[0.096s] Level 1:colcon.colcon_core.package_identification:_identify(.) by extension 'ignore'
[0.096s] Level 1:colcon.colcon_core.package_identification:_identify(.) by extension 'ignore_ament_install'
[0.096s] Level 1:colcon.colcon_core.package_identification:_identify(.) by extensions ['colcon_pkg']
[0.096s] Level 1:colcon.colcon_core.package_identification:_identify(.) by extension 'colcon_pkg'
[0.096s] Level 1:colcon.colcon_core.package_identification:_identify(.) by extensions ['colcon_meta']
[0.096s] Level 1:colcon.colcon_core.package_identification:_identify(.) by extension 'colcon_meta'
[0.096s] Level 1:colcon.colcon_core.package_identification:_identify(.) by extensions ['ros']
[0.096s] Level 1:colcon.colcon_core.package_identification:_identify(.) by extension 'ros'
[0.112s] Level 1:colcon.colcon_core.package_identification:_identify(.) by extensions ['cmake', 'python']
[0.112s] Level 1:colcon.colcon_core.package_identification:_identify(.) by extension 'cmake'
[0.112s] Level 1:colcon.colcon_core.package_identification:_identify(.) by extension 'python'
[0.112s] Level 1:colcon.colcon_core.package_identification:_identify(.) by extensions ['python_setup_py']
[0.112s] Level 1:colcon.colcon_core.package_identification:_identify(.) by extension 'python_setup_py'
[0.112s] Level 1:colcon.colcon_core.package_identification:_identify(build) by extensions ['ignore', 'ignore_ament_install']
[0.113s] Level 1:colcon.colcon_core.package_identification:_identify(build) by extension 'ignore'
[0.113s] Level 1:colcon.colcon_core.package_identification:_identify(build) ignored
[0.113s] Level 1:colcon.colcon_core.package_identification:_identify(install) by extensions ['ignore', 'ignore_ament_install']
[0.113s] Level 1:colcon.colcon_core.package_identification:_identify(install) by extension 'ignore'
[0.113s] Level 1:colcon.colcon_core.package_identification:_identify(install) ignored
[0.113s] Level 1:colcon.colcon_core.package_identification:_identify(log) by extensions ['ignore', 'ignore_ament_install']
[0.113s] Level 1:colcon.colcon_core.package_identification:_identify(log) by extension 'ignore'
[0.113s] Level 1:colcon.colcon_core.package_identification:_identify(log) ignored
[0.113s] Level 1:colcon.colcon_core.package_identification:_identify(src) by extensions ['ignore', 'ignore_ament_install']
[0.113s] Level 1:colcon.colcon_core.package_identification:_identify(src) by extension 'ignore'
[0.113s] Level 1:colcon.colcon_core.package_identification:_identify(src) by extension 'ignore_ament_install'
[0.113s] Level 1:colcon.colcon_core.package_identification:_identify(src) by extensions ['colcon_pkg']
[0.113s] Level 1:colcon.colcon_core.package_identification:_identify(src) by extension 'colcon_pkg'
[0.113s] Level 1:colcon.colcon_core.package_identification:_identify(src) by extensions ['colcon_meta']
[0.113s] Level 1:colcon.colcon_core.package_identification:_identify(src) by extension 'colcon_meta'
[0.113s] Level 1:colcon.colcon_core.package_identification:_identify(src) by extensions ['ros']
[0.113s] Level 1:colcon.colcon_core.package_identification:_identify(src) by extension 'ros'
[0.113s] Level 1:colcon.colcon_core.package_identification:_identify(src) by extensions ['cmake', 'python']
[0.113s] Level 1:colcon.colcon_core.package_identification:_identify(src) by extension 'cmake'
[0.113s] Level 1:colcon.colcon_core.package_identification:_identify(src) by extension 'python'
[0.113s] Level 1:colcon.colcon_core.package_identification:_identify(src) by extensions ['python_setup_py']
[0.113s] Level 1:colcon.colcon_core.package_identification:_identify(src) by extension 'python_setup_py'
[0.113s] Level 1:colcon.colcon_core.package_identification:_identify(src/gim_arm_description) by extensions ['ignore', 'ignore_ament_install']
[0.113s] Level 1:colcon.colcon_core.package_identification:_identify(src/gim_arm_description) by extension 'ignore'
[0.113s] Level 1:colcon.colcon_core.package_identification:_identify(src/gim_arm_description) by extension 'ignore_ament_install'
[0.113s] Level 1:colcon.colcon_core.package_identification:_identify(src/gim_arm_description) by extensions ['colcon_pkg']
[0.113s] Level 1:colcon.colcon_core.package_identification:_identify(src/gim_arm_description) by extension 'colcon_pkg'
[0.113s] Level 1:colcon.colcon_core.package_identification:_identify(src/gim_arm_description) by extensions ['colcon_meta']
[0.113s] Level 1:colcon.colcon_core.package_identification:_identify(src/gim_arm_description) by extension 'colcon_meta'
[0.113s] Level 1:colcon.colcon_core.package_identification:_identify(src/gim_arm_description) by extensions ['ros']
[0.113s] Level 1:colcon.colcon_core.package_identification:_identify(src/gim_arm_description) by extension 'ros'
[0.114s] DEBUG:colcon.colcon_core.package_identification:Package 'src/gim_arm_description' with type 'ros.ament_cmake' and name 'gim_arm_description'
[0.114s] Level 1:colcon.colcon_core.package_identification:_identify(src/gim_arm_moveit_config) by extensions ['ignore', 'ignore_ament_install']
[0.115s] Level 1:colcon.colcon_core.package_identification:_identify(src/gim_arm_moveit_config) by extension 'ignore'
[0.115s] Level 1:colcon.colcon_core.package_identification:_identify(src/gim_arm_moveit_config) by extension 'ignore_ament_install'
[0.115s] Level 1:colcon.colcon_core.package_identification:_identify(src/gim_arm_moveit_config) by extensions ['colcon_pkg']
[0.115s] Level 1:colcon.colcon_core.package_identification:_identify(src/gim_arm_moveit_config) by extension 'colcon_pkg'
[0.115s] Level 1:colcon.colcon_core.package_identification:_identify(src/gim_arm_moveit_config) by extensions ['colcon_meta']
[0.115s] Level 1:colcon.colcon_core.package_identification:_identify(src/gim_arm_moveit_config) by extension 'colcon_meta'
[0.115s] Level 1:colcon.colcon_core.package_identification:_identify(src/gim_arm_moveit_config) by extensions ['ros']
[0.115s] Level 1:colcon.colcon_core.package_identification:_identify(src/gim_arm_moveit_config) by extension 'ros'
[0.115s] DEBUG:colcon.colcon_core.package_identification:Package 'src/gim_arm_moveit_config' with type 'ros.ament_cmake' and name 'gim_arm_moveit_config'
[0.115s] Level 1:colcon.colcon_core.package_identification:_identify(src/gim_control) by extensions ['ignore', 'ignore_ament_install']
[0.115s] Level 1:colcon.colcon_core.package_identification:_identify(src/gim_control) by extension 'ignore'
[0.115s] Level 1:colcon.colcon_core.package_identification:_identify(src/gim_control) by extension 'ignore_ament_install'
[0.115s] Level 1:colcon.colcon_core.package_identification:_identify(src/gim_control) by extensions ['colcon_pkg']
[0.115s] Level 1:colcon.colcon_core.package_identification:_identify(src/gim_control) by extension 'colcon_pkg'
[0.115s] Level 1:colcon.colcon_core.package_identification:_identify(src/gim_control) by extensions ['colcon_meta']
[0.115s] Level 1:colcon.colcon_core.package_identification:_identify(src/gim_control) by extension 'colcon_meta'
[0.115s] Level 1:colcon.colcon_core.package_identification:_identify(src/gim_control) by extensions ['ros']
[0.115s] Level 1:colcon.colcon_core.package_identification:_identify(src/gim_control) by extension 'ros'
[0.116s] DEBUG:colcon.colcon_core.package_identification:Package 'src/gim_control' with type 'ros.ament_python' and name 'gim_control'
[0.116s] Level 1:colcon.colcon_core.package_discovery:discover_packages(recursive) using defaults
[0.116s] Level 1:colcon.colcon_core.package_discovery:discover_packages(ignore) discover
[0.116s] Level 1:colcon.colcon_core.package_discovery:discover_packages(ignore) using defaults
[0.116s] Level 1:colcon.colcon_core.package_discovery:discover_packages(path) discover
[0.116s] Level 1:colcon.colcon_core.package_discovery:discover_packages(path) using defaults
[0.127s] Level 1:colcon.colcon_core.package_discovery:discover_packages(prefix_path) check parameters
[0.127s] Level 1:colcon.colcon_core.package_discovery:discover_packages(prefix_path) discover
[0.130s] DEBUG:colcon.colcon_installed_package_information.package_discovery:Found 3 installed packages in /home/minh/gim60108_ws/install
[0.131s] DEBUG:colcon.colcon_installed_package_information.package_discovery:Found 7 installed packages in /home/minh/rehab_robot_ver2_modified/install
[0.131s] DEBUG:colcon.colcon_installed_package_information.package_discovery:Found 1 installed packages in /home/minh/apriltag_ws/install
[0.131s] DEBUG:colcon.colcon_installed_package_information.package_discovery:Found 3 installed packages in /home/minh/moveit_ws/install
[0.132s] DEBUG:colcon.colcon_installed_package_information.package_discovery:Found 414 installed packages in /opt/ros/humble
[0.133s] Level 1:colcon.colcon_core.package_discovery:discover_packages(prefix_path) using defaults
[0.178s] Level 5:colcon.colcon_core.verb:set package 'gim_arm_description' build argument 'cmake_args' from command line to 'None'
[0.178s] Level 5:colcon.colcon_core.verb:set package 'gim_arm_description' build argument 'cmake_target' from command line to 'None'
[0.178s] Level 5:colcon.colcon_core.verb:set package 'gim_arm_description' build argument 'cmake_target_skip_unavailable' from command line to 'False'
[0.178s] Level 5:colcon.colcon_core.verb:set package 'gim_arm_description' build argument 'cmake_clean_cache' from command line to 'False'
[0.178s] Level 5:colcon.colcon_core.verb:set package 'gim_arm_description' build argument 'cmake_clean_first' from command line to 'False'
[0.178s] Level 5:colcon.colcon_core.verb:set package 'gim_arm_description' build argument 'cmake_force_configure' from command line to 'False'
[0.178s] Level 5:colcon.colcon_core.verb:set package 'gim_arm_description' build argument 'ament_cmake_args' from command line to 'None'
[0.178s] Level 5:colcon.colcon_core.verb:set package 'gim_arm_description' build argument 'catkin_cmake_args' from command line to 'None'
[0.178s] Level 5:colcon.colcon_core.verb:set package 'gim_arm_description' build argument 'catkin_skip_building_tests' from command line to 'False'
[0.178s] DEBUG:colcon.colcon_core.verb:Building package 'gim_arm_description' with the following arguments: {'ament_cmake_args': None, 'build_base': '/home/minh/gim60108_ws/build/gim_arm_description', 'catkin_cmake_args': None, 'catkin_skip_building_tests': False, 'cmake_args': None, 'cmake_clean_cache': False, 'cmake_clean_first': False, 'cmake_force_configure': False, 'cmake_target': None, 'cmake_target_skip_unavailable': False, 'install_base': '/home/minh/gim60108_ws/install/gim_arm_description', 'merge_install': False, 'path': '/home/minh/gim60108_ws/src/gim_arm_description', 'symlink_install': False, 'test_result_base': None}
[0.179s] Level 5:colcon.colcon_core.verb:set package 'gim_control' build argument 'cmake_args' from command line to 'None'
[0.179s] Level 5:colcon.colcon_core.verb:set package 'gim_control' build argument 'cmake_target' from command line to 'None'
[0.179s] Level 5:colcon.colcon_core.verb:set package 'gim_control' build argument 'cmake_target_skip_unavailable' from command line to 'False'
[0.179s] Level 5:colcon.colcon_core.verb:set package 'gim_control' build argument 'cmake_clean_cache' from command line to 'False'
[0.179s] Level 5:colcon.colcon_core.verb:set package 'gim_control' build argument 'cmake_clean_first' from command line to 'False'
[0.179s] Level 5:colcon.colcon_core.verb:set package 'gim_control' build argument 'cmake_force_configure' from command line to 'False'
[0.179s] Level 5:colcon.colcon_core.verb:set package 'gim_control' build argument 'ament_cmake_args' from command line to 'None'
[0.179s] Level 5:colcon.colcon_core.verb:set package 'gim_control' build argument 'catkin_cmake_args' from command line to 'None'
[0.179s] Level 5:colcon.colcon_core.verb:set package 'gim_control' build argument 'catkin_skip_building_tests' from command line to 'False'
[0.179s] DEBUG:colcon.colcon_core.verb:Building package 'gim_control' with the following arguments: {'ament_cmake_args': None, 'build_base': '/home/minh/gim60108_ws/build/gim_control', 'catkin_cmake_args': None, 'catkin_skip_building_tests': False, 'cmake_args': None, 'cmake_clean_cache': False, 'cmake_clean_first': False, 'cmake_force_configure': False, 'cmake_target': None, 'cmake_target_skip_unavailable': False, 'install_base': '/home/minh/gim60108_ws/install/gim_control', 'merge_install': False, 'path': '/home/minh/gim60108_ws/src/gim_control', 'symlink_install': False, 'test_result_base': None}
[0.179s] Level 5:colcon.colcon_core.verb:set package 'gim_arm_moveit_config' build argument 'cmake_args' from command line to 'None'
[0.179s] Level 5:colcon.colcon_core.verb:set package 'gim_arm_moveit_config' build argument 'cmake_target' from command line to 'None'
[0.179s] Level 5:colcon.colcon_core.verb:set package 'gim_arm_moveit_config' build argument 'cmake_target_skip_unavailable' from command line to 'False'
[0.179s] Level 5:colcon.colcon_core.verb:set package 'gim_arm_moveit_config' build argument 'cmake_clean_cache' from command line to 'False'
[0.179s] Level 5:colcon.colcon_core.verb:set package 'gim_arm_moveit_config' build argument 'cmake_clean_first' from command line to 'False'
[0.179s] Level 5:colcon.colcon_core.verb:set package 'gim_arm_moveit_config' build argument 'cmake_force_configure' from command line to 'False'
[0.179s] Level 5:colcon.colcon_core.verb:set package 'gim_arm_moveit_config' build argument 'ament_cmake_args' from command line to 'None'
[0.179s] Level 5:colcon.colcon_core.verb:set package 'gim_arm_moveit_config' build argument 'catkin_cmake_args' from command line to 'None'
[0.179s] Level 5:colcon.colcon_core.verb:set package 'gim_arm_moveit_config' build argument 'catkin_skip_building_tests' from command line to 'False'
[0.179s] DEBUG:colcon.colcon_core.verb:Building package 'gim_arm_moveit_config' with the following arguments: {'ament_cmake_args': None, 'build_base': '/home/minh/gim60108_ws/build/gim_arm_moveit_config', 'catkin_cmake_args': None, 'catkin_skip_building_tests': False, 'cmake_args': None, 'cmake_clean_cache': False, 'cmake_clean_first': False, 'cmake_force_configure': False, 'cmake_target': None, 'cmake_target_skip_unavailable': False, 'install_base': '/home/minh/gim60108_ws/install/gim_arm_moveit_config', 'merge_install': False, 'path': '/home/minh/gim60108_ws/src/gim_arm_moveit_config', 'symlink_install': False, 'test_result_base': None}
[0.179s] INFO:colcon.colcon_core.executor:Executing jobs using 'parallel' executor
[0.180s] DEBUG:colcon.colcon_parallel_executor.executor.parallel:run_until_complete
[0.180s] INFO:colcon.colcon_ros.task.ament_cmake.build:Building ROS package in '/home/minh/gim60108_ws/src/gim_arm_description' with build type 'ament_cmake'
[0.180s] INFO:colcon.colcon_cmake.task.cmake.build:Building CMake package in '/home/minh/gim60108_ws/src/gim_arm_description'
[0.182s] INFO:colcon.colcon_core.plugin_system:Skipping extension 'colcon_core.shell.bat': Not used on non-Windows systems
[0.182s] INFO:colcon.colcon_core.shell:Skip shell extension 'powershell' for command environment: Not usable outside of PowerShell
[0.182s] DEBUG:colcon.colcon_core.shell:Skip shell extension 'dsv' for command environment
[0.187s] INFO:colcon.colcon_ros.task.ament_python.build:Building ROS package in '/home/minh/gim60108_ws/src/gim_control' with build type 'ament_python'
[0.187s] Level 1:colcon.colcon_core.shell:create_environment_hook('gim_control', 'ament_prefix_path')
[0.188s] INFO:colcon.colcon_core.shell:Creating environment hook '/home/minh/gim60108_ws/install/gim_control/share/gim_control/hook/ament_prefix_path.ps1'
[0.188s] INFO:colcon.colcon_core.shell:Creating environment descriptor '/home/minh/gim60108_ws/install/gim_control/share/gim_control/hook/ament_prefix_path.dsv'
[0.188s] INFO:colcon.colcon_core.shell:Creating environment hook '/home/minh/gim60108_ws/install/gim_control/share/gim_control/hook/ament_prefix_path.sh'
[0.189s] INFO:colcon.colcon_core.shell:Skip shell extension 'powershell' for command environment: Not usable outside of PowerShell
[0.189s] DEBUG:colcon.colcon_core.shell:Skip shell extension 'dsv' for command environment
[0.197s] DEBUG:colcon.colcon_core.event_handler.log_command:Invoking command in '/home/minh/gim60108_ws/build/gim_arm_description': CMAKE_PREFIX_PATH=${CMAKE_PREFIX_PATH}:/home/minh/gim60108_ws/install/gim_control:/home/minh/rehab_robot_ver2_modified/install/rehab_gui:/home/minh/rehab_robot_ver2_modified/install/my_rqt_plugin:/opt/ros/humble /home/minh/.local/bin/cmake --build /home/minh/gim60108_ws/build/gim_arm_description -- -j16 -l16
[0.335s] INFO:colcon.colcon_core.task.python.build:Building Python package in '/home/minh/gim60108_ws/src/gim_control'
[0.336s] INFO:colcon.colcon_core.shell:Skip shell extension 'powershell' for command environment: Not usable outside of PowerShell
[0.336s] DEBUG:colcon.colcon_core.shell:Skip shell extension 'dsv' for command environment
[0.340s] DEBUG:colcon.colcon_core.event_handler.log_command:Invoked command in '/home/minh/gim60108_ws/build/gim_arm_description' returned '0': CMAKE_PREFIX_PATH=${CMAKE_PREFIX_PATH}:/home/minh/gim60108_ws/install/gim_control:/home/minh/rehab_robot_ver2_modified/install/rehab_gui:/home/minh/rehab_robot_ver2_modified/install/my_rqt_plugin:/opt/ros/humble /home/minh/.local/bin/cmake --build /home/minh/gim60108_ws/build/gim_arm_description -- -j16 -l16
[0.402s] DEBUG:colcon.colcon_core.event_handler.log_command:Invoking command in '/home/minh/gim60108_ws/build/gim_arm_description': CMAKE_PREFIX_PATH=${CMAKE_PREFIX_PATH}:/home/minh/gim60108_ws/install/gim_control:/home/minh/rehab_robot_ver2_modified/install/rehab_gui:/home/minh/rehab_robot_ver2_modified/install/my_rqt_plugin:/opt/ros/humble /home/minh/.local/bin/cmake --install /home/minh/gim60108_ws/build/gim_arm_description
[0.463s] Level 1:colcon.colcon_core.environment:create_environment_scripts_only(gim_arm_description)
[0.464s] DEBUG:colcon.colcon_core.event_handler.log_command:Invoked command in '/home/minh/gim60108_ws/build/gim_arm_description' returned '0': CMAKE_PREFIX_PATH=${CMAKE_PREFIX_PATH}:/home/minh/gim60108_ws/install/gim_control:/home/minh/rehab_robot_ver2_modified/install/rehab_gui:/home/minh/rehab_robot_ver2_modified/install/my_rqt_plugin:/opt/ros/humble /home/minh/.local/bin/cmake --install /home/minh/gim60108_ws/build/gim_arm_description
[0.468s] Level 1:colcon.colcon_core.environment:checking '/home/minh/gim60108_ws/install/gim_arm_description' for CMake module files
[0.468s] Level 1:colcon.colcon_core.environment:checking '/home/minh/gim60108_ws/install/gim_arm_description' for CMake config files
[0.468s] Level 1:colcon.colcon_core.shell:create_environment_hook('gim_arm_description', 'cmake_prefix_path')
[0.468s] INFO:colcon.colcon_core.shell:Creating environment hook '/home/minh/gim60108_ws/install/gim_arm_description/share/gim_arm_description/hook/cmake_prefix_path.ps1'
[0.469s] INFO:colcon.colcon_core.shell:Creating environment descriptor '/home/minh/gim60108_ws/install/gim_arm_description/share/gim_arm_description/hook/cmake_prefix_path.dsv'
[0.469s] INFO:colcon.colcon_core.shell:Creating environment hook '/home/minh/gim60108_ws/install/gim_arm_description/share/gim_arm_description/hook/cmake_prefix_path.sh'
[0.469s] Level 1:colcon.colcon_core.environment:checking '/home/minh/gim60108_ws/install/gim_arm_description/bin'
[0.470s] Level 1:colcon.colcon_core.environment:checking '/home/minh/gim60108_ws/install/gim_arm_description/lib/pkgconfig/gim_arm_description.pc'
[0.470s] Level 1:colcon.colcon_core.environment:checking '/home/minh/gim60108_ws/install/gim_arm_description/lib/python3.10/site-packages'
[0.470s] Level 1:colcon.colcon_core.environment:checking '/home/minh/gim60108_ws/install/gim_arm_description/bin'
[0.470s] INFO:colcon.colcon_core.shell:Creating package script '/home/minh/gim60108_ws/install/gim_arm_description/share/gim_arm_description/package.ps1'
[0.471s] INFO:colcon.colcon_core.shell:Creating package descriptor '/home/minh/gim60108_ws/install/gim_arm_description/share/gim_arm_description/package.dsv'
[0.471s] INFO:colcon.colcon_core.shell:Creating package script '/home/minh/gim60108_ws/install/gim_arm_description/share/gim_arm_description/package.sh'
[0.472s] INFO:colcon.colcon_core.shell:Creating package script '/home/minh/gim60108_ws/install/gim_arm_description/share/gim_arm_description/package.bash'
[0.473s] INFO:colcon.colcon_core.shell:Creating package script '/home/minh/gim60108_ws/install/gim_arm_description/share/gim_arm_description/package.zsh'
[0.473s] Level 1:colcon.colcon_core.environment:create_file_with_runtime_dependencies(/home/minh/gim60108_ws/install/gim_arm_description/share/colcon-core/packages/gim_arm_description)
[0.473s] Level 1:colcon.colcon_core.environment:create_environment_scripts_only(gim_arm_description)
[0.474s] Level 1:colcon.colcon_core.environment:checking '/home/minh/gim60108_ws/install/gim_arm_description' for CMake module files
[0.474s] Level 1:colcon.colcon_core.environment:checking '/home/minh/gim60108_ws/install/gim_arm_description' for CMake config files
[0.474s] Level 1:colcon.colcon_core.shell:create_environment_hook('gim_arm_description', 'cmake_prefix_path')
[0.474s] INFO:colcon.colcon_core.shell:Creating environment hook '/home/minh/gim60108_ws/install/gim_arm_description/share/gim_arm_description/hook/cmake_prefix_path.ps1'
[0.474s] INFO:colcon.colcon_core.shell:Creating environment descriptor '/home/minh/gim60108_ws/install/gim_arm_description/share/gim_arm_description/hook/cmake_prefix_path.dsv'
[0.474s] INFO:colcon.colcon_core.shell:Creating environment hook '/home/minh/gim60108_ws/install/gim_arm_description/share/gim_arm_description/hook/cmake_prefix_path.sh'
[0.475s] Level 1:colcon.colcon_core.environment:checking '/home/minh/gim60108_ws/install/gim_arm_description/bin'
[0.475s] Level 1:colcon.colcon_core.environment:checking '/home/minh/gim60108_ws/install/gim_arm_description/lib/pkgconfig/gim_arm_description.pc'
[0.475s] Level 1:colcon.colcon_core.environment:checking '/home/minh/gim60108_ws/install/gim_arm_description/lib/python3.10/site-packages'
[0.475s] Level 1:colcon.colcon_core.environment:checking '/home/minh/gim60108_ws/install/gim_arm_description/bin'
[0.475s] INFO:colcon.colcon_core.shell:Creating package script '/home/minh/gim60108_ws/install/gim_arm_description/share/gim_arm_description/package.ps1'
[0.475s] INFO:colcon.colcon_core.shell:Creating package descriptor '/home/minh/gim60108_ws/install/gim_arm_description/share/gim_arm_description/package.dsv'
[0.476s] INFO:colcon.colcon_core.shell:Creating package script '/home/minh/gim60108_ws/install/gim_arm_description/share/gim_arm_description/package.sh'
[0.476s] INFO:colcon.colcon_core.shell:Creating package script '/home/minh/gim60108_ws/install/gim_arm_description/share/gim_arm_description/package.bash'
[0.476s] INFO:colcon.colcon_core.shell:Creating package script '/home/minh/gim60108_ws/install/gim_arm_description/share/gim_arm_description/package.zsh'
[0.476s] Level 1:colcon.colcon_core.environment:create_file_with_runtime_dependencies(/home/minh/gim60108_ws/install/gim_arm_description/share/colcon-core/packages/gim_arm_description)
[0.477s] INFO:colcon.colcon_ros.task.ament_cmake.build:Building ROS package in '/home/minh/gim60108_ws/src/gim_arm_moveit_config' with build type 'ament_cmake'
[0.477s] INFO:colcon.colcon_cmake.task.cmake.build:Building CMake package in '/home/minh/gim60108_ws/src/gim_arm_moveit_config'
[0.477s] INFO:colcon.colcon_core.shell:Skip shell extension 'powershell' for command environment: Not usable outside of PowerShell
[0.477s] DEBUG:colcon.colcon_core.shell:Skip shell extension 'dsv' for command environment
[0.486s] DEBUG:colcon.colcon_core.event_handler.log_command:Invoking command in '/home/minh/gim60108_ws/build/gim_arm_moveit_config': CMAKE_PREFIX_PATH=/home/minh/gim60108_ws/install/gim_arm_description:/home/minh/gim60108_ws/install/gim_arm_moveit_config:/home/minh/rehab_robot_ver2_modified/install/rehab_robot_ver2_control:/home/minh/rehab_robot_ver2_modified/install/rviz_custom_plugins:/home/minh/rehab_robot_ver2_modified/install/rehab_robot_ver2:/home/minh/rehab_robot_ver2_modified/install/gravity_compensation:/home/minh/rehab_robot_ver2_modified/install/can_odrive_interface:/home/minh/moveit_ws/install/my_robot_bringup:/home/minh/moveit_ws/install/my_robot_moveit_config:/home/minh/moveit_ws/install/my_robot_description:/home/minh/apriltag_ws/install/apriltag_ros:/home/minh/gim60108_ws/install/gim_control:/home/minh/rehab_robot_ver2_modified/install/rehab_gui:/home/minh/rehab_robot_ver2_modified/install/my_rqt_plugin:/opt/ros/humble /home/minh/.local/bin/cmake --build /home/minh/gim60108_ws/build/gim_arm_moveit_config -- -j16 -l16
[0.559s] DEBUG:colcon.colcon_core.event_handler.log_command:Invoked command in '/home/minh/gim60108_ws/build/gim_arm_moveit_config' returned '0': CMAKE_PREFIX_PATH=/home/minh/gim60108_ws/install/gim_arm_description:/home/minh/gim60108_ws/install/gim_arm_moveit_config:/home/minh/rehab_robot_ver2_modified/install/rehab_robot_ver2_control:/home/minh/rehab_robot_ver2_modified/install/rviz_custom_plugins:/home/minh/rehab_robot_ver2_modified/install/rehab_robot_ver2:/home/minh/rehab_robot_ver2_modified/install/gravity_compensation:/home/minh/rehab_robot_ver2_modified/install/can_odrive_interface:/home/minh/moveit_ws/install/my_robot_bringup:/home/minh/moveit_ws/install/my_robot_moveit_config:/home/minh/moveit_ws/install/my_robot_description:/home/minh/apriltag_ws/install/apriltag_ros:/home/minh/gim60108_ws/install/gim_control:/home/minh/rehab_robot_ver2_modified/install/rehab_gui:/home/minh/rehab_robot_ver2_modified/install/my_rqt_plugin:/opt/ros/humble /home/minh/.local/bin/cmake --build /home/minh/gim60108_ws/build/gim_arm_moveit_config -- -j16 -l16
[0.560s] DEBUG:colcon.colcon_core.event_handler.log_command:Invoking command in '/home/minh/gim60108_ws/build/gim_arm_moveit_config': CMAKE_PREFIX_PATH=/home/minh/gim60108_ws/install/gim_arm_description:/home/minh/gim60108_ws/install/gim_arm_moveit_config:/home/minh/rehab_robot_ver2_modified/install/rehab_robot_ver2_control:/home/minh/rehab_robot_ver2_modified/install/rviz_custom_plugins:/home/minh/rehab_robot_ver2_modified/install/rehab_robot_ver2:/home/minh/rehab_robot_ver2_modified/install/gravity_compensation:/home/minh/rehab_robot_ver2_modified/install/can_odrive_interface:/home/minh/moveit_ws/install/my_robot_bringup:/home/minh/moveit_ws/install/my_robot_moveit_config:/home/minh/moveit_ws/install/my_robot_description:/home/minh/apriltag_ws/install/apriltag_ros:/home/minh/gim60108_ws/install/gim_control:/home/minh/rehab_robot_ver2_modified/install/rehab_gui:/home/minh/rehab_robot_ver2_modified/install/my_rqt_plugin:/opt/ros/humble /home/minh/.local/bin/cmake --install /home/minh/gim60108_ws/build/gim_arm_moveit_config
[0.615s] Level 1:colcon.colcon_core.environment:create_environment_scripts_only(gim_arm_moveit_config)
[0.616s] Level 1:colcon.colcon_core.environment:checking '/home/minh/gim60108_ws/install/gim_arm_moveit_config' for CMake module files
[0.616s] DEBUG:colcon.colcon_core.event_handler.log_command:Invoked command in '/home/minh/gim60108_ws/build/gim_arm_moveit_config' returned '0': CMAKE_PREFIX_PATH=/home/minh/gim60108_ws/install/gim_arm_description:/home/minh/gim60108_ws/install/gim_arm_moveit_config:/home/minh/rehab_robot_ver2_modified/install/rehab_robot_ver2_control:/home/minh/rehab_robot_ver2_modified/install/rviz_custom_plugins:/home/minh/rehab_robot_ver2_modified/install/rehab_robot_ver2:/home/minh/rehab_robot_ver2_modified/install/gravity_compensation:/home/minh/rehab_robot_ver2_modified/install/can_odrive_interface:/home/minh/moveit_ws/install/my_robot_bringup:/home/minh/moveit_ws/install/my_robot_moveit_config:/home/minh/moveit_ws/install/my_robot_description:/home/minh/apriltag_ws/install/apriltag_ros:/home/minh/gim60108_ws/install/gim_control:/home/minh/rehab_robot_ver2_modified/install/rehab_gui:/home/minh/rehab_robot_ver2_modified/install/my_rqt_plugin:/opt/ros/humble /home/minh/.local/bin/cmake --install /home/minh/gim60108_ws/build/gim_arm_moveit_config
[0.616s] Level 1:colcon.colcon_core.environment:checking '/home/minh/gim60108_ws/install/gim_arm_moveit_config' for CMake config files
[0.616s] Level 1:colcon.colcon_core.shell:create_environment_hook('gim_arm_moveit_config', 'cmake_prefix_path')
[0.616s] INFO:colcon.colcon_core.shell:Creating environment hook '/home/minh/gim60108_ws/install/gim_arm_moveit_config/share/gim_arm_moveit_config/hook/cmake_prefix_path.ps1'
[0.617s] INFO:colcon.colcon_core.shell:Creating environment descriptor '/home/minh/gim60108_ws/install/gim_arm_moveit_config/share/gim_arm_moveit_config/hook/cmake_prefix_path.dsv'
[0.617s] INFO:colcon.colcon_core.shell:Creating environment hook '/home/minh/gim60108_ws/install/gim_arm_moveit_config/share/gim_arm_moveit_config/hook/cmake_prefix_path.sh'
[0.617s] Level 1:colcon.colcon_core.environment:checking '/home/minh/gim60108_ws/install/gim_arm_moveit_config/bin'
[0.617s] Level 1:colcon.colcon_core.environment:checking '/home/minh/gim60108_ws/install/gim_arm_moveit_config/lib/pkgconfig/gim_arm_moveit_config.pc'
[0.617s] Level 1:colcon.colcon_core.environment:checking '/home/minh/gim60108_ws/install/gim_arm_moveit_config/lib/python3.10/site-packages'
[0.618s] Level 1:colcon.colcon_core.environment:checking '/home/minh/gim60108_ws/install/gim_arm_moveit_config/bin'
[0.618s] INFO:colcon.colcon_core.shell:Creating package script '/home/minh/gim60108_ws/install/gim_arm_moveit_config/share/gim_arm_moveit_config/package.ps1'
[0.618s] INFO:colcon.colcon_core.shell:Creating package descriptor '/home/minh/gim60108_ws/install/gim_arm_moveit_config/share/gim_arm_moveit_config/package.dsv'
[0.618s] INFO:colcon.colcon_core.shell:Creating package script '/home/minh/gim60108_ws/install/gim_arm_moveit_config/share/gim_arm_moveit_config/package.sh'
[0.618s] INFO:colcon.colcon_core.shell:Creating package script '/home/minh/gim60108_ws/install/gim_arm_moveit_config/share/gim_arm_moveit_config/package.bash'
[0.619s] INFO:colcon.colcon_core.shell:Creating package script '/home/minh/gim60108_ws/install/gim_arm_moveit_config/share/gim_arm_moveit_config/package.zsh'
[0.619s] Level 1:colcon.colcon_core.environment:create_file_with_runtime_dependencies(/home/minh/gim60108_ws/install/gim_arm_moveit_config/share/colcon-core/packages/gim_arm_moveit_config)
[0.619s] Level 1:colcon.colcon_core.environment:create_environment_scripts_only(gim_arm_moveit_config)
[0.619s] Level 1:colcon.colcon_core.environment:checking '/home/minh/gim60108_ws/install/gim_arm_moveit_config' for CMake module files
[0.619s] Level 1:colcon.colcon_core.environment:checking '/home/minh/gim60108_ws/install/gim_arm_moveit_config' for CMake config files
[0.620s] Level 1:colcon.colcon_core.shell:create_environment_hook('gim_arm_moveit_config', 'cmake_prefix_path')
[0.620s] INFO:colcon.colcon_core.shell:Creating environment hook '/home/minh/gim60108_ws/install/gim_arm_moveit_config/share/gim_arm_moveit_config/hook/cmake_prefix_path.ps1'
[0.620s] INFO:colcon.colcon_core.shell:Creating environment descriptor '/home/minh/gim60108_ws/install/gim_arm_moveit_config/share/gim_arm_moveit_config/hook/cmake_prefix_path.dsv'
[0.620s] INFO:colcon.colcon_core.shell:Creating environment hook '/home/minh/gim60108_ws/install/gim_arm_moveit_config/share/gim_arm_moveit_config/hook/cmake_prefix_path.sh'
[0.620s] Level 1:colcon.colcon_core.environment:checking '/home/minh/gim60108_ws/install/gim_arm_moveit_config/bin'
[0.620s] Level 1:colcon.colcon_core.environment:checking '/home/minh/gim60108_ws/install/gim_arm_moveit_config/lib/pkgconfig/gim_arm_moveit_config.pc'
[0.620s] Level 1:colcon.colcon_core.environment:checking '/home/minh/gim60108_ws/install/gim_arm_moveit_config/lib/python3.10/site-packages'
[0.621s] Level 1:colcon.colcon_core.environment:checking '/home/minh/gim60108_ws/install/gim_arm_moveit_config/bin'
[0.621s] INFO:colcon.colcon_core.shell:Creating package script '/home/minh/gim60108_ws/install/gim_arm_moveit_config/share/gim_arm_moveit_config/package.ps1'
[0.621s] INFO:colcon.colcon_core.shell:Creating package descriptor '/home/minh/gim60108_ws/install/gim_arm_moveit_config/share/gim_arm_moveit_config/package.dsv'
[0.621s] INFO:colcon.colcon_core.shell:Creating package script '/home/minh/gim60108_ws/install/gim_arm_moveit_config/share/gim_arm_moveit_config/package.sh'
[0.621s] INFO:colcon.colcon_core.shell:Creating package script '/home/minh/gim60108_ws/install/gim_arm_moveit_config/share/gim_arm_moveit_config/package.bash'
[0.622s] INFO:colcon.colcon_core.shell:Creating package script '/home/minh/gim60108_ws/install/gim_arm_moveit_config/share/gim_arm_moveit_config/package.zsh'
[0.622s] Level 1:colcon.colcon_core.environment:create_file_with_runtime_dependencies(/home/minh/gim60108_ws/install/gim_arm_moveit_config/share/colcon-core/packages/gim_arm_moveit_config)
[0.697s] DEBUG:colcon.colcon_core.task.python.build:Available setuptools commands: compile_catalog, saveopts, init_catalog, symlink_data, easy_install, build_clib, rotate, build_ext, bdist_dumb, alias, sdist, bdist_wheel, dist_info, bdist_rpm, install_egg_info, extract_messages, setopt, bdist, install_scripts, egg_info, build_scripts, editable_wheel, check, install_data, bdist_egg, develop, build_py, update_catalog, install_headers, clean, build, install_lib, install
[0.700s] DEBUG:colcon.colcon_core.event_handler.log_command:Invoking command in '/home/minh/gim60108_ws/src/gim_control': PYTHONPATH=/home/minh/gim60108_ws/build/gim_control/prefix_override:/usr/lib/python3/dist-packages/colcon_core/task/python/colcon_distutils_commands:/home/minh/gim60108_ws/install/gim_control/lib/python3.10/site-packages:${PYTHONPATH} /usr/bin/python3 -W ignore:setup.py install is deprecated -W ignore:easy_install command is deprecated setup.py egg_info --egg-base ../../build/gim_control build --build-base /home/minh/gim60108_ws/build/gim_control/build install --record /home/minh/gim60108_ws/build/gim_control/install.log --install-scripts $base/lib/gim_control --single-version-externally-managed install_data
[0.949s] Level 1:colcon.colcon_core.environment:checking '/home/minh/gim60108_ws/install/gim_control' for CMake module files
[0.950s] DEBUG:colcon.colcon_core.event_handler.log_command:Invoked command in '/home/minh/gim60108_ws/src/gim_control' returned '0': PYTHONPATH=/home/minh/gim60108_ws/build/gim_control/prefix_override:/usr/lib/python3/dist-packages/colcon_core/task/python/colcon_distutils_commands:/home/minh/gim60108_ws/install/gim_control/lib/python3.10/site-packages:${PYTHONPATH} /usr/bin/python3 -W ignore:setup.py install is deprecated -W ignore:easy_install command is deprecated setup.py egg_info --egg-base ../../build/gim_control build --build-base /home/minh/gim60108_ws/build/gim_control/build install --record /home/minh/gim60108_ws/build/gim_control/install.log --install-scripts $base/lib/gim_control --single-version-externally-managed install_data
[0.950s] Level 1:colcon.colcon_core.environment:checking '/home/minh/gim60108_ws/install/gim_control' for CMake config files
[0.950s] Level 1:colcon.colcon_core.environment:checking '/home/minh/gim60108_ws/install/gim_control/lib'
[0.950s] Level 1:colcon.colcon_core.environment:checking '/home/minh/gim60108_ws/install/gim_control/bin'
[0.950s] Level 1:colcon.colcon_core.environment:checking '/home/minh/gim60108_ws/install/gim_control/lib/pkgconfig/gim_control.pc'
[0.950s] Level 1:colcon.colcon_core.environment:checking '/home/minh/gim60108_ws/install/gim_control/lib/python3.10/site-packages'
[0.950s] Level 1:colcon.colcon_core.shell:create_environment_hook('gim_control', 'pythonpath')
[0.951s] INFO:colcon.colcon_core.shell:Creating environment hook '/home/minh/gim60108_ws/install/gim_control/share/gim_control/hook/pythonpath.ps1'
[0.951s] INFO:colcon.colcon_core.shell:Creating environment descriptor '/home/minh/gim60108_ws/install/gim_control/share/gim_control/hook/pythonpath.dsv'
[0.951s] INFO:colcon.colcon_core.shell:Creating environment hook '/home/minh/gim60108_ws/install/gim_control/share/gim_control/hook/pythonpath.sh'
[0.952s] Level 1:colcon.colcon_core.environment:checking '/home/minh/gim60108_ws/install/gim_control/bin'
[0.952s] Level 1:colcon.colcon_core.environment:create_environment_scripts_only(gim_control)
[0.952s] INFO:colcon.colcon_core.shell:Creating package script '/home/minh/gim60108_ws/install/gim_control/share/gim_control/package.ps1'
[0.952s] INFO:colcon.colcon_core.shell:Creating package descriptor '/home/minh/gim60108_ws/install/gim_control/share/gim_control/package.dsv'
[0.952s] INFO:colcon.colcon_core.shell:Creating package script '/home/minh/gim60108_ws/install/gim_control/share/gim_control/package.sh'
[0.953s] INFO:colcon.colcon_core.shell:Creating package script '/home/minh/gim60108_ws/install/gim_control/share/gim_control/package.bash'
[0.953s] INFO:colcon.colcon_core.shell:Creating package script '/home/minh/gim60108_ws/install/gim_control/share/gim_control/package.zsh'
[0.953s] Level 1:colcon.colcon_core.environment:create_file_with_runtime_dependencies(/home/minh/gim60108_ws/install/gim_control/share/colcon-core/packages/gim_control)
[0.953s] DEBUG:colcon.colcon_parallel_executor.executor.parallel:closing loop
[0.953s] DEBUG:colcon.colcon_parallel_executor.executor.parallel:loop closed
[0.953s] DEBUG:colcon.colcon_parallel_executor.executor.parallel:run_until_complete finished with '0'
[0.953s] DEBUG:colcon.colcon_core.event_reactor:joining thread
[0.957s] INFO:colcon.colcon_core.plugin_system:Skipping extension 'colcon_notification.desktop_notification.terminal_notifier': Not used on non-Darwin systems
[0.957s] INFO:colcon.colcon_core.plugin_system:Skipping extension 'colcon_notification.desktop_notification.win32': Not used on non-Windows systems
[0.958s] INFO:colcon.colcon_notification.desktop_notification:Sending desktop notification using 'notify2'
[0.972s] DEBUG:colcon.colcon_core.event_reactor:joined thread
[0.972s] INFO:colcon.colcon_core.shell:Creating prefix script '/home/minh/gim60108_ws/install/local_setup.ps1'
[0.973s] INFO:colcon.colcon_core.shell:Creating prefix util module '/home/minh/gim60108_ws/install/_local_setup_util_ps1.py'
[0.975s] INFO:colcon.colcon_core.shell:Creating prefix chain script '/home/minh/gim60108_ws/install/setup.ps1'
[0.976s] INFO:colcon.colcon_core.shell:Creating prefix script '/home/minh/gim60108_ws/install/local_setup.sh'
[0.976s] INFO:colcon.colcon_core.shell:Creating prefix util module '/home/minh/gim60108_ws/install/_local_setup_util_sh.py'
[0.977s] INFO:colcon.colcon_core.shell:Creating prefix chain script '/home/minh/gim60108_ws/install/setup.sh'
[0.978s] INFO:colcon.colcon_core.shell:Creating prefix script '/home/minh/gim60108_ws/install/local_setup.bash'
[0.978s] INFO:colcon.colcon_core.shell:Creating prefix chain script '/home/minh/gim60108_ws/install/setup.bash'
[0.979s] INFO:colcon.colcon_core.shell:Creating prefix script '/home/minh/gim60108_ws/install/local_setup.zsh'
[0.979s] INFO:colcon.colcon_core.shell:Creating prefix chain script '/home/minh/gim60108_ws/install/setup.zsh'
