[0.076s] DEBUG:colcon:Command line arguments: ['/usr/bin/colcon', 'build']
[0.077s] DEBUG:colcon:Parsed command line arguments: Namespace(log_base=None, log_level=None, verb_name='build', build_base='build', install_base='install', merge_install=False, symlink_install=False, test_result_base=None, continue_on_error=False, executor='parallel', parallel_workers=16, event_handlers=None, ignore_user_meta=False, metas=['./colcon.meta'], base_paths=['.'], packages_ignore=None, packages_ignore_regex=None, paths=None, packages_up_to=None, packages_up_to_regex=None, packages_above=None, packages_above_and_dependencies=None, packages_above_depth=None, packages_select_by_dep=None, packages_skip_by_dep=None, packages_skip_up_to=None, packages_select_build_failed=False, packages_skip_build_finished=False, packages_select_test_failures=False, packages_skip_test_passed=False, packages_select=None, packages_skip=None, packages_select_regex=None, packages_skip_regex=None, packages_start=None, packages_end=None, allow_overriding=[], cmake_args=None, cmake_target=None, cmake_target_skip_unavailable=False, cmake_clean_cache=False, cmake_clean_first=False, cmake_force_configure=False, ament_cmake_args=None, catkin_cmake_args=None, catkin_skip_building_tests=False, mixin_files=None, mixin=None, verb_parser=<colcon_mixin.mixin.mixin_argument.MixinArgumentDecorator object at 0x7f6b6f3b5e10>, verb_extension=<colcon_core.verb.build.BuildVerb object at 0x7f6b6f3b5960>, main=<bound method BuildVerb.main of <colcon_core.verb.build.BuildVerb object at 0x7f6b6f3b5960>>, mixin_verb=('build',))
[0.103s] Level 1:colcon.colcon_core.package_discovery:discover_packages(colcon_meta) check parameters
[0.103s] Level 1:colcon.colcon_core.package_discovery:discover_packages(recursive) check parameters
[0.103s] Level 1:colcon.colcon_core.package_discovery:discover_packages(ignore) check parameters
[0.103s] Level 1:colcon.colcon_core.package_discovery:discover_packages(path) check parameters
[0.103s] Level 1:colcon.colcon_core.package_discovery:discover_packages(colcon_meta) discover
[0.103s] Level 1:colcon.colcon_core.package_discovery:discover_packages(recursive) discover
[0.103s] INFO:colcon.colcon_core.package_discovery:Crawling recursively for packages in '/home/minh/git_gim_ws/GIM_Arm_3_DOF'
[0.103s] Level 1:colcon.colcon_core.package_identification:_identify(.) by extensions ['ignore', 'ignore_ament_install']
[0.103s] Level 1:colcon.colcon_core.package_identification:_identify(.) by extension 'ignore'
[0.103s] Level 1:colcon.colcon_core.package_identification:_identify(.) by extension 'ignore_ament_install'
[0.103s] Level 1:colcon.colcon_core.package_identification:_identify(.) by extensions ['colcon_pkg']
[0.103s] Level 1:colcon.colcon_core.package_identification:_identify(.) by extension 'colcon_pkg'
[0.103s] Level 1:colcon.colcon_core.package_identification:_identify(.) by extensions ['colcon_meta']
[0.103s] Level 1:colcon.colcon_core.package_identification:_identify(.) by extension 'colcon_meta'
[0.103s] Level 1:colcon.colcon_core.package_identification:_identify(.) by extensions ['ros']
[0.103s] Level 1:colcon.colcon_core.package_identification:_identify(.) by extension 'ros'
[0.120s] Level 1:colcon.colcon_core.package_identification:_identify(.) by extensions ['cmake', 'python']
[0.121s] Level 1:colcon.colcon_core.package_identification:_identify(.) by extension 'cmake'
[0.121s] Level 1:colcon.colcon_core.package_identification:_identify(.) by extension 'python'
[0.121s] Level 1:colcon.colcon_core.package_identification:_identify(.) by extensions ['python_setup_py']
[0.121s] Level 1:colcon.colcon_core.package_identification:_identify(.) by extension 'python_setup_py'
[0.121s] Level 1:colcon.colcon_core.package_identification:_identify(build) by extensions ['ignore', 'ignore_ament_install']
[0.121s] Level 1:colcon.colcon_core.package_identification:_identify(build) by extension 'ignore'
[0.121s] Level 1:colcon.colcon_core.package_identification:_identify(build) ignored
[0.121s] Level 1:colcon.colcon_core.package_identification:_identify(install) by extensions ['ignore', 'ignore_ament_install']
[0.121s] Level 1:colcon.colcon_core.package_identification:_identify(install) by extension 'ignore'
[0.121s] Level 1:colcon.colcon_core.package_identification:_identify(install) ignored
[0.121s] Level 1:colcon.colcon_core.package_identification:_identify(kinematics_test) by extensions ['ignore', 'ignore_ament_install']
[0.121s] Level 1:colcon.colcon_core.package_identification:_identify(kinematics_test) by extension 'ignore'
[0.121s] Level 1:colcon.colcon_core.package_identification:_identify(kinematics_test) by extension 'ignore_ament_install'
[0.121s] Level 1:colcon.colcon_core.package_identification:_identify(kinematics_test) by extensions ['colcon_pkg']
[0.121s] Level 1:colcon.colcon_core.package_identification:_identify(kinematics_test) by extension 'colcon_pkg'
[0.121s] Level 1:colcon.colcon_core.package_identification:_identify(kinematics_test) by extensions ['colcon_meta']
[0.121s] Level 1:colcon.colcon_core.package_identification:_identify(kinematics_test) by extension 'colcon_meta'
[0.121s] Level 1:colcon.colcon_core.package_identification:_identify(kinematics_test) by extensions ['ros']
[0.121s] Level 1:colcon.colcon_core.package_identification:_identify(kinematics_test) by extension 'ros'
[0.121s] Level 1:colcon.colcon_core.package_identification:_identify(kinematics_test) by extensions ['cmake', 'python']
[0.121s] Level 1:colcon.colcon_core.package_identification:_identify(kinematics_test) by extension 'cmake'
[0.121s] Level 1:colcon.colcon_core.package_identification:_identify(kinematics_test) by extension 'python'
[0.121s] Level 1:colcon.colcon_core.package_identification:_identify(kinematics_test) by extensions ['python_setup_py']
[0.121s] Level 1:colcon.colcon_core.package_identification:_identify(kinematics_test) by extension 'python_setup_py'
[0.121s] Level 1:colcon.colcon_core.package_identification:_identify(kinematics_test/__pycache__) by extensions ['ignore', 'ignore_ament_install']
[0.121s] Level 1:colcon.colcon_core.package_identification:_identify(kinematics_test/__pycache__) by extension 'ignore'
[0.121s] Level 1:colcon.colcon_core.package_identification:_identify(kinematics_test/__pycache__) by extension 'ignore_ament_install'
[0.121s] Level 1:colcon.colcon_core.package_identification:_identify(kinematics_test/__pycache__) by extensions ['colcon_pkg']
[0.121s] Level 1:colcon.colcon_core.package_identification:_identify(kinematics_test/__pycache__) by extension 'colcon_pkg'
[0.121s] Level 1:colcon.colcon_core.package_identification:_identify(kinematics_test/__pycache__) by extensions ['colcon_meta']
[0.121s] Level 1:colcon.colcon_core.package_identification:_identify(kinematics_test/__pycache__) by extension 'colcon_meta'
[0.121s] Level 1:colcon.colcon_core.package_identification:_identify(kinematics_test/__pycache__) by extensions ['ros']
[0.121s] Level 1:colcon.colcon_core.package_identification:_identify(kinematics_test/__pycache__) by extension 'ros'
[0.121s] Level 1:colcon.colcon_core.package_identification:_identify(kinematics_test/__pycache__) by extensions ['cmake', 'python']
[0.121s] Level 1:colcon.colcon_core.package_identification:_identify(kinematics_test/__pycache__) by extension 'cmake'
[0.122s] Level 1:colcon.colcon_core.package_identification:_identify(kinematics_test/__pycache__) by extension 'python'
[0.122s] Level 1:colcon.colcon_core.package_identification:_identify(kinematics_test/__pycache__) by extensions ['python_setup_py']
[0.122s] Level 1:colcon.colcon_core.package_identification:_identify(kinematics_test/__pycache__) by extension 'python_setup_py'
[0.122s] Level 1:colcon.colcon_core.package_identification:_identify(kinematics_test/meshes) by extensions ['ignore', 'ignore_ament_install']
[0.122s] Level 1:colcon.colcon_core.package_identification:_identify(kinematics_test/meshes) by extension 'ignore'
[0.122s] Level 1:colcon.colcon_core.package_identification:_identify(kinematics_test/meshes) by extension 'ignore_ament_install'
[0.122s] Level 1:colcon.colcon_core.package_identification:_identify(kinematics_test/meshes) by extensions ['colcon_pkg']
[0.122s] Level 1:colcon.colcon_core.package_identification:_identify(kinematics_test/meshes) by extension 'colcon_pkg'
[0.122s] Level 1:colcon.colcon_core.package_identification:_identify(kinematics_test/meshes) by extensions ['colcon_meta']
[0.122s] Level 1:colcon.colcon_core.package_identification:_identify(kinematics_test/meshes) by extension 'colcon_meta'
[0.122s] Level 1:colcon.colcon_core.package_identification:_identify(kinematics_test/meshes) by extensions ['ros']
[0.122s] Level 1:colcon.colcon_core.package_identification:_identify(kinematics_test/meshes) by extension 'ros'
[0.122s] Level 1:colcon.colcon_core.package_identification:_identify(kinematics_test/meshes) by extensions ['cmake', 'python']
[0.122s] Level 1:colcon.colcon_core.package_identification:_identify(kinematics_test/meshes) by extension 'cmake'
[0.122s] Level 1:colcon.colcon_core.package_identification:_identify(kinematics_test/meshes) by extension 'python'
[0.122s] Level 1:colcon.colcon_core.package_identification:_identify(kinematics_test/meshes) by extensions ['python_setup_py']
[0.122s] Level 1:colcon.colcon_core.package_identification:_identify(kinematics_test/meshes) by extension 'python_setup_py'
[0.122s] Level 1:colcon.colcon_core.package_identification:_identify(log) by extensions ['ignore', 'ignore_ament_install']
[0.122s] Level 1:colcon.colcon_core.package_identification:_identify(log) by extension 'ignore'
[0.122s] Level 1:colcon.colcon_core.package_identification:_identify(log) ignored
[0.122s] Level 1:colcon.colcon_core.package_identification:_identify(src) by extensions ['ignore', 'ignore_ament_install']
[0.122s] Level 1:colcon.colcon_core.package_identification:_identify(src) by extension 'ignore'
[0.122s] Level 1:colcon.colcon_core.package_identification:_identify(src) by extension 'ignore_ament_install'
[0.122s] Level 1:colcon.colcon_core.package_identification:_identify(src) by extensions ['colcon_pkg']
[0.122s] Level 1:colcon.colcon_core.package_identification:_identify(src) by extension 'colcon_pkg'
[0.122s] Level 1:colcon.colcon_core.package_identification:_identify(src) by extensions ['colcon_meta']
[0.122s] Level 1:colcon.colcon_core.package_identification:_identify(src) by extension 'colcon_meta'
[0.122s] Level 1:colcon.colcon_core.package_identification:_identify(src) by extensions ['ros']
[0.122s] Level 1:colcon.colcon_core.package_identification:_identify(src) by extension 'ros'
[0.122s] Level 1:colcon.colcon_core.package_identification:_identify(src) by extensions ['cmake', 'python']
[0.122s] Level 1:colcon.colcon_core.package_identification:_identify(src) by extension 'cmake'
[0.122s] Level 1:colcon.colcon_core.package_identification:_identify(src) by extension 'python'
[0.122s] Level 1:colcon.colcon_core.package_identification:_identify(src) by extensions ['python_setup_py']
[0.122s] Level 1:colcon.colcon_core.package_identification:_identify(src) by extension 'python_setup_py'
[0.122s] Level 1:colcon.colcon_core.package_identification:_identify(src/gim_arm_control) by extensions ['ignore', 'ignore_ament_install']
[0.122s] Level 1:colcon.colcon_core.package_identification:_identify(src/gim_arm_control) by extension 'ignore'
[0.122s] Level 1:colcon.colcon_core.package_identification:_identify(src/gim_arm_control) by extension 'ignore_ament_install'
[0.122s] Level 1:colcon.colcon_core.package_identification:_identify(src/gim_arm_control) by extensions ['colcon_pkg']
[0.122s] Level 1:colcon.colcon_core.package_identification:_identify(src/gim_arm_control) by extension 'colcon_pkg'
[0.122s] Level 1:colcon.colcon_core.package_identification:_identify(src/gim_arm_control) by extensions ['colcon_meta']
[0.122s] Level 1:colcon.colcon_core.package_identification:_identify(src/gim_arm_control) by extension 'colcon_meta'
[0.122s] Level 1:colcon.colcon_core.package_identification:_identify(src/gim_arm_control) by extensions ['ros']
[0.122s] Level 1:colcon.colcon_core.package_identification:_identify(src/gim_arm_control) by extension 'ros'
[0.124s] DEBUG:colcon.colcon_core.package_identification:Package 'src/gim_arm_control' with type 'ros.ament_python' and name 'gim_control'
[0.124s] Level 1:colcon.colcon_core.package_identification:_identify(src/gim_arm_description) by extensions ['ignore', 'ignore_ament_install']
[0.124s] Level 1:colcon.colcon_core.package_identification:_identify(src/gim_arm_description) by extension 'ignore'
[0.124s] Level 1:colcon.colcon_core.package_identification:_identify(src/gim_arm_description) by extension 'ignore_ament_install'
[0.124s] Level 1:colcon.colcon_core.package_identification:_identify(src/gim_arm_description) by extensions ['colcon_pkg']
[0.124s] Level 1:colcon.colcon_core.package_identification:_identify(src/gim_arm_description) by extension 'colcon_pkg'
[0.124s] Level 1:colcon.colcon_core.package_identification:_identify(src/gim_arm_description) by extensions ['colcon_meta']
[0.124s] Level 1:colcon.colcon_core.package_identification:_identify(src/gim_arm_description) by extension 'colcon_meta'
[0.124s] Level 1:colcon.colcon_core.package_identification:_identify(src/gim_arm_description) by extensions ['ros']
[0.124s] Level 1:colcon.colcon_core.package_identification:_identify(src/gim_arm_description) by extension 'ros'
[0.124s] DEBUG:colcon.colcon_core.package_identification:Package 'src/gim_arm_description' with type 'ros.ament_cmake' and name 'gim_arm_description'
[0.124s] Level 1:colcon.colcon_core.package_identification:_identify(src/gim_arm_hardware) by extensions ['ignore', 'ignore_ament_install']
[0.124s] Level 1:colcon.colcon_core.package_identification:_identify(src/gim_arm_hardware) by extension 'ignore'
[0.125s] Level 1:colcon.colcon_core.package_identification:_identify(src/gim_arm_hardware) by extension 'ignore_ament_install'
[0.125s] Level 1:colcon.colcon_core.package_identification:_identify(src/gim_arm_hardware) by extensions ['colcon_pkg']
[0.125s] Level 1:colcon.colcon_core.package_identification:_identify(src/gim_arm_hardware) by extension 'colcon_pkg'
[0.125s] Level 1:colcon.colcon_core.package_identification:_identify(src/gim_arm_hardware) by extensions ['colcon_meta']
[0.125s] Level 1:colcon.colcon_core.package_identification:_identify(src/gim_arm_hardware) by extension 'colcon_meta'
[0.125s] Level 1:colcon.colcon_core.package_identification:_identify(src/gim_arm_hardware) by extensions ['ros']
[0.125s] Level 1:colcon.colcon_core.package_identification:_identify(src/gim_arm_hardware) by extension 'ros'
[0.125s] DEBUG:colcon.colcon_core.package_identification:Package 'src/gim_arm_hardware' with type 'ros.ament_cmake' and name 'gim_arm_hardware'
[0.125s] Level 1:colcon.colcon_core.package_identification:_identify(src/gim_arm_moveit_config) by extensions ['ignore', 'ignore_ament_install']
[0.125s] Level 1:colcon.colcon_core.package_identification:_identify(src/gim_arm_moveit_config) by extension 'ignore'
[0.125s] Level 1:colcon.colcon_core.package_identification:_identify(src/gim_arm_moveit_config) by extension 'ignore_ament_install'
[0.125s] Level 1:colcon.colcon_core.package_identification:_identify(src/gim_arm_moveit_config) by extensions ['colcon_pkg']
[0.125s] Level 1:colcon.colcon_core.package_identification:_identify(src/gim_arm_moveit_config) by extension 'colcon_pkg'
[0.125s] Level 1:colcon.colcon_core.package_identification:_identify(src/gim_arm_moveit_config) by extensions ['colcon_meta']
[0.125s] Level 1:colcon.colcon_core.package_identification:_identify(src/gim_arm_moveit_config) by extension 'colcon_meta'
[0.125s] Level 1:colcon.colcon_core.package_identification:_identify(src/gim_arm_moveit_config) by extensions ['ros']
[0.125s] Level 1:colcon.colcon_core.package_identification:_identify(src/gim_arm_moveit_config) by extension 'ros'
[0.126s] DEBUG:colcon.colcon_core.package_identification:Package 'src/gim_arm_moveit_config' with type 'ros.ament_cmake' and name 'gim_arm_moveit_config'
[0.126s] Level 1:colcon.colcon_core.package_identification:_identify(src/gim_arm_mujoco) by extensions ['ignore', 'ignore_ament_install']
[0.126s] Level 1:colcon.colcon_core.package_identification:_identify(src/gim_arm_mujoco) by extension 'ignore'
[0.126s] Level 1:colcon.colcon_core.package_identification:_identify(src/gim_arm_mujoco) by extension 'ignore_ament_install'
[0.126s] Level 1:colcon.colcon_core.package_identification:_identify(src/gim_arm_mujoco) by extensions ['colcon_pkg']
[0.126s] Level 1:colcon.colcon_core.package_identification:_identify(src/gim_arm_mujoco) by extension 'colcon_pkg'
[0.126s] Level 1:colcon.colcon_core.package_identification:_identify(src/gim_arm_mujoco) by extensions ['colcon_meta']
[0.126s] Level 1:colcon.colcon_core.package_identification:_identify(src/gim_arm_mujoco) by extension 'colcon_meta'
[0.126s] Level 1:colcon.colcon_core.package_identification:_identify(src/gim_arm_mujoco) by extensions ['ros']
[0.126s] Level 1:colcon.colcon_core.package_identification:_identify(src/gim_arm_mujoco) by extension 'ros'
[0.126s] Level 1:colcon.colcon_core.package_identification:_identify(src/gim_arm_mujoco) by extensions ['cmake', 'python']
[0.126s] Level 1:colcon.colcon_core.package_identification:_identify(src/gim_arm_mujoco) by extension 'cmake'
[0.126s] Level 1:colcon.colcon_core.package_identification:_identify(src/gim_arm_mujoco) by extension 'python'
[0.126s] Level 1:colcon.colcon_core.package_identification:_identify(src/gim_arm_mujoco) by extensions ['python_setup_py']
[0.126s] Level 1:colcon.colcon_core.package_identification:_identify(src/gim_arm_mujoco) by extension 'python_setup_py'
[0.126s] Level 1:colcon.colcon_core.package_identification:_identify(src/gim_arm_mujoco/meshes) by extensions ['ignore', 'ignore_ament_install']
[0.126s] Level 1:colcon.colcon_core.package_identification:_identify(src/gim_arm_mujoco/meshes) by extension 'ignore'
[0.126s] Level 1:colcon.colcon_core.package_identification:_identify(src/gim_arm_mujoco/meshes) by extension 'ignore_ament_install'
[0.126s] Level 1:colcon.colcon_core.package_identification:_identify(src/gim_arm_mujoco/meshes) by extensions ['colcon_pkg']
[0.126s] Level 1:colcon.colcon_core.package_identification:_identify(src/gim_arm_mujoco/meshes) by extension 'colcon_pkg'
[0.126s] Level 1:colcon.colcon_core.package_identification:_identify(src/gim_arm_mujoco/meshes) by extensions ['colcon_meta']
[0.126s] Level 1:colcon.colcon_core.package_identification:_identify(src/gim_arm_mujoco/meshes) by extension 'colcon_meta'
[0.126s] Level 1:colcon.colcon_core.package_identification:_identify(src/gim_arm_mujoco/meshes) by extensions ['ros']
[0.126s] Level 1:colcon.colcon_core.package_identification:_identify(src/gim_arm_mujoco/meshes) by extension 'ros'
[0.126s] Level 1:colcon.colcon_core.package_identification:_identify(src/gim_arm_mujoco/meshes) by extensions ['cmake', 'python']
[0.126s] Level 1:colcon.colcon_core.package_identification:_identify(src/gim_arm_mujoco/meshes) by extension 'cmake'
[0.126s] Level 1:colcon.colcon_core.package_identification:_identify(src/gim_arm_mujoco/meshes) by extension 'python'
[0.126s] Level 1:colcon.colcon_core.package_identification:_identify(src/gim_arm_mujoco/meshes) by extensions ['python_setup_py']
[0.126s] Level 1:colcon.colcon_core.package_identification:_identify(src/gim_arm_mujoco/meshes) by extension 'python_setup_py'
[0.126s] Level 1:colcon.colcon_core.package_identification:_identify(tools) by extensions ['ignore', 'ignore_ament_install']
[0.127s] Level 1:colcon.colcon_core.package_identification:_identify(tools) by extension 'ignore'
[0.127s] Level 1:colcon.colcon_core.package_identification:_identify(tools) by extension 'ignore_ament_install'
[0.127s] Level 1:colcon.colcon_core.package_identification:_identify(tools) by extensions ['colcon_pkg']
[0.127s] Level 1:colcon.colcon_core.package_identification:_identify(tools) by extension 'colcon_pkg'
[0.127s] Level 1:colcon.colcon_core.package_identification:_identify(tools) by extensions ['colcon_meta']
[0.127s] Level 1:colcon.colcon_core.package_identification:_identify(tools) by extension 'colcon_meta'
[0.127s] Level 1:colcon.colcon_core.package_identification:_identify(tools) by extensions ['ros']
[0.127s] Level 1:colcon.colcon_core.package_identification:_identify(tools) by extension 'ros'
[0.127s] Level 1:colcon.colcon_core.package_identification:_identify(tools) by extensions ['cmake', 'python']
[0.127s] Level 1:colcon.colcon_core.package_identification:_identify(tools) by extension 'cmake'
[0.127s] Level 1:colcon.colcon_core.package_identification:_identify(tools) by extension 'python'
[0.127s] Level 1:colcon.colcon_core.package_identification:_identify(tools) by extensions ['python_setup_py']
[0.127s] Level 1:colcon.colcon_core.package_identification:_identify(tools) by extension 'python_setup_py'
[0.127s] Level 1:colcon.colcon_core.package_discovery:discover_packages(recursive) using defaults
[0.127s] Level 1:colcon.colcon_core.package_discovery:discover_packages(ignore) discover
[0.127s] Level 1:colcon.colcon_core.package_discovery:discover_packages(ignore) using defaults
[0.127s] Level 1:colcon.colcon_core.package_discovery:discover_packages(path) discover
[0.127s] Level 1:colcon.colcon_core.package_discovery:discover_packages(path) using defaults
[0.143s] Level 1:colcon.colcon_core.package_discovery:discover_packages(prefix_path) check parameters
[0.143s] Level 1:colcon.colcon_core.package_discovery:discover_packages(prefix_path) discover
[0.146s] DEBUG:colcon.colcon_installed_package_information.package_discovery:Found 4 installed packages in /home/minh/git_gim_ws/GIM_Arm_3_DOF/install
[0.147s] DEBUG:colcon.colcon_installed_package_information.package_discovery:Found 7 installed packages in /home/minh/rehab_robot_ver2_modified/install
[0.147s] DEBUG:colcon.colcon_installed_package_information.package_discovery:Found 1 installed packages in /home/minh/apriltag_ws/install
[0.147s] DEBUG:colcon.colcon_installed_package_information.package_discovery:Found 3 installed packages in /home/minh/moveit_ws/install
[0.149s] DEBUG:colcon.colcon_installed_package_information.package_discovery:Found 417 installed packages in /opt/ros/humble
[0.151s] Level 1:colcon.colcon_core.package_discovery:discover_packages(prefix_path) using defaults
[0.197s] Level 5:colcon.colcon_core.verb:set package 'gim_arm_description' build argument 'cmake_args' from command line to 'None'
[0.197s] Level 5:colcon.colcon_core.verb:set package 'gim_arm_description' build argument 'cmake_target' from command line to 'None'
[0.197s] Level 5:colcon.colcon_core.verb:set package 'gim_arm_description' build argument 'cmake_target_skip_unavailable' from command line to 'False'
[0.197s] Level 5:colcon.colcon_core.verb:set package 'gim_arm_description' build argument 'cmake_clean_cache' from command line to 'False'
[0.197s] Level 5:colcon.colcon_core.verb:set package 'gim_arm_description' build argument 'cmake_clean_first' from command line to 'False'
[0.197s] Level 5:colcon.colcon_core.verb:set package 'gim_arm_description' build argument 'cmake_force_configure' from command line to 'False'
[0.197s] Level 5:colcon.colcon_core.verb:set package 'gim_arm_description' build argument 'ament_cmake_args' from command line to 'None'
[0.197s] Level 5:colcon.colcon_core.verb:set package 'gim_arm_description' build argument 'catkin_cmake_args' from command line to 'None'
[0.197s] Level 5:colcon.colcon_core.verb:set package 'gim_arm_description' build argument 'catkin_skip_building_tests' from command line to 'False'
[0.197s] DEBUG:colcon.colcon_core.verb:Building package 'gim_arm_description' with the following arguments: {'ament_cmake_args': None, 'build_base': '/home/minh/git_gim_ws/GIM_Arm_3_DOF/build/gim_arm_description', 'catkin_cmake_args': None, 'catkin_skip_building_tests': False, 'cmake_args': None, 'cmake_clean_cache': False, 'cmake_clean_first': False, 'cmake_force_configure': False, 'cmake_target': None, 'cmake_target_skip_unavailable': False, 'install_base': '/home/minh/git_gim_ws/GIM_Arm_3_DOF/install/gim_arm_description', 'merge_install': False, 'path': '/home/minh/git_gim_ws/GIM_Arm_3_DOF/src/gim_arm_description', 'symlink_install': False, 'test_result_base': None}
[0.197s] Level 5:colcon.colcon_core.verb:set package 'gim_arm_hardware' build argument 'cmake_args' from command line to 'None'
[0.197s] Level 5:colcon.colcon_core.verb:set package 'gim_arm_hardware' build argument 'cmake_target' from command line to 'None'
[0.198s] Level 5:colcon.colcon_core.verb:set package 'gim_arm_hardware' build argument 'cmake_target_skip_unavailable' from command line to 'False'
[0.198s] Level 5:colcon.colcon_core.verb:set package 'gim_arm_hardware' build argument 'cmake_clean_cache' from command line to 'False'
[0.198s] Level 5:colcon.colcon_core.verb:set package 'gim_arm_hardware' build argument 'cmake_clean_first' from command line to 'False'
[0.198s] Level 5:colcon.colcon_core.verb:set package 'gim_arm_hardware' build argument 'cmake_force_configure' from command line to 'False'
[0.198s] Level 5:colcon.colcon_core.verb:set package 'gim_arm_hardware' build argument 'ament_cmake_args' from command line to 'None'
[0.198s] Level 5:colcon.colcon_core.verb:set package 'gim_arm_hardware' build argument 'catkin_cmake_args' from command line to 'None'
[0.198s] Level 5:colcon.colcon_core.verb:set package 'gim_arm_hardware' build argument 'catkin_skip_building_tests' from command line to 'False'
[0.198s] DEBUG:colcon.colcon_core.verb:Building package 'gim_arm_hardware' with the following arguments: {'ament_cmake_args': None, 'build_base': '/home/minh/git_gim_ws/GIM_Arm_3_DOF/build/gim_arm_hardware', 'catkin_cmake_args': None, 'catkin_skip_building_tests': False, 'cmake_args': None, 'cmake_clean_cache': False, 'cmake_clean_first': False, 'cmake_force_configure': False, 'cmake_target': None, 'cmake_target_skip_unavailable': False, 'install_base': '/home/minh/git_gim_ws/GIM_Arm_3_DOF/install/gim_arm_hardware', 'merge_install': False, 'path': '/home/minh/git_gim_ws/GIM_Arm_3_DOF/src/gim_arm_hardware', 'symlink_install': False, 'test_result_base': None}
[0.198s] Level 5:colcon.colcon_core.verb:set package 'gim_arm_moveit_config' build argument 'cmake_args' from command line to 'None'
[0.198s] Level 5:colcon.colcon_core.verb:set package 'gim_arm_moveit_config' build argument 'cmake_target' from command line to 'None'
[0.198s] Level 5:colcon.colcon_core.verb:set package 'gim_arm_moveit_config' build argument 'cmake_target_skip_unavailable' from command line to 'False'
[0.198s] Level 5:colcon.colcon_core.verb:set package 'gim_arm_moveit_config' build argument 'cmake_clean_cache' from command line to 'False'
[0.198s] Level 5:colcon.colcon_core.verb:set package 'gim_arm_moveit_config' build argument 'cmake_clean_first' from command line to 'False'
[0.198s] Level 5:colcon.colcon_core.verb:set package 'gim_arm_moveit_config' build argument 'cmake_force_configure' from command line to 'False'
[0.198s] Level 5:colcon.colcon_core.verb:set package 'gim_arm_moveit_config' build argument 'ament_cmake_args' from command line to 'None'
[0.198s] Level 5:colcon.colcon_core.verb:set package 'gim_arm_moveit_config' build argument 'catkin_cmake_args' from command line to 'None'
[0.198s] Level 5:colcon.colcon_core.verb:set package 'gim_arm_moveit_config' build argument 'catkin_skip_building_tests' from command line to 'False'
[0.198s] DEBUG:colcon.colcon_core.verb:Building package 'gim_arm_moveit_config' with the following arguments: {'ament_cmake_args': None, 'build_base': '/home/minh/git_gim_ws/GIM_Arm_3_DOF/build/gim_arm_moveit_config', 'catkin_cmake_args': None, 'catkin_skip_building_tests': False, 'cmake_args': None, 'cmake_clean_cache': False, 'cmake_clean_first': False, 'cmake_force_configure': False, 'cmake_target': None, 'cmake_target_skip_unavailable': False, 'install_base': '/home/minh/git_gim_ws/GIM_Arm_3_DOF/install/gim_arm_moveit_config', 'merge_install': False, 'path': '/home/minh/git_gim_ws/GIM_Arm_3_DOF/src/gim_arm_moveit_config', 'symlink_install': False, 'test_result_base': None}
[0.198s] Level 5:colcon.colcon_core.verb:set package 'gim_control' build argument 'cmake_args' from command line to 'None'
[0.198s] Level 5:colcon.colcon_core.verb:set package 'gim_control' build argument 'cmake_target' from command line to 'None'
[0.198s] Level 5:colcon.colcon_core.verb:set package 'gim_control' build argument 'cmake_target_skip_unavailable' from command line to 'False'
[0.198s] Level 5:colcon.colcon_core.verb:set package 'gim_control' build argument 'cmake_clean_cache' from command line to 'False'
[0.198s] Level 5:colcon.colcon_core.verb:set package 'gim_control' build argument 'cmake_clean_first' from command line to 'False'
[0.198s] Level 5:colcon.colcon_core.verb:set package 'gim_control' build argument 'cmake_force_configure' from command line to 'False'
[0.198s] Level 5:colcon.colcon_core.verb:set package 'gim_control' build argument 'ament_cmake_args' from command line to 'None'
[0.198s] Level 5:colcon.colcon_core.verb:set package 'gim_control' build argument 'catkin_cmake_args' from command line to 'None'
[0.198s] Level 5:colcon.colcon_core.verb:set package 'gim_control' build argument 'catkin_skip_building_tests' from command line to 'False'
[0.198s] DEBUG:colcon.colcon_core.verb:Building package 'gim_control' with the following arguments: {'ament_cmake_args': None, 'build_base': '/home/minh/git_gim_ws/GIM_Arm_3_DOF/build/gim_control', 'catkin_cmake_args': None, 'catkin_skip_building_tests': False, 'cmake_args': None, 'cmake_clean_cache': False, 'cmake_clean_first': False, 'cmake_force_configure': False, 'cmake_target': None, 'cmake_target_skip_unavailable': False, 'install_base': '/home/minh/git_gim_ws/GIM_Arm_3_DOF/install/gim_control', 'merge_install': False, 'path': '/home/minh/git_gim_ws/GIM_Arm_3_DOF/src/gim_arm_control', 'symlink_install': False, 'test_result_base': None}
[0.198s] INFO:colcon.colcon_core.executor:Executing jobs using 'parallel' executor
[0.199s] DEBUG:colcon.colcon_parallel_executor.executor.parallel:run_until_complete
[0.199s] INFO:colcon.colcon_ros.task.ament_cmake.build:Building ROS package in '/home/minh/git_gim_ws/GIM_Arm_3_DOF/src/gim_arm_description' with build type 'ament_cmake'
[0.199s] INFO:colcon.colcon_cmake.task.cmake.build:Building CMake package in '/home/minh/git_gim_ws/GIM_Arm_3_DOF/src/gim_arm_description'
[0.202s] INFO:colcon.colcon_core.plugin_system:Skipping extension 'colcon_core.shell.bat': Not used on non-Windows systems
[0.203s] INFO:colcon.colcon_core.shell:Skip shell extension 'powershell' for command environment: Not usable outside of PowerShell
[0.203s] DEBUG:colcon.colcon_core.shell:Skip shell extension 'dsv' for command environment
[0.207s] INFO:colcon.colcon_ros.task.ament_cmake.build:Building ROS package in '/home/minh/git_gim_ws/GIM_Arm_3_DOF/src/gim_arm_hardware' with build type 'ament_cmake'
[0.207s] INFO:colcon.colcon_cmake.task.cmake.build:Building CMake package in '/home/minh/git_gim_ws/GIM_Arm_3_DOF/src/gim_arm_hardware'
[0.207s] INFO:colcon.colcon_core.shell:Skip shell extension 'powershell' for command environment: Not usable outside of PowerShell
[0.207s] DEBUG:colcon.colcon_core.shell:Skip shell extension 'dsv' for command environment
[0.215s] DEBUG:colcon.colcon_core.event_handler.log_command:Invoking command in '/home/minh/git_gim_ws/GIM_Arm_3_DOF/build/gim_arm_description': CMAKE_PREFIX_PATH=${CMAKE_PREFIX_PATH}:/home/minh/git_gim_ws/GIM_Arm_3_DOF/install/gim_control:/home/minh/rehab_robot_ver2_modified/install/rehab_gui:/home/minh/rehab_robot_ver2_modified/install/my_rqt_plugin:/opt/ros/humble /home/minh/.local/bin/cmake --build /home/minh/git_gim_ws/GIM_Arm_3_DOF/build/gim_arm_description -- -j16 -l16
[0.218s] DEBUG:colcon.colcon_core.event_handler.log_command:Invoking command in '/home/minh/git_gim_ws/GIM_Arm_3_DOF/build/gim_arm_hardware': CMAKE_PREFIX_PATH=${CMAKE_PREFIX_PATH}:/home/minh/git_gim_ws/GIM_Arm_3_DOF/install/gim_control:/home/minh/rehab_robot_ver2_modified/install/rehab_gui:/home/minh/rehab_robot_ver2_modified/install/my_rqt_plugin:/opt/ros/humble /home/minh/.local/bin/cmake --build /home/minh/git_gim_ws/GIM_Arm_3_DOF/build/gim_arm_hardware -- -j16 -l16
[0.287s] DEBUG:colcon.colcon_core.event_handler.log_command:Invoked command in '/home/minh/git_gim_ws/GIM_Arm_3_DOF/build/gim_arm_description' returned '0': CMAKE_PREFIX_PATH=${CMAKE_PREFIX_PATH}:/home/minh/git_gim_ws/GIM_Arm_3_DOF/install/gim_control:/home/minh/rehab_robot_ver2_modified/install/rehab_gui:/home/minh/rehab_robot_ver2_modified/install/my_rqt_plugin:/opt/ros/humble /home/minh/.local/bin/cmake --build /home/minh/git_gim_ws/GIM_Arm_3_DOF/build/gim_arm_description -- -j16 -l16
[0.343s] DEBUG:colcon.colcon_core.event_handler.log_command:Invoking command in '/home/minh/git_gim_ws/GIM_Arm_3_DOF/build/gim_arm_description': CMAKE_PREFIX_PATH=${CMAKE_PREFIX_PATH}:/home/minh/git_gim_ws/GIM_Arm_3_DOF/install/gim_control:/home/minh/rehab_robot_ver2_modified/install/rehab_gui:/home/minh/rehab_robot_ver2_modified/install/my_rqt_plugin:/opt/ros/humble /home/minh/.local/bin/cmake --install /home/minh/git_gim_ws/GIM_Arm_3_DOF/build/gim_arm_description
[0.343s] DEBUG:colcon.colcon_core.event_handler.log_command:Invoked command in '/home/minh/git_gim_ws/GIM_Arm_3_DOF/build/gim_arm_hardware' returned '0': CMAKE_PREFIX_PATH=${CMAKE_PREFIX_PATH}:/home/minh/git_gim_ws/GIM_Arm_3_DOF/install/gim_control:/home/minh/rehab_robot_ver2_modified/install/rehab_gui:/home/minh/rehab_robot_ver2_modified/install/my_rqt_plugin:/opt/ros/humble /home/minh/.local/bin/cmake --build /home/minh/git_gim_ws/GIM_Arm_3_DOF/build/gim_arm_hardware -- -j16 -l16
[0.345s] DEBUG:colcon.colcon_core.event_handler.log_command:Invoking command in '/home/minh/git_gim_ws/GIM_Arm_3_DOF/build/gim_arm_hardware': CMAKE_PREFIX_PATH=${CMAKE_PREFIX_PATH}:/home/minh/git_gim_ws/GIM_Arm_3_DOF/install/gim_control:/home/minh/rehab_robot_ver2_modified/install/rehab_gui:/home/minh/rehab_robot_ver2_modified/install/my_rqt_plugin:/opt/ros/humble /home/minh/.local/bin/cmake --install /home/minh/git_gim_ws/GIM_Arm_3_DOF/build/gim_arm_hardware
[0.404s] Level 1:colcon.colcon_core.environment:create_environment_scripts_only(gim_arm_description)
[0.405s] DEBUG:colcon.colcon_core.event_handler.log_command:Invoked command in '/home/minh/git_gim_ws/GIM_Arm_3_DOF/build/gim_arm_description' returned '0': CMAKE_PREFIX_PATH=${CMAKE_PREFIX_PATH}:/home/minh/git_gim_ws/GIM_Arm_3_DOF/install/gim_control:/home/minh/rehab_robot_ver2_modified/install/rehab_gui:/home/minh/rehab_robot_ver2_modified/install/my_rqt_plugin:/opt/ros/humble /home/minh/.local/bin/cmake --install /home/minh/git_gim_ws/GIM_Arm_3_DOF/build/gim_arm_description
[0.408s] Level 1:colcon.colcon_core.environment:checking '/home/minh/git_gim_ws/GIM_Arm_3_DOF/install/gim_arm_description' for CMake module files
[0.408s] Level 1:colcon.colcon_core.environment:checking '/home/minh/git_gim_ws/GIM_Arm_3_DOF/install/gim_arm_description' for CMake config files
[0.408s] Level 1:colcon.colcon_core.shell:create_environment_hook('gim_arm_description', 'cmake_prefix_path')
[0.408s] INFO:colcon.colcon_core.shell:Creating environment hook '/home/minh/git_gim_ws/GIM_Arm_3_DOF/install/gim_arm_description/share/gim_arm_description/hook/cmake_prefix_path.ps1'
[0.409s] INFO:colcon.colcon_core.shell:Creating environment descriptor '/home/minh/git_gim_ws/GIM_Arm_3_DOF/install/gim_arm_description/share/gim_arm_description/hook/cmake_prefix_path.dsv'
[0.409s] INFO:colcon.colcon_core.shell:Creating environment hook '/home/minh/git_gim_ws/GIM_Arm_3_DOF/install/gim_arm_description/share/gim_arm_description/hook/cmake_prefix_path.sh'
[0.410s] Level 1:colcon.colcon_core.environment:checking '/home/minh/git_gim_ws/GIM_Arm_3_DOF/install/gim_arm_description/bin'
[0.410s] Level 1:colcon.colcon_core.environment:checking '/home/minh/git_gim_ws/GIM_Arm_3_DOF/install/gim_arm_description/lib/pkgconfig/gim_arm_description.pc'
[0.410s] Level 1:colcon.colcon_core.environment:checking '/home/minh/git_gim_ws/GIM_Arm_3_DOF/install/gim_arm_description/lib/python3.10/site-packages'
[0.411s] Level 1:colcon.colcon_core.environment:checking '/home/minh/git_gim_ws/GIM_Arm_3_DOF/install/gim_arm_description/bin'
[0.411s] INFO:colcon.colcon_core.shell:Creating package script '/home/minh/git_gim_ws/GIM_Arm_3_DOF/install/gim_arm_description/share/gim_arm_description/package.ps1'
[0.412s] INFO:colcon.colcon_core.shell:Creating package descriptor '/home/minh/git_gim_ws/GIM_Arm_3_DOF/install/gim_arm_description/share/gim_arm_description/package.dsv'
[0.413s] INFO:colcon.colcon_core.shell:Creating package script '/home/minh/git_gim_ws/GIM_Arm_3_DOF/install/gim_arm_description/share/gim_arm_description/package.sh'
[0.413s] INFO:colcon.colcon_core.shell:Creating package script '/home/minh/git_gim_ws/GIM_Arm_3_DOF/install/gim_arm_description/share/gim_arm_description/package.bash'
[0.414s] INFO:colcon.colcon_core.shell:Creating package script '/home/minh/git_gim_ws/GIM_Arm_3_DOF/install/gim_arm_description/share/gim_arm_description/package.zsh'
[0.415s] Level 1:colcon.colcon_core.environment:create_file_with_runtime_dependencies(/home/minh/git_gim_ws/GIM_Arm_3_DOF/install/gim_arm_description/share/colcon-core/packages/gim_arm_description)
[0.415s] Level 1:colcon.colcon_core.environment:create_environment_scripts_only(gim_arm_description)
[0.415s] Level 1:colcon.colcon_core.environment:checking '/home/minh/git_gim_ws/GIM_Arm_3_DOF/install/gim_arm_description' for CMake module files
[0.415s] Level 1:colcon.colcon_core.environment:checking '/home/minh/git_gim_ws/GIM_Arm_3_DOF/install/gim_arm_description' for CMake config files
[0.416s] Level 1:colcon.colcon_core.shell:create_environment_hook('gim_arm_description', 'cmake_prefix_path')
[0.416s] INFO:colcon.colcon_core.shell:Creating environment hook '/home/minh/git_gim_ws/GIM_Arm_3_DOF/install/gim_arm_description/share/gim_arm_description/hook/cmake_prefix_path.ps1'
[0.416s] INFO:colcon.colcon_core.shell:Creating environment descriptor '/home/minh/git_gim_ws/GIM_Arm_3_DOF/install/gim_arm_description/share/gim_arm_description/hook/cmake_prefix_path.dsv'
[0.416s] INFO:colcon.colcon_core.shell:Creating environment hook '/home/minh/git_gim_ws/GIM_Arm_3_DOF/install/gim_arm_description/share/gim_arm_description/hook/cmake_prefix_path.sh'
[0.416s] Level 1:colcon.colcon_core.environment:checking '/home/minh/git_gim_ws/GIM_Arm_3_DOF/install/gim_arm_description/bin'
[0.416s] Level 1:colcon.colcon_core.environment:checking '/home/minh/git_gim_ws/GIM_Arm_3_DOF/install/gim_arm_description/lib/pkgconfig/gim_arm_description.pc'
[0.417s] Level 1:colcon.colcon_core.environment:checking '/home/minh/git_gim_ws/GIM_Arm_3_DOF/install/gim_arm_description/lib/python3.10/site-packages'
[0.417s] Level 1:colcon.colcon_core.environment:checking '/home/minh/git_gim_ws/GIM_Arm_3_DOF/install/gim_arm_description/bin'
[0.417s] INFO:colcon.colcon_core.shell:Creating package script '/home/minh/git_gim_ws/GIM_Arm_3_DOF/install/gim_arm_description/share/gim_arm_description/package.ps1'
[0.417s] INFO:colcon.colcon_core.shell:Creating package descriptor '/home/minh/git_gim_ws/GIM_Arm_3_DOF/install/gim_arm_description/share/gim_arm_description/package.dsv'
[0.418s] INFO:colcon.colcon_core.shell:Creating package script '/home/minh/git_gim_ws/GIM_Arm_3_DOF/install/gim_arm_description/share/gim_arm_description/package.sh'
[0.418s] INFO:colcon.colcon_core.shell:Creating package script '/home/minh/git_gim_ws/GIM_Arm_3_DOF/install/gim_arm_description/share/gim_arm_description/package.bash'
[0.418s] INFO:colcon.colcon_core.shell:Creating package script '/home/minh/git_gim_ws/GIM_Arm_3_DOF/install/gim_arm_description/share/gim_arm_description/package.zsh'
[0.418s] Level 1:colcon.colcon_core.environment:create_file_with_runtime_dependencies(/home/minh/git_gim_ws/GIM_Arm_3_DOF/install/gim_arm_description/share/colcon-core/packages/gim_arm_description)
[0.418s] INFO:colcon.colcon_ros.task.ament_cmake.build:Building ROS package in '/home/minh/git_gim_ws/GIM_Arm_3_DOF/src/gim_arm_moveit_config' with build type 'ament_cmake'
[0.419s] INFO:colcon.colcon_cmake.task.cmake.build:Building CMake package in '/home/minh/git_gim_ws/GIM_Arm_3_DOF/src/gim_arm_moveit_config'
[0.419s] INFO:colcon.colcon_core.shell:Skip shell extension 'powershell' for command environment: Not usable outside of PowerShell
[0.419s] DEBUG:colcon.colcon_core.shell:Skip shell extension 'dsv' for command environment
[0.422s] INFO:colcon.colcon_ros.task.ament_python.build:Building ROS package in '/home/minh/git_gim_ws/GIM_Arm_3_DOF/src/gim_arm_control' with build type 'ament_python'
[0.422s] Level 1:colcon.colcon_core.shell:create_environment_hook('gim_control', 'ament_prefix_path')
[0.423s] INFO:colcon.colcon_core.shell:Creating environment hook '/home/minh/git_gim_ws/GIM_Arm_3_DOF/install/gim_control/share/gim_control/hook/ament_prefix_path.ps1'
[0.423s] INFO:colcon.colcon_core.shell:Creating environment descriptor '/home/minh/git_gim_ws/GIM_Arm_3_DOF/install/gim_control/share/gim_control/hook/ament_prefix_path.dsv'
[0.423s] INFO:colcon.colcon_core.shell:Creating environment hook '/home/minh/git_gim_ws/GIM_Arm_3_DOF/install/gim_control/share/gim_control/hook/ament_prefix_path.sh'
[0.423s] INFO:colcon.colcon_core.shell:Skip shell extension 'powershell' for command environment: Not usable outside of PowerShell
[0.423s] DEBUG:colcon.colcon_core.shell:Skip shell extension 'dsv' for command environment
[0.427s] Level 1:colcon.colcon_core.environment:create_environment_scripts_only(gim_arm_hardware)
[0.427s] Level 1:colcon.colcon_core.environment:checking '/home/minh/git_gim_ws/GIM_Arm_3_DOF/install/gim_arm_hardware' for CMake module files
[0.428s] DEBUG:colcon.colcon_core.event_handler.log_command:Invoked command in '/home/minh/git_gim_ws/GIM_Arm_3_DOF/build/gim_arm_hardware' returned '0': CMAKE_PREFIX_PATH=${CMAKE_PREFIX_PATH}:/home/minh/git_gim_ws/GIM_Arm_3_DOF/install/gim_control:/home/minh/rehab_robot_ver2_modified/install/rehab_gui:/home/minh/rehab_robot_ver2_modified/install/my_rqt_plugin:/opt/ros/humble /home/minh/.local/bin/cmake --install /home/minh/git_gim_ws/GIM_Arm_3_DOF/build/gim_arm_hardware
[0.428s] Level 1:colcon.colcon_core.environment:checking '/home/minh/git_gim_ws/GIM_Arm_3_DOF/install/gim_arm_hardware' for CMake config files
[0.428s] Level 1:colcon.colcon_core.shell:create_environment_hook('gim_arm_hardware', 'cmake_prefix_path')
[0.428s] INFO:colcon.colcon_core.shell:Creating environment hook '/home/minh/git_gim_ws/GIM_Arm_3_DOF/install/gim_arm_hardware/share/gim_arm_hardware/hook/cmake_prefix_path.ps1'
[0.428s] INFO:colcon.colcon_core.shell:Creating environment descriptor '/home/minh/git_gim_ws/GIM_Arm_3_DOF/install/gim_arm_hardware/share/gim_arm_hardware/hook/cmake_prefix_path.dsv'
[0.429s] INFO:colcon.colcon_core.shell:Creating environment hook '/home/minh/git_gim_ws/GIM_Arm_3_DOF/install/gim_arm_hardware/share/gim_arm_hardware/hook/cmake_prefix_path.sh'
[0.429s] Level 1:colcon.colcon_core.environment:checking '/home/minh/git_gim_ws/GIM_Arm_3_DOF/install/gim_arm_hardware/lib'
[0.429s] Level 1:colcon.colcon_core.shell:create_environment_hook('gim_arm_hardware', 'ld_library_path_lib')
[0.429s] INFO:colcon.colcon_core.shell:Creating environment hook '/home/minh/git_gim_ws/GIM_Arm_3_DOF/install/gim_arm_hardware/share/gim_arm_hardware/hook/ld_library_path_lib.ps1'
[0.429s] INFO:colcon.colcon_core.shell:Creating environment descriptor '/home/minh/git_gim_ws/GIM_Arm_3_DOF/install/gim_arm_hardware/share/gim_arm_hardware/hook/ld_library_path_lib.dsv'
[0.430s] INFO:colcon.colcon_core.shell:Creating environment hook '/home/minh/git_gim_ws/GIM_Arm_3_DOF/install/gim_arm_hardware/share/gim_arm_hardware/hook/ld_library_path_lib.sh'
[0.430s] Level 1:colcon.colcon_core.environment:checking '/home/minh/git_gim_ws/GIM_Arm_3_DOF/install/gim_arm_hardware/bin'
[0.430s] Level 1:colcon.colcon_core.environment:checking '/home/minh/git_gim_ws/GIM_Arm_3_DOF/install/gim_arm_hardware/lib/pkgconfig/gim_arm_hardware.pc'
[0.430s] Level 1:colcon.colcon_core.environment:checking '/home/minh/git_gim_ws/GIM_Arm_3_DOF/install/gim_arm_hardware/lib/python3.10/site-packages'
[0.430s] Level 1:colcon.colcon_core.environment:checking '/home/minh/git_gim_ws/GIM_Arm_3_DOF/install/gim_arm_hardware/bin'
[0.430s] INFO:colcon.colcon_core.shell:Creating package script '/home/minh/git_gim_ws/GIM_Arm_3_DOF/install/gim_arm_hardware/share/gim_arm_hardware/package.ps1'
[0.431s] INFO:colcon.colcon_core.shell:Creating package descriptor '/home/minh/git_gim_ws/GIM_Arm_3_DOF/install/gim_arm_hardware/share/gim_arm_hardware/package.dsv'
[0.431s] INFO:colcon.colcon_core.shell:Creating package script '/home/minh/git_gim_ws/GIM_Arm_3_DOF/install/gim_arm_hardware/share/gim_arm_hardware/package.sh'
[0.431s] INFO:colcon.colcon_core.shell:Creating package script '/home/minh/git_gim_ws/GIM_Arm_3_DOF/install/gim_arm_hardware/share/gim_arm_hardware/package.bash'
[0.431s] INFO:colcon.colcon_core.shell:Creating package script '/home/minh/git_gim_ws/GIM_Arm_3_DOF/install/gim_arm_hardware/share/gim_arm_hardware/package.zsh'
[0.432s] Level 1:colcon.colcon_core.environment:create_file_with_runtime_dependencies(/home/minh/git_gim_ws/GIM_Arm_3_DOF/install/gim_arm_hardware/share/colcon-core/packages/gim_arm_hardware)
[0.432s] Level 1:colcon.colcon_core.environment:create_environment_scripts_only(gim_arm_hardware)
[0.432s] Level 1:colcon.colcon_core.environment:checking '/home/minh/git_gim_ws/GIM_Arm_3_DOF/install/gim_arm_hardware' for CMake module files
[0.432s] Level 1:colcon.colcon_core.environment:checking '/home/minh/git_gim_ws/GIM_Arm_3_DOF/install/gim_arm_hardware' for CMake config files
[0.432s] Level 1:colcon.colcon_core.shell:create_environment_hook('gim_arm_hardware', 'cmake_prefix_path')
[0.433s] INFO:colcon.colcon_core.shell:Creating environment hook '/home/minh/git_gim_ws/GIM_Arm_3_DOF/install/gim_arm_hardware/share/gim_arm_hardware/hook/cmake_prefix_path.ps1'
[0.433s] INFO:colcon.colcon_core.shell:Creating environment descriptor '/home/minh/git_gim_ws/GIM_Arm_3_DOF/install/gim_arm_hardware/share/gim_arm_hardware/hook/cmake_prefix_path.dsv'
[0.433s] INFO:colcon.colcon_core.shell:Creating environment hook '/home/minh/git_gim_ws/GIM_Arm_3_DOF/install/gim_arm_hardware/share/gim_arm_hardware/hook/cmake_prefix_path.sh'
[0.433s] Level 1:colcon.colcon_core.environment:checking '/home/minh/git_gim_ws/GIM_Arm_3_DOF/install/gim_arm_hardware/lib'
[0.433s] Level 1:colcon.colcon_core.shell:create_environment_hook('gim_arm_hardware', 'ld_library_path_lib')
[0.433s] INFO:colcon.colcon_core.shell:Creating environment hook '/home/minh/git_gim_ws/GIM_Arm_3_DOF/install/gim_arm_hardware/share/gim_arm_hardware/hook/ld_library_path_lib.ps1'
[0.434s] INFO:colcon.colcon_core.shell:Creating environment descriptor '/home/minh/git_gim_ws/GIM_Arm_3_DOF/install/gim_arm_hardware/share/gim_arm_hardware/hook/ld_library_path_lib.dsv'
[0.434s] INFO:colcon.colcon_core.shell:Creating environment hook '/home/minh/git_gim_ws/GIM_Arm_3_DOF/install/gim_arm_hardware/share/gim_arm_hardware/hook/ld_library_path_lib.sh'
[0.434s] Level 1:colcon.colcon_core.environment:checking '/home/minh/git_gim_ws/GIM_Arm_3_DOF/install/gim_arm_hardware/bin'
[0.434s] Level 1:colcon.colcon_core.environment:checking '/home/minh/git_gim_ws/GIM_Arm_3_DOF/install/gim_arm_hardware/lib/pkgconfig/gim_arm_hardware.pc'
[0.434s] Level 1:colcon.colcon_core.environment:checking '/home/minh/git_gim_ws/GIM_Arm_3_DOF/install/gim_arm_hardware/lib/python3.10/site-packages'
[0.435s] Level 1:colcon.colcon_core.environment:checking '/home/minh/git_gim_ws/GIM_Arm_3_DOF/install/gim_arm_hardware/bin'
[0.435s] INFO:colcon.colcon_core.shell:Creating package script '/home/minh/git_gim_ws/GIM_Arm_3_DOF/install/gim_arm_hardware/share/gim_arm_hardware/package.ps1'
[0.435s] INFO:colcon.colcon_core.shell:Creating package descriptor '/home/minh/git_gim_ws/GIM_Arm_3_DOF/install/gim_arm_hardware/share/gim_arm_hardware/package.dsv'
[0.435s] INFO:colcon.colcon_core.shell:Creating package script '/home/minh/git_gim_ws/GIM_Arm_3_DOF/install/gim_arm_hardware/share/gim_arm_hardware/package.sh'
[0.436s] INFO:colcon.colcon_core.shell:Creating package script '/home/minh/git_gim_ws/GIM_Arm_3_DOF/install/gim_arm_hardware/share/gim_arm_hardware/package.bash'
[0.436s] INFO:colcon.colcon_core.shell:Creating package script '/home/minh/git_gim_ws/GIM_Arm_3_DOF/install/gim_arm_hardware/share/gim_arm_hardware/package.zsh'
[0.436s] Level 1:colcon.colcon_core.environment:create_file_with_runtime_dependencies(/home/minh/git_gim_ws/GIM_Arm_3_DOF/install/gim_arm_hardware/share/colcon-core/packages/gim_arm_hardware)
[0.439s] DEBUG:colcon.colcon_core.event_handler.log_command:Invoking command in '/home/minh/git_gim_ws/GIM_Arm_3_DOF/build/gim_arm_moveit_config': CMAKE_PREFIX_PATH=/home/minh/git_gim_ws/GIM_Arm_3_DOF/install/gim_arm_description:/home/minh/git_gim_ws/GIM_Arm_3_DOF/install/gim_arm_moveit_config:/home/minh/git_gim_ws/GIM_Arm_3_DOF/install/gim_arm_hardware:/home/minh/rehab_robot_ver2_modified/install/rehab_robot_ver2_control:/home/minh/rehab_robot_ver2_modified/install/rviz_custom_plugins:/home/minh/rehab_robot_ver2_modified/install/rehab_robot_ver2:/home/minh/rehab_robot_ver2_modified/install/gravity_compensation:/home/minh/rehab_robot_ver2_modified/install/can_odrive_interface:/home/minh/moveit_ws/install/my_robot_bringup:/home/minh/moveit_ws/install/my_robot_moveit_config:/home/minh/moveit_ws/install/my_robot_description:/home/minh/apriltag_ws/install/apriltag_ros:/home/minh/git_gim_ws/GIM_Arm_3_DOF/install/gim_control:/home/minh/rehab_robot_ver2_modified/install/rehab_gui:/home/minh/rehab_robot_ver2_modified/install/my_rqt_plugin:/opt/ros/humble /home/minh/.local/bin/cmake --build /home/minh/git_gim_ws/GIM_Arm_3_DOF/build/gim_arm_moveit_config -- -j16 -l16
[0.576s] INFO:colcon.colcon_core.task.python.build:Building Python package in '/home/minh/git_gim_ws/GIM_Arm_3_DOF/src/gim_arm_control'
[0.576s] INFO:colcon.colcon_core.shell:Skip shell extension 'powershell' for command environment: Not usable outside of PowerShell
[0.576s] DEBUG:colcon.colcon_core.shell:Skip shell extension 'dsv' for command environment
[0.581s] DEBUG:colcon.colcon_core.event_handler.log_command:Invoked command in '/home/minh/git_gim_ws/GIM_Arm_3_DOF/build/gim_arm_moveit_config' returned '0': CMAKE_PREFIX_PATH=/home/minh/git_gim_ws/GIM_Arm_3_DOF/install/gim_arm_description:/home/minh/git_gim_ws/GIM_Arm_3_DOF/install/gim_arm_moveit_config:/home/minh/git_gim_ws/GIM_Arm_3_DOF/install/gim_arm_hardware:/home/minh/rehab_robot_ver2_modified/install/rehab_robot_ver2_control:/home/minh/rehab_robot_ver2_modified/install/rviz_custom_plugins:/home/minh/rehab_robot_ver2_modified/install/rehab_robot_ver2:/home/minh/rehab_robot_ver2_modified/install/gravity_compensation:/home/minh/rehab_robot_ver2_modified/install/can_odrive_interface:/home/minh/moveit_ws/install/my_robot_bringup:/home/minh/moveit_ws/install/my_robot_moveit_config:/home/minh/moveit_ws/install/my_robot_description:/home/minh/apriltag_ws/install/apriltag_ros:/home/minh/git_gim_ws/GIM_Arm_3_DOF/install/gim_control:/home/minh/rehab_robot_ver2_modified/install/rehab_gui:/home/minh/rehab_robot_ver2_modified/install/my_rqt_plugin:/opt/ros/humble /home/minh/.local/bin/cmake --build /home/minh/git_gim_ws/GIM_Arm_3_DOF/build/gim_arm_moveit_config -- -j16 -l16
[0.582s] DEBUG:colcon.colcon_core.event_handler.log_command:Invoking command in '/home/minh/git_gim_ws/GIM_Arm_3_DOF/build/gim_arm_moveit_config': CMAKE_PREFIX_PATH=/home/minh/git_gim_ws/GIM_Arm_3_DOF/install/gim_arm_description:/home/minh/git_gim_ws/GIM_Arm_3_DOF/install/gim_arm_moveit_config:/home/minh/git_gim_ws/GIM_Arm_3_DOF/install/gim_arm_hardware:/home/minh/rehab_robot_ver2_modified/install/rehab_robot_ver2_control:/home/minh/rehab_robot_ver2_modified/install/rviz_custom_plugins:/home/minh/rehab_robot_ver2_modified/install/rehab_robot_ver2:/home/minh/rehab_robot_ver2_modified/install/gravity_compensation:/home/minh/rehab_robot_ver2_modified/install/can_odrive_interface:/home/minh/moveit_ws/install/my_robot_bringup:/home/minh/moveit_ws/install/my_robot_moveit_config:/home/minh/moveit_ws/install/my_robot_description:/home/minh/apriltag_ws/install/apriltag_ros:/home/minh/git_gim_ws/GIM_Arm_3_DOF/install/gim_control:/home/minh/rehab_robot_ver2_modified/install/rehab_gui:/home/minh/rehab_robot_ver2_modified/install/my_rqt_plugin:/opt/ros/humble /home/minh/.local/bin/cmake --install /home/minh/git_gim_ws/GIM_Arm_3_DOF/build/gim_arm_moveit_config
[0.644s] Level 1:colcon.colcon_core.environment:create_environment_scripts_only(gim_arm_moveit_config)
[0.644s] Level 1:colcon.colcon_core.environment:checking '/home/minh/git_gim_ws/GIM_Arm_3_DOF/install/gim_arm_moveit_config' for CMake module files
[0.644s] DEBUG:colcon.colcon_core.event_handler.log_command:Invoked command in '/home/minh/git_gim_ws/GIM_Arm_3_DOF/build/gim_arm_moveit_config' returned '0': CMAKE_PREFIX_PATH=/home/minh/git_gim_ws/GIM_Arm_3_DOF/install/gim_arm_description:/home/minh/git_gim_ws/GIM_Arm_3_DOF/install/gim_arm_moveit_config:/home/minh/git_gim_ws/GIM_Arm_3_DOF/install/gim_arm_hardware:/home/minh/rehab_robot_ver2_modified/install/rehab_robot_ver2_control:/home/minh/rehab_robot_ver2_modified/install/rviz_custom_plugins:/home/minh/rehab_robot_ver2_modified/install/rehab_robot_ver2:/home/minh/rehab_robot_ver2_modified/install/gravity_compensation:/home/minh/rehab_robot_ver2_modified/install/can_odrive_interface:/home/minh/moveit_ws/install/my_robot_bringup:/home/minh/moveit_ws/install/my_robot_moveit_config:/home/minh/moveit_ws/install/my_robot_description:/home/minh/apriltag_ws/install/apriltag_ros:/home/minh/git_gim_ws/GIM_Arm_3_DOF/install/gim_control:/home/minh/rehab_robot_ver2_modified/install/rehab_gui:/home/minh/rehab_robot_ver2_modified/install/my_rqt_plugin:/opt/ros/humble /home/minh/.local/bin/cmake --install /home/minh/git_gim_ws/GIM_Arm_3_DOF/build/gim_arm_moveit_config
[0.645s] Level 1:colcon.colcon_core.environment:checking '/home/minh/git_gim_ws/GIM_Arm_3_DOF/install/gim_arm_moveit_config' for CMake config files
[0.645s] Level 1:colcon.colcon_core.shell:create_environment_hook('gim_arm_moveit_config', 'cmake_prefix_path')
[0.645s] INFO:colcon.colcon_core.shell:Creating environment hook '/home/minh/git_gim_ws/GIM_Arm_3_DOF/install/gim_arm_moveit_config/share/gim_arm_moveit_config/hook/cmake_prefix_path.ps1'
[0.645s] INFO:colcon.colcon_core.shell:Creating environment descriptor '/home/minh/git_gim_ws/GIM_Arm_3_DOF/install/gim_arm_moveit_config/share/gim_arm_moveit_config/hook/cmake_prefix_path.dsv'
[0.646s] INFO:colcon.colcon_core.shell:Creating environment hook '/home/minh/git_gim_ws/GIM_Arm_3_DOF/install/gim_arm_moveit_config/share/gim_arm_moveit_config/hook/cmake_prefix_path.sh'
[0.646s] Level 1:colcon.colcon_core.environment:checking '/home/minh/git_gim_ws/GIM_Arm_3_DOF/install/gim_arm_moveit_config/bin'
[0.646s] Level 1:colcon.colcon_core.environment:checking '/home/minh/git_gim_ws/GIM_Arm_3_DOF/install/gim_arm_moveit_config/lib/pkgconfig/gim_arm_moveit_config.pc'
[0.646s] Level 1:colcon.colcon_core.environment:checking '/home/minh/git_gim_ws/GIM_Arm_3_DOF/install/gim_arm_moveit_config/lib/python3.10/site-packages'
[0.647s] Level 1:colcon.colcon_core.environment:checking '/home/minh/git_gim_ws/GIM_Arm_3_DOF/install/gim_arm_moveit_config/bin'
[0.647s] INFO:colcon.colcon_core.shell:Creating package script '/home/minh/git_gim_ws/GIM_Arm_3_DOF/install/gim_arm_moveit_config/share/gim_arm_moveit_config/package.ps1'
[0.647s] INFO:colcon.colcon_core.shell:Creating package descriptor '/home/minh/git_gim_ws/GIM_Arm_3_DOF/install/gim_arm_moveit_config/share/gim_arm_moveit_config/package.dsv'
[0.648s] INFO:colcon.colcon_core.shell:Creating package script '/home/minh/git_gim_ws/GIM_Arm_3_DOF/install/gim_arm_moveit_config/share/gim_arm_moveit_config/package.sh'
[0.648s] INFO:colcon.colcon_core.shell:Creating package script '/home/minh/git_gim_ws/GIM_Arm_3_DOF/install/gim_arm_moveit_config/share/gim_arm_moveit_config/package.bash'
[0.648s] INFO:colcon.colcon_core.shell:Creating package script '/home/minh/git_gim_ws/GIM_Arm_3_DOF/install/gim_arm_moveit_config/share/gim_arm_moveit_config/package.zsh'
[0.648s] Level 1:colcon.colcon_core.environment:create_file_with_runtime_dependencies(/home/minh/git_gim_ws/GIM_Arm_3_DOF/install/gim_arm_moveit_config/share/colcon-core/packages/gim_arm_moveit_config)
[0.649s] Level 1:colcon.colcon_core.environment:create_environment_scripts_only(gim_arm_moveit_config)
[0.649s] Level 1:colcon.colcon_core.environment:checking '/home/minh/git_gim_ws/GIM_Arm_3_DOF/install/gim_arm_moveit_config' for CMake module files
[0.649s] Level 1:colcon.colcon_core.environment:checking '/home/minh/git_gim_ws/GIM_Arm_3_DOF/install/gim_arm_moveit_config' for CMake config files
[0.649s] Level 1:colcon.colcon_core.shell:create_environment_hook('gim_arm_moveit_config', 'cmake_prefix_path')
[0.649s] INFO:colcon.colcon_core.shell:Creating environment hook '/home/minh/git_gim_ws/GIM_Arm_3_DOF/install/gim_arm_moveit_config/share/gim_arm_moveit_config/hook/cmake_prefix_path.ps1'
[0.649s] INFO:colcon.colcon_core.shell:Creating environment descriptor '/home/minh/git_gim_ws/GIM_Arm_3_DOF/install/gim_arm_moveit_config/share/gim_arm_moveit_config/hook/cmake_prefix_path.dsv'
[0.650s] INFO:colcon.colcon_core.shell:Creating environment hook '/home/minh/git_gim_ws/GIM_Arm_3_DOF/install/gim_arm_moveit_config/share/gim_arm_moveit_config/hook/cmake_prefix_path.sh'
[0.650s] Level 1:colcon.colcon_core.environment:checking '/home/minh/git_gim_ws/GIM_Arm_3_DOF/install/gim_arm_moveit_config/bin'
[0.650s] Level 1:colcon.colcon_core.environment:checking '/home/minh/git_gim_ws/GIM_Arm_3_DOF/install/gim_arm_moveit_config/lib/pkgconfig/gim_arm_moveit_config.pc'
[0.650s] Level 1:colcon.colcon_core.environment:checking '/home/minh/git_gim_ws/GIM_Arm_3_DOF/install/gim_arm_moveit_config/lib/python3.10/site-packages'
[0.650s] Level 1:colcon.colcon_core.environment:checking '/home/minh/git_gim_ws/GIM_Arm_3_DOF/install/gim_arm_moveit_config/bin'
[0.650s] INFO:colcon.colcon_core.shell:Creating package script '/home/minh/git_gim_ws/GIM_Arm_3_DOF/install/gim_arm_moveit_config/share/gim_arm_moveit_config/package.ps1'
[0.651s] INFO:colcon.colcon_core.shell:Creating package descriptor '/home/minh/git_gim_ws/GIM_Arm_3_DOF/install/gim_arm_moveit_config/share/gim_arm_moveit_config/package.dsv'
[0.651s] INFO:colcon.colcon_core.shell:Creating package script '/home/minh/git_gim_ws/GIM_Arm_3_DOF/install/gim_arm_moveit_config/share/gim_arm_moveit_config/package.sh'
[0.651s] INFO:colcon.colcon_core.shell:Creating package script '/home/minh/git_gim_ws/GIM_Arm_3_DOF/install/gim_arm_moveit_config/share/gim_arm_moveit_config/package.bash'
[0.651s] INFO:colcon.colcon_core.shell:Creating package script '/home/minh/git_gim_ws/GIM_Arm_3_DOF/install/gim_arm_moveit_config/share/gim_arm_moveit_config/package.zsh'
[0.652s] Level 1:colcon.colcon_core.environment:create_file_with_runtime_dependencies(/home/minh/git_gim_ws/GIM_Arm_3_DOF/install/gim_arm_moveit_config/share/colcon-core/packages/gim_arm_moveit_config)
[0.872s] DEBUG:colcon.colcon_core.task.python.build:Available setuptools commands: check, rotate, egg_info, build_scripts, install_lib, install_scripts, compile_catalog, install_data, develop, easy_install, install_egg_info, editable_wheel, build, init_catalog, build_clib, build_py, bdist, dist_info, alias, setopt, bdist_rpm, build_ext, sdist, extract_messages, symlink_data, install_headers, bdist_dumb, saveopts, install, bdist_wheel, update_catalog, clean, bdist_egg
[0.874s] DEBUG:colcon.colcon_core.event_handler.log_command:Invoking command in '/home/minh/git_gim_ws/GIM_Arm_3_DOF/src/gim_arm_control': CMAKE_PREFIX_PATH=/home/minh/git_gim_ws/GIM_Arm_3_DOF/install/gim_arm_description:/home/minh/git_gim_ws/GIM_Arm_3_DOF/install/gim_arm_moveit_config:/home/minh/git_gim_ws/GIM_Arm_3_DOF/install/gim_arm_hardware:/home/minh/rehab_robot_ver2_modified/install/rehab_robot_ver2_control:/home/minh/rehab_robot_ver2_modified/install/rviz_custom_plugins:/home/minh/rehab_robot_ver2_modified/install/rehab_robot_ver2:/home/minh/rehab_robot_ver2_modified/install/gravity_compensation:/home/minh/rehab_robot_ver2_modified/install/can_odrive_interface:/home/minh/moveit_ws/install/my_robot_bringup:/home/minh/moveit_ws/install/my_robot_moveit_config:/home/minh/moveit_ws/install/my_robot_description:/home/minh/apriltag_ws/install/apriltag_ros PYTHONPATH=/home/minh/git_gim_ws/GIM_Arm_3_DOF/build/gim_control/prefix_override:/usr/lib/python3/dist-packages/colcon_core/task/python/colcon_distutils_commands:/home/minh/git_gim_ws/GIM_Arm_3_DOF/install/gim_control/lib/python3.10/site-packages:${PYTHONPATH} /usr/bin/python3 -W ignore:setup.py install is deprecated -W ignore:easy_install command is deprecated setup.py egg_info --egg-base ../../build/gim_control build --build-base /home/minh/git_gim_ws/GIM_Arm_3_DOF/build/gim_control/build install --record /home/minh/git_gim_ws/GIM_Arm_3_DOF/build/gim_control/install.log --install-scripts $base/lib/gim_control --single-version-externally-managed install_data
[1.139s] Level 1:colcon.colcon_core.environment:checking '/home/minh/git_gim_ws/GIM_Arm_3_DOF/install/gim_control' for CMake module files
[1.139s] DEBUG:colcon.colcon_core.event_handler.log_command:Invoked command in '/home/minh/git_gim_ws/GIM_Arm_3_DOF/src/gim_arm_control' returned '0': CMAKE_PREFIX_PATH=/home/minh/git_gim_ws/GIM_Arm_3_DOF/install/gim_arm_description:/home/minh/git_gim_ws/GIM_Arm_3_DOF/install/gim_arm_moveit_config:/home/minh/git_gim_ws/GIM_Arm_3_DOF/install/gim_arm_hardware:/home/minh/rehab_robot_ver2_modified/install/rehab_robot_ver2_control:/home/minh/rehab_robot_ver2_modified/install/rviz_custom_plugins:/home/minh/rehab_robot_ver2_modified/install/rehab_robot_ver2:/home/minh/rehab_robot_ver2_modified/install/gravity_compensation:/home/minh/rehab_robot_ver2_modified/install/can_odrive_interface:/home/minh/moveit_ws/install/my_robot_bringup:/home/minh/moveit_ws/install/my_robot_moveit_config:/home/minh/moveit_ws/install/my_robot_description:/home/minh/apriltag_ws/install/apriltag_ros PYTHONPATH=/home/minh/git_gim_ws/GIM_Arm_3_DOF/build/gim_control/prefix_override:/usr/lib/python3/dist-packages/colcon_core/task/python/colcon_distutils_commands:/home/minh/git_gim_ws/GIM_Arm_3_DOF/install/gim_control/lib/python3.10/site-packages:${PYTHONPATH} /usr/bin/python3 -W ignore:setup.py install is deprecated -W ignore:easy_install command is deprecated setup.py egg_info --egg-base ../../build/gim_control build --build-base /home/minh/git_gim_ws/GIM_Arm_3_DOF/build/gim_control/build install --record /home/minh/git_gim_ws/GIM_Arm_3_DOF/build/gim_control/install.log --install-scripts $base/lib/gim_control --single-version-externally-managed install_data
[1.140s] Level 1:colcon.colcon_core.environment:checking '/home/minh/git_gim_ws/GIM_Arm_3_DOF/install/gim_control' for CMake config files
[1.140s] Level 1:colcon.colcon_core.environment:checking '/home/minh/git_gim_ws/GIM_Arm_3_DOF/install/gim_control/lib'
[1.140s] Level 1:colcon.colcon_core.environment:checking '/home/minh/git_gim_ws/GIM_Arm_3_DOF/install/gim_control/bin'
[1.140s] Level 1:colcon.colcon_core.environment:checking '/home/minh/git_gim_ws/GIM_Arm_3_DOF/install/gim_control/lib/pkgconfig/gim_control.pc'
[1.140s] Level 1:colcon.colcon_core.environment:checking '/home/minh/git_gim_ws/GIM_Arm_3_DOF/install/gim_control/lib/python3.10/site-packages'
[1.140s] Level 1:colcon.colcon_core.shell:create_environment_hook('gim_control', 'pythonpath')
[1.141s] INFO:colcon.colcon_core.shell:Creating environment hook '/home/minh/git_gim_ws/GIM_Arm_3_DOF/install/gim_control/share/gim_control/hook/pythonpath.ps1'
[1.141s] INFO:colcon.colcon_core.shell:Creating environment descriptor '/home/minh/git_gim_ws/GIM_Arm_3_DOF/install/gim_control/share/gim_control/hook/pythonpath.dsv'
[1.141s] INFO:colcon.colcon_core.shell:Creating environment hook '/home/minh/git_gim_ws/GIM_Arm_3_DOF/install/gim_control/share/gim_control/hook/pythonpath.sh'
[1.142s] Level 1:colcon.colcon_core.environment:checking '/home/minh/git_gim_ws/GIM_Arm_3_DOF/install/gim_control/bin'
[1.142s] Level 1:colcon.colcon_core.environment:create_environment_scripts_only(gim_control)
[1.142s] INFO:colcon.colcon_core.shell:Creating package script '/home/minh/git_gim_ws/GIM_Arm_3_DOF/install/gim_control/share/gim_control/package.ps1'
[1.142s] INFO:colcon.colcon_core.shell:Creating package descriptor '/home/minh/git_gim_ws/GIM_Arm_3_DOF/install/gim_control/share/gim_control/package.dsv'
[1.142s] INFO:colcon.colcon_core.shell:Creating package script '/home/minh/git_gim_ws/GIM_Arm_3_DOF/install/gim_control/share/gim_control/package.sh'
[1.143s] INFO:colcon.colcon_core.shell:Creating package script '/home/minh/git_gim_ws/GIM_Arm_3_DOF/install/gim_control/share/gim_control/package.bash'
[1.143s] INFO:colcon.colcon_core.shell:Creating package script '/home/minh/git_gim_ws/GIM_Arm_3_DOF/install/gim_control/share/gim_control/package.zsh'
[1.143s] Level 1:colcon.colcon_core.environment:create_file_with_runtime_dependencies(/home/minh/git_gim_ws/GIM_Arm_3_DOF/install/gim_control/share/colcon-core/packages/gim_control)
[1.143s] DEBUG:colcon.colcon_parallel_executor.executor.parallel:closing loop
[1.143s] DEBUG:colcon.colcon_parallel_executor.executor.parallel:loop closed
[1.143s] DEBUG:colcon.colcon_parallel_executor.executor.parallel:run_until_complete finished with '0'
[1.143s] DEBUG:colcon.colcon_core.event_reactor:joining thread
[1.149s] INFO:colcon.colcon_core.plugin_system:Skipping extension 'colcon_notification.desktop_notification.terminal_notifier': Not used on non-Darwin systems
[1.149s] INFO:colcon.colcon_core.plugin_system:Skipping extension 'colcon_notification.desktop_notification.win32': Not used on non-Windows systems
[1.149s] INFO:colcon.colcon_notification.desktop_notification:Sending desktop notification using 'notify2'
[1.159s] DEBUG:colcon.colcon_core.event_reactor:joined thread
[1.159s] INFO:colcon.colcon_core.shell:Creating prefix script '/home/minh/git_gim_ws/GIM_Arm_3_DOF/install/local_setup.ps1'
[1.160s] INFO:colcon.colcon_core.shell:Creating prefix util module '/home/minh/git_gim_ws/GIM_Arm_3_DOF/install/_local_setup_util_ps1.py'
[1.161s] INFO:colcon.colcon_core.shell:Creating prefix chain script '/home/minh/git_gim_ws/GIM_Arm_3_DOF/install/setup.ps1'
[1.163s] INFO:colcon.colcon_core.shell:Creating prefix script '/home/minh/git_gim_ws/GIM_Arm_3_DOF/install/local_setup.sh'
[1.163s] INFO:colcon.colcon_core.shell:Creating prefix util module '/home/minh/git_gim_ws/GIM_Arm_3_DOF/install/_local_setup_util_sh.py'
[1.163s] INFO:colcon.colcon_core.shell:Creating prefix chain script '/home/minh/git_gim_ws/GIM_Arm_3_DOF/install/setup.sh'
[1.164s] INFO:colcon.colcon_core.shell:Creating prefix script '/home/minh/git_gim_ws/GIM_Arm_3_DOF/install/local_setup.bash'
[1.165s] INFO:colcon.colcon_core.shell:Creating prefix chain script '/home/minh/git_gim_ws/GIM_Arm_3_DOF/install/setup.bash'
[1.166s] INFO:colcon.colcon_core.shell:Creating prefix script '/home/minh/git_gim_ws/GIM_Arm_3_DOF/install/local_setup.zsh'
[1.167s] INFO:colcon.colcon_core.shell:Creating prefix chain script '/home/minh/git_gim_ws/GIM_Arm_3_DOF/install/setup.zsh'
