-- The C compiler identification is GNU 11.4.0
-- The CXX compiler identification is GNU 11.4.0
-- Detecting C compiler ABI info
-- Detecting C compiler ABI info - done
-- Check for working C compiler: /usr/bin/cc - skipped
-- Detecting C compile features
-- Detecting C compile features - done
-- Detecting CXX compiler ABI info
-- Detecting CXX compiler ABI info - done
-- Check for working CXX compiler: /usr/bin/c++ - skipped
-- Detecting CXX compile features
-- Detecting CXX compile features - done
-- Found ament_cmake: 1.3.14 (/opt/ros/humble/share/ament_cmake/cmake)
-- Found Python3: /usr/bin/python3 (found version "3.10.12") found components: Interpreter
-- Override CMake install command with custom implementation using symlinks instead of copying resources
-- Configuring done (0.6s)
-- Generating done (0.0s)
-- Build files have been written to: /home/minh/git_gim_ws/GIM_Arm_3_DOF/build/gim_arm_moveit_config
-- Install configuration: ""
-- Execute custom install script
-- Symlinking: /home/minh/git_gim_ws/GIM_Arm_3_DOF/install/gim_arm_moveit_config/share/ament_index/resource_index/package_run_dependencies/gim_arm_moveit_config
-- Symlinking: /home/minh/git_gim_ws/GIM_Arm_3_DOF/install/gim_arm_moveit_config/share/ament_index/resource_index/parent_prefix_path/gim_arm_moveit_config
-- Symlinking: /home/minh/git_gim_ws/GIM_Arm_3_DOF/install/gim_arm_moveit_config/share/gim_arm_moveit_config/environment/ament_prefix_path.sh
-- Symlinking: /home/minh/git_gim_ws/GIM_Arm_3_DOF/install/gim_arm_moveit_config/share/gim_arm_moveit_config/environment/ament_prefix_path.dsv
-- Symlinking: /home/minh/git_gim_ws/GIM_Arm_3_DOF/install/gim_arm_moveit_config/share/gim_arm_moveit_config/environment/path.sh
-- Symlinking: /home/minh/git_gim_ws/GIM_Arm_3_DOF/install/gim_arm_moveit_config/share/gim_arm_moveit_config/environment/path.dsv
-- Symlinking: /home/minh/git_gim_ws/GIM_Arm_3_DOF/install/gim_arm_moveit_config/share/gim_arm_moveit_config/local_setup.bash
-- Symlinking: /home/minh/git_gim_ws/GIM_Arm_3_DOF/install/gim_arm_moveit_config/share/gim_arm_moveit_config/local_setup.sh
-- Symlinking: /home/minh/git_gim_ws/GIM_Arm_3_DOF/install/gim_arm_moveit_config/share/gim_arm_moveit_config/local_setup.zsh
-- Symlinking: /home/minh/git_gim_ws/GIM_Arm_3_DOF/install/gim_arm_moveit_config/share/gim_arm_moveit_config/local_setup.dsv
-- Symlinking: /home/minh/git_gim_ws/GIM_Arm_3_DOF/install/gim_arm_moveit_config/share/gim_arm_moveit_config/package.dsv
-- Symlinking: /home/minh/git_gim_ws/GIM_Arm_3_DOF/install/gim_arm_moveit_config/share/ament_index/resource_index/packages/gim_arm_moveit_config
-- Symlinking: /home/minh/git_gim_ws/GIM_Arm_3_DOF/install/gim_arm_moveit_config/share/gim_arm_moveit_config/cmake/gim_arm_moveit_configConfig.cmake
-- Symlinking: /home/minh/git_gim_ws/GIM_Arm_3_DOF/install/gim_arm_moveit_config/share/gim_arm_moveit_config/cmake/gim_arm_moveit_configConfig-version.cmake
-- Symlinking: /home/minh/git_gim_ws/GIM_Arm_3_DOF/install/gim_arm_moveit_config/share/gim_arm_moveit_config/package.xml
-- Symlinking: /home/minh/git_gim_ws/GIM_Arm_3_DOF/install/gim_arm_moveit_config/share/gim_arm_moveit_config/launch/demo.launch.py
-- Symlinking: /home/minh/git_gim_ws/GIM_Arm_3_DOF/install/gim_arm_moveit_config/share/gim_arm_moveit_config/launch/move_group.launch.py
-- Symlinking: /home/minh/git_gim_ws/GIM_Arm_3_DOF/install/gim_arm_moveit_config/share/gim_arm_moveit_config/launch/moveit_rviz.launch.py
-- Symlinking: /home/minh/git_gim_ws/GIM_Arm_3_DOF/install/gim_arm_moveit_config/share/gim_arm_moveit_config/launch/rsp.launch.py
-- Symlinking: /home/minh/git_gim_ws/GIM_Arm_3_DOF/install/gim_arm_moveit_config/share/gim_arm_moveit_config/launch/setup_assistant.launch.py
-- Symlinking: /home/minh/git_gim_ws/GIM_Arm_3_DOF/install/gim_arm_moveit_config/share/gim_arm_moveit_config/launch/spawn_controllers.launch.py
-- Symlinking: /home/minh/git_gim_ws/GIM_Arm_3_DOF/install/gim_arm_moveit_config/share/gim_arm_moveit_config/launch/static_virtual_joint_tfs.launch.py
-- Symlinking: /home/minh/git_gim_ws/GIM_Arm_3_DOF/install/gim_arm_moveit_config/share/gim_arm_moveit_config/launch/warehouse_db.launch.py
-- Symlinking: /home/minh/git_gim_ws/GIM_Arm_3_DOF/install/gim_arm_moveit_config/share/gim_arm_moveit_config/config/gim_arm.ros2_control.xacro
-- Symlinking: /home/minh/git_gim_ws/GIM_Arm_3_DOF/install/gim_arm_moveit_config/share/gim_arm_moveit_config/config/gim_arm.srdf
-- Symlinking: /home/minh/git_gim_ws/GIM_Arm_3_DOF/install/gim_arm_moveit_config/share/gim_arm_moveit_config/config/gim_arm_urdf.xacro
-- Symlinking: /home/minh/git_gim_ws/GIM_Arm_3_DOF/install/gim_arm_moveit_config/share/gim_arm_moveit_config/config/initial_positions.yaml
-- Symlinking: /home/minh/git_gim_ws/GIM_Arm_3_DOF/install/gim_arm_moveit_config/share/gim_arm_moveit_config/config/joint_limits.yaml
-- Symlinking: /home/minh/git_gim_ws/GIM_Arm_3_DOF/install/gim_arm_moveit_config/share/gim_arm_moveit_config/config/kinematics.yaml
-- Symlinking: /home/minh/git_gim_ws/GIM_Arm_3_DOF/install/gim_arm_moveit_config/share/gim_arm_moveit_config/config/moveit.rviz
-- Symlinking: /home/minh/git_gim_ws/GIM_Arm_3_DOF/install/gim_arm_moveit_config/share/gim_arm_moveit_config/config/moveit_controllers.yaml
-- Symlinking: /home/minh/git_gim_ws/GIM_Arm_3_DOF/install/gim_arm_moveit_config/share/gim_arm_moveit_config/config/pilz_cartesian_limits.yaml
-- Symlinking: /home/minh/git_gim_ws/GIM_Arm_3_DOF/install/gim_arm_moveit_config/share/gim_arm_moveit_config/config/ros2_controllers.yaml
-- Symlinking: /home/minh/git_gim_ws/GIM_Arm_3_DOF/install/gim_arm_moveit_config/share/gim_arm_moveit_config/.setup_assistant
