1791301382.6828952 [INFO] [launch]: All log files can be found below /home/mirabo/GIM_Arm_3_DOF/results/lqr_matlab_gazebo/ros_logs/2026-10-06-22-43-02-681977-mirabo-NUC-10317
1791301382.6830122 [INFO] [launch]: Default logging verbosity is set to INFO
1791301383.0000198 [INFO] [gzserver-1]: process started with pid [10328]
1791301383.0002854 [INFO] [robot_state_publisher-2]: process started with pid [10330]
1791301383.0003750 [INFO] [spawn_entity.py-3]: process started with pid [10332]
1791301384.0764484 [gzserver-1] [INFO] [1791301384.075383038] [gazebo_ros2_control]: Loading gazebo_ros2_control plugin
1791301384.0809364 [gzserver-1] [INFO] [1791301384.080692837] [gazebo_ros2_control]: Starting gazebo_ros2_control plugin in namespace: /
1791301384.0812633 [gzserver-1] [INFO] [1791301384.080881710] [gazebo_ros2_control]: Starting gazebo_ros2_control plugin in ros 2 node: gazebo_ros2_control
1791301384.0833235 [gzserver-1] [INFO] [1791301384.082722212] [gazebo_ros2_control]: connected to service!! robot_state_publisher
1791301384.0844445 [gzserver-1] [INFO] [1791301384.084115008] [gazebo_ros2_control]: Received urdf from param server, parsing...
1791301384.0845520 [gzserver-1] [INFO] [1791301384.084316749] [gazebo_ros2_control]: Loading parameter files /home/mirabo/GIM_Arm_3_DOF/install/gim_control/share/gim_control/config/controllers_gazebo.yaml
1791301384.0960472 [gzserver-1] [INFO] [1791301384.095696688] [gazebo_ros2_control]: Loading joint: base_joint
1791301384.0962362 [gzserver-1] [INFO] [1791301384.095758130] [gazebo_ros2_control]: 	State:
1791301384.0962713 [gzserver-1] [INFO] [1791301384.095764678] [gazebo_ros2_control]: 		 position
1791301384.0962946 [gzserver-1] [INFO] [1791301384.095772919] [gazebo_ros2_control]: 			 found initial value: 0.000000
1791301384.0963166 [gzserver-1] [INFO] [1791301384.095784843] [gazebo_ros2_control]: 		 velocity
1791301384.0963361 [gzserver-1] [INFO] [1791301384.095788500] [gazebo_ros2_control]: 		 effort
1791301384.0963564 [gzserver-1] [INFO] [1791301384.095791709] [gazebo_ros2_control]: 	Command:
1791301384.0963750 [gzserver-1] [INFO] [1791301384.095794836] [gazebo_ros2_control]: 		 position
1791301384.0966101 [gzserver-1] [INFO] [1791301384.096065699] [gazebo_ros2_control]: 		 velocity
1791301384.0966725 [gzserver-1] [INFO] [1791301384.096112803] [gazebo_ros2_control]: 		 effort
1791301384.0967064 [gzserver-1] [INFO] [1791301384.096119066] [gazebo_ros2_control]: Loading joint: shoulder_joint
1791301384.0967300 [gzserver-1] [INFO] [1791301384.096122683] [gazebo_ros2_control]: 	State:
1791301384.0967515 [gzserver-1] [INFO] [1791301384.096126169] [gazebo_ros2_control]: 		 position
1791301384.0967720 [gzserver-1] [INFO] [1791301384.096130553] [gazebo_ros2_control]: 			 found initial value: 0.000000
1791301384.0967920 [gzserver-1] [INFO] [1791301384.096135695] [gazebo_ros2_control]: 		 velocity
1791301384.0968132 [gzserver-1] [INFO] [1791301384.096139135] [gazebo_ros2_control]: 		 effort
1791301384.0968361 [gzserver-1] [INFO] [1791301384.096144812] [gazebo_ros2_control]: 	Command:
1791301384.0968587 [gzserver-1] [INFO] [1791301384.096149748] [gazebo_ros2_control]: 		 position
1791301384.0968921 [gzserver-1] [INFO] [1791301384.096177976] [gazebo_ros2_control]: 		 velocity
1791301384.0969119 [gzserver-1] [INFO] [1791301384.096202191] [gazebo_ros2_control]: 		 effort
1791301384.0969412 [gzserver-1] [INFO] [1791301384.096206005] [gazebo_ros2_control]: Loading joint: elbow_joint
1791301384.0969608 [gzserver-1] [INFO] [1791301384.096209723] [gazebo_ros2_control]: 	State:
1791301384.0969787 [gzserver-1] [INFO] [1791301384.096212769] [gazebo_ros2_control]: 		 position
1791301384.0969977 [gzserver-1] [INFO] [1791301384.096215726] [gazebo_ros2_control]: 			 found initial value: 0.000000
1791301384.0970190 [gzserver-1] [INFO] [1791301384.096219381] [gazebo_ros2_control]: 		 velocity
1791301384.0970488 [gzserver-1] [INFO] [1791301384.096222453] [gazebo_ros2_control]: 		 effort
1791301384.0970793 [gzserver-1] [INFO] [1791301384.096229854] [gazebo_ros2_control]: 	Command:
1791301384.0971024 [gzserver-1] [INFO] [1791301384.096233073] [gazebo_ros2_control]: 		 position
1791301384.0971241 [gzserver-1] [INFO] [1791301384.096259868] [gazebo_ros2_control]: 		 velocity
1791301384.0971441 [gzserver-1] [INFO] [1791301384.096306407] [gazebo_ros2_control]: 		 effort
1791301384.0971627 [gzserver-1] [INFO] [1791301384.096353111] [resource_manager]: Initialize hardware 'GazeboSystem' 
1791301384.0971818 [gzserver-1] [INFO] [1791301384.096453818] [resource_manager]: Successful initialization of hardware 'GazeboSystem'
1791301384.0973380 [gzserver-1] [INFO] [1791301384.096516951] [resource_manager]: 'configure' hardware 'GazeboSystem' 
1791301384.0973780 [gzserver-1] [INFO] [1791301384.096524037] [resource_manager]: Successful 'configure' of hardware 'GazeboSystem'
1791301384.0974028 [gzserver-1] [INFO] [1791301384.096529501] [resource_manager]: 'activate' hardware 'GazeboSystem' 
1791301384.0974300 [gzserver-1] [INFO] [1791301384.096533406] [resource_manager]: Successful 'activate' of hardware 'GazeboSystem'
1791301384.0974512 [gzserver-1] [INFO] [1791301384.096595913] [gazebo_ros2_control]: Loading controller_manager
1791301384.1148567 [gzserver-1] [INFO] [1791301384.114638699] [gazebo_ros2_control]: Loaded gazebo_ros2_control.
1791301384.2150512 [INFO] [spawn_entity.py-3]: process has finished cleanly [pid 10332]
1791301384.2182124 [INFO] [ros2-4]: process started with pid [10455]
1791301385.0313749 [INFO] [ros2-4]: process has finished cleanly [pid 10455]
1791301385.0338118 [INFO] [spawner-5]: process started with pid [10468]
1791301385.2939379 [gzserver-1] [INFO] [1791301385.293519461] [controller_manager]: Loading controller 'joint_state_broadcaster'
1791301385.3129616 [gzserver-1] [INFO] [1791301385.312751200] [controller_manager]: Configuring controller 'joint_state_broadcaster'
1791301385.3133230 [gzserver-1] [INFO] [1791301385.313108627] [joint_state_broadcaster]: 'joints' or 'interfaces' parameter is empty. All available state interfaces will be published
1791301385.4761045 [INFO] [spawner-5]: process has finished cleanly [pid 10468]
1791301385.4782825 [INFO] [spawner-6]: process started with pid [10483]
1791301385.7496803 [gzserver-1] [INFO] [1791301385.749223085] [controller_manager]: Loading controller 'forward_position_controller'
1791301385.7756910 [gzserver-1] [INFO] [1791301385.775551014] [controller_manager]: Configuring controller 'forward_position_controller'
1791301385.7772164 [gzserver-1] [INFO] [1791301385.777072548] [forward_position_controller]: configure successful
1791301385.7794914 [gzserver-1] [INFO] [1791301385.779309028] [forward_position_controller]: activate successful
1791301385.9370201 [INFO] [spawner-6]: process has finished cleanly [pid 10483]
1791301385.9404440 [INFO] [spawner-7]: process started with pid [10496]
1791301386.2270527 [gzserver-1] [INFO] [1791301386.226653101] [controller_manager]: Loading controller 'gim_arm_effort_controller'
1791301386.2503545 [gzserver-1] [INFO] [1791301386.249991128] [controller_manager]: Configuring controller 'gim_arm_effort_controller'
1791301386.2513692 [gzserver-1] [INFO] [1791301386.250931983] [gim_arm_effort_controller]: configure successful
1791301386.4205995 [INFO] [spawner-7]: process has finished cleanly [pid 10496]
1791301386.4231625 [INFO] [spawner-8]: process started with pid [10510]
1791301386.6790044 [gzserver-1] [INFO] [1791301386.678760904] [controller_manager]: Loading controller 'gim_arm_group_controller'
1791301386.6914744 [gzserver-1] [WARN] [1791301386.691252145] [gim_arm_group_controller]: [Deprecated]: "allow_nonzero_velocity_at_trajectory_end" is set to true. The default behavior will change to false.
1791301386.7033730 [gzserver-1] [INFO] [1791301386.703050360] [controller_manager]: Configuring controller 'gim_arm_group_controller'
1791301386.7039652 [gzserver-1] [INFO] [1791301386.703287565] [gim_arm_group_controller]: No specific joint names are used for command interfaces. Using 'joints' parameter.
1791301386.7040946 [gzserver-1] [INFO] [1791301386.703337010] [gim_arm_group_controller]: Command interfaces are [position velocity] and state interfaces are [position velocity].
1791301386.7041769 [gzserver-1] [INFO] [1791301386.703387429] [gim_arm_group_controller]: Using 'splines' interpolation method.
1791301386.7061265 [gzserver-1] [INFO] [1791301386.705892894] [gim_arm_group_controller]: Controller state will be published at 50.00 Hz.
1791301386.7075529 [gzserver-1] [INFO] [1791301386.707406868] [gim_arm_group_controller]: Action status changes will be monitored at 20.00 Hz.
1791301386.8651979 [INFO] [spawner-8]: process has finished cleanly [pid 10510]
1791301386.8683338 [INFO] [ros2-9]: process started with pid [10525]
1791301387.9824638 [INFO] [ros2-9]: process has finished cleanly [pid 10525]
1791301387.9861290 [INFO] [gz-10]: process started with pid [10538]
1791301388.3478117 [INFO] [gz-10]: process has finished cleanly [pid 10538]
1791301389.4360411 [gzserver-1] [INFO] [1791301389.435078746] [gim_arm_effort_controller]: activate successful
1791301401.1870801 [gzserver-1] [INFO] [1791301401.186841257] [forward_position_controller]: activate successful
1791301403.6073387 [WARNING] [launch]: user interrupted with ctrl-c (SIGINT)
1791301403.6106362 [INFO] [robot_state_publisher-2]: sending signal 'SIGINT' to process[robot_state_publisher-2]
1791301403.6114957 [INFO] [gzserver-1]: sending signal 'SIGINT' to process[gzserver-1]
1791301403.6122546 [ERROR] [robot_state_publisher-2]: process has died [pid 10330, exit code -2, cmd '/opt/ros/humble/lib/robot_state_publisher/robot_state_publisher --ros-args --params-file /tmp/launch_params_kvaxf17c'].
1791301403.8250594 [INFO] [gzserver-1]: process has finished cleanly [pid 10328]
