1791304753.6161716 [INFO] [launch]: All log files can be found below /home/mirabo/GIM_Arm_3_DOF/results/mpc_position_gazebo/ros_logs/2026-10-06-23-39-13-615504-mirabo-NUC-14794
1791304753.6162698 [INFO] [launch]: Default logging verbosity is set to INFO
1791304753.9004047 [INFO] [gzserver-1]: process started with pid [14805]
1791304753.9007607 [INFO] [robot_state_publisher-2]: process started with pid [14807]
1791304753.9009390 [INFO] [spawn_entity.py-3]: process started with pid [14809]
1791304754.9201477 [gzserver-1] [INFO] [1791304754.919622622] [gazebo_ros2_control]: Loading gazebo_ros2_control plugin
1791304754.9242392 [gzserver-1] [INFO] [1791304754.923843692] [gazebo_ros2_control]: Starting gazebo_ros2_control plugin in namespace: /
1791304754.9247043 [gzserver-1] [INFO] [1791304754.924129808] [gazebo_ros2_control]: Starting gazebo_ros2_control plugin in ros 2 node: gazebo_ros2_control
1791304754.9284415 [gzserver-1] [INFO] [1791304754.927857814] [gazebo_ros2_control]: connected to service!! robot_state_publisher
1791304754.9291272 [gzserver-1] [INFO] [1791304754.929010768] [gazebo_ros2_control]: Received urdf from param server, parsing...
1791304754.9292834 [gzserver-1] [INFO] [1791304754.929099929] [gazebo_ros2_control]: Loading parameter files /home/mirabo/GIM_Arm_3_DOF/install/gim_control/share/gim_control/config/controllers_gazebo.yaml
1791304754.9381595 [gzserver-1] [INFO] [1791304754.937740114] [gazebo_ros2_control]: Loading joint: base_joint
1791304754.9384067 [gzserver-1] [INFO] [1791304754.937800647] [gazebo_ros2_control]: 	State:
1791304754.9384983 [gzserver-1] [INFO] [1791304754.937807967] [gazebo_ros2_control]: 		 position
1791304754.9385762 [gzserver-1] [INFO] [1791304754.937817059] [gazebo_ros2_control]: 			 found initial value: 0.000000
1791304754.9386499 [gzserver-1] [INFO] [1791304754.937826924] [gazebo_ros2_control]: 		 velocity
1791304754.9387200 [gzserver-1] [INFO] [1791304754.937830660] [gazebo_ros2_control]: 		 effort
1791304754.9387922 [gzserver-1] [INFO] [1791304754.937834287] [gazebo_ros2_control]: 	Command:
1791304754.9388614 [gzserver-1] [INFO] [1791304754.937837459] [gazebo_ros2_control]: 		 position
1791304754.9394662 [gzserver-1] [INFO] [1791304754.938062735] [gazebo_ros2_control]: 		 velocity
1791304754.9396143 [gzserver-1] [INFO] [1791304754.938223618] [gazebo_ros2_control]: 		 effort
1791304754.9396918 [gzserver-1] [INFO] [1791304754.938248148] [gazebo_ros2_control]: Loading joint: shoulder_joint
1791304754.9397557 [gzserver-1] [INFO] [1791304754.938262459] [gazebo_ros2_control]: 	State:
1791304754.9398196 [gzserver-1] [INFO] [1791304754.938276156] [gazebo_ros2_control]: 		 position
1791304754.9398963 [gzserver-1] [INFO] [1791304754.938288697] [gazebo_ros2_control]: 			 found initial value: 0.000000
1791304754.9399583 [gzserver-1] [INFO] [1791304754.938305685] [gazebo_ros2_control]: 		 velocity
1791304754.9400201 [gzserver-1] [INFO] [1791304754.938318514] [gazebo_ros2_control]: 		 effort
1791304754.9400809 [gzserver-1] [INFO] [1791304754.938329950] [gazebo_ros2_control]: 	Command:
1791304754.9401412 [gzserver-1] [INFO] [1791304754.938340851] [gazebo_ros2_control]: 		 position
1791304754.9402046 [gzserver-1] [INFO] [1791304754.938455664] [gazebo_ros2_control]: 		 velocity
1791304754.9402657 [gzserver-1] [INFO] [1791304754.938560824] [gazebo_ros2_control]: 		 effort
1791304754.9403496 [gzserver-1] [INFO] [1791304754.938579016] [gazebo_ros2_control]: Loading joint: elbow_joint
1791304754.9404111 [gzserver-1] [INFO] [1791304754.938592174] [gazebo_ros2_control]: 	State:
1791304754.9404719 [gzserver-1] [INFO] [1791304754.938603831] [gazebo_ros2_control]: 		 position
1791304754.9405346 [gzserver-1] [INFO] [1791304754.938613866] [gazebo_ros2_control]: 			 found initial value: 0.000000
1791304754.9406121 [gzserver-1] [INFO] [1791304754.938628576] [gazebo_ros2_control]: 		 velocity
1791304754.9407322 [gzserver-1] [INFO] [1791304754.938644310] [gazebo_ros2_control]: 		 effort
1791304754.9408643 [gzserver-1] [INFO] [1791304754.938671887] [gazebo_ros2_control]: 	Command:
1791304754.9410233 [gzserver-1] [INFO] [1791304754.938684760] [gazebo_ros2_control]: 		 position
1791304754.9411767 [gzserver-1] [INFO] [1791304754.938817417] [gazebo_ros2_control]: 		 velocity
1791304754.9413080 [gzserver-1] [INFO] [1791304754.938960991] [gazebo_ros2_control]: 		 effort
1791304754.9419818 [gzserver-1] [INFO] [1791304754.939190089] [resource_manager]: Initialize hardware 'GazeboSystem' 
1791304754.9420805 [gzserver-1] [INFO] [1791304754.939516104] [resource_manager]: Successful initialization of hardware 'GazeboSystem'
1791304754.9421151 [gzserver-1] [INFO] [1791304754.939712458] [resource_manager]: 'configure' hardware 'GazeboSystem' 
1791304754.9421413 [gzserver-1] [INFO] [1791304754.939733937] [resource_manager]: Successful 'configure' of hardware 'GazeboSystem'
1791304754.9421642 [gzserver-1] [INFO] [1791304754.939745105] [resource_manager]: 'activate' hardware 'GazeboSystem' 
1791304754.9421873 [gzserver-1] [INFO] [1791304754.939754642] [resource_manager]: Successful 'activate' of hardware 'GazeboSystem'
1791304754.9422090 [gzserver-1] [INFO] [1791304754.939962910] [gazebo_ros2_control]: Loading controller_manager
1791304754.9495304 [gzserver-1] [INFO] [1791304754.949281823] [gazebo_ros2_control]: Loaded gazebo_ros2_control.
1791304755.0435982 [INFO] [spawn_entity.py-3]: process has finished cleanly [pid 14809]
1791304755.0455341 [INFO] [ros2-4]: process started with pid [14930]
1791304755.7667189 [INFO] [ros2-4]: process has finished cleanly [pid 14930]
1791304755.7695186 [INFO] [spawner-5]: process started with pid [14942]
1791304756.0279114 [gzserver-1] [INFO] [1791304756.027610599] [controller_manager]: Loading controller 'joint_state_broadcaster'
1791304756.0453327 [gzserver-1] [INFO] [1791304756.045211184] [controller_manager]: Configuring controller 'joint_state_broadcaster'
1791304756.0456169 [gzserver-1] [INFO] [1791304756.045545933] [joint_state_broadcaster]: 'joints' or 'interfaces' parameter is empty. All available state interfaces will be published
1791304756.1928499 [INFO] [spawner-5]: process has finished cleanly [pid 14942]
1791304756.1944761 [INFO] [spawner-6]: process started with pid [14958]
1791304756.4150617 [gzserver-1] [INFO] [1791304756.414843443] [controller_manager]: Loading controller 'forward_position_controller'
1791304756.4322002 [gzserver-1] [INFO] [1791304756.432105685] [controller_manager]: Configuring controller 'forward_position_controller'
1791304756.4334984 [gzserver-1] [INFO] [1791304756.433408218] [forward_position_controller]: configure successful
1791304756.4360073 [gzserver-1] [INFO] [1791304756.435848872] [forward_position_controller]: activate successful
1791304756.5696013 [INFO] [spawner-6]: process has finished cleanly [pid 14958]
1791304756.5718613 [INFO] [spawner-7]: process started with pid [14971]
1791304756.8038015 [gzserver-1] [INFO] [1791304756.803489603] [controller_manager]: Loading controller 'gim_arm_effort_controller'
1791304756.8290336 [gzserver-1] [INFO] [1791304756.828855361] [controller_manager]: Configuring controller 'gim_arm_effort_controller'
1791304756.8293817 [gzserver-1] [INFO] [1791304756.829249402] [gim_arm_effort_controller]: configure successful
1791304756.9657514 [INFO] [spawner-7]: process has finished cleanly [pid 14971]
1791304756.9682178 [INFO] [spawner-8]: process started with pid [14985]
1791304757.1822112 [gzserver-1] [INFO] [1791304757.181911969] [controller_manager]: Loading controller 'gim_arm_group_controller'
1791304757.1914525 [gzserver-1] [WARN] [1791304757.191219311] [gim_arm_group_controller]: [Deprecated]: "allow_nonzero_velocity_at_trajectory_end" is set to true. The default behavior will change to false.
1791304757.2011857 [gzserver-1] [INFO] [1791304757.200992388] [controller_manager]: Configuring controller 'gim_arm_group_controller'
1791304757.2015421 [gzserver-1] [INFO] [1791304757.201127635] [gim_arm_group_controller]: No specific joint names are used for command interfaces. Using 'joints' parameter.
1791304757.2015998 [gzserver-1] [INFO] [1791304757.201151907] [gim_arm_group_controller]: Command interfaces are [position velocity] and state interfaces are [position velocity].
1791304757.2016497 [gzserver-1] [INFO] [1791304757.201185313] [gim_arm_group_controller]: Using 'splines' interpolation method.
1791304757.2029889 [gzserver-1] [INFO] [1791304757.202833352] [gim_arm_group_controller]: Controller state will be published at 50.00 Hz.
1791304757.2042589 [gzserver-1] [INFO] [1791304757.204142559] [gim_arm_group_controller]: Action status changes will be monitored at 20.00 Hz.
1791304757.3426135 [INFO] [spawner-8]: process has finished cleanly [pid 14985]
1791304757.3452542 [INFO] [ros2-9]: process started with pid [15000]
1791304758.3919034 [INFO] [ros2-9]: process has finished cleanly [pid 15000]
1791304758.3949575 [INFO] [gz-10]: process started with pid [15014]
1791304758.7181396 [INFO] [gz-10]: process has finished cleanly [pid 15014]
1791304759.4072719 [gzserver-1] [INFO] [1791304759.406989805] [gim_arm_effort_controller]: activate successful
1791304765.1634266 [gzserver-1] [INFO] [1791304765.163131645] [forward_position_controller]: activate successful
1791304766.8051553 [WARNING] [launch]: user interrupted with ctrl-c (SIGINT)
1791304766.8084607 [INFO] [robot_state_publisher-2]: sending signal 'SIGINT' to process[robot_state_publisher-2]
1791304766.8090467 [INFO] [gzserver-1]: sending signal 'SIGINT' to process[gzserver-1]
1791304766.8096645 [ERROR] [robot_state_publisher-2]: process has died [pid 14807, exit code -2, cmd '/opt/ros/humble/lib/robot_state_publisher/robot_state_publisher --ros-args --params-file /tmp/launch_params_jnebpml4'].
1791304766.9992366 [INFO] [gzserver-1]: process has finished cleanly [pid 14805]
