[0.013s] Invoking command in '/home/minh/gim60108_ws/build/gim_arm_description': CMAKE_PREFIX_PATH=${CMAKE_PREFIX_PATH}:/home/minh/gim60108_ws/install/gim_control:/home/minh/rehab_robot_ver2_modified/install/rehab_gui:/home/minh/rehab_robot_ver2_modified/install/my_rqt_plugin:/opt/ros/humble /home/minh/.local/bin/cmake /home/minh/gim60108_ws/src/gim_arm_description -DCMAKE_INSTALL_PREFIX=/home/minh/gim60108_ws/install/gim_arm_description
[0.069s] [0mCMake Deprecation Warning at CMakeLists.txt:1 (cmake_minimum_required):
[0.069s]   Compatibility with CMake < 3.10 will be removed from a future version of
[0.069s]   CMake.
[0.069s] 
[0.069s]   Update the VERSION argument <min> value.  Or, use the <min>...<max> syntax
[0.069s]   to tell CMake that the project requires at least <min> but has been updated
[0.070s]   to work with policies introduced by <max> or earlier.
[0.070s] 
[0.070s] [0m
[0.074s] -- Found ament_cmake: 1.3.14 (/opt/ros/humble/share/ament_cmake/cmake)
[0.223s] -- Found ament_lint_auto: 0.12.15 (/opt/ros/humble/share/ament_lint_auto/cmake)
[0.289s] -- Added test 'flake8' to check Python code syntax and style conventions
[0.289s] -- Added test 'lint_cmake' to check CMake code style
[0.289s] -- Added test 'pep257' to check Python code against some of the docstring style conventions in PEP 257
[0.290s] -- Added test 'xmllint' to check XML markup files
[0.291s] -- Configuring done (0.2s)
[0.293s] -- Generating done (0.0s)
[0.294s] -- Build files have been written to: /home/minh/gim60108_ws/build/gim_arm_description
[0.296s] Invoked command in '/home/minh/gim60108_ws/build/gim_arm_description' returned '0': CMAKE_PREFIX_PATH=${CMAKE_PREFIX_PATH}:/home/minh/gim60108_ws/install/gim_control:/home/minh/rehab_robot_ver2_modified/install/rehab_gui:/home/minh/rehab_robot_ver2_modified/install/my_rqt_plugin:/opt/ros/humble /home/minh/.local/bin/cmake /home/minh/gim60108_ws/src/gim_arm_description -DCMAKE_INSTALL_PREFIX=/home/minh/gim60108_ws/install/gim_arm_description
[0.298s] Invoking command in '/home/minh/gim60108_ws/build/gim_arm_description': CMAKE_PREFIX_PATH=${CMAKE_PREFIX_PATH}:/home/minh/gim60108_ws/install/gim_control:/home/minh/rehab_robot_ver2_modified/install/rehab_gui:/home/minh/rehab_robot_ver2_modified/install/my_rqt_plugin:/opt/ros/humble /home/minh/.local/bin/cmake --build /home/minh/gim60108_ws/build/gim_arm_description -- -j16 -l16
[0.368s] Invoked command in '/home/minh/gim60108_ws/build/gim_arm_description' returned '0': CMAKE_PREFIX_PATH=${CMAKE_PREFIX_PATH}:/home/minh/gim60108_ws/install/gim_control:/home/minh/rehab_robot_ver2_modified/install/rehab_gui:/home/minh/rehab_robot_ver2_modified/install/my_rqt_plugin:/opt/ros/humble /home/minh/.local/bin/cmake --build /home/minh/gim60108_ws/build/gim_arm_description -- -j16 -l16
[0.424s] Invoking command in '/home/minh/gim60108_ws/build/gim_arm_description': CMAKE_PREFIX_PATH=${CMAKE_PREFIX_PATH}:/home/minh/gim60108_ws/install/gim_control:/home/minh/rehab_robot_ver2_modified/install/rehab_gui:/home/minh/rehab_robot_ver2_modified/install/my_rqt_plugin:/opt/ros/humble /home/minh/.local/bin/cmake --install /home/minh/gim60108_ws/build/gim_arm_description
[0.477s] -- Install configuration: ""
[0.478s] -- Up-to-date: /home/minh/gim60108_ws/install/gim_arm_description/share/gim_arm_description/urdf
[0.478s] -- Installing: /home/minh/gim60108_ws/install/gim_arm_description/share/gim_arm_description/urdf/gim_arm.urdf
[0.478s] -- Up-to-date: /home/minh/gim60108_ws/install/gim_arm_description/share/gim_arm_description/meshes
[0.478s] -- Up-to-date: /home/minh/gim60108_ws/install/gim_arm_description/share/gim_arm_description/meshes/lower_arm_link.STL
[0.478s] -- Up-to-date: /home/minh/gim60108_ws/install/gim_arm_description/share/gim_arm_description/meshes/base_link.STL
[0.478s] -- Up-to-date: /home/minh/gim60108_ws/install/gim_arm_description/share/gim_arm_description/meshes/upper_arm_link.STL
[0.478s] -- Up-to-date: /home/minh/gim60108_ws/install/gim_arm_description/share/gim_arm_description/meshes/shoulder_link.STL
[0.478s] -- Up-to-date: /home/minh/gim60108_ws/install/gim_arm_description/share/gim_arm_description/launch
[0.478s] -- Up-to-date: /home/minh/gim60108_ws/install/gim_arm_description/share/gim_arm_description/launch/display.launch.py
[0.478s] -- Up-to-date: /home/minh/gim60108_ws/install/gim_arm_description/share/gim_arm_description/rviz
[0.478s] -- Up-to-date: /home/minh/gim60108_ws/install/gim_arm_description/share/ament_index/resource_index/package_run_dependencies/gim_arm_description
[0.479s] -- Up-to-date: /home/minh/gim60108_ws/install/gim_arm_description/share/ament_index/resource_index/parent_prefix_path/gim_arm_description
[0.479s] -- Up-to-date: /home/minh/gim60108_ws/install/gim_arm_description/share/gim_arm_description/environment/ament_prefix_path.sh
[0.479s] -- Installing: /home/minh/gim60108_ws/install/gim_arm_description/share/gim_arm_description/environment/ament_prefix_path.dsv
[0.479s] -- Up-to-date: /home/minh/gim60108_ws/install/gim_arm_description/share/gim_arm_description/environment/path.sh
[0.479s] -- Installing: /home/minh/gim60108_ws/install/gim_arm_description/share/gim_arm_description/environment/path.dsv
[0.479s] -- Up-to-date: /home/minh/gim60108_ws/install/gim_arm_description/share/gim_arm_description/local_setup.bash
[0.479s] -- Up-to-date: /home/minh/gim60108_ws/install/gim_arm_description/share/gim_arm_description/local_setup.sh
[0.479s] -- Up-to-date: /home/minh/gim60108_ws/install/gim_arm_description/share/gim_arm_description/local_setup.zsh
[0.479s] -- Installing: /home/minh/gim60108_ws/install/gim_arm_description/share/gim_arm_description/local_setup.dsv
[0.479s] -- Installing: /home/minh/gim60108_ws/install/gim_arm_description/share/gim_arm_description/package.dsv
[0.479s] -- Up-to-date: /home/minh/gim60108_ws/install/gim_arm_description/share/ament_index/resource_index/packages/gim_arm_description
[0.480s] -- Up-to-date: /home/minh/gim60108_ws/install/gim_arm_description/share/gim_arm_description/cmake/gim_arm_descriptionConfig.cmake
[0.480s] -- Up-to-date: /home/minh/gim60108_ws/install/gim_arm_description/share/gim_arm_description/cmake/gim_arm_descriptionConfig-version.cmake
[0.480s] -- Up-to-date: /home/minh/gim60108_ws/install/gim_arm_description/share/gim_arm_description/package.xml
[0.480s] Invoked command in '/home/minh/gim60108_ws/build/gim_arm_description' returned '0': CMAKE_PREFIX_PATH=${CMAKE_PREFIX_PATH}:/home/minh/gim60108_ws/install/gim_control:/home/minh/rehab_robot_ver2_modified/install/rehab_gui:/home/minh/rehab_robot_ver2_modified/install/my_rqt_plugin:/opt/ros/humble /home/minh/.local/bin/cmake --install /home/minh/gim60108_ws/build/gim_arm_description
