[0.080s] DEBUG:colcon:Command line arguments: ['/usr/bin/colcon', 'build', '--packages-select', 'gim_arm_description']
[0.080s] DEBUG:colcon:Parsed command line arguments: Namespace(log_base=None, log_level=None, verb_name='build', build_base='build', install_base='install', merge_install=False, symlink_install=False, test_result_base=None, continue_on_error=False, executor='parallel', parallel_workers=16, event_handlers=None, ignore_user_meta=False, metas=['./colcon.meta'], base_paths=['.'], packages_ignore=None, packages_ignore_regex=None, paths=None, packages_up_to=None, packages_up_to_regex=None, packages_above=None, packages_above_and_dependencies=None, packages_above_depth=None, packages_select_by_dep=None, packages_skip_by_dep=None, packages_skip_up_to=None, packages_select_build_failed=False, packages_skip_build_finished=False, packages_select_test_failures=False, packages_skip_test_passed=False, packages_select=['gim_arm_description'], packages_skip=None, packages_select_regex=None, packages_skip_regex=None, packages_start=None, packages_end=None, allow_overriding=[], cmake_args=None, cmake_target=None, cmake_target_skip_unavailable=False, cmake_clean_cache=False, cmake_clean_first=False, cmake_force_configure=False, ament_cmake_args=None, catkin_cmake_args=None, catkin_skip_building_tests=False, mixin_files=None, mixin=None, verb_parser=<colcon_mixin.mixin.mixin_argument.MixinArgumentDecorator object at 0x7db97fbbe890>, verb_extension=<colcon_core.verb.build.BuildVerb object at 0x7db97fbbe3e0>, main=<bound method BuildVerb.main of <colcon_core.verb.build.BuildVerb object at 0x7db97fbbe3e0>>, mixin_verb=('build',))
[0.106s] Level 1:colcon.colcon_core.package_discovery:discover_packages(colcon_meta) check parameters
[0.107s] Level 1:colcon.colcon_core.package_discovery:discover_packages(recursive) check parameters
[0.107s] Level 1:colcon.colcon_core.package_discovery:discover_packages(ignore) check parameters
[0.107s] Level 1:colcon.colcon_core.package_discovery:discover_packages(path) check parameters
[0.107s] Level 1:colcon.colcon_core.package_discovery:discover_packages(colcon_meta) discover
[0.107s] Level 1:colcon.colcon_core.package_discovery:discover_packages(recursive) discover
[0.107s] INFO:colcon.colcon_core.package_discovery:Crawling recursively for packages in '/home/minh/gim60108_ws'
[0.107s] Level 1:colcon.colcon_core.package_identification:_identify(.) by extensions ['ignore', 'ignore_ament_install']
[0.107s] Level 1:colcon.colcon_core.package_identification:_identify(.) by extension 'ignore'
[0.107s] Level 1:colcon.colcon_core.package_identification:_identify(.) by extension 'ignore_ament_install'
[0.107s] Level 1:colcon.colcon_core.package_identification:_identify(.) by extensions ['colcon_pkg']
[0.107s] Level 1:colcon.colcon_core.package_identification:_identify(.) by extension 'colcon_pkg'
[0.107s] Level 1:colcon.colcon_core.package_identification:_identify(.) by extensions ['colcon_meta']
[0.107s] Level 1:colcon.colcon_core.package_identification:_identify(.) by extension 'colcon_meta'
[0.107s] Level 1:colcon.colcon_core.package_identification:_identify(.) by extensions ['ros']
[0.107s] Level 1:colcon.colcon_core.package_identification:_identify(.) by extension 'ros'
[0.126s] Level 1:colcon.colcon_core.package_identification:_identify(.) by extensions ['cmake', 'python']
[0.126s] Level 1:colcon.colcon_core.package_identification:_identify(.) by extension 'cmake'
[0.126s] Level 1:colcon.colcon_core.package_identification:_identify(.) by extension 'python'
[0.126s] Level 1:colcon.colcon_core.package_identification:_identify(.) by extensions ['python_setup_py']
[0.126s] Level 1:colcon.colcon_core.package_identification:_identify(.) by extension 'python_setup_py'
[0.126s] Level 1:colcon.colcon_core.package_identification:_identify(build) by extensions ['ignore', 'ignore_ament_install']
[0.126s] Level 1:colcon.colcon_core.package_identification:_identify(build) by extension 'ignore'
[0.126s] Level 1:colcon.colcon_core.package_identification:_identify(build) ignored
[0.126s] Level 1:colcon.colcon_core.package_identification:_identify(install) by extensions ['ignore', 'ignore_ament_install']
[0.126s] Level 1:colcon.colcon_core.package_identification:_identify(install) by extension 'ignore'
[0.126s] Level 1:colcon.colcon_core.package_identification:_identify(install) ignored
[0.126s] Level 1:colcon.colcon_core.package_identification:_identify(kinematics_test) by extensions ['ignore', 'ignore_ament_install']
[0.127s] Level 1:colcon.colcon_core.package_identification:_identify(kinematics_test) by extension 'ignore'
[0.127s] Level 1:colcon.colcon_core.package_identification:_identify(kinematics_test) by extension 'ignore_ament_install'
[0.127s] Level 1:colcon.colcon_core.package_identification:_identify(kinematics_test) by extensions ['colcon_pkg']
[0.127s] Level 1:colcon.colcon_core.package_identification:_identify(kinematics_test) by extension 'colcon_pkg'
[0.127s] Level 1:colcon.colcon_core.package_identification:_identify(kinematics_test) by extensions ['colcon_meta']
[0.127s] Level 1:colcon.colcon_core.package_identification:_identify(kinematics_test) by extension 'colcon_meta'
[0.127s] Level 1:colcon.colcon_core.package_identification:_identify(kinematics_test) by extensions ['ros']
[0.127s] Level 1:colcon.colcon_core.package_identification:_identify(kinematics_test) by extension 'ros'
[0.127s] Level 1:colcon.colcon_core.package_identification:_identify(kinematics_test) by extensions ['cmake', 'python']
[0.127s] Level 1:colcon.colcon_core.package_identification:_identify(kinematics_test) by extension 'cmake'
[0.127s] Level 1:colcon.colcon_core.package_identification:_identify(kinematics_test) by extension 'python'
[0.127s] Level 1:colcon.colcon_core.package_identification:_identify(kinematics_test) by extensions ['python_setup_py']
[0.127s] Level 1:colcon.colcon_core.package_identification:_identify(kinematics_test) by extension 'python_setup_py'
[0.127s] Level 1:colcon.colcon_core.package_identification:_identify(kinematics_test/__pycache__) by extensions ['ignore', 'ignore_ament_install']
[0.127s] Level 1:colcon.colcon_core.package_identification:_identify(kinematics_test/__pycache__) by extension 'ignore'
[0.127s] Level 1:colcon.colcon_core.package_identification:_identify(kinematics_test/__pycache__) by extension 'ignore_ament_install'
[0.127s] Level 1:colcon.colcon_core.package_identification:_identify(kinematics_test/__pycache__) by extensions ['colcon_pkg']
[0.127s] Level 1:colcon.colcon_core.package_identification:_identify(kinematics_test/__pycache__) by extension 'colcon_pkg'
[0.127s] Level 1:colcon.colcon_core.package_identification:_identify(kinematics_test/__pycache__) by extensions ['colcon_meta']
[0.127s] Level 1:colcon.colcon_core.package_identification:_identify(kinematics_test/__pycache__) by extension 'colcon_meta'
[0.127s] Level 1:colcon.colcon_core.package_identification:_identify(kinematics_test/__pycache__) by extensions ['ros']
[0.127s] Level 1:colcon.colcon_core.package_identification:_identify(kinematics_test/__pycache__) by extension 'ros'
[0.127s] Level 1:colcon.colcon_core.package_identification:_identify(kinematics_test/__pycache__) by extensions ['cmake', 'python']
[0.127s] Level 1:colcon.colcon_core.package_identification:_identify(kinematics_test/__pycache__) by extension 'cmake'
[0.127s] Level 1:colcon.colcon_core.package_identification:_identify(kinematics_test/__pycache__) by extension 'python'
[0.127s] Level 1:colcon.colcon_core.package_identification:_identify(kinematics_test/__pycache__) by extensions ['python_setup_py']
[0.127s] Level 1:colcon.colcon_core.package_identification:_identify(kinematics_test/__pycache__) by extension 'python_setup_py'
[0.127s] Level 1:colcon.colcon_core.package_identification:_identify(kinematics_test/meshes) by extensions ['ignore', 'ignore_ament_install']
[0.127s] Level 1:colcon.colcon_core.package_identification:_identify(kinematics_test/meshes) by extension 'ignore'
[0.127s] Level 1:colcon.colcon_core.package_identification:_identify(kinematics_test/meshes) by extension 'ignore_ament_install'
[0.127s] Level 1:colcon.colcon_core.package_identification:_identify(kinematics_test/meshes) by extensions ['colcon_pkg']
[0.127s] Level 1:colcon.colcon_core.package_identification:_identify(kinematics_test/meshes) by extension 'colcon_pkg'
[0.127s] Level 1:colcon.colcon_core.package_identification:_identify(kinematics_test/meshes) by extensions ['colcon_meta']
[0.127s] Level 1:colcon.colcon_core.package_identification:_identify(kinematics_test/meshes) by extension 'colcon_meta'
[0.127s] Level 1:colcon.colcon_core.package_identification:_identify(kinematics_test/meshes) by extensions ['ros']
[0.127s] Level 1:colcon.colcon_core.package_identification:_identify(kinematics_test/meshes) by extension 'ros'
[0.127s] Level 1:colcon.colcon_core.package_identification:_identify(kinematics_test/meshes) by extensions ['cmake', 'python']
[0.127s] Level 1:colcon.colcon_core.package_identification:_identify(kinematics_test/meshes) by extension 'cmake'
[0.127s] Level 1:colcon.colcon_core.package_identification:_identify(kinematics_test/meshes) by extension 'python'
[0.127s] Level 1:colcon.colcon_core.package_identification:_identify(kinematics_test/meshes) by extensions ['python_setup_py']
[0.127s] Level 1:colcon.colcon_core.package_identification:_identify(kinematics_test/meshes) by extension 'python_setup_py'
[0.127s] Level 1:colcon.colcon_core.package_identification:_identify(log) by extensions ['ignore', 'ignore_ament_install']
[0.127s] Level 1:colcon.colcon_core.package_identification:_identify(log) by extension 'ignore'
[0.128s] Level 1:colcon.colcon_core.package_identification:_identify(log) ignored
[0.128s] Level 1:colcon.colcon_core.package_identification:_identify(src) by extensions ['ignore', 'ignore_ament_install']
[0.128s] Level 1:colcon.colcon_core.package_identification:_identify(src) by extension 'ignore'
[0.128s] Level 1:colcon.colcon_core.package_identification:_identify(src) by extension 'ignore_ament_install'
[0.128s] Level 1:colcon.colcon_core.package_identification:_identify(src) by extensions ['colcon_pkg']
[0.128s] Level 1:colcon.colcon_core.package_identification:_identify(src) by extension 'colcon_pkg'
[0.128s] Level 1:colcon.colcon_core.package_identification:_identify(src) by extensions ['colcon_meta']
[0.128s] Level 1:colcon.colcon_core.package_identification:_identify(src) by extension 'colcon_meta'
[0.128s] Level 1:colcon.colcon_core.package_identification:_identify(src) by extensions ['ros']
[0.128s] Level 1:colcon.colcon_core.package_identification:_identify(src) by extension 'ros'
[0.128s] Level 1:colcon.colcon_core.package_identification:_identify(src) by extensions ['cmake', 'python']
[0.128s] Level 1:colcon.colcon_core.package_identification:_identify(src) by extension 'cmake'
[0.128s] Level 1:colcon.colcon_core.package_identification:_identify(src) by extension 'python'
[0.128s] Level 1:colcon.colcon_core.package_identification:_identify(src) by extensions ['python_setup_py']
[0.128s] Level 1:colcon.colcon_core.package_identification:_identify(src) by extension 'python_setup_py'
[0.128s] Level 1:colcon.colcon_core.package_identification:_identify(src/gim_arm_control) by extensions ['ignore', 'ignore_ament_install']
[0.128s] Level 1:colcon.colcon_core.package_identification:_identify(src/gim_arm_control) by extension 'ignore'
[0.128s] Level 1:colcon.colcon_core.package_identification:_identify(src/gim_arm_control) by extension 'ignore_ament_install'
[0.128s] Level 1:colcon.colcon_core.package_identification:_identify(src/gim_arm_control) by extensions ['colcon_pkg']
[0.128s] Level 1:colcon.colcon_core.package_identification:_identify(src/gim_arm_control) by extension 'colcon_pkg'
[0.128s] Level 1:colcon.colcon_core.package_identification:_identify(src/gim_arm_control) by extensions ['colcon_meta']
[0.128s] Level 1:colcon.colcon_core.package_identification:_identify(src/gim_arm_control) by extension 'colcon_meta'
[0.128s] Level 1:colcon.colcon_core.package_identification:_identify(src/gim_arm_control) by extensions ['ros']
[0.128s] Level 1:colcon.colcon_core.package_identification:_identify(src/gim_arm_control) by extension 'ros'
[0.130s] DEBUG:colcon.colcon_core.package_identification:Package 'src/gim_arm_control' with type 'ros.ament_python' and name 'gim_control'
[0.130s] Level 1:colcon.colcon_core.package_identification:_identify(src/gim_arm_description) by extensions ['ignore', 'ignore_ament_install']
[0.130s] Level 1:colcon.colcon_core.package_identification:_identify(src/gim_arm_description) by extension 'ignore'
[0.130s] Level 1:colcon.colcon_core.package_identification:_identify(src/gim_arm_description) by extension 'ignore_ament_install'
[0.130s] Level 1:colcon.colcon_core.package_identification:_identify(src/gim_arm_description) by extensions ['colcon_pkg']
[0.130s] Level 1:colcon.colcon_core.package_identification:_identify(src/gim_arm_description) by extension 'colcon_pkg'
[0.130s] Level 1:colcon.colcon_core.package_identification:_identify(src/gim_arm_description) by extensions ['colcon_meta']
[0.130s] Level 1:colcon.colcon_core.package_identification:_identify(src/gim_arm_description) by extension 'colcon_meta'
[0.130s] Level 1:colcon.colcon_core.package_identification:_identify(src/gim_arm_description) by extensions ['ros']
[0.130s] Level 1:colcon.colcon_core.package_identification:_identify(src/gim_arm_description) by extension 'ros'
[0.130s] DEBUG:colcon.colcon_core.package_identification:Package 'src/gim_arm_description' with type 'ros.ament_cmake' and name 'gim_arm_description'
[0.130s] Level 1:colcon.colcon_core.package_identification:_identify(src/gim_arm_hardware) by extensions ['ignore', 'ignore_ament_install']
[0.130s] Level 1:colcon.colcon_core.package_identification:_identify(src/gim_arm_hardware) by extension 'ignore'
[0.130s] Level 1:colcon.colcon_core.package_identification:_identify(src/gim_arm_hardware) by extension 'ignore_ament_install'
[0.130s] Level 1:colcon.colcon_core.package_identification:_identify(src/gim_arm_hardware) by extensions ['colcon_pkg']
[0.131s] Level 1:colcon.colcon_core.package_identification:_identify(src/gim_arm_hardware) by extension 'colcon_pkg'
[0.131s] Level 1:colcon.colcon_core.package_identification:_identify(src/gim_arm_hardware) by extensions ['colcon_meta']
[0.131s] Level 1:colcon.colcon_core.package_identification:_identify(src/gim_arm_hardware) by extension 'colcon_meta'
[0.131s] Level 1:colcon.colcon_core.package_identification:_identify(src/gim_arm_hardware) by extensions ['ros']
[0.131s] Level 1:colcon.colcon_core.package_identification:_identify(src/gim_arm_hardware) by extension 'ros'
[0.131s] DEBUG:colcon.colcon_core.package_identification:Package 'src/gim_arm_hardware' with type 'ros.ament_cmake' and name 'gim_arm_hardware'
[0.131s] Level 1:colcon.colcon_core.package_identification:_identify(src/gim_arm_moveit_config) by extensions ['ignore', 'ignore_ament_install']
[0.131s] Level 1:colcon.colcon_core.package_identification:_identify(src/gim_arm_moveit_config) by extension 'ignore'
[0.131s] Level 1:colcon.colcon_core.package_identification:_identify(src/gim_arm_moveit_config) by extension 'ignore_ament_install'
[0.131s] Level 1:colcon.colcon_core.package_identification:_identify(src/gim_arm_moveit_config) by extensions ['colcon_pkg']
[0.131s] Level 1:colcon.colcon_core.package_identification:_identify(src/gim_arm_moveit_config) by extension 'colcon_pkg'
[0.131s] Level 1:colcon.colcon_core.package_identification:_identify(src/gim_arm_moveit_config) by extensions ['colcon_meta']
[0.131s] Level 1:colcon.colcon_core.package_identification:_identify(src/gim_arm_moveit_config) by extension 'colcon_meta'
[0.131s] Level 1:colcon.colcon_core.package_identification:_identify(src/gim_arm_moveit_config) by extensions ['ros']
[0.131s] Level 1:colcon.colcon_core.package_identification:_identify(src/gim_arm_moveit_config) by extension 'ros'
[0.132s] DEBUG:colcon.colcon_core.package_identification:Package 'src/gim_arm_moveit_config' with type 'ros.ament_cmake' and name 'gim_arm_moveit_config'
[0.132s] Level 1:colcon.colcon_core.package_identification:_identify(src/gim_arm_mujoco) by extensions ['ignore', 'ignore_ament_install']
[0.132s] Level 1:colcon.colcon_core.package_identification:_identify(src/gim_arm_mujoco) by extension 'ignore'
[0.132s] Level 1:colcon.colcon_core.package_identification:_identify(src/gim_arm_mujoco) by extension 'ignore_ament_install'
[0.132s] Level 1:colcon.colcon_core.package_identification:_identify(src/gim_arm_mujoco) by extensions ['colcon_pkg']
[0.132s] Level 1:colcon.colcon_core.package_identification:_identify(src/gim_arm_mujoco) by extension 'colcon_pkg'
[0.132s] Level 1:colcon.colcon_core.package_identification:_identify(src/gim_arm_mujoco) by extensions ['colcon_meta']
[0.132s] Level 1:colcon.colcon_core.package_identification:_identify(src/gim_arm_mujoco) by extension 'colcon_meta'
[0.132s] Level 1:colcon.colcon_core.package_identification:_identify(src/gim_arm_mujoco) by extensions ['ros']
[0.132s] Level 1:colcon.colcon_core.package_identification:_identify(src/gim_arm_mujoco) by extension 'ros'
[0.132s] Level 1:colcon.colcon_core.package_identification:_identify(src/gim_arm_mujoco) by extensions ['cmake', 'python']
[0.132s] Level 1:colcon.colcon_core.package_identification:_identify(src/gim_arm_mujoco) by extension 'cmake'
[0.132s] Level 1:colcon.colcon_core.package_identification:_identify(src/gim_arm_mujoco) by extension 'python'
[0.132s] Level 1:colcon.colcon_core.package_identification:_identify(src/gim_arm_mujoco) by extensions ['python_setup_py']
[0.132s] Level 1:colcon.colcon_core.package_identification:_identify(src/gim_arm_mujoco) by extension 'python_setup_py'
[0.132s] Level 1:colcon.colcon_core.package_identification:_identify(src/gim_arm_mujoco/meshes) by extensions ['ignore', 'ignore_ament_install']
[0.132s] Level 1:colcon.colcon_core.package_identification:_identify(src/gim_arm_mujoco/meshes) by extension 'ignore'
[0.132s] Level 1:colcon.colcon_core.package_identification:_identify(src/gim_arm_mujoco/meshes) by extension 'ignore_ament_install'
[0.132s] Level 1:colcon.colcon_core.package_identification:_identify(src/gim_arm_mujoco/meshes) by extensions ['colcon_pkg']
[0.132s] Level 1:colcon.colcon_core.package_identification:_identify(src/gim_arm_mujoco/meshes) by extension 'colcon_pkg'
[0.132s] Level 1:colcon.colcon_core.package_identification:_identify(src/gim_arm_mujoco/meshes) by extensions ['colcon_meta']
[0.132s] Level 1:colcon.colcon_core.package_identification:_identify(src/gim_arm_mujoco/meshes) by extension 'colcon_meta'
[0.132s] Level 1:colcon.colcon_core.package_identification:_identify(src/gim_arm_mujoco/meshes) by extensions ['ros']
[0.132s] Level 1:colcon.colcon_core.package_identification:_identify(src/gim_arm_mujoco/meshes) by extension 'ros'
[0.133s] Level 1:colcon.colcon_core.package_identification:_identify(src/gim_arm_mujoco/meshes) by extensions ['cmake', 'python']
[0.133s] Level 1:colcon.colcon_core.package_identification:_identify(src/gim_arm_mujoco/meshes) by extension 'cmake'
[0.133s] Level 1:colcon.colcon_core.package_identification:_identify(src/gim_arm_mujoco/meshes) by extension 'python'
[0.133s] Level 1:colcon.colcon_core.package_identification:_identify(src/gim_arm_mujoco/meshes) by extensions ['python_setup_py']
[0.133s] Level 1:colcon.colcon_core.package_identification:_identify(src/gim_arm_mujoco/meshes) by extension 'python_setup_py'
[0.133s] Level 1:colcon.colcon_core.package_discovery:discover_packages(recursive) using defaults
[0.133s] Level 1:colcon.colcon_core.package_discovery:discover_packages(ignore) discover
[0.133s] Level 1:colcon.colcon_core.package_discovery:discover_packages(ignore) using defaults
[0.133s] Level 1:colcon.colcon_core.package_discovery:discover_packages(path) discover
[0.133s] Level 1:colcon.colcon_core.package_discovery:discover_packages(path) using defaults
[0.145s] INFO:colcon.colcon_core.package_selection:Skipping not selected package 'gim_arm_hardware' in 'src/gim_arm_hardware'
[0.145s] INFO:colcon.colcon_core.package_selection:Skipping not selected package 'gim_arm_moveit_config' in 'src/gim_arm_moveit_config'
[0.145s] INFO:colcon.colcon_core.package_selection:Skipping not selected package 'gim_control' in 'src/gim_arm_control'
[0.146s] Level 1:colcon.colcon_core.package_discovery:discover_packages(prefix_path) check parameters
[0.146s] Level 1:colcon.colcon_core.package_discovery:discover_packages(prefix_path) discover
[0.150s] DEBUG:colcon.colcon_installed_package_information.package_discovery:Found 4 installed packages in /home/minh/gim60108_ws/install
[0.150s] DEBUG:colcon.colcon_installed_package_information.package_discovery:Found 7 installed packages in /home/minh/rehab_robot_ver2_modified/install
[0.151s] DEBUG:colcon.colcon_installed_package_information.package_discovery:Found 1 installed packages in /home/minh/apriltag_ws/install
[0.151s] DEBUG:colcon.colcon_installed_package_information.package_discovery:Found 3 installed packages in /home/minh/moveit_ws/install
[0.153s] DEBUG:colcon.colcon_installed_package_information.package_discovery:Found 417 installed packages in /opt/ros/humble
[0.154s] Level 1:colcon.colcon_core.package_discovery:discover_packages(prefix_path) using defaults
[0.205s] WARNING:colcon.colcon_core.package_selection:Some selected packages are already built in one or more underlay workspaces:
	'gim_arm_description' is in: /home/minh/gim60108_ws/install/gim_arm_description
If a package in a merged underlay workspace is overridden and it installs headers, then all packages in the overlay must sort their include directories by workspace order. Failure to do so may result in build failures or undefined behavior at run time.
If the overridden package is used by another package in any underlay, then the overriding package in the overlay must be API and ABI compatible or undefined behavior at run time may occur.

If you understand the risks and want to override a package anyways, add the following to the command line:
	--allow-overriding gim_arm_description

This may be promoted to an error in a future release of colcon-override-check.
[0.207s] Level 5:colcon.colcon_core.verb:set package 'gim_arm_description' build argument 'cmake_args' from command line to 'None'
[0.207s] Level 5:colcon.colcon_core.verb:set package 'gim_arm_description' build argument 'cmake_target' from command line to 'None'
[0.207s] Level 5:colcon.colcon_core.verb:set package 'gim_arm_description' build argument 'cmake_target_skip_unavailable' from command line to 'False'
[0.207s] Level 5:colcon.colcon_core.verb:set package 'gim_arm_description' build argument 'cmake_clean_cache' from command line to 'False'
[0.207s] Level 5:colcon.colcon_core.verb:set package 'gim_arm_description' build argument 'cmake_clean_first' from command line to 'False'
[0.207s] Level 5:colcon.colcon_core.verb:set package 'gim_arm_description' build argument 'cmake_force_configure' from command line to 'False'
[0.207s] Level 5:colcon.colcon_core.verb:set package 'gim_arm_description' build argument 'ament_cmake_args' from command line to 'None'
[0.207s] Level 5:colcon.colcon_core.verb:set package 'gim_arm_description' build argument 'catkin_cmake_args' from command line to 'None'
[0.207s] Level 5:colcon.colcon_core.verb:set package 'gim_arm_description' build argument 'catkin_skip_building_tests' from command line to 'False'
[0.207s] DEBUG:colcon.colcon_core.verb:Building package 'gim_arm_description' with the following arguments: {'ament_cmake_args': None, 'build_base': '/home/minh/gim60108_ws/build/gim_arm_description', 'catkin_cmake_args': None, 'catkin_skip_building_tests': False, 'cmake_args': None, 'cmake_clean_cache': False, 'cmake_clean_first': False, 'cmake_force_configure': False, 'cmake_target': None, 'cmake_target_skip_unavailable': False, 'install_base': '/home/minh/gim60108_ws/install/gim_arm_description', 'merge_install': False, 'path': '/home/minh/gim60108_ws/src/gim_arm_description', 'symlink_install': False, 'test_result_base': None}
[0.207s] INFO:colcon.colcon_core.executor:Executing jobs using 'parallel' executor
[0.208s] DEBUG:colcon.colcon_parallel_executor.executor.parallel:run_until_complete
[0.208s] INFO:colcon.colcon_ros.task.ament_cmake.build:Building ROS package in '/home/minh/gim60108_ws/src/gim_arm_description' with build type 'ament_cmake'
[0.208s] INFO:colcon.colcon_cmake.task.cmake.build:Building CMake package in '/home/minh/gim60108_ws/src/gim_arm_description'
[0.211s] INFO:colcon.colcon_core.plugin_system:Skipping extension 'colcon_core.shell.bat': Not used on non-Windows systems
[0.212s] INFO:colcon.colcon_core.shell:Skip shell extension 'powershell' for command environment: Not usable outside of PowerShell
[0.212s] DEBUG:colcon.colcon_core.shell:Skip shell extension 'dsv' for command environment
[0.223s] DEBUG:colcon.colcon_core.event_handler.log_command:Invoking command in '/home/minh/gim60108_ws/build/gim_arm_description': CMAKE_PREFIX_PATH=${CMAKE_PREFIX_PATH}:/home/minh/gim60108_ws/install/gim_control:/home/minh/rehab_robot_ver2_modified/install/rehab_gui:/home/minh/rehab_robot_ver2_modified/install/my_rqt_plugin:/opt/ros/humble /home/minh/.local/bin/cmake --build /home/minh/gim60108_ws/build/gim_arm_description -- -j16 -l16
[0.304s] DEBUG:colcon.colcon_core.event_handler.log_command:Invoked command in '/home/minh/gim60108_ws/build/gim_arm_description' returned '0': CMAKE_PREFIX_PATH=${CMAKE_PREFIX_PATH}:/home/minh/gim60108_ws/install/gim_control:/home/minh/rehab_robot_ver2_modified/install/rehab_gui:/home/minh/rehab_robot_ver2_modified/install/my_rqt_plugin:/opt/ros/humble /home/minh/.local/bin/cmake --build /home/minh/gim60108_ws/build/gim_arm_description -- -j16 -l16
[0.362s] DEBUG:colcon.colcon_core.event_handler.log_command:Invoking command in '/home/minh/gim60108_ws/build/gim_arm_description': CMAKE_PREFIX_PATH=${CMAKE_PREFIX_PATH}:/home/minh/gim60108_ws/install/gim_control:/home/minh/rehab_robot_ver2_modified/install/rehab_gui:/home/minh/rehab_robot_ver2_modified/install/my_rqt_plugin:/opt/ros/humble /home/minh/.local/bin/cmake --install /home/minh/gim60108_ws/build/gim_arm_description
[0.426s] Level 1:colcon.colcon_core.environment:create_environment_scripts_only(gim_arm_description)
[0.427s] DEBUG:colcon.colcon_core.event_handler.log_command:Invoked command in '/home/minh/gim60108_ws/build/gim_arm_description' returned '0': CMAKE_PREFIX_PATH=${CMAKE_PREFIX_PATH}:/home/minh/gim60108_ws/install/gim_control:/home/minh/rehab_robot_ver2_modified/install/rehab_gui:/home/minh/rehab_robot_ver2_modified/install/my_rqt_plugin:/opt/ros/humble /home/minh/.local/bin/cmake --install /home/minh/gim60108_ws/build/gim_arm_description
[0.430s] Level 1:colcon.colcon_core.environment:checking '/home/minh/gim60108_ws/install/gim_arm_description' for CMake module files
[0.430s] Level 1:colcon.colcon_core.environment:checking '/home/minh/gim60108_ws/install/gim_arm_description' for CMake config files
[0.430s] Level 1:colcon.colcon_core.shell:create_environment_hook('gim_arm_description', 'cmake_prefix_path')
[0.430s] INFO:colcon.colcon_core.shell:Creating environment hook '/home/minh/gim60108_ws/install/gim_arm_description/share/gim_arm_description/hook/cmake_prefix_path.ps1'
[0.431s] INFO:colcon.colcon_core.shell:Creating environment descriptor '/home/minh/gim60108_ws/install/gim_arm_description/share/gim_arm_description/hook/cmake_prefix_path.dsv'
[0.432s] INFO:colcon.colcon_core.shell:Creating environment hook '/home/minh/gim60108_ws/install/gim_arm_description/share/gim_arm_description/hook/cmake_prefix_path.sh'
[0.433s] Level 1:colcon.colcon_core.environment:checking '/home/minh/gim60108_ws/install/gim_arm_description/bin'
[0.433s] Level 1:colcon.colcon_core.environment:checking '/home/minh/gim60108_ws/install/gim_arm_description/lib/pkgconfig/gim_arm_description.pc'
[0.433s] Level 1:colcon.colcon_core.environment:checking '/home/minh/gim60108_ws/install/gim_arm_description/lib/python3.10/site-packages'
[0.433s] Level 1:colcon.colcon_core.environment:checking '/home/minh/gim60108_ws/install/gim_arm_description/bin'
[0.433s] INFO:colcon.colcon_core.shell:Creating package script '/home/minh/gim60108_ws/install/gim_arm_description/share/gim_arm_description/package.ps1'
[0.434s] INFO:colcon.colcon_core.shell:Creating package descriptor '/home/minh/gim60108_ws/install/gim_arm_description/share/gim_arm_description/package.dsv'
[0.434s] INFO:colcon.colcon_core.shell:Creating package script '/home/minh/gim60108_ws/install/gim_arm_description/share/gim_arm_description/package.sh'
[0.435s] INFO:colcon.colcon_core.shell:Creating package script '/home/minh/gim60108_ws/install/gim_arm_description/share/gim_arm_description/package.bash'
[0.436s] INFO:colcon.colcon_core.shell:Creating package script '/home/minh/gim60108_ws/install/gim_arm_description/share/gim_arm_description/package.zsh'
[0.436s] Level 1:colcon.colcon_core.environment:create_file_with_runtime_dependencies(/home/minh/gim60108_ws/install/gim_arm_description/share/colcon-core/packages/gim_arm_description)
[0.437s] Level 1:colcon.colcon_core.environment:create_environment_scripts_only(gim_arm_description)
[0.437s] Level 1:colcon.colcon_core.environment:checking '/home/minh/gim60108_ws/install/gim_arm_description' for CMake module files
[0.438s] Level 1:colcon.colcon_core.environment:checking '/home/minh/gim60108_ws/install/gim_arm_description' for CMake config files
[0.438s] Level 1:colcon.colcon_core.shell:create_environment_hook('gim_arm_description', 'cmake_prefix_path')
[0.438s] INFO:colcon.colcon_core.shell:Creating environment hook '/home/minh/gim60108_ws/install/gim_arm_description/share/gim_arm_description/hook/cmake_prefix_path.ps1'
[0.438s] INFO:colcon.colcon_core.shell:Creating environment descriptor '/home/minh/gim60108_ws/install/gim_arm_description/share/gim_arm_description/hook/cmake_prefix_path.dsv'
[0.438s] INFO:colcon.colcon_core.shell:Creating environment hook '/home/minh/gim60108_ws/install/gim_arm_description/share/gim_arm_description/hook/cmake_prefix_path.sh'
[0.439s] Level 1:colcon.colcon_core.environment:checking '/home/minh/gim60108_ws/install/gim_arm_description/bin'
[0.439s] Level 1:colcon.colcon_core.environment:checking '/home/minh/gim60108_ws/install/gim_arm_description/lib/pkgconfig/gim_arm_description.pc'
[0.439s] Level 1:colcon.colcon_core.environment:checking '/home/minh/gim60108_ws/install/gim_arm_description/lib/python3.10/site-packages'
[0.439s] Level 1:colcon.colcon_core.environment:checking '/home/minh/gim60108_ws/install/gim_arm_description/bin'
[0.439s] INFO:colcon.colcon_core.shell:Creating package script '/home/minh/gim60108_ws/install/gim_arm_description/share/gim_arm_description/package.ps1'
[0.440s] INFO:colcon.colcon_core.shell:Creating package descriptor '/home/minh/gim60108_ws/install/gim_arm_description/share/gim_arm_description/package.dsv'
[0.440s] INFO:colcon.colcon_core.shell:Creating package script '/home/minh/gim60108_ws/install/gim_arm_description/share/gim_arm_description/package.sh'
[0.440s] INFO:colcon.colcon_core.shell:Creating package script '/home/minh/gim60108_ws/install/gim_arm_description/share/gim_arm_description/package.bash'
[0.441s] INFO:colcon.colcon_core.shell:Creating package script '/home/minh/gim60108_ws/install/gim_arm_description/share/gim_arm_description/package.zsh'
[0.441s] Level 1:colcon.colcon_core.environment:create_file_with_runtime_dependencies(/home/minh/gim60108_ws/install/gim_arm_description/share/colcon-core/packages/gim_arm_description)
[0.441s] DEBUG:colcon.colcon_parallel_executor.executor.parallel:closing loop
[0.442s] DEBUG:colcon.colcon_parallel_executor.executor.parallel:loop closed
[0.442s] DEBUG:colcon.colcon_parallel_executor.executor.parallel:run_until_complete finished with '0'
[0.442s] DEBUG:colcon.colcon_core.event_reactor:joining thread
[0.446s] INFO:colcon.colcon_core.plugin_system:Skipping extension 'colcon_notification.desktop_notification.terminal_notifier': Not used on non-Darwin systems
[0.446s] INFO:colcon.colcon_core.plugin_system:Skipping extension 'colcon_notification.desktop_notification.win32': Not used on non-Windows systems
[0.446s] INFO:colcon.colcon_notification.desktop_notification:Sending desktop notification using 'notify2'
[0.454s] DEBUG:colcon.colcon_core.event_reactor:joined thread
[0.455s] INFO:colcon.colcon_core.shell:Creating prefix script '/home/minh/gim60108_ws/install/local_setup.ps1'
[0.456s] INFO:colcon.colcon_core.shell:Creating prefix util module '/home/minh/gim60108_ws/install/_local_setup_util_ps1.py'
[0.457s] INFO:colcon.colcon_core.shell:Creating prefix chain script '/home/minh/gim60108_ws/install/setup.ps1'
[0.459s] INFO:colcon.colcon_core.shell:Creating prefix script '/home/minh/gim60108_ws/install/local_setup.sh'
[0.459s] INFO:colcon.colcon_core.shell:Creating prefix util module '/home/minh/gim60108_ws/install/_local_setup_util_sh.py'
[0.460s] INFO:colcon.colcon_core.shell:Creating prefix chain script '/home/minh/gim60108_ws/install/setup.sh'
[0.461s] INFO:colcon.colcon_core.shell:Creating prefix script '/home/minh/gim60108_ws/install/local_setup.bash'
[0.461s] INFO:colcon.colcon_core.shell:Creating prefix chain script '/home/minh/gim60108_ws/install/setup.bash'
[0.463s] INFO:colcon.colcon_core.shell:Creating prefix script '/home/minh/gim60108_ws/install/local_setup.zsh'
[0.463s] INFO:colcon.colcon_core.shell:Creating prefix chain script '/home/minh/gim60108_ws/install/setup.zsh'
