[0.009s] Invoking command in '/home/minh/gim60108_ws/build/gim_arm_hardware': CMAKE_PREFIX_PATH=${CMAKE_PREFIX_PATH}:/home/minh/gim60108_ws/install/gim_control:/home/minh/rehab_robot_ver2_modified/install/rehab_gui:/home/minh/rehab_robot_ver2_modified/install/my_rqt_plugin:/opt/ros/humble /home/minh/.local/bin/cmake --build /home/minh/gim60108_ws/build/gim_arm_hardware -- -j16 -l16
[0.086s] [100%] Built target gim_arm_system_hardware
[0.128s] Invoked command in '/home/minh/gim60108_ws/build/gim_arm_hardware' returned '0': CMAKE_PREFIX_PATH=${CMAKE_PREFIX_PATH}:/home/minh/gim60108_ws/install/gim_control:/home/minh/rehab_robot_ver2_modified/install/rehab_gui:/home/minh/rehab_robot_ver2_modified/install/my_rqt_plugin:/opt/ros/humble /home/minh/.local/bin/cmake --build /home/minh/gim60108_ws/build/gim_arm_hardware -- -j16 -l16
[0.129s] Invoking command in '/home/minh/gim60108_ws/build/gim_arm_hardware': CMAKE_PREFIX_PATH=${CMAKE_PREFIX_PATH}:/home/minh/gim60108_ws/install/gim_control:/home/minh/rehab_robot_ver2_modified/install/rehab_gui:/home/minh/rehab_robot_ver2_modified/install/my_rqt_plugin:/opt/ros/humble /home/minh/.local/bin/cmake --install /home/minh/gim60108_ws/build/gim_arm_hardware
[0.180s] -- Install configuration: ""
[0.180s] -- Up-to-date: /home/minh/gim60108_ws/install/gim_arm_hardware/share/gim_arm_hardware/gim_arm_hardware.xml
[0.181s] -- Up-to-date: /home/minh/gim60108_ws/install/gim_arm_hardware/lib/libgim_arm_system_hardware.so
[0.182s] -- Up-to-date: /home/minh/gim60108_ws/install/gim_arm_hardware/include
[0.182s] -- Up-to-date: /home/minh/gim60108_ws/install/gim_arm_hardware/include/gim_arm_hardware
[0.182s] -- Up-to-date: /home/minh/gim60108_ws/install/gim_arm_hardware/include/gim_arm_hardware/socketcan_bus.hpp
[0.182s] -- Up-to-date: /home/minh/gim60108_ws/install/gim_arm_hardware/include/gim_arm_hardware/gim6010_can_protocol.hpp
[0.182s] -- Up-to-date: /home/minh/gim60108_ws/install/gim_arm_hardware/include/gim_arm_hardware/gim_arm_system.hpp
[0.182s] -- Up-to-date: /home/minh/gim60108_ws/install/gim_arm_hardware/share/gim_arm_hardware/gim_arm_hardware.xml
[0.182s] -- Up-to-date: /home/minh/gim60108_ws/install/gim_arm_hardware/share/gim_arm_hardware/environment/library_path.sh
[0.182s] -- Up-to-date: /home/minh/gim60108_ws/install/gim_arm_hardware/share/gim_arm_hardware/environment/library_path.dsv
[0.183s] -- Up-to-date: /home/minh/gim60108_ws/install/gim_arm_hardware/share/ament_index/resource_index/package_run_dependencies/gim_arm_hardware
[0.183s] -- Up-to-date: /home/minh/gim60108_ws/install/gim_arm_hardware/share/ament_index/resource_index/parent_prefix_path/gim_arm_hardware
[0.183s] -- Up-to-date: /home/minh/gim60108_ws/install/gim_arm_hardware/share/gim_arm_hardware/environment/ament_prefix_path.sh
[0.183s] -- Up-to-date: /home/minh/gim60108_ws/install/gim_arm_hardware/share/gim_arm_hardware/environment/ament_prefix_path.dsv
[0.183s] -- Up-to-date: /home/minh/gim60108_ws/install/gim_arm_hardware/share/gim_arm_hardware/environment/path.sh
[0.183s] -- Up-to-date: /home/minh/gim60108_ws/install/gim_arm_hardware/share/gim_arm_hardware/environment/path.dsv
[0.183s] -- Up-to-date: /home/minh/gim60108_ws/install/gim_arm_hardware/share/gim_arm_hardware/local_setup.bash
[0.183s] -- Up-to-date: /home/minh/gim60108_ws/install/gim_arm_hardware/share/gim_arm_hardware/local_setup.sh
[0.183s] -- Up-to-date: /home/minh/gim60108_ws/install/gim_arm_hardware/share/gim_arm_hardware/local_setup.zsh
[0.183s] -- Up-to-date: /home/minh/gim60108_ws/install/gim_arm_hardware/share/gim_arm_hardware/local_setup.dsv
[0.183s] -- Installing: /home/minh/gim60108_ws/install/gim_arm_hardware/share/gim_arm_hardware/package.dsv
[0.183s] -- Up-to-date: /home/minh/gim60108_ws/install/gim_arm_hardware/share/ament_index/resource_index/packages/gim_arm_hardware
[0.183s] -- Up-to-date: /home/minh/gim60108_ws/install/gim_arm_hardware/share/ament_index/resource_index/hardware_interface__pluginlib__plugin/gim_arm_hardware
[0.183s] -- Up-to-date: /home/minh/gim60108_ws/install/gim_arm_hardware/share/gim_arm_hardware/cmake/ament_cmake_export_include_directories-extras.cmake
[0.183s] -- Up-to-date: /home/minh/gim60108_ws/install/gim_arm_hardware/share/gim_arm_hardware/cmake/ament_cmake_export_libraries-extras.cmake
[0.183s] -- Up-to-date: /home/minh/gim60108_ws/install/gim_arm_hardware/share/gim_arm_hardware/cmake/ament_cmake_export_dependencies-extras.cmake
[0.183s] -- Up-to-date: /home/minh/gim60108_ws/install/gim_arm_hardware/share/gim_arm_hardware/cmake/gim_arm_hardwareConfig.cmake
[0.183s] -- Up-to-date: /home/minh/gim60108_ws/install/gim_arm_hardware/share/gim_arm_hardware/cmake/gim_arm_hardwareConfig-version.cmake
[0.183s] -- Up-to-date: /home/minh/gim60108_ws/install/gim_arm_hardware/share/gim_arm_hardware/package.xml
[0.202s] Invoked command in '/home/minh/gim60108_ws/build/gim_arm_hardware' returned '0': CMAKE_PREFIX_PATH=${CMAKE_PREFIX_PATH}:/home/minh/gim60108_ws/install/gim_control:/home/minh/rehab_robot_ver2_modified/install/rehab_gui:/home/minh/rehab_robot_ver2_modified/install/my_rqt_plugin:/opt/ros/humble /home/minh/.local/bin/cmake --install /home/minh/gim60108_ws/build/gim_arm_hardware
